nohup: ignoring input
    epoch-eval   1     11.1s  vp 0.036009
    epoch-eval   2     21.9s  vp 0.034443
    epoch-eval   3     56.8s  vp 0.029497
    epoch-eval   4     86.5s  vp 0.011727
    epoch-eval   5     97.0s  vp 0.005103
    epoch-eval   6    105.0s  vp 0.002159
    epoch-eval   7    114.4s  vp 0.001630
    epoch-eval   8    121.8s  vp 0.001407
    epoch-eval   9    129.7s  vp 0.001038
    epoch-eval  10    137.2s  vp 0.001057
    epoch-eval  11    146.2s  vp 0.000846
    epoch-eval  12    154.4s  vp 0.001056
    epoch-eval  13    168.9s  vp 0.000827
    epoch-eval  14    174.5s  vp 0.000630
    epoch-eval  15    182.6s  vp 0.000700
    epoch-eval  16    189.5s  vp 0.000604
    epoch-eval  17    195.8s  vp 0.000613
    epoch-eval  18    202.4s  vp 0.000555
    epoch-eval  19    215.8s  vp 0.000462
    epoch-eval  20    224.1s  vp 0.000410
    epoch-eval  21    230.3s  vp 0.000448
    epoch-eval  22    236.0s  vp 0.000395
    epoch-eval  23    241.1s  vp 0.000439
    epoch-eval  24    246.3s  vp 0.000403
    epoch-eval  25    251.4s  vp 0.000793
    epoch-eval  26    256.5s  vp 0.000343
    epoch-eval  27    261.6s  vp 0.000429
    epoch-eval  28    266.7s  vp 0.000395
    epoch-eval  29    271.7s  vp 0.000358
    epoch-eval  30    276.7s  vp 0.000322
    epoch-eval  31    282.2s  vp 0.036009
    epoch-eval  32    287.2s  vp 0.034443
    epoch-eval  33    292.3s  vp 0.029497
    epoch-eval  34    297.9s  vp 0.011727
    epoch-eval  35    303.1s  vp 0.005103
    epoch-eval  36    308.1s  vp 0.002159
    epoch-eval  37    314.1s  vp 0.001630
    epoch-eval  38    320.8s  vp 0.001407
    epoch-eval  39    326.1s  vp 0.001038
    epoch-eval  40    331.2s  vp 0.001057
    epoch-eval  41    336.3s  vp 0.000846
    epoch-eval  42    341.3s  vp 0.001056
    epoch-eval  43    346.6s  vp 0.000827
    epoch-eval  44    352.1s  vp 0.000630
    epoch-eval  45    357.2s  vp 0.000700
    epoch-eval  46    362.3s  vp 0.000604
    epoch-eval  47    367.4s  vp 0.000613
    epoch-eval  48    373.0s  vp 0.000555
    epoch-eval  49    379.6s  vp 0.000462
    epoch-eval  50    385.5s  vp 0.000410
    epoch-eval  51    393.6s  vp 0.000448
    epoch-eval  52    402.3s  vp 0.000395
    epoch-eval  53    409.0s  vp 0.000439
    epoch-eval  54    416.2s  vp 0.000403
    epoch-eval  55    423.9s  vp 0.000793
    epoch-eval  56    429.8s  vp 0.000343
    epoch-eval  57    436.0s  vp 0.000429
    epoch-eval  58    444.8s  vp 0.000395
    epoch-eval  59    450.2s  vp 0.000358
    epoch-eval  60    455.5s  vp 0.000322
prescribed stage1 best 0.00032244045797964196 E28 0.00032244045797964196 bit-exact: True s1_seconds 273.7
prescribed stage2 hist equals stage1 hist: True s2_seconds 178.8
prescribed cell seconds incl. data 455.5
    epoch-eval  61    471.2s  vp 0.174993
    epoch-eval  62    486.1s  vp 0.088059
    epoch-eval  63    500.9s  vp 0.076936
    epoch-eval  64    534.5s  vp 0.063261
    epoch-eval  65    553.6s  vp 0.061798
    epoch-eval  66    567.1s  vp 0.059908
    epoch-eval  67    591.4s  vp 0.049513
    epoch-eval  68    612.4s  vp 0.046200
    epoch-eval  69    626.2s  vp 0.045377
    epoch-eval  70    640.1s  vp 0.040311
    epoch-eval  71    659.5s  vp 0.035780
    epoch-eval  72    681.8s  vp 0.035532
    epoch-eval  73    697.3s  vp 0.037919
    epoch-eval  74    713.9s  vp 0.032322
    epoch-eval  75    726.2s  vp 0.031328
    epoch-eval  76    740.3s  vp 0.031551
    epoch-eval  77    752.6s  vp 0.031530
    epoch-eval  78    765.9s  vp 0.029489
    epoch-eval  79    778.3s  vp 0.028893
    epoch-eval  80    790.7s  vp 0.031038
    epoch-eval  81    803.5s  vp 0.027773
    epoch-eval  82    815.6s  vp 0.028415
    epoch-eval  83    828.1s  vp 0.027808
    epoch-eval  84    840.5s  vp 0.025803
    epoch-eval  85    852.7s  vp 0.028564
    epoch-eval  86    867.3s  vp 0.026693
    epoch-eval  87    879.6s  vp 0.026295
    epoch-eval  88    892.0s  vp 0.023911
    epoch-eval  89    904.6s  vp 0.026321
    epoch-eval  90    916.7s  vp 0.026368
free_raw stage1 best 0.023911124657382044 E28 0.023911103972217494 bit-exact: False s1_seconds 458.5
free_raw cell seconds incl. data 461.2
