seed 123 prescribed stage 1 epoch  1/30     85 s
seed 123 prescribed stage 1 epoch  2/30    147 s
seed 123 prescribed stage 1 epoch  3/30    170 s
seed 123 prescribed stage 1 epoch  4/30    190 s
seed 123 prescribed stage 1 epoch  5/30    208 s
seed 123 prescribed stage 1 epoch  6/30    228 s
seed 123 prescribed stage 1 epoch  7/30    252 s
seed 123 prescribed stage 1 epoch  8/30    320 s
seed 123 prescribed stage 1 epoch  9/30    351 s
seed 123 prescribed stage 1 epoch 10/30    377 s
seed 123 prescribed stage 1 epoch 11/30    402 s
seed 123 prescribed stage 1 epoch 12/30    424 s
seed 123 prescribed stage 1 epoch 13/30    445 s
seed 123 prescribed stage 1 epoch 14/30    467 s
seed 123 prescribed stage 1 epoch 15/30    493 s
seed 123 prescribed stage 1 epoch 16/30    513 s
seed 123 prescribed stage 1 epoch 17/30    532 s
seed 123 prescribed stage 1 epoch 18/30    551 s
seed 123 prescribed stage 1 epoch 19/30    576 s
seed 123 prescribed stage 1 epoch 20/30    598 s
seed 123 prescribed stage 1 epoch 21/30    624 s
seed 123 prescribed stage 1 epoch 22/30    650 s
seed 123 prescribed stage 1 epoch 23/30    673 s
seed 123 prescribed stage 1 epoch 24/30    701 s
seed 123 prescribed stage 1 epoch 25/30    720 s
seed 123 prescribed stage 1 epoch 26/30    744 s
seed 123 prescribed stage 1 epoch 27/30    771 s
seed 123 prescribed stage 1 epoch 28/30    792 s
seed 123 prescribed stage 1 epoch 29/30    809 s
seed 123 prescribed stage 1 epoch 30/30    829 s
seed 123 prescribed stage 2 epoch  1/30    852 s
seed 123 prescribed stage 2 epoch  2/30    873 s
seed 123 prescribed stage 2 epoch  3/30    895 s
seed 123 prescribed stage 2 epoch  4/30    915 s
seed 123 prescribed stage 2 epoch  5/30    940 s
seed 123 prescribed stage 2 epoch  6/30    964 s
seed 123 prescribed stage 2 epoch  7/30    985 s
seed 123 prescribed stage 2 epoch  8/30   1002 s
seed 123 prescribed stage 2 epoch  9/30   1025 s
seed 123 prescribed stage 2 epoch 10/30   1045 s
seed 123 prescribed stage 2 epoch 11/30   1065 s
seed 123 prescribed stage 2 epoch 12/30   1082 s
seed 123 prescribed stage 2 epoch 13/30   1104 s
seed 123 prescribed stage 2 epoch 14/30   1123 s
seed 123 prescribed stage 2 epoch 15/30   1141 s
seed 123 prescribed stage 2 epoch 16/30   1160 s
seed 123 prescribed stage 2 epoch 17/30   1182 s
seed 123 prescribed stage 2 epoch 18/30   1201 s
seed 123 prescribed stage 2 epoch 19/30   1220 s
seed 123 prescribed stage 2 epoch 20/30   1240 s
seed 123 prescribed stage 2 epoch 21/30   1263 s
seed 123 prescribed stage 2 epoch 22/30   1285 s
seed 123 prescribed stage 2 epoch 23/30   1305 s
seed 123 prescribed stage 2 epoch 24/30   1320 s
seed 123 prescribed stage 2 epoch 25/30   1337 s
seed 123 prescribed stage 2 epoch 26/30   1352 s
seed 123 prescribed stage 2 epoch 27/30   1367 s
seed 123 prescribed stage 2 epoch 28/30   1383 s
seed 123 prescribed stage 2 epoch 29/30   1399 s
seed 123 prescribed stage 2 epoch 30/30   1414 s
seed 123 prescribed: 1414.0 s
seed 123 prescribed_rotated stage 1 epoch  1/30     19 s
seed 123 prescribed_rotated stage 1 epoch  2/30     34 s
seed 123 prescribed_rotated stage 1 epoch  3/30     49 s
seed 123 prescribed_rotated stage 1 epoch  4/30     64 s
seed 123 prescribed_rotated stage 1 epoch  5/30     79 s
seed 123 prescribed_rotated stage 1 epoch  6/30     95 s
seed 123 prescribed_rotated stage 1 epoch  7/30    111 s
seed 123 prescribed_rotated stage 1 epoch  8/30    129 s
seed 123 prescribed_rotated stage 1 epoch  9/30    144 s
seed 123 prescribed_rotated stage 1 epoch 10/30    160 s
seed 123 prescribed_rotated stage 1 epoch 11/30    175 s
seed 123 prescribed_rotated stage 1 epoch 12/30    190 s
seed 123 prescribed_rotated stage 1 epoch 13/30    210 s
seed 123 prescribed_rotated stage 1 epoch 14/30    228 s
seed 123 prescribed_rotated stage 1 epoch 15/30    250 s
seed 123 prescribed_rotated stage 1 epoch 16/30    282 s
seed 123 prescribed_rotated stage 1 epoch 17/30    302 s
seed 123 prescribed_rotated stage 1 epoch 18/30    321 s
seed 123 prescribed_rotated stage 1 epoch 19/30    337 s
seed 123 prescribed_rotated stage 1 epoch 20/30    353 s
seed 123 prescribed_rotated stage 1 epoch 21/30    368 s
seed 123 prescribed_rotated stage 1 epoch 22/30    388 s
seed 123 prescribed_rotated stage 1 epoch 23/30    406 s
seed 123 prescribed_rotated stage 1 epoch 24/30    426 s
seed 123 prescribed_rotated stage 1 epoch 25/30    442 s
seed 123 prescribed_rotated stage 1 epoch 26/30    459 s
seed 123 prescribed_rotated stage 1 epoch 27/30    474 s
seed 123 prescribed_rotated stage 1 epoch 28/30    489 s
seed 123 prescribed_rotated stage 1 epoch 29/30    503 s
seed 123 prescribed_rotated stage 1 epoch 30/30    518 s
seed 123 prescribed_rotated stage 2 epoch  1/30    534 s
seed 123 prescribed_rotated stage 2 epoch  2/30    548 s
seed 123 prescribed_rotated stage 2 epoch  3/30    563 s
seed 123 prescribed_rotated stage 2 epoch  4/30    578 s
seed 123 prescribed_rotated stage 2 epoch  5/30    593 s
seed 123 prescribed_rotated stage 2 epoch  6/30    608 s
seed 123 prescribed_rotated stage 2 epoch  7/30    624 s
seed 123 prescribed_rotated stage 2 epoch  8/30    640 s
seed 123 prescribed_rotated stage 2 epoch  9/30    655 s
seed 123 prescribed_rotated stage 2 epoch 10/30    670 s
seed 123 prescribed_rotated stage 2 epoch 11/30    685 s
seed 123 prescribed_rotated stage 2 epoch 12/30    702 s
seed 123 prescribed_rotated stage 2 epoch 13/30    718 s
seed 123 prescribed_rotated stage 2 epoch 14/30    734 s
seed 123 prescribed_rotated stage 2 epoch 15/30    751 s
seed 123 prescribed_rotated stage 2 epoch 16/30    767 s
seed 123 prescribed_rotated stage 2 epoch 17/30    782 s
seed 123 prescribed_rotated stage 2 epoch 18/30    797 s
seed 123 prescribed_rotated stage 2 epoch 19/30    814 s
seed 123 prescribed_rotated stage 2 epoch 20/30    832 s
seed 123 prescribed_rotated stage 2 epoch 21/30    850 s
seed 123 prescribed_rotated stage 2 epoch 22/30    864 s
seed 123 prescribed_rotated stage 2 epoch 23/30    882 s
seed 123 prescribed_rotated stage 2 epoch 24/30    897 s
seed 123 prescribed_rotated stage 2 epoch 25/30    915 s
seed 123 prescribed_rotated stage 2 epoch 26/30    935 s
seed 123 prescribed_rotated stage 2 epoch 27/30    957 s
seed 123 prescribed_rotated stage 2 epoch 28/30    973 s
seed 123 prescribed_rotated stage 2 epoch 29/30    989 s
seed 123 prescribed_rotated stage 2 epoch 30/30   1005 s
seed 123 prescribed_rotated: 1005.5 s
seed 123 free_raw stage 1 epoch  1/30     53 s
seed 123 free_raw stage 1 epoch  2/30     95 s
seed 123 free_raw stage 1 epoch  3/30    145 s
seed 123 free_raw stage 1 epoch  4/30    197 s
seed 123 free_raw stage 1 epoch  5/30    239 s
seed 123 free_raw stage 1 epoch  6/30    282 s
seed 123 free_raw stage 1 epoch  7/30    329 s
seed 123 free_raw stage 1 epoch  8/30    379 s
seed 123 free_raw stage 1 epoch  9/30    424 s
seed 123 free_raw stage 1 epoch 10/30    472 s
seed 123 free_raw stage 1 epoch 11/30    518 s
seed 123 free_raw stage 1 epoch 12/30    573 s
seed 123 free_raw stage 1 epoch 13/30    621 s
seed 123 free_raw stage 1 epoch 14/30    689 s
seed 123 free_raw stage 1 epoch 15/30    738 s
seed 123 free_raw stage 1 epoch 16/30    780 s
seed 123 free_raw stage 1 epoch 17/30    819 s
seed 123 free_raw stage 1 epoch 18/30    859 s
seed 123 free_raw stage 1 epoch 19/30    905 s
seed 123 free_raw stage 1 epoch 20/30    951 s
seed 123 free_raw stage 1 epoch 21/30    992 s
seed 123 free_raw stage 1 epoch 22/30   1037 s
seed 123 free_raw stage 1 epoch 23/30   1080 s
seed 123 free_raw stage 1 epoch 24/30   1122 s
seed 123 free_raw stage 1 epoch 25/30   1165 s
seed 123 free_raw stage 1 epoch 26/30   1213 s
seed 123 free_raw stage 1 epoch 27/30   1254 s
seed 123 free_raw stage 1 epoch 28/30   1302 s
seed 123 free_raw stage 1 epoch 29/30   1365 s
seed 123 free_raw stage 1 epoch 30/30   1429 s
seed 123 free_raw stage 2 epoch  1/30   1449 s
seed 123 free_raw stage 2 epoch  2/30   1468 s
seed 123 free_raw stage 2 epoch  3/30   1490 s
seed 123 free_raw stage 2 epoch  4/30   1516 s
seed 123 free_raw stage 2 epoch  5/30   1538 s
seed 123 free_raw stage 2 epoch  6/30   1556 s
seed 123 free_raw stage 2 epoch  7/30   1571 s
seed 123 free_raw stage 2 epoch  8/30   1587 s
seed 123 free_raw stage 2 epoch  9/30   1602 s
seed 123 free_raw stage 2 epoch 10/30   1618 s
seed 123 free_raw stage 2 epoch 11/30   1634 s
seed 123 free_raw stage 2 epoch 12/30   1650 s
seed 123 free_raw stage 2 epoch 13/30   1666 s
seed 123 free_raw stage 2 epoch 14/30   1682 s
seed 123 free_raw stage 2 epoch 15/30   1703 s
seed 123 free_raw stage 2 epoch 16/30   1724 s
seed 123 free_raw stage 2 epoch 17/30   1743 s
seed 123 free_raw stage 2 epoch 18/30   1761 s
seed 123 free_raw stage 2 epoch 19/30   1777 s
seed 123 free_raw stage 2 epoch 20/30   1797 s
seed 123 free_raw stage 2 epoch 21/30   1814 s
seed 123 free_raw stage 2 epoch 22/30   1829 s
seed 123 free_raw stage 2 epoch 23/30   1847 s
seed 123 free_raw stage 2 epoch 24/30   1863 s
seed 123 free_raw stage 2 epoch 25/30   1879 s
seed 123 free_raw stage 2 epoch 26/30   1898 s
seed 123 free_raw stage 2 epoch 27/30   1918 s
seed 123 free_raw stage 2 epoch 28/30   1938 s
seed 123 free_raw stage 2 epoch 29/30   1959 s
seed 123 free_raw stage 2 epoch 30/30   1976 s
seed 123 free_raw: 1975.9 s
seed 123 free_scaled stage 1 epoch  1/30     53 s
seed 123 free_scaled stage 1 epoch  2/30     95 s
seed 123 free_scaled stage 1 epoch  3/30    145 s
seed 123 free_scaled stage 1 epoch  4/30    192 s
seed 123 free_scaled stage 1 epoch  5/30    241 s
seed 123 free_scaled stage 1 epoch  6/30    285 s
seed 123 free_scaled stage 1 epoch  7/30    330 s
seed 123 free_scaled stage 1 epoch  8/30    378 s
seed 123 free_scaled stage 1 epoch  9/30    426 s
seed 123 free_scaled stage 1 epoch 10/30    495 s
seed 123 free_scaled stage 1 epoch 11/30    568 s
seed 123 free_scaled stage 1 epoch 12/30    617 s
seed 123 free_scaled stage 1 epoch 13/30    674 s
seed 123 free_scaled stage 1 epoch 14/30    723 s
seed 123 free_scaled stage 1 epoch 15/30    766 s
seed 123 free_scaled stage 1 epoch 16/30    819 s
seed 123 free_scaled stage 1 epoch 17/30    877 s
seed 123 free_scaled stage 1 epoch 18/30    922 s
seed 123 free_scaled stage 1 epoch 19/30    975 s
seed 123 free_scaled stage 1 epoch 20/30   1043 s
seed 123 free_scaled stage 1 epoch 21/30   1095 s
seed 123 free_scaled stage 1 epoch 22/30   1152 s
seed 123 free_scaled stage 1 epoch 23/30   1206 s
seed 123 free_scaled stage 1 epoch 24/30   1248 s
seed 123 free_scaled stage 1 epoch 25/30   1288 s
seed 123 free_scaled stage 1 epoch 26/30   1335 s
seed 123 free_scaled stage 1 epoch 27/30   1381 s
seed 123 free_scaled stage 1 epoch 28/30   1422 s
seed 123 free_scaled stage 1 epoch 29/30   1468 s
seed 123 free_scaled stage 1 epoch 30/30   1516 s
seed 123 free_scaled stage 2 epoch  1/30   1535 s
seed 123 free_scaled stage 2 epoch  2/30   1565 s
seed 123 free_scaled stage 2 epoch  3/30   1582 s
seed 123 free_scaled stage 2 epoch  4/30   1601 s
seed 123 free_scaled stage 2 epoch  5/30   1617 s
seed 123 free_scaled stage 2 epoch  6/30   1632 s
seed 123 free_scaled stage 2 epoch  7/30   1647 s
seed 123 free_scaled stage 2 epoch  8/30   1663 s
seed 123 free_scaled stage 2 epoch  9/30   1681 s
seed 123 free_scaled stage 2 epoch 10/30   1706 s
seed 123 free_scaled stage 2 epoch 11/30   1728 s
seed 123 free_scaled stage 2 epoch 12/30   1745 s
seed 123 free_scaled stage 2 epoch 13/30   1760 s
seed 123 free_scaled stage 2 epoch 14/30   1776 s
seed 123 free_scaled stage 2 epoch 15/30   1793 s
seed 123 free_scaled stage 2 epoch 16/30   1809 s
seed 123 free_scaled stage 2 epoch 17/30   1824 s
seed 123 free_scaled stage 2 epoch 18/30   1841 s
seed 123 free_scaled stage 2 epoch 19/30   1856 s
seed 123 free_scaled stage 2 epoch 20/30   1872 s
seed 123 free_scaled stage 2 epoch 21/30   1887 s
seed 123 free_scaled stage 2 epoch 22/30   1901 s
seed 123 free_scaled stage 2 epoch 23/30   1916 s
seed 123 free_scaled stage 2 epoch 24/30   1929 s
seed 123 free_scaled stage 2 epoch 25/30   1945 s
seed 123 free_scaled stage 2 epoch 26/30   1960 s
seed 123 free_scaled stage 2 epoch 27/30   1974 s
seed 123 free_scaled stage 2 epoch 28/30   1988 s
seed 123 free_scaled stage 2 epoch 29/30   2003 s
seed 123 free_scaled stage 2 epoch 30/30   2017 s
seed 123 free_scaled: 2017.1 s
seed 123: written
seed 1002 prescribed stage 1 epoch  1/30     18 s
seed 1002 prescribed stage 1 epoch  2/30     33 s
seed 1002 prescribed stage 1 epoch  3/30     47 s
seed 1002 prescribed stage 1 epoch  4/30     60 s
seed 1002 prescribed stage 1 epoch  5/30     76 s
seed 1002 prescribed stage 1 epoch  6/30     89 s
seed 1002 prescribed stage 1 epoch  7/30    103 s
seed 1002 prescribed stage 1 epoch  8/30    117 s
seed 1002 prescribed stage 1 epoch  9/30    131 s
seed 1002 prescribed stage 1 epoch 10/30    145 s
seed 1002 prescribed stage 1 epoch 11/30    159 s
seed 1002 prescribed stage 1 epoch 12/30    172 s
seed 1002 prescribed stage 1 epoch 13/30    186 s
seed 1002 prescribed stage 1 epoch 14/30    200 s
seed 1002 prescribed stage 1 epoch 15/30    214 s
seed 1002 prescribed stage 1 epoch 16/30    228 s
seed 1002 prescribed stage 1 epoch 17/30    242 s
seed 1002 prescribed stage 1 epoch 18/30    257 s
seed 1002 prescribed stage 1 epoch 19/30    271 s
seed 1002 prescribed stage 1 epoch 20/30    285 s
seed 1002 prescribed stage 1 epoch 21/30    299 s
seed 1002 prescribed stage 1 epoch 22/30    313 s
seed 1002 prescribed stage 1 epoch 23/30    326 s
seed 1002 prescribed stage 1 epoch 24/30    340 s
seed 1002 prescribed stage 1 epoch 25/30    354 s
seed 1002 prescribed stage 1 epoch 26/30    368 s
seed 1002 prescribed stage 1 epoch 27/30    382 s
seed 1002 prescribed stage 1 epoch 28/30    396 s
seed 1002 prescribed stage 1 epoch 29/30    409 s
seed 1002 prescribed stage 1 epoch 30/30    423 s
seed 1002 prescribed stage 2 epoch  1/30    438 s
seed 1002 prescribed stage 2 epoch  2/30    451 s
seed 1002 prescribed stage 2 epoch  3/30    465 s
seed 1002 prescribed stage 2 epoch  4/30    480 s
seed 1002 prescribed stage 2 epoch  5/30    494 s
seed 1002 prescribed stage 2 epoch  6/30    508 s
seed 1002 prescribed stage 2 epoch  7/30    522 s
seed 1002 prescribed stage 2 epoch  8/30    536 s
seed 1002 prescribed stage 2 epoch  9/30    550 s
seed 1002 prescribed stage 2 epoch 10/30    564 s
seed 1002 prescribed stage 2 epoch 11/30    578 s
seed 1002 prescribed stage 2 epoch 12/30    592 s
seed 1002 prescribed stage 2 epoch 13/30    606 s
seed 1002 prescribed stage 2 epoch 14/30    620 s
seed 1002 prescribed stage 2 epoch 15/30    634 s
seed 1002 prescribed stage 2 epoch 16/30    647 s
seed 1002 prescribed stage 2 epoch 17/30    661 s
seed 1002 prescribed stage 2 epoch 18/30    675 s
seed 1002 prescribed stage 2 epoch 19/30    689 s
seed 1002 prescribed stage 2 epoch 20/30    703 s
seed 1002 prescribed stage 2 epoch 21/30    717 s
seed 1002 prescribed stage 2 epoch 22/30    731 s
seed 1002 prescribed stage 2 epoch 23/30    745 s
seed 1002 prescribed stage 2 epoch 24/30    759 s
seed 1002 prescribed stage 2 epoch 25/30    773 s
seed 1002 prescribed stage 2 epoch 26/30    787 s
seed 1002 prescribed stage 2 epoch 27/30    801 s
seed 1002 prescribed stage 2 epoch 28/30    815 s
seed 1002 prescribed stage 2 epoch 29/30    830 s
seed 1002 prescribed stage 2 epoch 30/30    843 s
seed 1002 prescribed: 843.3 s
seed 1002 prescribed_rotated stage 1 epoch  1/30     18 s
seed 1002 prescribed_rotated stage 1 epoch  2/30     32 s
seed 1002 prescribed_rotated stage 1 epoch  3/30     46 s
seed 1002 prescribed_rotated stage 1 epoch  4/30     59 s
seed 1002 prescribed_rotated stage 1 epoch  5/30     73 s
seed 1002 prescribed_rotated stage 1 epoch  6/30     87 s
seed 1002 prescribed_rotated stage 1 epoch  7/30    102 s
seed 1002 prescribed_rotated stage 1 epoch  8/30    116 s
seed 1002 prescribed_rotated stage 1 epoch  9/30    130 s
seed 1002 prescribed_rotated stage 1 epoch 10/30    145 s
seed 1002 prescribed_rotated stage 1 epoch 11/30    158 s
seed 1002 prescribed_rotated stage 1 epoch 12/30    172 s
seed 1002 prescribed_rotated stage 1 epoch 13/30    186 s
seed 1002 prescribed_rotated stage 1 epoch 14/30    200 s
seed 1002 prescribed_rotated stage 1 epoch 15/30    214 s
seed 1002 prescribed_rotated stage 1 epoch 16/30    228 s
seed 1002 prescribed_rotated stage 1 epoch 17/30    242 s
seed 1002 prescribed_rotated stage 1 epoch 18/30    256 s
seed 1002 prescribed_rotated stage 1 epoch 19/30    270 s
seed 1002 prescribed_rotated stage 1 epoch 20/30    284 s
seed 1002 prescribed_rotated stage 1 epoch 21/30    298 s
seed 1002 prescribed_rotated stage 1 epoch 22/30    312 s
seed 1002 prescribed_rotated stage 1 epoch 23/30    326 s
seed 1002 prescribed_rotated stage 1 epoch 24/30    340 s
seed 1002 prescribed_rotated stage 1 epoch 25/30    354 s
seed 1002 prescribed_rotated stage 1 epoch 26/30    368 s
seed 1002 prescribed_rotated stage 1 epoch 27/30    382 s
seed 1002 prescribed_rotated stage 1 epoch 28/30    395 s
seed 1002 prescribed_rotated stage 1 epoch 29/30    409 s
seed 1002 prescribed_rotated stage 1 epoch 30/30    423 s
seed 1002 prescribed_rotated stage 2 epoch  1/30    437 s
seed 1002 prescribed_rotated stage 2 epoch  2/30    451 s
seed 1002 prescribed_rotated stage 2 epoch  3/30    465 s
seed 1002 prescribed_rotated stage 2 epoch  4/30    479 s
seed 1002 prescribed_rotated stage 2 epoch  5/30    493 s
seed 1002 prescribed_rotated stage 2 epoch  6/30    506 s
seed 1002 prescribed_rotated stage 2 epoch  7/30    521 s
seed 1002 prescribed_rotated stage 2 epoch  8/30    535 s
seed 1002 prescribed_rotated stage 2 epoch  9/30    549 s
seed 1002 prescribed_rotated stage 2 epoch 10/30    563 s
seed 1002 prescribed_rotated stage 2 epoch 11/30    576 s
seed 1002 prescribed_rotated stage 2 epoch 12/30    590 s
seed 1002 prescribed_rotated stage 2 epoch 13/30    604 s
seed 1002 prescribed_rotated stage 2 epoch 14/30    619 s
seed 1002 prescribed_rotated stage 2 epoch 15/30    633 s
seed 1002 prescribed_rotated stage 2 epoch 16/30    647 s
seed 1002 prescribed_rotated stage 2 epoch 17/30    660 s
seed 1002 prescribed_rotated stage 2 epoch 18/30    674 s
seed 1002 prescribed_rotated stage 2 epoch 19/30    688 s
seed 1002 prescribed_rotated stage 2 epoch 20/30    702 s
seed 1002 prescribed_rotated stage 2 epoch 21/30    716 s
seed 1002 prescribed_rotated stage 2 epoch 22/30    730 s
seed 1002 prescribed_rotated stage 2 epoch 23/30    745 s
seed 1002 prescribed_rotated stage 2 epoch 24/30    759 s
seed 1002 prescribed_rotated stage 2 epoch 25/30    773 s
seed 1002 prescribed_rotated stage 2 epoch 26/30    787 s
seed 1002 prescribed_rotated stage 2 epoch 27/30    801 s
seed 1002 prescribed_rotated stage 2 epoch 28/30    815 s
seed 1002 prescribed_rotated stage 2 epoch 29/30    829 s
seed 1002 prescribed_rotated stage 2 epoch 30/30    843 s
seed 1002 prescribed_rotated: 842.6 s
seed 1002 free_raw stage 1 epoch  1/30     41 s
seed 1002 free_raw stage 1 epoch  2/30     81 s
seed 1002 free_raw stage 1 epoch  3/30    118 s
seed 1002 free_raw stage 1 epoch  4/30    155 s
seed 1002 free_raw stage 1 epoch  5/30    192 s
seed 1002 free_raw stage 1 epoch  6/30    230 s
seed 1002 free_raw stage 1 epoch  7/30    267 s
seed 1002 free_raw stage 1 epoch  8/30    305 s
seed 1002 free_raw stage 1 epoch  9/30    342 s
seed 1002 free_raw stage 1 epoch 10/30    380 s
seed 1002 free_raw stage 1 epoch 11/30    417 s
seed 1002 free_raw stage 1 epoch 12/30    454 s
seed 1002 free_raw stage 1 epoch 13/30    492 s
seed 1002 free_raw stage 1 epoch 14/30    529 s
seed 1002 free_raw stage 1 epoch 15/30    567 s
seed 1002 free_raw stage 1 epoch 16/30    604 s
seed 1002 free_raw stage 1 epoch 17/30    641 s
seed 1002 free_raw stage 1 epoch 18/30    679 s
seed 1002 free_raw stage 1 epoch 19/30    716 s
seed 1002 free_raw stage 1 epoch 20/30    753 s
seed 1002 free_raw stage 1 epoch 21/30    790 s
seed 1002 free_raw stage 1 epoch 22/30    827 s
seed 1002 free_raw stage 1 epoch 23/30    865 s
seed 1002 free_raw stage 1 epoch 24/30    902 s
seed 1002 free_raw stage 1 epoch 25/30    939 s
seed 1002 free_raw stage 1 epoch 26/30    978 s
seed 1002 free_raw stage 1 epoch 27/30   1015 s
seed 1002 free_raw stage 1 epoch 28/30   1052 s
seed 1002 free_raw stage 1 epoch 29/30   1089 s
seed 1002 free_raw stage 1 epoch 30/30   1126 s
seed 1002 free_raw stage 2 epoch  1/30   1140 s
seed 1002 free_raw stage 2 epoch  2/30   1154 s
seed 1002 free_raw stage 2 epoch  3/30   1169 s
seed 1002 free_raw stage 2 epoch  4/30   1183 s
seed 1002 free_raw stage 2 epoch  5/30   1197 s
seed 1002 free_raw stage 2 epoch  6/30   1212 s
seed 1002 free_raw stage 2 epoch  7/30   1228 s
seed 1002 free_raw stage 2 epoch  8/30   1242 s
seed 1002 free_raw stage 2 epoch  9/30   1257 s
seed 1002 free_raw stage 2 epoch 10/30   1271 s
seed 1002 free_raw stage 2 epoch 11/30   1285 s
seed 1002 free_raw stage 2 epoch 12/30   1299 s
seed 1002 free_raw stage 2 epoch 13/30   1313 s
seed 1002 free_raw stage 2 epoch 14/30   1327 s
seed 1002 free_raw stage 2 epoch 15/30   1341 s
seed 1002 free_raw stage 2 epoch 16/30   1356 s
seed 1002 free_raw stage 2 epoch 17/30   1370 s
seed 1002 free_raw stage 2 epoch 18/30   1384 s
seed 1002 free_raw stage 2 epoch 19/30   1398 s
seed 1002 free_raw stage 2 epoch 20/30   1412 s
seed 1002 free_raw stage 2 epoch 21/30   1426 s
seed 1002 free_raw stage 2 epoch 22/30   1440 s
seed 1002 free_raw stage 2 epoch 23/30   1454 s
seed 1002 free_raw stage 2 epoch 24/30   1469 s
seed 1002 free_raw stage 2 epoch 25/30   1483 s
seed 1002 free_raw stage 2 epoch 26/30   1497 s
seed 1002 free_raw stage 2 epoch 27/30   1511 s
seed 1002 free_raw stage 2 epoch 28/30   1526 s
seed 1002 free_raw stage 2 epoch 29/30   1540 s
seed 1002 free_raw stage 2 epoch 30/30   1554 s
seed 1002 free_raw: 1554.3 s
seed 1002 free_scaled stage 1 epoch  1/30     41 s
seed 1002 free_scaled stage 1 epoch  2/30     79 s
seed 1002 free_scaled stage 1 epoch  3/30    116 s
seed 1002 free_scaled stage 1 epoch  4/30    155 s
seed 1002 free_scaled stage 1 epoch  5/30    193 s
seed 1002 free_scaled stage 1 epoch  6/30    230 s
seed 1002 free_scaled stage 1 epoch  7/30    268 s
seed 1002 free_scaled stage 1 epoch  8/30    306 s
seed 1002 free_scaled stage 1 epoch  9/30    345 s
seed 1002 free_scaled stage 1 epoch 10/30    383 s
seed 1002 free_scaled stage 1 epoch 11/30    420 s
seed 1002 free_scaled stage 1 epoch 12/30    459 s
seed 1002 free_scaled stage 1 epoch 13/30    496 s
seed 1002 free_scaled stage 1 epoch 14/30    534 s
seed 1002 free_scaled stage 1 epoch 15/30    571 s
seed 1002 free_scaled stage 1 epoch 16/30    609 s
seed 1002 free_scaled stage 1 epoch 17/30    646 s
seed 1002 free_scaled stage 1 epoch 18/30    684 s
seed 1002 free_scaled stage 1 epoch 19/30    721 s
seed 1002 free_scaled stage 1 epoch 20/30    758 s
seed 1002 free_scaled stage 1 epoch 21/30    796 s
seed 1002 free_scaled stage 1 epoch 22/30    834 s
seed 1002 free_scaled stage 1 epoch 23/30    871 s
seed 1002 free_scaled stage 1 epoch 24/30    908 s
seed 1002 free_scaled stage 1 epoch 25/30    946 s
seed 1002 free_scaled stage 1 epoch 26/30    985 s
seed 1002 free_scaled stage 1 epoch 27/30   1022 s
seed 1002 free_scaled stage 1 epoch 28/30   1060 s
seed 1002 free_scaled stage 1 epoch 29/30   1097 s
seed 1002 free_scaled stage 1 epoch 30/30   1134 s
seed 1002 free_scaled stage 2 epoch  1/30   1149 s
seed 1002 free_scaled stage 2 epoch  2/30   1163 s
seed 1002 free_scaled stage 2 epoch  3/30   1177 s
seed 1002 free_scaled stage 2 epoch  4/30   1191 s
seed 1002 free_scaled stage 2 epoch  5/30   1205 s
seed 1002 free_scaled stage 2 epoch  6/30   1221 s
seed 1002 free_scaled stage 2 epoch  7/30   1235 s
seed 1002 free_scaled stage 2 epoch  8/30   1249 s
seed 1002 free_scaled stage 2 epoch  9/30   1263 s
seed 1002 free_scaled stage 2 epoch 10/30   1277 s
seed 1002 free_scaled stage 2 epoch 11/30   1292 s
seed 1002 free_scaled stage 2 epoch 12/30   1307 s
seed 1002 free_scaled stage 2 epoch 13/30   1321 s
seed 1002 free_scaled stage 2 epoch 14/30   1335 s
seed 1002 free_scaled stage 2 epoch 15/30   1349 s
seed 1002 free_scaled stage 2 epoch 16/30   1363 s
seed 1002 free_scaled stage 2 epoch 17/30   1377 s
seed 1002 free_scaled stage 2 epoch 18/30   1391 s
seed 1002 free_scaled stage 2 epoch 19/30   1406 s
seed 1002 free_scaled stage 2 epoch 20/30   1420 s
seed 1002 free_scaled stage 2 epoch 21/30   1434 s
seed 1002 free_scaled stage 2 epoch 22/30   1448 s
seed 1002 free_scaled stage 2 epoch 23/30   1464 s
seed 1002 free_scaled stage 2 epoch 24/30   1478 s
seed 1002 free_scaled stage 2 epoch 25/30   1492 s
seed 1002 free_scaled stage 2 epoch 26/30   1506 s
seed 1002 free_scaled stage 2 epoch 27/30   1521 s
seed 1002 free_scaled stage 2 epoch 28/30   1535 s
seed 1002 free_scaled stage 2 epoch 29/30   1549 s
seed 1002 free_scaled stage 2 epoch 30/30   1563 s
seed 1002 free_scaled: 1562.8 s
seed 1002: written
seed 1006 prescribed stage 1 epoch  1/30     17 s
seed 1006 prescribed stage 1 epoch  2/30     31 s
seed 1006 prescribed stage 1 epoch  3/30     44 s
seed 1006 prescribed stage 1 epoch  4/30     58 s
seed 1006 prescribed stage 1 epoch  5/30     71 s
seed 1006 prescribed stage 1 epoch  6/30     85 s
seed 1006 prescribed stage 1 epoch  7/30     98 s
seed 1006 prescribed stage 1 epoch  8/30    111 s
seed 1006 prescribed stage 1 epoch  9/30    124 s
seed 1006 prescribed stage 1 epoch 10/30    137 s
seed 1006 prescribed stage 1 epoch 11/30    150 s
seed 1006 prescribed stage 1 epoch 12/30    163 s
seed 1006 prescribed stage 1 epoch 13/30    176 s
seed 1006 prescribed stage 1 epoch 14/30    189 s
seed 1006 prescribed stage 1 epoch 15/30    202 s
seed 1006 prescribed stage 1 epoch 16/30    215 s
seed 1006 prescribed stage 1 epoch 17/30    228 s
seed 1006 prescribed stage 1 epoch 18/30    241 s
seed 1006 prescribed stage 1 epoch 19/30    255 s
seed 1006 prescribed stage 1 epoch 20/30    268 s
seed 1006 prescribed stage 1 epoch 21/30    281 s
seed 1006 prescribed stage 1 epoch 22/30    294 s
seed 1006 prescribed stage 1 epoch 23/30    307 s
seed 1006 prescribed stage 1 epoch 24/30    320 s
seed 1006 prescribed stage 1 epoch 25/30    333 s
seed 1006 prescribed stage 1 epoch 26/30    346 s
seed 1006 prescribed stage 1 epoch 27/30    359 s
seed 1006 prescribed stage 1 epoch 28/30    372 s
seed 1006 prescribed stage 1 epoch 29/30    386 s
seed 1006 prescribed stage 1 epoch 30/30    399 s
seed 1006 prescribed stage 2 epoch  1/30    412 s
seed 1006 prescribed stage 2 epoch  2/30    425 s
seed 1006 prescribed stage 2 epoch  3/30    438 s
seed 1006 prescribed stage 2 epoch  4/30    451 s
seed 1006 prescribed stage 2 epoch  5/30    464 s
seed 1006 prescribed stage 2 epoch  6/30    478 s
seed 1006 prescribed stage 2 epoch  7/30    491 s
seed 1006 prescribed stage 2 epoch  8/30    504 s
seed 1006 prescribed stage 2 epoch  9/30    517 s
seed 1006 prescribed stage 2 epoch 10/30    530 s
seed 1006 prescribed stage 2 epoch 11/30    544 s
seed 1006 prescribed stage 2 epoch 12/30    557 s
seed 1006 prescribed stage 2 epoch 13/30    570 s
seed 1006 prescribed stage 2 epoch 14/30    584 s
seed 1006 prescribed stage 2 epoch 15/30    597 s
seed 1006 prescribed stage 2 epoch 16/30    610 s
seed 1006 prescribed stage 2 epoch 17/30    623 s
seed 1006 prescribed stage 2 epoch 18/30    636 s
seed 1006 prescribed stage 2 epoch 19/30    650 s
seed 1006 prescribed stage 2 epoch 20/30    663 s
seed 1006 prescribed stage 2 epoch 21/30    676 s
seed 1006 prescribed stage 2 epoch 22/30    689 s
seed 1006 prescribed stage 2 epoch 23/30    702 s
seed 1006 prescribed stage 2 epoch 24/30    715 s
seed 1006 prescribed stage 2 epoch 25/30    728 s
seed 1006 prescribed stage 2 epoch 26/30    742 s
seed 1006 prescribed stage 2 epoch 27/30    755 s
seed 1006 prescribed stage 2 epoch 28/30    768 s
seed 1006 prescribed stage 2 epoch 29/30    781 s
seed 1006 prescribed stage 2 epoch 30/30    794 s
seed 1006 prescribed: 794.0 s
seed 1006 prescribed_rotated stage 1 epoch  1/30     16 s
seed 1006 prescribed_rotated stage 1 epoch  2/30     29 s
seed 1006 prescribed_rotated stage 1 epoch  3/30     42 s
seed 1006 prescribed_rotated stage 1 epoch  4/30     56 s
seed 1006 prescribed_rotated stage 1 epoch  5/30     69 s
seed 1006 prescribed_rotated stage 1 epoch  6/30     82 s
seed 1006 prescribed_rotated stage 1 epoch  7/30     95 s
seed 1006 prescribed_rotated stage 1 epoch  8/30    108 s
seed 1006 prescribed_rotated stage 1 epoch  9/30    121 s
seed 1006 prescribed_rotated stage 1 epoch 10/30    134 s
seed 1006 prescribed_rotated stage 1 epoch 11/30    147 s
seed 1006 prescribed_rotated stage 1 epoch 12/30    160 s
seed 1006 prescribed_rotated stage 1 epoch 13/30    173 s
seed 1006 prescribed_rotated stage 1 epoch 14/30    187 s
seed 1006 prescribed_rotated stage 1 epoch 15/30    200 s
seed 1006 prescribed_rotated stage 1 epoch 16/30    213 s
seed 1006 prescribed_rotated stage 1 epoch 17/30    226 s
seed 1006 prescribed_rotated stage 1 epoch 18/30    239 s
seed 1006 prescribed_rotated stage 1 epoch 19/30    252 s
seed 1006 prescribed_rotated stage 1 epoch 20/30    265 s
seed 1006 prescribed_rotated stage 1 epoch 21/30    279 s
seed 1006 prescribed_rotated stage 1 epoch 22/30    292 s
seed 1006 prescribed_rotated stage 1 epoch 23/30    305 s
seed 1006 prescribed_rotated stage 1 epoch 24/30    318 s
seed 1006 prescribed_rotated stage 1 epoch 25/30    331 s
seed 1006 prescribed_rotated stage 1 epoch 26/30    344 s
seed 1006 prescribed_rotated stage 1 epoch 27/30    357 s
seed 1006 prescribed_rotated stage 1 epoch 28/30    370 s
seed 1006 prescribed_rotated stage 1 epoch 29/30    384 s
seed 1006 prescribed_rotated stage 1 epoch 30/30    397 s
seed 1006 prescribed_rotated stage 2 epoch  1/30    410 s
seed 1006 prescribed_rotated stage 2 epoch  2/30    423 s
seed 1006 prescribed_rotated stage 2 epoch  3/30    436 s
seed 1006 prescribed_rotated stage 2 epoch  4/30    449 s
seed 1006 prescribed_rotated stage 2 epoch  5/30    462 s
seed 1006 prescribed_rotated stage 2 epoch  6/30    475 s
seed 1006 prescribed_rotated stage 2 epoch  7/30    489 s
seed 1006 prescribed_rotated stage 2 epoch  8/30    502 s
seed 1006 prescribed_rotated stage 2 epoch  9/30    515 s
seed 1006 prescribed_rotated stage 2 epoch 10/30    528 s
seed 1006 prescribed_rotated stage 2 epoch 11/30    541 s
seed 1006 prescribed_rotated stage 2 epoch 12/30    554 s
seed 1006 prescribed_rotated stage 2 epoch 13/30    567 s
seed 1006 prescribed_rotated stage 2 epoch 14/30    581 s
seed 1006 prescribed_rotated stage 2 epoch 15/30    594 s
seed 1006 prescribed_rotated stage 2 epoch 16/30    607 s
seed 1006 prescribed_rotated stage 2 epoch 17/30    620 s
seed 1006 prescribed_rotated stage 2 epoch 18/30    633 s
seed 1006 prescribed_rotated stage 2 epoch 19/30    646 s
seed 1006 prescribed_rotated stage 2 epoch 20/30    659 s
seed 1006 prescribed_rotated stage 2 epoch 21/30    673 s
seed 1006 prescribed_rotated stage 2 epoch 22/30    686 s
seed 1006 prescribed_rotated stage 2 epoch 23/30    699 s
seed 1006 prescribed_rotated stage 2 epoch 24/30    712 s
seed 1006 prescribed_rotated stage 2 epoch 25/30    726 s
seed 1006 prescribed_rotated stage 2 epoch 26/30    739 s
seed 1006 prescribed_rotated stage 2 epoch 27/30    752 s
seed 1006 prescribed_rotated stage 2 epoch 28/30    765 s
seed 1006 prescribed_rotated stage 2 epoch 29/30    778 s
seed 1006 prescribed_rotated stage 2 epoch 30/30    791 s
seed 1006 prescribed_rotated: 791.0 s
seed 1006 free_raw stage 1 epoch  1/30     37 s
seed 1006 free_raw stage 1 epoch  2/30     71 s
seed 1006 free_raw stage 1 epoch  3/30    105 s
seed 1006 free_raw stage 1 epoch  4/30    139 s
seed 1006 free_raw stage 1 epoch  5/30    174 s
seed 1006 free_raw stage 1 epoch  6/30    208 s
seed 1006 free_raw stage 1 epoch  7/30    242 s
seed 1006 free_raw stage 1 epoch  8/30    275 s
seed 1006 free_raw stage 1 epoch  9/30    309 s
seed 1006 free_raw stage 1 epoch 10/30    344 s
seed 1006 free_raw stage 1 epoch 11/30    378 s
seed 1006 free_raw stage 1 epoch 12/30    412 s
seed 1006 free_raw stage 1 epoch 13/30    446 s
seed 1006 free_raw stage 1 epoch 14/30    480 s
seed 1006 free_raw stage 1 epoch 15/30    514 s
seed 1006 free_raw stage 1 epoch 16/30    548 s
seed 1006 free_raw stage 1 epoch 17/30    582 s
seed 1006 free_raw stage 1 epoch 18/30    617 s
seed 1006 free_raw stage 1 epoch 19/30    650 s
seed 1006 free_raw stage 1 epoch 20/30    685 s
seed 1006 free_raw stage 1 epoch 21/30    718 s
seed 1006 free_raw stage 1 epoch 22/30    752 s
seed 1006 free_raw stage 1 epoch 23/30    787 s
seed 1006 free_raw stage 1 epoch 24/30    821 s
seed 1006 free_raw stage 1 epoch 25/30    855 s
seed 1006 free_raw stage 1 epoch 26/30    889 s
seed 1006 free_raw stage 1 epoch 27/30    923 s
seed 1006 free_raw stage 1 epoch 28/30    957 s
seed 1006 free_raw stage 1 epoch 29/30    991 s
seed 1006 free_raw stage 1 epoch 30/30   1025 s
seed 1006 free_raw stage 2 epoch  1/30   1038 s
seed 1006 free_raw stage 2 epoch  2/30   1051 s
seed 1006 free_raw stage 2 epoch  3/30   1065 s
seed 1006 free_raw stage 2 epoch  4/30   1078 s
seed 1006 free_raw stage 2 epoch  5/30   1092 s
seed 1006 free_raw stage 2 epoch  6/30   1105 s
seed 1006 free_raw stage 2 epoch  7/30   1118 s
seed 1006 free_raw stage 2 epoch  8/30   1131 s
seed 1006 free_raw stage 2 epoch  9/30   1145 s
seed 1006 free_raw stage 2 epoch 10/30   1158 s
seed 1006 free_raw stage 2 epoch 11/30   1171 s
seed 1006 free_raw stage 2 epoch 12/30   1185 s
seed 1006 free_raw stage 2 epoch 13/30   1198 s
seed 1006 free_raw stage 2 epoch 14/30   1211 s
seed 1006 free_raw stage 2 epoch 15/30   1225 s
seed 1006 free_raw stage 2 epoch 16/30   1238 s
seed 1006 free_raw stage 2 epoch 17/30   1252 s
seed 1006 free_raw stage 2 epoch 18/30   1265 s
seed 1006 free_raw stage 2 epoch 19/30   1278 s
seed 1006 free_raw stage 2 epoch 20/30   1292 s
seed 1006 free_raw stage 2 epoch 21/30   1305 s
seed 1006 free_raw stage 2 epoch 22/30   1318 s
seed 1006 free_raw stage 2 epoch 23/30   1332 s
seed 1006 free_raw stage 2 epoch 24/30   1345 s
seed 1006 free_raw stage 2 epoch 25/30   1359 s
seed 1006 free_raw stage 2 epoch 26/30   1372 s
seed 1006 free_raw stage 2 epoch 27/30   1385 s
seed 1006 free_raw stage 2 epoch 28/30   1399 s
seed 1006 free_raw stage 2 epoch 29/30   1412 s
seed 1006 free_raw stage 2 epoch 30/30   1425 s
seed 1006 free_raw: 1425.1 s
seed 1006 free_scaled stage 1 epoch  1/30     37 s
seed 1006 free_scaled stage 1 epoch  2/30     71 s
seed 1006 free_scaled stage 1 epoch  3/30    105 s
seed 1006 free_scaled stage 1 epoch  4/30    139 s
seed 1006 free_scaled stage 1 epoch  5/30    173 s
seed 1006 free_scaled stage 1 epoch  6/30    207 s
seed 1006 free_scaled stage 1 epoch  7/30    241 s
seed 1006 free_scaled stage 1 epoch  8/30    275 s
seed 1006 free_scaled stage 1 epoch  9/30    309 s
seed 1006 free_scaled stage 1 epoch 10/30    343 s
seed 1006 free_scaled stage 1 epoch 11/30    377 s
seed 1006 free_scaled stage 1 epoch 12/30    411 s
seed 1006 free_scaled stage 1 epoch 13/30    445 s
seed 1006 free_scaled stage 1 epoch 14/30    479 s
seed 1006 free_scaled stage 1 epoch 15/30    513 s
seed 1006 free_scaled stage 1 epoch 16/30    547 s
seed 1006 free_scaled stage 1 epoch 17/30    581 s
seed 1006 free_scaled stage 1 epoch 18/30    616 s
seed 1006 free_scaled stage 1 epoch 19/30    650 s
seed 1006 free_scaled stage 1 epoch 20/30    683 s
seed 1006 free_scaled stage 1 epoch 21/30    717 s
seed 1006 free_scaled stage 1 epoch 22/30    751 s
seed 1006 free_scaled stage 1 epoch 23/30    785 s
seed 1006 free_scaled stage 1 epoch 24/30    819 s
seed 1006 free_scaled stage 1 epoch 25/30    853 s
seed 1006 free_scaled stage 1 epoch 26/30    887 s
seed 1006 free_scaled stage 1 epoch 27/30    921 s
seed 1006 free_scaled stage 1 epoch 28/30    955 s
seed 1006 free_scaled stage 1 epoch 29/30    989 s
seed 1006 free_scaled stage 1 epoch 30/30   1023 s
seed 1006 free_scaled stage 2 epoch  1/30   1037 s
seed 1006 free_scaled stage 2 epoch  2/30   1050 s
seed 1006 free_scaled stage 2 epoch  3/30   1064 s
seed 1006 free_scaled stage 2 epoch  4/30   1077 s
seed 1006 free_scaled stage 2 epoch  5/30   1091 s
seed 1006 free_scaled stage 2 epoch  6/30   1104 s
seed 1006 free_scaled stage 2 epoch  7/30   1118 s
seed 1006 free_scaled stage 2 epoch  8/30   1131 s
seed 1006 free_scaled stage 2 epoch  9/30   1145 s
seed 1006 free_scaled stage 2 epoch 10/30   1158 s
seed 1006 free_scaled stage 2 epoch 11/30   1171 s
seed 1006 free_scaled stage 2 epoch 12/30   1185 s
seed 1006 free_scaled stage 2 epoch 13/30   1198 s
seed 1006 free_scaled stage 2 epoch 14/30   1212 s
seed 1006 free_scaled stage 2 epoch 15/30   1225 s
seed 1006 free_scaled stage 2 epoch 16/30   1238 s
seed 1006 free_scaled stage 2 epoch 17/30   1252 s
seed 1006 free_scaled stage 2 epoch 18/30   1265 s
seed 1006 free_scaled stage 2 epoch 19/30   1278 s
seed 1006 free_scaled stage 2 epoch 20/30   1292 s
seed 1006 free_scaled stage 2 epoch 21/30   1305 s
seed 1006 free_scaled stage 2 epoch 22/30   1319 s
seed 1006 free_scaled stage 2 epoch 23/30   1332 s
seed 1006 free_scaled stage 2 epoch 24/30   1345 s
seed 1006 free_scaled stage 2 epoch 25/30   1359 s
seed 1006 free_scaled stage 2 epoch 26/30   1373 s
seed 1006 free_scaled stage 2 epoch 27/30   1387 s
seed 1006 free_scaled stage 2 epoch 28/30   1400 s
seed 1006 free_scaled stage 2 epoch 29/30   1414 s
seed 1006 free_scaled stage 2 epoch 30/30   1430 s
seed 1006 free_scaled: 1429.7 s
seed 1006: written
