seed 1004 prescribed stage 1 epoch  1/30     87 s
seed 1004 prescribed stage 1 epoch  2/30    148 s
seed 1004 prescribed stage 1 epoch  3/30    173 s
seed 1004 prescribed stage 1 epoch  4/30    192 s
seed 1004 prescribed stage 1 epoch  5/30    209 s
seed 1004 prescribed stage 1 epoch  6/30    229 s
seed 1004 prescribed stage 1 epoch  7/30    255 s
seed 1004 prescribed stage 1 epoch  8/30    321 s
seed 1004 prescribed stage 1 epoch  9/30    352 s
seed 1004 prescribed stage 1 epoch 10/30    378 s
seed 1004 prescribed stage 1 epoch 11/30    404 s
seed 1004 prescribed stage 1 epoch 12/30    425 s
seed 1004 prescribed stage 1 epoch 13/30    446 s
seed 1004 prescribed stage 1 epoch 14/30    466 s
seed 1004 prescribed stage 1 epoch 15/30    491 s
seed 1004 prescribed stage 1 epoch 16/30    510 s
seed 1004 prescribed stage 1 epoch 17/30    528 s
seed 1004 prescribed stage 1 epoch 18/30    547 s
seed 1004 prescribed stage 1 epoch 19/30    570 s
seed 1004 prescribed stage 1 epoch 20/30    593 s
seed 1004 prescribed stage 1 epoch 21/30    620 s
seed 1004 prescribed stage 1 epoch 22/30    645 s
seed 1004 prescribed stage 1 epoch 23/30    668 s
seed 1004 prescribed stage 1 epoch 24/30    696 s
seed 1004 prescribed stage 1 epoch 25/30    714 s
seed 1004 prescribed stage 1 epoch 26/30    738 s
seed 1004 prescribed stage 1 epoch 27/30    762 s
seed 1004 prescribed stage 1 epoch 28/30    786 s
seed 1004 prescribed stage 1 epoch 29/30    803 s
seed 1004 prescribed stage 1 epoch 30/30    821 s
seed 1004 prescribed stage 2 epoch  1/30    845 s
seed 1004 prescribed stage 2 epoch  2/30    864 s
seed 1004 prescribed stage 2 epoch  3/30    886 s
seed 1004 prescribed stage 2 epoch  4/30    906 s
seed 1004 prescribed stage 2 epoch  5/30    930 s
seed 1004 prescribed stage 2 epoch  6/30    958 s
seed 1004 prescribed stage 2 epoch  7/30    977 s
seed 1004 prescribed stage 2 epoch  8/30    995 s
seed 1004 prescribed stage 2 epoch  9/30   1014 s
seed 1004 prescribed stage 2 epoch 10/30   1037 s
seed 1004 prescribed stage 2 epoch 11/30   1057 s
seed 1004 prescribed stage 2 epoch 12/30   1075 s
seed 1004 prescribed stage 2 epoch 13/30   1093 s
seed 1004 prescribed stage 2 epoch 14/30   1114 s
seed 1004 prescribed stage 2 epoch 15/30   1134 s
seed 1004 prescribed stage 2 epoch 16/30   1154 s
seed 1004 prescribed stage 2 epoch 17/30   1174 s
seed 1004 prescribed stage 2 epoch 18/30   1194 s
seed 1004 prescribed stage 2 epoch 19/30   1213 s
seed 1004 prescribed stage 2 epoch 20/30   1231 s
seed 1004 prescribed stage 2 epoch 21/30   1257 s
seed 1004 prescribed stage 2 epoch 22/30   1278 s
seed 1004 prescribed stage 2 epoch 23/30   1297 s
seed 1004 prescribed stage 2 epoch 24/30   1314 s
seed 1004 prescribed stage 2 epoch 25/30   1330 s
seed 1004 prescribed stage 2 epoch 26/30   1346 s
seed 1004 prescribed stage 2 epoch 27/30   1361 s
seed 1004 prescribed stage 2 epoch 28/30   1376 s
seed 1004 prescribed stage 2 epoch 29/30   1392 s
seed 1004 prescribed stage 2 epoch 30/30   1407 s
seed 1004 prescribed: 1407.5 s
seed 1004 prescribed_rotated stage 1 epoch  1/30     20 s
seed 1004 prescribed_rotated stage 1 epoch  2/30     35 s
seed 1004 prescribed_rotated stage 1 epoch  3/30     50 s
seed 1004 prescribed_rotated stage 1 epoch  4/30     66 s
seed 1004 prescribed_rotated stage 1 epoch  5/30     81 s
seed 1004 prescribed_rotated stage 1 epoch  6/30     97 s
seed 1004 prescribed_rotated stage 1 epoch  7/30    113 s
seed 1004 prescribed_rotated stage 1 epoch  8/30    129 s
seed 1004 prescribed_rotated stage 1 epoch  9/30    146 s
seed 1004 prescribed_rotated stage 1 epoch 10/30    162 s
seed 1004 prescribed_rotated stage 1 epoch 11/30    177 s
seed 1004 prescribed_rotated stage 1 epoch 12/30    192 s
seed 1004 prescribed_rotated stage 1 epoch 13/30    211 s
seed 1004 prescribed_rotated stage 1 epoch 14/30    230 s
seed 1004 prescribed_rotated stage 1 epoch 15/30    248 s
seed 1004 prescribed_rotated stage 1 epoch 16/30    279 s
seed 1004 prescribed_rotated stage 1 epoch 17/30    303 s
seed 1004 prescribed_rotated stage 1 epoch 18/30    322 s
seed 1004 prescribed_rotated stage 1 epoch 19/30    340 s
seed 1004 prescribed_rotated stage 1 epoch 20/30    355 s
seed 1004 prescribed_rotated stage 1 epoch 21/30    370 s
seed 1004 prescribed_rotated stage 1 epoch 22/30    390 s
seed 1004 prescribed_rotated stage 1 epoch 23/30    408 s
seed 1004 prescribed_rotated stage 1 epoch 24/30    428 s
seed 1004 prescribed_rotated stage 1 epoch 25/30    446 s
seed 1004 prescribed_rotated stage 1 epoch 26/30    463 s
seed 1004 prescribed_rotated stage 1 epoch 27/30    478 s
seed 1004 prescribed_rotated stage 1 epoch 28/30    493 s
seed 1004 prescribed_rotated stage 1 epoch 29/30    507 s
seed 1004 prescribed_rotated stage 1 epoch 30/30    522 s
seed 1004 prescribed_rotated stage 2 epoch  1/30    538 s
seed 1004 prescribed_rotated stage 2 epoch  2/30    552 s
seed 1004 prescribed_rotated stage 2 epoch  3/30    567 s
seed 1004 prescribed_rotated stage 2 epoch  4/30    583 s
seed 1004 prescribed_rotated stage 2 epoch  5/30    597 s
seed 1004 prescribed_rotated stage 2 epoch  6/30    612 s
seed 1004 prescribed_rotated stage 2 epoch  7/30    628 s
seed 1004 prescribed_rotated stage 2 epoch  8/30    644 s
seed 1004 prescribed_rotated stage 2 epoch  9/30    659 s
seed 1004 prescribed_rotated stage 2 epoch 10/30    674 s
seed 1004 prescribed_rotated stage 2 epoch 11/30    690 s
seed 1004 prescribed_rotated stage 2 epoch 12/30    707 s
seed 1004 prescribed_rotated stage 2 epoch 13/30    721 s
seed 1004 prescribed_rotated stage 2 epoch 14/30    738 s
seed 1004 prescribed_rotated stage 2 epoch 15/30    754 s
seed 1004 prescribed_rotated stage 2 epoch 16/30    771 s
seed 1004 prescribed_rotated stage 2 epoch 17/30    786 s
seed 1004 prescribed_rotated stage 2 epoch 18/30    801 s
seed 1004 prescribed_rotated stage 2 epoch 19/30    817 s
seed 1004 prescribed_rotated stage 2 epoch 20/30    834 s
seed 1004 prescribed_rotated stage 2 epoch 21/30    853 s
seed 1004 prescribed_rotated stage 2 epoch 22/30    867 s
seed 1004 prescribed_rotated stage 2 epoch 23/30    885 s
seed 1004 prescribed_rotated stage 2 epoch 24/30    900 s
seed 1004 prescribed_rotated stage 2 epoch 25/30    918 s
seed 1004 prescribed_rotated stage 2 epoch 26/30    937 s
seed 1004 prescribed_rotated stage 2 epoch 27/30    960 s
seed 1004 prescribed_rotated stage 2 epoch 28/30    976 s
seed 1004 prescribed_rotated stage 2 epoch 29/30    992 s
seed 1004 prescribed_rotated stage 2 epoch 30/30   1009 s
seed 1004 prescribed_rotated: 1009.0 s
seed 1004 free_raw stage 1 epoch  1/30     54 s
seed 1004 free_raw stage 1 epoch  2/30     96 s
seed 1004 free_raw stage 1 epoch  3/30    147 s
seed 1004 free_raw stage 1 epoch  4/30    200 s
seed 1004 free_raw stage 1 epoch  5/30    241 s
seed 1004 free_raw stage 1 epoch  6/30    285 s
seed 1004 free_raw stage 1 epoch  7/30    333 s
seed 1004 free_raw stage 1 epoch  8/30    382 s
seed 1004 free_raw stage 1 epoch  9/30    427 s
seed 1004 free_raw stage 1 epoch 10/30    476 s
seed 1004 free_raw stage 1 epoch 11/30    522 s
seed 1004 free_raw stage 1 epoch 12/30    581 s
seed 1004 free_raw stage 1 epoch 13/30    626 s
seed 1004 free_raw stage 1 epoch 14/30    695 s
seed 1004 free_raw stage 1 epoch 15/30    745 s
seed 1004 free_raw stage 1 epoch 16/30    787 s
seed 1004 free_raw stage 1 epoch 17/30    826 s
seed 1004 free_raw stage 1 epoch 18/30    867 s
seed 1004 free_raw stage 1 epoch 19/30    914 s
seed 1004 free_raw stage 1 epoch 20/30    960 s
seed 1004 free_raw stage 1 epoch 21/30   1001 s
seed 1004 free_raw stage 1 epoch 22/30   1047 s
seed 1004 free_raw stage 1 epoch 23/30   1093 s
seed 1004 free_raw stage 1 epoch 24/30   1135 s
seed 1004 free_raw stage 1 epoch 25/30   1177 s
seed 1004 free_raw stage 1 epoch 26/30   1225 s
seed 1004 free_raw stage 1 epoch 27/30   1268 s
seed 1004 free_raw stage 1 epoch 28/30   1320 s
seed 1004 free_raw stage 1 epoch 29/30   1386 s
seed 1004 free_raw stage 1 epoch 30/30   1447 s
seed 1004 free_raw stage 2 epoch  1/30   1467 s
seed 1004 free_raw stage 2 epoch  2/30   1489 s
seed 1004 free_raw stage 2 epoch  3/30   1517 s
seed 1004 free_raw stage 2 epoch  4/30   1541 s
seed 1004 free_raw stage 2 epoch  5/30   1558 s
seed 1004 free_raw stage 2 epoch  6/30   1574 s
seed 1004 free_raw stage 2 epoch  7/30   1590 s
seed 1004 free_raw stage 2 epoch  8/30   1606 s
seed 1004 free_raw stage 2 epoch  9/30   1622 s
seed 1004 free_raw stage 2 epoch 10/30   1638 s
seed 1004 free_raw stage 2 epoch 11/30   1654 s
seed 1004 free_raw stage 2 epoch 12/30   1670 s
seed 1004 free_raw stage 2 epoch 13/30   1687 s
seed 1004 free_raw stage 2 epoch 14/30   1709 s
seed 1004 free_raw stage 2 epoch 15/30   1731 s
seed 1004 free_raw stage 2 epoch 16/30   1748 s
seed 1004 free_raw stage 2 epoch 17/30   1766 s
seed 1004 free_raw stage 2 epoch 18/30   1783 s
seed 1004 free_raw stage 2 epoch 19/30   1804 s
seed 1004 free_raw stage 2 epoch 20/30   1820 s
seed 1004 free_raw stage 2 epoch 21/30   1837 s
seed 1004 free_raw stage 2 epoch 22/30   1854 s
seed 1004 free_raw stage 2 epoch 23/30   1870 s
seed 1004 free_raw stage 2 epoch 24/30   1887 s
seed 1004 free_raw stage 2 epoch 25/30   1908 s
seed 1004 free_raw stage 2 epoch 26/30   1928 s
seed 1004 free_raw stage 2 epoch 27/30   1949 s
seed 1004 free_raw stage 2 epoch 28/30   1969 s
seed 1004 free_raw stage 2 epoch 29/30   1989 s
seed 1004 free_raw stage 2 epoch 30/30   2007 s
seed 1004 free_raw: 2007.0 s
seed 1004 free_scaled stage 1 epoch  1/30     47 s
seed 1004 free_scaled stage 1 epoch  2/30     93 s
seed 1004 free_scaled stage 1 epoch  3/30    145 s
seed 1004 free_scaled stage 1 epoch  4/30    193 s
seed 1004 free_scaled stage 1 epoch  5/30    239 s
seed 1004 free_scaled stage 1 epoch  6/30    283 s
seed 1004 free_scaled stage 1 epoch  7/30    330 s
seed 1004 free_scaled stage 1 epoch  8/30    378 s
seed 1004 free_scaled stage 1 epoch  9/30    439 s
seed 1004 free_scaled stage 1 epoch 10/30    504 s
seed 1004 free_scaled stage 1 epoch 11/30    571 s
seed 1004 free_scaled stage 1 epoch 12/30    622 s
seed 1004 free_scaled stage 1 epoch 13/30    681 s
seed 1004 free_scaled stage 1 epoch 14/30    723 s
seed 1004 free_scaled stage 1 epoch 15/30    766 s
seed 1004 free_scaled stage 1 epoch 16/30    833 s
seed 1004 free_scaled stage 1 epoch 17/30    882 s
seed 1004 free_scaled stage 1 epoch 18/30    931 s
seed 1004 free_scaled stage 1 epoch 19/30    987 s
seed 1004 free_scaled stage 1 epoch 20/30   1052 s
seed 1004 free_scaled stage 1 epoch 21/30   1107 s
seed 1004 free_scaled stage 1 epoch 22/30   1165 s
seed 1004 free_scaled stage 1 epoch 23/30   1208 s
seed 1004 free_scaled stage 1 epoch 24/30   1250 s
seed 1004 free_scaled stage 1 epoch 25/30   1299 s
seed 1004 free_scaled stage 1 epoch 26/30   1346 s
seed 1004 free_scaled stage 1 epoch 27/30   1387 s
seed 1004 free_scaled stage 1 epoch 28/30   1427 s
seed 1004 free_scaled stage 1 epoch 29/30   1481 s
seed 1004 free_scaled stage 1 epoch 30/30   1542 s
seed 1004 free_scaled stage 2 epoch  1/30   1558 s
seed 1004 free_scaled stage 2 epoch  2/30   1577 s
seed 1004 free_scaled stage 2 epoch  3/30   1594 s
seed 1004 free_scaled stage 2 epoch  4/30   1609 s
seed 1004 free_scaled stage 2 epoch  5/30   1624 s
seed 1004 free_scaled stage 2 epoch  6/30   1641 s
seed 1004 free_scaled stage 2 epoch  7/30   1665 s
seed 1004 free_scaled stage 2 epoch  8/30   1686 s
seed 1004 free_scaled stage 2 epoch  9/30   1707 s
seed 1004 free_scaled stage 2 epoch 10/30   1722 s
seed 1004 free_scaled stage 2 epoch 11/30   1738 s
seed 1004 free_scaled stage 2 epoch 12/30   1755 s
seed 1004 free_scaled stage 2 epoch 13/30   1772 s
seed 1004 free_scaled stage 2 epoch 14/30   1787 s
seed 1004 free_scaled stage 2 epoch 15/30   1804 s
seed 1004 free_scaled stage 2 epoch 16/30   1820 s
seed 1004 free_scaled stage 2 epoch 17/30   1835 s
seed 1004 free_scaled stage 2 epoch 18/30   1851 s
seed 1004 free_scaled stage 2 epoch 19/30   1865 s
seed 1004 free_scaled stage 2 epoch 20/30   1880 s
seed 1004 free_scaled stage 2 epoch 21/30   1894 s
seed 1004 free_scaled stage 2 epoch 22/30   1910 s
seed 1004 free_scaled stage 2 epoch 23/30   1924 s
seed 1004 free_scaled stage 2 epoch 24/30   1939 s
seed 1004 free_scaled stage 2 epoch 25/30   1953 s
seed 1004 free_scaled stage 2 epoch 26/30   1967 s
seed 1004 free_scaled stage 2 epoch 27/30   1982 s
seed 1004 free_scaled stage 2 epoch 28/30   1996 s
seed 1004 free_scaled stage 2 epoch 29/30   2011 s
seed 1004 free_scaled stage 2 epoch 30/30   2025 s
seed 1004 free_scaled: 2024.8 s
seed 1004: written
seed 1007 prescribed stage 1 epoch  1/30     18 s
seed 1007 prescribed stage 1 epoch  2/30     32 s
seed 1007 prescribed stage 1 epoch  3/30     47 s
seed 1007 prescribed stage 1 epoch  4/30     61 s
seed 1007 prescribed stage 1 epoch  5/30     75 s
seed 1007 prescribed stage 1 epoch  6/30     88 s
seed 1007 prescribed stage 1 epoch  7/30    102 s
seed 1007 prescribed stage 1 epoch  8/30    116 s
seed 1007 prescribed stage 1 epoch  9/30    130 s
seed 1007 prescribed stage 1 epoch 10/30    144 s
seed 1007 prescribed stage 1 epoch 11/30    158 s
seed 1007 prescribed stage 1 epoch 12/30    171 s
seed 1007 prescribed stage 1 epoch 13/30    185 s
seed 1007 prescribed stage 1 epoch 14/30    199 s
seed 1007 prescribed stage 1 epoch 15/30    214 s
seed 1007 prescribed stage 1 epoch 16/30    229 s
seed 1007 prescribed stage 1 epoch 17/30    243 s
seed 1007 prescribed stage 1 epoch 18/30    256 s
seed 1007 prescribed stage 1 epoch 19/30    270 s
seed 1007 prescribed stage 1 epoch 20/30    284 s
seed 1007 prescribed stage 1 epoch 21/30    298 s
seed 1007 prescribed stage 1 epoch 22/30    312 s
seed 1007 prescribed stage 1 epoch 23/30    326 s
seed 1007 prescribed stage 1 epoch 24/30    340 s
seed 1007 prescribed stage 1 epoch 25/30    353 s
seed 1007 prescribed stage 1 epoch 26/30    367 s
seed 1007 prescribed stage 1 epoch 27/30    381 s
seed 1007 prescribed stage 1 epoch 28/30    395 s
seed 1007 prescribed stage 1 epoch 29/30    409 s
seed 1007 prescribed stage 1 epoch 30/30    423 s
seed 1007 prescribed stage 2 epoch  1/30    437 s
seed 1007 prescribed stage 2 epoch  2/30    452 s
seed 1007 prescribed stage 2 epoch  3/30    466 s
seed 1007 prescribed stage 2 epoch  4/30    480 s
seed 1007 prescribed stage 2 epoch  5/30    494 s
seed 1007 prescribed stage 2 epoch  6/30    508 s
seed 1007 prescribed stage 2 epoch  7/30    522 s
seed 1007 prescribed stage 2 epoch  8/30    535 s
seed 1007 prescribed stage 2 epoch  9/30    550 s
seed 1007 prescribed stage 2 epoch 10/30    564 s
seed 1007 prescribed stage 2 epoch 11/30    578 s
seed 1007 prescribed stage 2 epoch 12/30    591 s
seed 1007 prescribed stage 2 epoch 13/30    605 s
seed 1007 prescribed stage 2 epoch 14/30    619 s
seed 1007 prescribed stage 2 epoch 15/30    633 s
seed 1007 prescribed stage 2 epoch 16/30    647 s
seed 1007 prescribed stage 2 epoch 17/30    661 s
seed 1007 prescribed stage 2 epoch 18/30    675 s
seed 1007 prescribed stage 2 epoch 19/30    688 s
seed 1007 prescribed stage 2 epoch 20/30    703 s
seed 1007 prescribed stage 2 epoch 21/30    717 s
seed 1007 prescribed stage 2 epoch 22/30    730 s
seed 1007 prescribed stage 2 epoch 23/30    744 s
seed 1007 prescribed stage 2 epoch 24/30    758 s
seed 1007 prescribed stage 2 epoch 25/30    772 s
seed 1007 prescribed stage 2 epoch 26/30    786 s
seed 1007 prescribed stage 2 epoch 27/30    801 s
seed 1007 prescribed stage 2 epoch 28/30    815 s
seed 1007 prescribed stage 2 epoch 29/30    829 s
seed 1007 prescribed stage 2 epoch 30/30    843 s
seed 1007 prescribed: 843.2 s
seed 1007 prescribed_rotated stage 1 epoch  1/30     18 s
seed 1007 prescribed_rotated stage 1 epoch  2/30     32 s
seed 1007 prescribed_rotated stage 1 epoch  3/30     46 s
seed 1007 prescribed_rotated stage 1 epoch  4/30     59 s
seed 1007 prescribed_rotated stage 1 epoch  5/30     75 s
seed 1007 prescribed_rotated stage 1 epoch  6/30     89 s
seed 1007 prescribed_rotated stage 1 epoch  7/30    103 s
seed 1007 prescribed_rotated stage 1 epoch  8/30    118 s
seed 1007 prescribed_rotated stage 1 epoch  9/30    132 s
seed 1007 prescribed_rotated stage 1 epoch 10/30    145 s
seed 1007 prescribed_rotated stage 1 epoch 11/30    160 s
seed 1007 prescribed_rotated stage 1 epoch 12/30    174 s
seed 1007 prescribed_rotated stage 1 epoch 13/30    188 s
seed 1007 prescribed_rotated stage 1 epoch 14/30    202 s
seed 1007 prescribed_rotated stage 1 epoch 15/30    216 s
seed 1007 prescribed_rotated stage 1 epoch 16/30    230 s
seed 1007 prescribed_rotated stage 1 epoch 17/30    244 s
seed 1007 prescribed_rotated stage 1 epoch 18/30    258 s
seed 1007 prescribed_rotated stage 1 epoch 19/30    272 s
seed 1007 prescribed_rotated stage 1 epoch 20/30    286 s
seed 1007 prescribed_rotated stage 1 epoch 21/30    300 s
seed 1007 prescribed_rotated stage 1 epoch 22/30    314 s
seed 1007 prescribed_rotated stage 1 epoch 23/30    328 s
seed 1007 prescribed_rotated stage 1 epoch 24/30    342 s
seed 1007 prescribed_rotated stage 1 epoch 25/30    356 s
seed 1007 prescribed_rotated stage 1 epoch 26/30    370 s
seed 1007 prescribed_rotated stage 1 epoch 27/30    383 s
seed 1007 prescribed_rotated stage 1 epoch 28/30    397 s
seed 1007 prescribed_rotated stage 1 epoch 29/30    411 s
seed 1007 prescribed_rotated stage 1 epoch 30/30    425 s
seed 1007 prescribed_rotated stage 2 epoch  1/30    439 s
seed 1007 prescribed_rotated stage 2 epoch  2/30    453 s
seed 1007 prescribed_rotated stage 2 epoch  3/30    467 s
seed 1007 prescribed_rotated stage 2 epoch  4/30    481 s
seed 1007 prescribed_rotated stage 2 epoch  5/30    495 s
seed 1007 prescribed_rotated stage 2 epoch  6/30    509 s
seed 1007 prescribed_rotated stage 2 epoch  7/30    523 s
seed 1007 prescribed_rotated stage 2 epoch  8/30    537 s
seed 1007 prescribed_rotated stage 2 epoch  9/30    551 s
seed 1007 prescribed_rotated stage 2 epoch 10/30    565 s
seed 1007 prescribed_rotated stage 2 epoch 11/30    579 s
seed 1007 prescribed_rotated stage 2 epoch 12/30    593 s
seed 1007 prescribed_rotated stage 2 epoch 13/30    607 s
seed 1007 prescribed_rotated stage 2 epoch 14/30    621 s
seed 1007 prescribed_rotated stage 2 epoch 15/30    635 s
seed 1007 prescribed_rotated stage 2 epoch 16/30    649 s
seed 1007 prescribed_rotated stage 2 epoch 17/30    663 s
seed 1007 prescribed_rotated stage 2 epoch 18/30    677 s
seed 1007 prescribed_rotated stage 2 epoch 19/30    691 s
seed 1007 prescribed_rotated stage 2 epoch 20/30    706 s
seed 1007 prescribed_rotated stage 2 epoch 21/30    720 s
seed 1007 prescribed_rotated stage 2 epoch 22/30    734 s
seed 1007 prescribed_rotated stage 2 epoch 23/30    748 s
seed 1007 prescribed_rotated stage 2 epoch 24/30    762 s
seed 1007 prescribed_rotated stage 2 epoch 25/30    776 s
seed 1007 prescribed_rotated stage 2 epoch 26/30    789 s
seed 1007 prescribed_rotated stage 2 epoch 27/30    803 s
seed 1007 prescribed_rotated stage 2 epoch 28/30    817 s
seed 1007 prescribed_rotated stage 2 epoch 29/30    831 s
seed 1007 prescribed_rotated stage 2 epoch 30/30    845 s
seed 1007 prescribed_rotated: 845.3 s
seed 1007 free_raw stage 1 epoch  1/30     43 s
seed 1007 free_raw stage 1 epoch  2/30     81 s
seed 1007 free_raw stage 1 epoch  3/30    118 s
seed 1007 free_raw stage 1 epoch  4/30    155 s
seed 1007 free_raw stage 1 epoch  5/30    192 s
seed 1007 free_raw stage 1 epoch  6/30    230 s
seed 1007 free_raw stage 1 epoch  7/30    268 s
seed 1007 free_raw stage 1 epoch  8/30    305 s
seed 1007 free_raw stage 1 epoch  9/30    342 s
seed 1007 free_raw stage 1 epoch 10/30    379 s
seed 1007 free_raw stage 1 epoch 11/30    417 s
seed 1007 free_raw stage 1 epoch 12/30    455 s
seed 1007 free_raw stage 1 epoch 13/30    492 s
seed 1007 free_raw stage 1 epoch 14/30    530 s
seed 1007 free_raw stage 1 epoch 15/30    567 s
seed 1007 free_raw stage 1 epoch 16/30    604 s
seed 1007 free_raw stage 1 epoch 17/30    642 s
seed 1007 free_raw stage 1 epoch 18/30    679 s
seed 1007 free_raw stage 1 epoch 19/30    716 s
seed 1007 free_raw stage 1 epoch 20/30    753 s
seed 1007 free_raw stage 1 epoch 21/30    790 s
seed 1007 free_raw stage 1 epoch 22/30    828 s
seed 1007 free_raw stage 1 epoch 23/30    865 s
seed 1007 free_raw stage 1 epoch 24/30    902 s
seed 1007 free_raw stage 1 epoch 25/30    941 s
seed 1007 free_raw stage 1 epoch 26/30    978 s
seed 1007 free_raw stage 1 epoch 27/30   1015 s
seed 1007 free_raw stage 1 epoch 28/30   1052 s
seed 1007 free_raw stage 1 epoch 29/30   1089 s
seed 1007 free_raw stage 1 epoch 30/30   1126 s
seed 1007 free_raw stage 2 epoch  1/30   1140 s
seed 1007 free_raw stage 2 epoch  2/30   1154 s
seed 1007 free_raw stage 2 epoch  3/30   1169 s
seed 1007 free_raw stage 2 epoch  4/30   1186 s
seed 1007 free_raw stage 2 epoch  5/30   1200 s
seed 1007 free_raw stage 2 epoch  6/30   1214 s
seed 1007 free_raw stage 2 epoch  7/30   1229 s
seed 1007 free_raw stage 2 epoch  8/30   1243 s
seed 1007 free_raw stage 2 epoch  9/30   1257 s
seed 1007 free_raw stage 2 epoch 10/30   1271 s
seed 1007 free_raw stage 2 epoch 11/30   1285 s
seed 1007 free_raw stage 2 epoch 12/30   1299 s
seed 1007 free_raw stage 2 epoch 13/30   1314 s
seed 1007 free_raw stage 2 epoch 14/30   1328 s
seed 1007 free_raw stage 2 epoch 15/30   1342 s
seed 1007 free_raw stage 2 epoch 16/30   1356 s
seed 1007 free_raw stage 2 epoch 17/30   1370 s
seed 1007 free_raw stage 2 epoch 18/30   1384 s
seed 1007 free_raw stage 2 epoch 19/30   1398 s
seed 1007 free_raw stage 2 epoch 20/30   1412 s
seed 1007 free_raw stage 2 epoch 21/30   1427 s
seed 1007 free_raw stage 2 epoch 22/30   1441 s
seed 1007 free_raw stage 2 epoch 23/30   1455 s
seed 1007 free_raw stage 2 epoch 24/30   1469 s
seed 1007 free_raw stage 2 epoch 25/30   1483 s
seed 1007 free_raw stage 2 epoch 26/30   1497 s
seed 1007 free_raw stage 2 epoch 27/30   1512 s
seed 1007 free_raw stage 2 epoch 28/30   1526 s
seed 1007 free_raw stage 2 epoch 29/30   1540 s
seed 1007 free_raw stage 2 epoch 30/30   1554 s
seed 1007 free_raw: 1554.4 s
seed 1007 free_scaled stage 1 epoch  1/30     39 s
seed 1007 free_scaled stage 1 epoch  2/30     73 s
seed 1007 free_scaled stage 1 epoch  3/30    110 s
seed 1007 free_scaled stage 1 epoch  4/30    145 s
seed 1007 free_scaled stage 1 epoch  5/30    180 s
seed 1007 free_scaled stage 1 epoch  6/30    215 s
seed 1007 free_scaled stage 1 epoch  7/30    251 s
seed 1007 free_scaled stage 1 epoch  8/30    287 s
seed 1007 free_scaled stage 1 epoch  9/30    322 s
seed 1007 free_scaled stage 1 epoch 10/30    358 s
seed 1007 free_scaled stage 1 epoch 11/30    394 s
seed 1007 free_scaled stage 1 epoch 12/30    430 s
seed 1007 free_scaled stage 1 epoch 13/30    465 s
seed 1007 free_scaled stage 1 epoch 14/30    500 s
seed 1007 free_scaled stage 1 epoch 15/30    535 s
seed 1007 free_scaled stage 1 epoch 16/30    570 s
seed 1007 free_scaled stage 1 epoch 17/30    606 s
seed 1007 free_scaled stage 1 epoch 18/30    641 s
seed 1007 free_scaled stage 1 epoch 19/30    676 s
seed 1007 free_scaled stage 1 epoch 20/30    712 s
seed 1007 free_scaled stage 1 epoch 21/30    747 s
seed 1007 free_scaled stage 1 epoch 22/30    783 s
seed 1007 free_scaled stage 1 epoch 23/30    818 s
seed 1007 free_scaled stage 1 epoch 24/30    853 s
seed 1007 free_scaled stage 1 epoch 25/30    888 s
seed 1007 free_scaled stage 1 epoch 26/30    923 s
seed 1007 free_scaled stage 1 epoch 27/30    960 s
seed 1007 free_scaled stage 1 epoch 28/30    996 s
seed 1007 free_scaled stage 1 epoch 29/30   1031 s
seed 1007 free_scaled stage 1 epoch 30/30   1066 s
seed 1007 free_scaled stage 2 epoch  1/30   1081 s
seed 1007 free_scaled stage 2 epoch  2/30   1095 s
seed 1007 free_scaled stage 2 epoch  3/30   1109 s
seed 1007 free_scaled stage 2 epoch  4/30   1124 s
seed 1007 free_scaled stage 2 epoch  5/30   1138 s
seed 1007 free_scaled stage 2 epoch  6/30   1152 s
seed 1007 free_scaled stage 2 epoch  7/30   1166 s
seed 1007 free_scaled stage 2 epoch  8/30   1182 s
seed 1007 free_scaled stage 2 epoch  9/30   1196 s
seed 1007 free_scaled stage 2 epoch 10/30   1210 s
seed 1007 free_scaled stage 2 epoch 11/30   1224 s
seed 1007 free_scaled stage 2 epoch 12/30   1239 s
seed 1007 free_scaled stage 2 epoch 13/30   1253 s
seed 1007 free_scaled stage 2 epoch 14/30   1269 s
seed 1007 free_scaled stage 2 epoch 15/30   1283 s
seed 1007 free_scaled stage 2 epoch 16/30   1297 s
seed 1007 free_scaled stage 2 epoch 17/30   1311 s
seed 1007 free_scaled stage 2 epoch 18/30   1326 s
seed 1007 free_scaled stage 2 epoch 19/30   1340 s
seed 1007 free_scaled stage 2 epoch 20/30   1354 s
seed 1007 free_scaled stage 2 epoch 21/30   1369 s
seed 1007 free_scaled stage 2 epoch 22/30   1383 s
seed 1007 free_scaled stage 2 epoch 23/30   1397 s
seed 1007 free_scaled stage 2 epoch 24/30   1411 s
seed 1007 free_scaled stage 2 epoch 25/30   1427 s
seed 1007 free_scaled stage 2 epoch 26/30   1441 s
seed 1007 free_scaled stage 2 epoch 27/30   1455 s
seed 1007 free_scaled stage 2 epoch 28/30   1469 s
seed 1007 free_scaled stage 2 epoch 29/30   1484 s
seed 1007 free_scaled stage 2 epoch 30/30   1498 s
seed 1007 free_scaled: 1497.9 s
seed 1007: written
