seed 42 prescribed stage 1 epoch  1/30     87 s
seed 42 prescribed stage 1 epoch  2/30    148 s
seed 42 prescribed stage 1 epoch  3/30    171 s
seed 42 prescribed stage 1 epoch  4/30    191 s
seed 42 prescribed stage 1 epoch  5/30    208 s
seed 42 prescribed stage 1 epoch  6/30    229 s
seed 42 prescribed stage 1 epoch  7/30    258 s
seed 42 prescribed stage 1 epoch  8/30    326 s
seed 42 prescribed stage 1 epoch  9/30    355 s
seed 42 prescribed stage 1 epoch 10/30    380 s
seed 42 prescribed stage 1 epoch 11/30    404 s
seed 42 prescribed stage 1 epoch 12/30    427 s
seed 42 prescribed stage 1 epoch 13/30    448 s
seed 42 prescribed stage 1 epoch 14/30    469 s
seed 42 prescribed stage 1 epoch 15/30    494 s
seed 42 prescribed stage 1 epoch 16/30    515 s
seed 42 prescribed stage 1 epoch 17/30    533 s
seed 42 prescribed stage 1 epoch 18/30    553 s
seed 42 prescribed stage 1 epoch 19/30    578 s
seed 42 prescribed stage 1 epoch 20/30    599 s
seed 42 prescribed stage 1 epoch 21/30    626 s
seed 42 prescribed stage 1 epoch 22/30    652 s
seed 42 prescribed stage 1 epoch 23/30    676 s
seed 42 prescribed stage 1 epoch 24/30    703 s
seed 42 prescribed stage 1 epoch 25/30    721 s
seed 42 prescribed stage 1 epoch 26/30    744 s
seed 42 prescribed stage 1 epoch 27/30    770 s
seed 42 prescribed stage 1 epoch 28/30    791 s
seed 42 prescribed stage 1 epoch 29/30    809 s
seed 42 prescribed stage 1 epoch 30/30    827 s
seed 42 prescribed stage 2 epoch  1/30    853 s
seed 42 prescribed stage 2 epoch  2/30    873 s
seed 42 prescribed stage 2 epoch  3/30    896 s
seed 42 prescribed stage 2 epoch  4/30    915 s
seed 42 prescribed stage 2 epoch  5/30    941 s
seed 42 prescribed stage 2 epoch  6/30    964 s
seed 42 prescribed stage 2 epoch  7/30    983 s
seed 42 prescribed stage 2 epoch  8/30   1000 s
seed 42 prescribed stage 2 epoch  9/30   1021 s
seed 42 prescribed stage 2 epoch 10/30   1042 s
seed 42 prescribed stage 2 epoch 11/30   1062 s
seed 42 prescribed stage 2 epoch 12/30   1080 s
seed 42 prescribed stage 2 epoch 13/30   1098 s
seed 42 prescribed stage 2 epoch 14/30   1120 s
seed 42 prescribed stage 2 epoch 15/30   1139 s
seed 42 prescribed stage 2 epoch 16/30   1160 s
seed 42 prescribed stage 2 epoch 17/30   1183 s
seed 42 prescribed stage 2 epoch 18/30   1202 s
seed 42 prescribed stage 2 epoch 19/30   1221 s
seed 42 prescribed stage 2 epoch 20/30   1242 s
seed 42 prescribed stage 2 epoch 21/30   1266 s
seed 42 prescribed stage 2 epoch 22/30   1287 s
seed 42 prescribed stage 2 epoch 23/30   1306 s
seed 42 prescribed stage 2 epoch 24/30   1321 s
seed 42 prescribed stage 2 epoch 25/30   1337 s
seed 42 prescribed stage 2 epoch 26/30   1352 s
seed 42 prescribed stage 2 epoch 27/30   1368 s
seed 42 prescribed stage 2 epoch 28/30   1383 s
seed 42 prescribed stage 2 epoch 29/30   1399 s
seed 42 prescribed stage 2 epoch 30/30   1414 s
seed 42 prescribed: 1414.1 s
seed 42 prescribed_rotated stage 1 epoch  1/30     19 s
seed 42 prescribed_rotated stage 1 epoch  2/30     34 s
seed 42 prescribed_rotated stage 1 epoch  3/30     49 s
seed 42 prescribed_rotated stage 1 epoch  4/30     64 s
seed 42 prescribed_rotated stage 1 epoch  5/30     80 s
seed 42 prescribed_rotated stage 1 epoch  6/30     96 s
seed 42 prescribed_rotated stage 1 epoch  7/30    111 s
seed 42 prescribed_rotated stage 1 epoch  8/30    130 s
seed 42 prescribed_rotated stage 1 epoch  9/30    144 s
seed 42 prescribed_rotated stage 1 epoch 10/30    160 s
seed 42 prescribed_rotated stage 1 epoch 11/30    175 s
seed 42 prescribed_rotated stage 1 epoch 12/30    190 s
seed 42 prescribed_rotated stage 1 epoch 13/30    210 s
seed 42 prescribed_rotated stage 1 epoch 14/30    228 s
seed 42 prescribed_rotated stage 1 epoch 15/30    251 s
seed 42 prescribed_rotated stage 1 epoch 16/30    283 s
seed 42 prescribed_rotated stage 1 epoch 17/30    303 s
seed 42 prescribed_rotated stage 1 epoch 18/30    321 s
seed 42 prescribed_rotated stage 1 epoch 19/30    337 s
seed 42 prescribed_rotated stage 1 epoch 20/30    353 s
seed 42 prescribed_rotated stage 1 epoch 21/30    368 s
seed 42 prescribed_rotated stage 1 epoch 22/30    388 s
seed 42 prescribed_rotated stage 1 epoch 23/30    406 s
seed 42 prescribed_rotated stage 1 epoch 24/30    427 s
seed 42 prescribed_rotated stage 1 epoch 25/30    443 s
seed 42 prescribed_rotated stage 1 epoch 26/30    459 s
seed 42 prescribed_rotated stage 1 epoch 27/30    474 s
seed 42 prescribed_rotated stage 1 epoch 28/30    489 s
seed 42 prescribed_rotated stage 1 epoch 29/30    503 s
seed 42 prescribed_rotated stage 1 epoch 30/30    518 s
seed 42 prescribed_rotated stage 2 epoch  1/30    534 s
seed 42 prescribed_rotated stage 2 epoch  2/30    548 s
seed 42 prescribed_rotated stage 2 epoch  3/30    563 s
seed 42 prescribed_rotated stage 2 epoch  4/30    579 s
seed 42 prescribed_rotated stage 2 epoch  5/30    593 s
seed 42 prescribed_rotated stage 2 epoch  6/30    608 s
seed 42 prescribed_rotated stage 2 epoch  7/30    625 s
seed 42 prescribed_rotated stage 2 epoch  8/30    641 s
seed 42 prescribed_rotated stage 2 epoch  9/30    656 s
seed 42 prescribed_rotated stage 2 epoch 10/30    671 s
seed 42 prescribed_rotated stage 2 epoch 11/30    687 s
seed 42 prescribed_rotated stage 2 epoch 12/30    704 s
seed 42 prescribed_rotated stage 2 epoch 13/30    719 s
seed 42 prescribed_rotated stage 2 epoch 14/30    735 s
seed 42 prescribed_rotated stage 2 epoch 15/30    752 s
seed 42 prescribed_rotated stage 2 epoch 16/30    768 s
seed 42 prescribed_rotated stage 2 epoch 17/30    784 s
seed 42 prescribed_rotated stage 2 epoch 18/30    799 s
seed 42 prescribed_rotated stage 2 epoch 19/30    815 s
seed 42 prescribed_rotated stage 2 epoch 20/30    833 s
seed 42 prescribed_rotated stage 2 epoch 21/30    851 s
seed 42 prescribed_rotated stage 2 epoch 22/30    866 s
seed 42 prescribed_rotated stage 2 epoch 23/30    883 s
seed 42 prescribed_rotated stage 2 epoch 24/30    899 s
seed 42 prescribed_rotated stage 2 epoch 25/30    917 s
seed 42 prescribed_rotated stage 2 epoch 26/30    938 s
seed 42 prescribed_rotated stage 2 epoch 27/30    959 s
seed 42 prescribed_rotated stage 2 epoch 28/30    975 s
seed 42 prescribed_rotated stage 2 epoch 29/30    992 s
seed 42 prescribed_rotated stage 2 epoch 30/30   1007 s
seed 42 prescribed_rotated: 1007.5 s
seed 42 free_raw stage 1 epoch  1/30     53 s
seed 42 free_raw stage 1 epoch  2/30     98 s
seed 42 free_raw stage 1 epoch  3/30    146 s
seed 42 free_raw stage 1 epoch  4/30    198 s
seed 42 free_raw stage 1 epoch  5/30    240 s
seed 42 free_raw stage 1 epoch  6/30    284 s
seed 42 free_raw stage 1 epoch  7/30    332 s
seed 42 free_raw stage 1 epoch  8/30    382 s
seed 42 free_raw stage 1 epoch  9/30    427 s
seed 42 free_raw stage 1 epoch 10/30    476 s
seed 42 free_raw stage 1 epoch 11/30    523 s
seed 42 free_raw stage 1 epoch 12/30    580 s
seed 42 free_raw stage 1 epoch 13/30    626 s
seed 42 free_raw stage 1 epoch 14/30    694 s
seed 42 free_raw stage 1 epoch 15/30    744 s
seed 42 free_raw stage 1 epoch 16/30    786 s
seed 42 free_raw stage 1 epoch 17/30    825 s
seed 42 free_raw stage 1 epoch 18/30    866 s
seed 42 free_raw stage 1 epoch 19/30    913 s
seed 42 free_raw stage 1 epoch 20/30    958 s
seed 42 free_raw stage 1 epoch 21/30   1001 s
seed 42 free_raw stage 1 epoch 22/30   1045 s
seed 42 free_raw stage 1 epoch 23/30   1091 s
seed 42 free_raw stage 1 epoch 24/30   1133 s
seed 42 free_raw stage 1 epoch 25/30   1174 s
seed 42 free_raw stage 1 epoch 26/30   1222 s
seed 42 free_raw stage 1 epoch 27/30   1265 s
seed 42 free_raw stage 1 epoch 28/30   1316 s
seed 42 free_raw stage 1 epoch 29/30   1388 s
seed 42 free_raw stage 1 epoch 30/30   1451 s
seed 42 free_raw stage 2 epoch  1/30   1474 s
seed 42 free_raw stage 2 epoch  2/30   1499 s
seed 42 free_raw stage 2 epoch  3/30   1525 s
seed 42 free_raw stage 2 epoch  4/30   1546 s
seed 42 free_raw stage 2 epoch  5/30   1562 s
seed 42 free_raw stage 2 epoch  6/30   1578 s
seed 42 free_raw stage 2 epoch  7/30   1593 s
seed 42 free_raw stage 2 epoch  8/30   1610 s
seed 42 free_raw stage 2 epoch  9/30   1625 s
seed 42 free_raw stage 2 epoch 10/30   1641 s
seed 42 free_raw stage 2 epoch 11/30   1657 s
seed 42 free_raw stage 2 epoch 12/30   1674 s
seed 42 free_raw stage 2 epoch 13/30   1692 s
seed 42 free_raw stage 2 epoch 14/30   1713 s
seed 42 free_raw stage 2 epoch 15/30   1734 s
seed 42 free_raw stage 2 epoch 16/30   1753 s
seed 42 free_raw stage 2 epoch 17/30   1769 s
seed 42 free_raw stage 2 epoch 18/30   1788 s
seed 42 free_raw stage 2 epoch 19/30   1807 s
seed 42 free_raw stage 2 epoch 20/30   1822 s
seed 42 free_raw stage 2 epoch 21/30   1840 s
seed 42 free_raw stage 2 epoch 22/30   1856 s
seed 42 free_raw stage 2 epoch 23/30   1872 s
seed 42 free_raw stage 2 epoch 24/30   1890 s
seed 42 free_raw stage 2 epoch 25/30   1912 s
seed 42 free_raw stage 2 epoch 26/30   1932 s
seed 42 free_raw stage 2 epoch 27/30   1950 s
seed 42 free_raw stage 2 epoch 28/30   1971 s
seed 42 free_raw stage 2 epoch 29/30   1993 s
seed 42 free_raw stage 2 epoch 30/30   2009 s
seed 42 free_raw: 2008.6 s
seed 42 free_scaled stage 1 epoch  1/30     49 s
seed 42 free_scaled stage 1 epoch  2/30     97 s
seed 42 free_scaled stage 1 epoch  3/30    146 s
seed 42 free_scaled stage 1 epoch  4/30    194 s
seed 42 free_scaled stage 1 epoch  5/30    240 s
seed 42 free_scaled stage 1 epoch  6/30    284 s
seed 42 free_scaled stage 1 epoch  7/30    332 s
seed 42 free_scaled stage 1 epoch  8/30    380 s
seed 42 free_scaled stage 1 epoch  9/30    444 s
seed 42 free_scaled stage 1 epoch 10/30    518 s
seed 42 free_scaled stage 1 epoch 11/30    572 s
seed 42 free_scaled stage 1 epoch 12/30    624 s
seed 42 free_scaled stage 1 epoch 13/30    680 s
seed 42 free_scaled stage 1 epoch 14/30    722 s
seed 42 free_scaled stage 1 epoch 15/30    767 s
seed 42 free_scaled stage 1 epoch 16/30    835 s
seed 42 free_scaled stage 1 epoch 17/30    881 s
seed 42 free_scaled stage 1 epoch 18/30    932 s
seed 42 free_scaled stage 1 epoch 19/30    990 s
seed 42 free_scaled stage 1 epoch 20/30   1051 s
seed 42 free_scaled stage 1 epoch 21/30   1108 s
seed 42 free_scaled stage 1 epoch 22/30   1165 s
seed 42 free_scaled stage 1 epoch 23/30   1206 s
seed 42 free_scaled stage 1 epoch 24/30   1248 s
seed 42 free_scaled stage 1 epoch 25/30   1296 s
seed 42 free_scaled stage 1 epoch 26/30   1343 s
seed 42 free_scaled stage 1 epoch 27/30   1384 s
seed 42 free_scaled stage 1 epoch 28/30   1426 s
seed 42 free_scaled stage 1 epoch 29/30   1477 s
seed 42 free_scaled stage 1 epoch 30/30   1538 s
seed 42 free_scaled stage 2 epoch  1/30   1555 s
seed 42 free_scaled stage 2 epoch  2/30   1574 s
seed 42 free_scaled stage 2 epoch  3/30   1590 s
seed 42 free_scaled stage 2 epoch  4/30   1605 s
seed 42 free_scaled stage 2 epoch  5/30   1619 s
seed 42 free_scaled stage 2 epoch  6/30   1637 s
seed 42 free_scaled stage 2 epoch  7/30   1662 s
seed 42 free_scaled stage 2 epoch  8/30   1684 s
seed 42 free_scaled stage 2 epoch  9/30   1702 s
seed 42 free_scaled stage 2 epoch 10/30   1718 s
seed 42 free_scaled stage 2 epoch 11/30   1733 s
seed 42 free_scaled stage 2 epoch 12/30   1751 s
seed 42 free_scaled stage 2 epoch 13/30   1768 s
seed 42 free_scaled stage 2 epoch 14/30   1783 s
seed 42 free_scaled stage 2 epoch 15/30   1799 s
seed 42 free_scaled stage 2 epoch 16/30   1815 s
seed 42 free_scaled stage 2 epoch 17/30   1830 s
seed 42 free_scaled stage 2 epoch 18/30   1846 s
seed 42 free_scaled stage 2 epoch 19/30   1860 s
seed 42 free_scaled stage 2 epoch 20/30   1875 s
seed 42 free_scaled stage 2 epoch 21/30   1889 s
seed 42 free_scaled stage 2 epoch 22/30   1904 s
seed 42 free_scaled stage 2 epoch 23/30   1919 s
seed 42 free_scaled stage 2 epoch 24/30   1934 s
seed 42 free_scaled stage 2 epoch 25/30   1948 s
seed 42 free_scaled stage 2 epoch 26/30   1962 s
seed 42 free_scaled stage 2 epoch 27/30   1976 s
seed 42 free_scaled stage 2 epoch 28/30   1990 s
seed 42 free_scaled stage 2 epoch 29/30   2005 s
seed 42 free_scaled stage 2 epoch 30/30   2019 s
seed 42 free_scaled: 2019.4 s
seed 42: written
seed 1001 prescribed stage 1 epoch  1/30     18 s
seed 1001 prescribed stage 1 epoch  2/30     32 s
seed 1001 prescribed stage 1 epoch  3/30     47 s
seed 1001 prescribed stage 1 epoch  4/30     61 s
seed 1001 prescribed stage 1 epoch  5/30     74 s
seed 1001 prescribed stage 1 epoch  6/30     88 s
seed 1001 prescribed stage 1 epoch  7/30    102 s
seed 1001 prescribed stage 1 epoch  8/30    116 s
seed 1001 prescribed stage 1 epoch  9/30    130 s
seed 1001 prescribed stage 1 epoch 10/30    144 s
seed 1001 prescribed stage 1 epoch 11/30    158 s
seed 1001 prescribed stage 1 epoch 12/30    171 s
seed 1001 prescribed stage 1 epoch 13/30    185 s
seed 1001 prescribed stage 1 epoch 14/30    199 s
seed 1001 prescribed stage 1 epoch 15/30    215 s
seed 1001 prescribed stage 1 epoch 16/30    229 s
seed 1001 prescribed stage 1 epoch 17/30    243 s
seed 1001 prescribed stage 1 epoch 18/30    257 s
seed 1001 prescribed stage 1 epoch 19/30    270 s
seed 1001 prescribed stage 1 epoch 20/30    284 s
seed 1001 prescribed stage 1 epoch 21/30    298 s
seed 1001 prescribed stage 1 epoch 22/30    312 s
seed 1001 prescribed stage 1 epoch 23/30    326 s
seed 1001 prescribed stage 1 epoch 24/30    340 s
seed 1001 prescribed stage 1 epoch 25/30    354 s
seed 1001 prescribed stage 1 epoch 26/30    368 s
seed 1001 prescribed stage 1 epoch 27/30    382 s
seed 1001 prescribed stage 1 epoch 28/30    396 s
seed 1001 prescribed stage 1 epoch 29/30    410 s
seed 1001 prescribed stage 1 epoch 30/30    424 s
seed 1001 prescribed stage 2 epoch  1/30    438 s
seed 1001 prescribed stage 2 epoch  2/30    453 s
seed 1001 prescribed stage 2 epoch  3/30    467 s
seed 1001 prescribed stage 2 epoch  4/30    481 s
seed 1001 prescribed stage 2 epoch  5/30    495 s
seed 1001 prescribed stage 2 epoch  6/30    509 s
seed 1001 prescribed stage 2 epoch  7/30    524 s
seed 1001 prescribed stage 2 epoch  8/30    538 s
seed 1001 prescribed stage 2 epoch  9/30    552 s
seed 1001 prescribed stage 2 epoch 10/30    566 s
seed 1001 prescribed stage 2 epoch 11/30    580 s
seed 1001 prescribed stage 2 epoch 12/30    594 s
seed 1001 prescribed stage 2 epoch 13/30    608 s
seed 1001 prescribed stage 2 epoch 14/30    622 s
seed 1001 prescribed stage 2 epoch 15/30    636 s
seed 1001 prescribed stage 2 epoch 16/30    650 s
seed 1001 prescribed stage 2 epoch 17/30    663 s
seed 1001 prescribed stage 2 epoch 18/30    678 s
seed 1001 prescribed stage 2 epoch 19/30    691 s
seed 1001 prescribed stage 2 epoch 20/30    706 s
seed 1001 prescribed stage 2 epoch 21/30    720 s
seed 1001 prescribed stage 2 epoch 22/30    734 s
seed 1001 prescribed stage 2 epoch 23/30    748 s
seed 1001 prescribed stage 2 epoch 24/30    762 s
seed 1001 prescribed stage 2 epoch 25/30    776 s
seed 1001 prescribed stage 2 epoch 26/30    791 s
seed 1001 prescribed stage 2 epoch 27/30    805 s
seed 1001 prescribed stage 2 epoch 28/30    819 s
seed 1001 prescribed stage 2 epoch 29/30    833 s
seed 1001 prescribed stage 2 epoch 30/30    847 s
seed 1001 prescribed: 846.6 s
seed 1001 prescribed_rotated stage 1 epoch  1/30     18 s
seed 1001 prescribed_rotated stage 1 epoch  2/30     32 s
seed 1001 prescribed_rotated stage 1 epoch  3/30     46 s
seed 1001 prescribed_rotated stage 1 epoch  4/30     61 s
seed 1001 prescribed_rotated stage 1 epoch  5/30     75 s
seed 1001 prescribed_rotated stage 1 epoch  6/30     89 s
seed 1001 prescribed_rotated stage 1 epoch  7/30    104 s
seed 1001 prescribed_rotated stage 1 epoch  8/30    117 s
seed 1001 prescribed_rotated stage 1 epoch  9/30    131 s
seed 1001 prescribed_rotated stage 1 epoch 10/30    145 s
seed 1001 prescribed_rotated stage 1 epoch 11/30    159 s
seed 1001 prescribed_rotated stage 1 epoch 12/30    173 s
seed 1001 prescribed_rotated stage 1 epoch 13/30    187 s
seed 1001 prescribed_rotated stage 1 epoch 14/30    201 s
seed 1001 prescribed_rotated stage 1 epoch 15/30    215 s
seed 1001 prescribed_rotated stage 1 epoch 16/30    229 s
seed 1001 prescribed_rotated stage 1 epoch 17/30    243 s
seed 1001 prescribed_rotated stage 1 epoch 18/30    257 s
seed 1001 prescribed_rotated stage 1 epoch 19/30    271 s
seed 1001 prescribed_rotated stage 1 epoch 20/30    285 s
seed 1001 prescribed_rotated stage 1 epoch 21/30    299 s
seed 1001 prescribed_rotated stage 1 epoch 22/30    313 s
seed 1001 prescribed_rotated stage 1 epoch 23/30    327 s
seed 1001 prescribed_rotated stage 1 epoch 24/30    341 s
seed 1001 prescribed_rotated stage 1 epoch 25/30    355 s
seed 1001 prescribed_rotated stage 1 epoch 26/30    369 s
seed 1001 prescribed_rotated stage 1 epoch 27/30    383 s
seed 1001 prescribed_rotated stage 1 epoch 28/30    397 s
seed 1001 prescribed_rotated stage 1 epoch 29/30    410 s
seed 1001 prescribed_rotated stage 1 epoch 30/30    424 s
seed 1001 prescribed_rotated stage 2 epoch  1/30    438 s
seed 1001 prescribed_rotated stage 2 epoch  2/30    452 s
seed 1001 prescribed_rotated stage 2 epoch  3/30    466 s
seed 1001 prescribed_rotated stage 2 epoch  4/30    480 s
seed 1001 prescribed_rotated stage 2 epoch  5/30    494 s
seed 1001 prescribed_rotated stage 2 epoch  6/30    508 s
seed 1001 prescribed_rotated stage 2 epoch  7/30    522 s
seed 1001 prescribed_rotated stage 2 epoch  8/30    536 s
seed 1001 prescribed_rotated stage 2 epoch  9/30    550 s
seed 1001 prescribed_rotated stage 2 epoch 10/30    564 s
seed 1001 prescribed_rotated stage 2 epoch 11/30    578 s
seed 1001 prescribed_rotated stage 2 epoch 12/30    592 s
seed 1001 prescribed_rotated stage 2 epoch 13/30    606 s
seed 1001 prescribed_rotated stage 2 epoch 14/30    620 s
seed 1001 prescribed_rotated stage 2 epoch 15/30    634 s
seed 1001 prescribed_rotated stage 2 epoch 16/30    648 s
seed 1001 prescribed_rotated stage 2 epoch 17/30    662 s
seed 1001 prescribed_rotated stage 2 epoch 18/30    676 s
seed 1001 prescribed_rotated stage 2 epoch 19/30    690 s
seed 1001 prescribed_rotated stage 2 epoch 20/30    705 s
seed 1001 prescribed_rotated stage 2 epoch 21/30    718 s
seed 1001 prescribed_rotated stage 2 epoch 22/30    732 s
seed 1001 prescribed_rotated stage 2 epoch 23/30    746 s
seed 1001 prescribed_rotated stage 2 epoch 24/30    760 s
seed 1001 prescribed_rotated stage 2 epoch 25/30    774 s
seed 1001 prescribed_rotated stage 2 epoch 26/30    788 s
seed 1001 prescribed_rotated stage 2 epoch 27/30    802 s
seed 1001 prescribed_rotated stage 2 epoch 28/30    816 s
seed 1001 prescribed_rotated stage 2 epoch 29/30    830 s
seed 1001 prescribed_rotated stage 2 epoch 30/30    844 s
seed 1001 prescribed_rotated: 844.1 s
seed 1001 free_raw stage 1 epoch  1/30     44 s
seed 1001 free_raw stage 1 epoch  2/30     81 s
seed 1001 free_raw stage 1 epoch  3/30    118 s
seed 1001 free_raw stage 1 epoch  4/30    156 s
seed 1001 free_raw stage 1 epoch  5/30    193 s
seed 1001 free_raw stage 1 epoch  6/30    231 s
seed 1001 free_raw stage 1 epoch  7/30    268 s
seed 1001 free_raw stage 1 epoch  8/30    306 s
seed 1001 free_raw stage 1 epoch  9/30    343 s
seed 1001 free_raw stage 1 epoch 10/30    381 s
seed 1001 free_raw stage 1 epoch 11/30    418 s
seed 1001 free_raw stage 1 epoch 12/30    456 s
seed 1001 free_raw stage 1 epoch 13/30    493 s
seed 1001 free_raw stage 1 epoch 14/30    531 s
seed 1001 free_raw stage 1 epoch 15/30    568 s
seed 1001 free_raw stage 1 epoch 16/30    606 s
seed 1001 free_raw stage 1 epoch 17/30    644 s
seed 1001 free_raw stage 1 epoch 18/30    681 s
seed 1001 free_raw stage 1 epoch 19/30    718 s
seed 1001 free_raw stage 1 epoch 20/30    755 s
seed 1001 free_raw stage 1 epoch 21/30    793 s
seed 1001 free_raw stage 1 epoch 22/30    830 s
seed 1001 free_raw stage 1 epoch 23/30    868 s
seed 1001 free_raw stage 1 epoch 24/30    905 s
seed 1001 free_raw stage 1 epoch 25/30    943 s
seed 1001 free_raw stage 1 epoch 26/30    981 s
seed 1001 free_raw stage 1 epoch 27/30   1018 s
seed 1001 free_raw stage 1 epoch 28/30   1055 s
seed 1001 free_raw stage 1 epoch 29/30   1092 s
seed 1001 free_raw stage 1 epoch 30/30   1130 s
seed 1001 free_raw stage 2 epoch  1/30   1144 s
seed 1001 free_raw stage 2 epoch  2/30   1158 s
seed 1001 free_raw stage 2 epoch  3/30   1174 s
seed 1001 free_raw stage 2 epoch  4/30   1189 s
seed 1001 free_raw stage 2 epoch  5/30   1204 s
seed 1001 free_raw stage 2 epoch  6/30   1218 s
seed 1001 free_raw stage 2 epoch  7/30   1233 s
seed 1001 free_raw stage 2 epoch  8/30   1247 s
seed 1001 free_raw stage 2 epoch  9/30   1261 s
seed 1001 free_raw stage 2 epoch 10/30   1275 s
seed 1001 free_raw stage 2 epoch 11/30   1289 s
seed 1001 free_raw stage 2 epoch 12/30   1303 s
seed 1001 free_raw stage 2 epoch 13/30   1317 s
seed 1001 free_raw stage 2 epoch 14/30   1331 s
seed 1001 free_raw stage 2 epoch 15/30   1346 s
seed 1001 free_raw stage 2 epoch 16/30   1360 s
seed 1001 free_raw stage 2 epoch 17/30   1374 s
seed 1001 free_raw stage 2 epoch 18/30   1388 s
seed 1001 free_raw stage 2 epoch 19/30   1402 s
seed 1001 free_raw stage 2 epoch 20/30   1416 s
seed 1001 free_raw stage 2 epoch 21/30   1431 s
seed 1001 free_raw stage 2 epoch 22/30   1445 s
seed 1001 free_raw stage 2 epoch 23/30   1459 s
seed 1001 free_raw stage 2 epoch 24/30   1473 s
seed 1001 free_raw stage 2 epoch 25/30   1487 s
seed 1001 free_raw stage 2 epoch 26/30   1502 s
seed 1001 free_raw stage 2 epoch 27/30   1516 s
seed 1001 free_raw stage 2 epoch 28/30   1530 s
seed 1001 free_raw stage 2 epoch 29/30   1545 s
seed 1001 free_raw stage 2 epoch 30/30   1559 s
seed 1001 free_raw: 1558.8 s
seed 1001 free_scaled stage 1 epoch  1/30     39 s
seed 1001 free_scaled stage 1 epoch  2/30     74 s
seed 1001 free_scaled stage 1 epoch  3/30    111 s
seed 1001 free_scaled stage 1 epoch  4/30    146 s
seed 1001 free_scaled stage 1 epoch  5/30    181 s
seed 1001 free_scaled stage 1 epoch  6/30    216 s
seed 1001 free_scaled stage 1 epoch  7/30    252 s
seed 1001 free_scaled stage 1 epoch  8/30    288 s
seed 1001 free_scaled stage 1 epoch  9/30    324 s
seed 1001 free_scaled stage 1 epoch 10/30    360 s
seed 1001 free_scaled stage 1 epoch 11/30    396 s
seed 1001 free_scaled stage 1 epoch 12/30    431 s
seed 1001 free_scaled stage 1 epoch 13/30    466 s
seed 1001 free_scaled stage 1 epoch 14/30    502 s
seed 1001 free_scaled stage 1 epoch 15/30    537 s
seed 1001 free_scaled stage 1 epoch 16/30    572 s
seed 1001 free_scaled stage 1 epoch 17/30    608 s
seed 1001 free_scaled stage 1 epoch 18/30    643 s
seed 1001 free_scaled stage 1 epoch 19/30    678 s
seed 1001 free_scaled stage 1 epoch 20/30    714 s
seed 1001 free_scaled stage 1 epoch 21/30    749 s
seed 1001 free_scaled stage 1 epoch 22/30    785 s
seed 1001 free_scaled stage 1 epoch 23/30    820 s
seed 1001 free_scaled stage 1 epoch 24/30    855 s
seed 1001 free_scaled stage 1 epoch 25/30    890 s
seed 1001 free_scaled stage 1 epoch 26/30    926 s
seed 1001 free_scaled stage 1 epoch 27/30    963 s
seed 1001 free_scaled stage 1 epoch 28/30    998 s
seed 1001 free_scaled stage 1 epoch 29/30   1034 s
seed 1001 free_scaled stage 1 epoch 30/30   1069 s
seed 1001 free_scaled stage 2 epoch  1/30   1083 s
seed 1001 free_scaled stage 2 epoch  2/30   1098 s
seed 1001 free_scaled stage 2 epoch  3/30   1112 s
seed 1001 free_scaled stage 2 epoch  4/30   1126 s
seed 1001 free_scaled stage 2 epoch  5/30   1140 s
seed 1001 free_scaled stage 2 epoch  6/30   1155 s
seed 1001 free_scaled stage 2 epoch  7/30   1170 s
seed 1001 free_scaled stage 2 epoch  8/30   1184 s
seed 1001 free_scaled stage 2 epoch  9/30   1199 s
seed 1001 free_scaled stage 2 epoch 10/30   1213 s
seed 1001 free_scaled stage 2 epoch 11/30   1227 s
seed 1001 free_scaled stage 2 epoch 12/30   1241 s
seed 1001 free_scaled stage 2 epoch 13/30   1256 s
seed 1001 free_scaled stage 2 epoch 14/30   1271 s
seed 1001 free_scaled stage 2 epoch 15/30   1285 s
seed 1001 free_scaled stage 2 epoch 16/30   1300 s
seed 1001 free_scaled stage 2 epoch 17/30   1314 s
seed 1001 free_scaled stage 2 epoch 18/30   1328 s
seed 1001 free_scaled stage 2 epoch 19/30   1342 s
seed 1001 free_scaled stage 2 epoch 20/30   1357 s
seed 1001 free_scaled stage 2 epoch 21/30   1371 s
seed 1001 free_scaled stage 2 epoch 22/30   1385 s
seed 1001 free_scaled stage 2 epoch 23/30   1399 s
seed 1001 free_scaled stage 2 epoch 24/30   1415 s
seed 1001 free_scaled stage 2 epoch 25/30   1429 s
seed 1001 free_scaled stage 2 epoch 26/30   1443 s
seed 1001 free_scaled stage 2 epoch 27/30   1457 s
seed 1001 free_scaled stage 2 epoch 28/30   1472 s
seed 1001 free_scaled stage 2 epoch 29/30   1486 s
seed 1001 free_scaled stage 2 epoch 30/30   1501 s
seed 1001 free_scaled: 1500.8 s
seed 1001: written
seed 1005 prescribed stage 1 epoch  1/30     17 s
seed 1005 prescribed stage 1 epoch  2/30     31 s
seed 1005 prescribed stage 1 epoch  3/30     44 s
seed 1005 prescribed stage 1 epoch  4/30     58 s
seed 1005 prescribed stage 1 epoch  5/30     72 s
seed 1005 prescribed stage 1 epoch  6/30     85 s
seed 1005 prescribed stage 1 epoch  7/30     99 s
seed 1005 prescribed stage 1 epoch  8/30    112 s
seed 1005 prescribed stage 1 epoch  9/30    125 s
seed 1005 prescribed stage 1 epoch 10/30    138 s
seed 1005 prescribed stage 1 epoch 11/30    151 s
seed 1005 prescribed stage 1 epoch 12/30    164 s
seed 1005 prescribed stage 1 epoch 13/30    178 s
seed 1005 prescribed stage 1 epoch 14/30    191 s
seed 1005 prescribed stage 1 epoch 15/30    204 s
seed 1005 prescribed stage 1 epoch 16/30    217 s
seed 1005 prescribed stage 1 epoch 17/30    230 s
seed 1005 prescribed stage 1 epoch 18/30    243 s
seed 1005 prescribed stage 1 epoch 19/30    256 s
seed 1005 prescribed stage 1 epoch 20/30    270 s
seed 1005 prescribed stage 1 epoch 21/30    283 s
seed 1005 prescribed stage 1 epoch 22/30    296 s
seed 1005 prescribed stage 1 epoch 23/30    309 s
seed 1005 prescribed stage 1 epoch 24/30    322 s
seed 1005 prescribed stage 1 epoch 25/30    335 s
seed 1005 prescribed stage 1 epoch 26/30    348 s
seed 1005 prescribed stage 1 epoch 27/30    361 s
seed 1005 prescribed stage 1 epoch 28/30    375 s
seed 1005 prescribed stage 1 epoch 29/30    388 s
seed 1005 prescribed stage 1 epoch 30/30    401 s
seed 1005 prescribed stage 2 epoch  1/30    414 s
seed 1005 prescribed stage 2 epoch  2/30    427 s
seed 1005 prescribed stage 2 epoch  3/30    440 s
seed 1005 prescribed stage 2 epoch  4/30    453 s
seed 1005 prescribed stage 2 epoch  5/30    467 s
seed 1005 prescribed stage 2 epoch  6/30    480 s
seed 1005 prescribed stage 2 epoch  7/30    493 s
seed 1005 prescribed stage 2 epoch  8/30    506 s
seed 1005 prescribed stage 2 epoch  9/30    519 s
seed 1005 prescribed stage 2 epoch 10/30    533 s
seed 1005 prescribed stage 2 epoch 11/30    546 s
seed 1005 prescribed stage 2 epoch 12/30    559 s
seed 1005 prescribed stage 2 epoch 13/30    573 s
seed 1005 prescribed stage 2 epoch 14/30    586 s
seed 1005 prescribed stage 2 epoch 15/30    599 s
seed 1005 prescribed stage 2 epoch 16/30    612 s
seed 1005 prescribed stage 2 epoch 17/30    625 s
seed 1005 prescribed stage 2 epoch 18/30    638 s
seed 1005 prescribed stage 2 epoch 19/30    652 s
seed 1005 prescribed stage 2 epoch 20/30    665 s
seed 1005 prescribed stage 2 epoch 21/30    678 s
seed 1005 prescribed stage 2 epoch 22/30    691 s
seed 1005 prescribed stage 2 epoch 23/30    704 s
seed 1005 prescribed stage 2 epoch 24/30    717 s
seed 1005 prescribed stage 2 epoch 25/30    731 s
seed 1005 prescribed stage 2 epoch 26/30    744 s
seed 1005 prescribed stage 2 epoch 27/30    757 s
seed 1005 prescribed stage 2 epoch 28/30    770 s
seed 1005 prescribed stage 2 epoch 29/30    783 s
seed 1005 prescribed stage 2 epoch 30/30    796 s
seed 1005 prescribed: 796.2 s
seed 1005 prescribed_rotated stage 1 epoch  1/30     16 s
seed 1005 prescribed_rotated stage 1 epoch  2/30     29 s
seed 1005 prescribed_rotated stage 1 epoch  3/30     43 s
seed 1005 prescribed_rotated stage 1 epoch  4/30     56 s
seed 1005 prescribed_rotated stage 1 epoch  5/30     69 s
seed 1005 prescribed_rotated stage 1 epoch  6/30     82 s
seed 1005 prescribed_rotated stage 1 epoch  7/30     95 s
seed 1005 prescribed_rotated stage 1 epoch  8/30    108 s
seed 1005 prescribed_rotated stage 1 epoch  9/30    121 s
seed 1005 prescribed_rotated stage 1 epoch 10/30    134 s
seed 1005 prescribed_rotated stage 1 epoch 11/30    147 s
seed 1005 prescribed_rotated stage 1 epoch 12/30    160 s
seed 1005 prescribed_rotated stage 1 epoch 13/30    173 s
seed 1005 prescribed_rotated stage 1 epoch 14/30    187 s
seed 1005 prescribed_rotated stage 1 epoch 15/30    200 s
seed 1005 prescribed_rotated stage 1 epoch 16/30    213 s
seed 1005 prescribed_rotated stage 1 epoch 17/30    226 s
seed 1005 prescribed_rotated stage 1 epoch 18/30    239 s
seed 1005 prescribed_rotated stage 1 epoch 19/30    252 s
seed 1005 prescribed_rotated stage 1 epoch 20/30    265 s
seed 1005 prescribed_rotated stage 1 epoch 21/30    279 s
seed 1005 prescribed_rotated stage 1 epoch 22/30    292 s
seed 1005 prescribed_rotated stage 1 epoch 23/30    305 s
seed 1005 prescribed_rotated stage 1 epoch 24/30    318 s
seed 1005 prescribed_rotated stage 1 epoch 25/30    331 s
seed 1005 prescribed_rotated stage 1 epoch 26/30    344 s
seed 1005 prescribed_rotated stage 1 epoch 27/30    357 s
seed 1005 prescribed_rotated stage 1 epoch 28/30    371 s
seed 1005 prescribed_rotated stage 1 epoch 29/30    384 s
seed 1005 prescribed_rotated stage 1 epoch 30/30    397 s
seed 1005 prescribed_rotated stage 2 epoch  1/30    410 s
seed 1005 prescribed_rotated stage 2 epoch  2/30    423 s
seed 1005 prescribed_rotated stage 2 epoch  3/30    436 s
seed 1005 prescribed_rotated stage 2 epoch  4/30    449 s
seed 1005 prescribed_rotated stage 2 epoch  5/30    462 s
seed 1005 prescribed_rotated stage 2 epoch  6/30    475 s
seed 1005 prescribed_rotated stage 2 epoch  7/30    489 s
seed 1005 prescribed_rotated stage 2 epoch  8/30    502 s
seed 1005 prescribed_rotated stage 2 epoch  9/30    515 s
seed 1005 prescribed_rotated stage 2 epoch 10/30    528 s
seed 1005 prescribed_rotated stage 2 epoch 11/30    541 s
seed 1005 prescribed_rotated stage 2 epoch 12/30    554 s
seed 1005 prescribed_rotated stage 2 epoch 13/30    567 s
seed 1005 prescribed_rotated stage 2 epoch 14/30    581 s
seed 1005 prescribed_rotated stage 2 epoch 15/30    594 s
seed 1005 prescribed_rotated stage 2 epoch 16/30    607 s
seed 1005 prescribed_rotated stage 2 epoch 17/30    620 s
seed 1005 prescribed_rotated stage 2 epoch 18/30    633 s
seed 1005 prescribed_rotated stage 2 epoch 19/30    646 s
seed 1005 prescribed_rotated stage 2 epoch 20/30    659 s
seed 1005 prescribed_rotated stage 2 epoch 21/30    673 s
seed 1005 prescribed_rotated stage 2 epoch 22/30    686 s
seed 1005 prescribed_rotated stage 2 epoch 23/30    699 s
seed 1005 prescribed_rotated stage 2 epoch 24/30    712 s
seed 1005 prescribed_rotated stage 2 epoch 25/30    726 s
seed 1005 prescribed_rotated stage 2 epoch 26/30    739 s
seed 1005 prescribed_rotated stage 2 epoch 27/30    752 s
seed 1005 prescribed_rotated stage 2 epoch 28/30    765 s
seed 1005 prescribed_rotated stage 2 epoch 29/30    778 s
seed 1005 prescribed_rotated stage 2 epoch 30/30    791 s
seed 1005 prescribed_rotated: 791.2 s
seed 1005 free_raw stage 1 epoch  1/30     38 s
seed 1005 free_raw stage 1 epoch  2/30     72 s
seed 1005 free_raw stage 1 epoch  3/30    106 s
seed 1005 free_raw stage 1 epoch  4/30    140 s
seed 1005 free_raw stage 1 epoch  5/30    174 s
seed 1005 free_raw stage 1 epoch  6/30    209 s
seed 1005 free_raw stage 1 epoch  7/30    243 s
seed 1005 free_raw stage 1 epoch  8/30    277 s
seed 1005 free_raw stage 1 epoch  9/30    311 s
seed 1005 free_raw stage 1 epoch 10/30    345 s
seed 1005 free_raw stage 1 epoch 11/30    380 s
seed 1005 free_raw stage 1 epoch 12/30    414 s
seed 1005 free_raw stage 1 epoch 13/30    448 s
seed 1005 free_raw stage 1 epoch 14/30    483 s
seed 1005 free_raw stage 1 epoch 15/30    517 s
seed 1005 free_raw stage 1 epoch 16/30    551 s
seed 1005 free_raw stage 1 epoch 17/30    586 s
seed 1005 free_raw stage 1 epoch 18/30    620 s
seed 1005 free_raw stage 1 epoch 19/30    654 s
seed 1005 free_raw stage 1 epoch 20/30    688 s
seed 1005 free_raw stage 1 epoch 21/30    722 s
seed 1005 free_raw stage 1 epoch 22/30    756 s
seed 1005 free_raw stage 1 epoch 23/30    791 s
seed 1005 free_raw stage 1 epoch 24/30    825 s
seed 1005 free_raw stage 1 epoch 25/30    859 s
seed 1005 free_raw stage 1 epoch 26/30    893 s
seed 1005 free_raw stage 1 epoch 27/30    928 s
seed 1005 free_raw stage 1 epoch 28/30    962 s
seed 1005 free_raw stage 1 epoch 29/30    996 s
seed 1005 free_raw stage 1 epoch 30/30   1030 s
seed 1005 free_raw stage 2 epoch  1/30   1043 s
seed 1005 free_raw stage 2 epoch  2/30   1056 s
seed 1005 free_raw stage 2 epoch  3/30   1070 s
seed 1005 free_raw stage 2 epoch  4/30   1083 s
seed 1005 free_raw stage 2 epoch  5/30   1097 s
seed 1005 free_raw stage 2 epoch  6/30   1110 s
seed 1005 free_raw stage 2 epoch  7/30   1123 s
seed 1005 free_raw stage 2 epoch  8/30   1137 s
seed 1005 free_raw stage 2 epoch  9/30   1150 s
seed 1005 free_raw stage 2 epoch 10/30   1163 s
seed 1005 free_raw stage 2 epoch 11/30   1177 s
seed 1005 free_raw stage 2 epoch 12/30   1190 s
seed 1005 free_raw stage 2 epoch 13/30   1203 s
seed 1005 free_raw stage 2 epoch 14/30   1217 s
seed 1005 free_raw stage 2 epoch 15/30   1230 s
seed 1005 free_raw stage 2 epoch 16/30   1244 s
seed 1005 free_raw stage 2 epoch 17/30   1257 s
seed 1005 free_raw stage 2 epoch 18/30   1271 s
seed 1005 free_raw stage 2 epoch 19/30   1284 s
seed 1005 free_raw stage 2 epoch 20/30   1297 s
seed 1005 free_raw stage 2 epoch 21/30   1311 s
seed 1005 free_raw stage 2 epoch 22/30   1324 s
seed 1005 free_raw stage 2 epoch 23/30   1338 s
seed 1005 free_raw stage 2 epoch 24/30   1351 s
seed 1005 free_raw stage 2 epoch 25/30   1365 s
seed 1005 free_raw stage 2 epoch 26/30   1378 s
seed 1005 free_raw stage 2 epoch 27/30   1391 s
seed 1005 free_raw stage 2 epoch 28/30   1405 s
seed 1005 free_raw stage 2 epoch 29/30   1418 s
seed 1005 free_raw stage 2 epoch 30/30   1431 s
seed 1005 free_raw: 1431.4 s
seed 1005 free_scaled stage 1 epoch  1/30     35 s
seed 1005 free_scaled stage 1 epoch  2/30     67 s
seed 1005 free_scaled stage 1 epoch  3/30    100 s
seed 1005 free_scaled stage 1 epoch  4/30    132 s
seed 1005 free_scaled stage 1 epoch  5/30    164 s
seed 1005 free_scaled stage 1 epoch  6/30    196 s
seed 1005 free_scaled stage 1 epoch  7/30    228 s
seed 1005 free_scaled stage 1 epoch  8/30    260 s
seed 1005 free_scaled stage 1 epoch  9/30    292 s
seed 1005 free_scaled stage 1 epoch 10/30    324 s
seed 1005 free_scaled stage 1 epoch 11/30    356 s
seed 1005 free_scaled stage 1 epoch 12/30    388 s
seed 1005 free_scaled stage 1 epoch 13/30    420 s
seed 1005 free_scaled stage 1 epoch 14/30    452 s
seed 1005 free_scaled stage 1 epoch 15/30    485 s
seed 1005 free_scaled stage 1 epoch 16/30    517 s
seed 1005 free_scaled stage 1 epoch 17/30    549 s
seed 1005 free_scaled stage 1 epoch 18/30    581 s
seed 1005 free_scaled stage 1 epoch 19/30    614 s
seed 1005 free_scaled stage 1 epoch 20/30    645 s
seed 1005 free_scaled stage 1 epoch 21/30    677 s
seed 1005 free_scaled stage 1 epoch 22/30    709 s
seed 1005 free_scaled stage 1 epoch 23/30    742 s
seed 1005 free_scaled stage 1 epoch 24/30    774 s
seed 1005 free_scaled stage 1 epoch 25/30    806 s
seed 1005 free_scaled stage 1 epoch 26/30    838 s
seed 1005 free_scaled stage 1 epoch 27/30    870 s
seed 1005 free_scaled stage 1 epoch 28/30    902 s
seed 1005 free_scaled stage 1 epoch 29/30    934 s
seed 1005 free_scaled stage 1 epoch 30/30    967 s
seed 1005 free_scaled stage 2 epoch  1/30    980 s
seed 1005 free_scaled stage 2 epoch  2/30    993 s
seed 1005 free_scaled stage 2 epoch  3/30   1007 s
seed 1005 free_scaled stage 2 epoch  4/30   1020 s
seed 1005 free_scaled stage 2 epoch  5/30   1034 s
seed 1005 free_scaled stage 2 epoch  6/30   1047 s
seed 1005 free_scaled stage 2 epoch  7/30   1061 s
seed 1005 free_scaled stage 2 epoch  8/30   1075 s
seed 1005 free_scaled stage 2 epoch  9/30   1088 s
seed 1005 free_scaled stage 2 epoch 10/30   1102 s
seed 1005 free_scaled stage 2 epoch 11/30   1115 s
seed 1005 free_scaled stage 2 epoch 12/30   1129 s
seed 1005 free_scaled stage 2 epoch 13/30   1143 s
seed 1005 free_scaled stage 2 epoch 14/30   1156 s
seed 1005 free_scaled stage 2 epoch 15/30   1170 s
seed 1005 free_scaled stage 2 epoch 16/30   1184 s
seed 1005 free_scaled stage 2 epoch 17/30   1197 s
seed 1005 free_scaled stage 2 epoch 18/30   1210 s
seed 1005 free_scaled stage 2 epoch 19/30   1224 s
seed 1005 free_scaled stage 2 epoch 20/30   1237 s
seed 1005 free_scaled stage 2 epoch 21/30   1251 s
seed 1005 free_scaled stage 2 epoch 22/30   1264 s
seed 1005 free_scaled stage 2 epoch 23/30   1278 s
seed 1005 free_scaled stage 2 epoch 24/30   1291 s
seed 1005 free_scaled stage 2 epoch 25/30   1304 s
seed 1005 free_scaled stage 2 epoch 26/30   1318 s
seed 1005 free_scaled stage 2 epoch 27/30   1332 s
seed 1005 free_scaled stage 2 epoch 28/30   1345 s
seed 1005 free_scaled stage 2 epoch 29/30   1358 s
seed 1005 free_scaled stage 2 epoch 30/30   1372 s
seed 1005 free_scaled: 1371.8 s
seed 1005: written
