seed 777 prescribed stage 1 epoch  1/30     88 s
seed 777 prescribed stage 1 epoch  2/30    151 s
seed 777 prescribed stage 1 epoch  3/30    175 s
seed 777 prescribed stage 1 epoch  4/30    194 s
seed 777 prescribed stage 1 epoch  5/30    211 s
seed 777 prescribed stage 1 epoch  6/30    231 s
seed 777 prescribed stage 1 epoch  7/30    262 s
seed 777 prescribed stage 1 epoch  8/30    329 s
seed 777 prescribed stage 1 epoch  9/30    357 s
seed 777 prescribed stage 1 epoch 10/30    382 s
seed 777 prescribed stage 1 epoch 11/30    406 s
seed 777 prescribed stage 1 epoch 12/30    428 s
seed 777 prescribed stage 1 epoch 13/30    448 s
seed 777 prescribed stage 1 epoch 14/30    469 s
seed 777 prescribed stage 1 epoch 15/30    495 s
seed 777 prescribed stage 1 epoch 16/30    514 s
seed 777 prescribed stage 1 epoch 17/30    533 s
seed 777 prescribed stage 1 epoch 18/30    553 s
seed 777 prescribed stage 1 epoch 19/30    578 s
seed 777 prescribed stage 1 epoch 20/30    600 s
seed 777 prescribed stage 1 epoch 21/30    630 s
seed 777 prescribed stage 1 epoch 22/30    654 s
seed 777 prescribed stage 1 epoch 23/30    682 s
seed 777 prescribed stage 1 epoch 24/30    705 s
seed 777 prescribed stage 1 epoch 25/30    725 s
seed 777 prescribed stage 1 epoch 26/30    749 s
seed 777 prescribed stage 1 epoch 27/30    775 s
seed 777 prescribed stage 1 epoch 28/30    793 s
seed 777 prescribed stage 1 epoch 29/30    811 s
seed 777 prescribed stage 1 epoch 30/30    830 s
seed 777 prescribed stage 2 epoch  1/30    853 s
seed 777 prescribed stage 2 epoch  2/30    874 s
seed 777 prescribed stage 2 epoch  3/30    895 s
seed 777 prescribed stage 2 epoch  4/30    915 s
seed 777 prescribed stage 2 epoch  5/30    942 s
seed 777 prescribed stage 2 epoch  6/30    966 s
seed 777 prescribed stage 2 epoch  7/30    985 s
seed 777 prescribed stage 2 epoch  8/30   1002 s
seed 777 prescribed stage 2 epoch  9/30   1025 s
seed 777 prescribed stage 2 epoch 10/30   1047 s
seed 777 prescribed stage 2 epoch 11/30   1066 s
seed 777 prescribed stage 2 epoch 12/30   1084 s
seed 777 prescribed stage 2 epoch 13/30   1106 s
seed 777 prescribed stage 2 epoch 14/30   1125 s
seed 777 prescribed stage 2 epoch 15/30   1144 s
seed 777 prescribed stage 2 epoch 16/30   1165 s
seed 777 prescribed stage 2 epoch 17/30   1188 s
seed 777 prescribed stage 2 epoch 18/30   1206 s
seed 777 prescribed stage 2 epoch 19/30   1225 s
seed 777 prescribed stage 2 epoch 20/30   1247 s
seed 777 prescribed stage 2 epoch 21/30   1269 s
seed 777 prescribed stage 2 epoch 22/30   1290 s
seed 777 prescribed stage 2 epoch 23/30   1308 s
seed 777 prescribed stage 2 epoch 24/30   1324 s
seed 777 prescribed stage 2 epoch 25/30   1340 s
seed 777 prescribed stage 2 epoch 26/30   1355 s
seed 777 prescribed stage 2 epoch 27/30   1371 s
seed 777 prescribed stage 2 epoch 28/30   1386 s
seed 777 prescribed stage 2 epoch 29/30   1402 s
seed 777 prescribed stage 2 epoch 30/30   1418 s
seed 777 prescribed: 1417.6 s
seed 777 prescribed_rotated stage 1 epoch  1/30     20 s
seed 777 prescribed_rotated stage 1 epoch  2/30     35 s
seed 777 prescribed_rotated stage 1 epoch  3/30     50 s
seed 777 prescribed_rotated stage 1 epoch  4/30     66 s
seed 777 prescribed_rotated stage 1 epoch  5/30     81 s
seed 777 prescribed_rotated stage 1 epoch  6/30     97 s
seed 777 prescribed_rotated stage 1 epoch  7/30    113 s
seed 777 prescribed_rotated stage 1 epoch  8/30    132 s
seed 777 prescribed_rotated stage 1 epoch  9/30    147 s
seed 777 prescribed_rotated stage 1 epoch 10/30    163 s
seed 777 prescribed_rotated stage 1 epoch 11/30    178 s
seed 777 prescribed_rotated stage 1 epoch 12/30    196 s
seed 777 prescribed_rotated stage 1 epoch 13/30    215 s
seed 777 prescribed_rotated stage 1 epoch 14/30    232 s
seed 777 prescribed_rotated stage 1 epoch 15/30    261 s
seed 777 prescribed_rotated stage 1 epoch 16/30    289 s
seed 777 prescribed_rotated stage 1 epoch 17/30    309 s
seed 777 prescribed_rotated stage 1 epoch 18/30    327 s
seed 777 prescribed_rotated stage 1 epoch 19/30    342 s
seed 777 prescribed_rotated stage 1 epoch 20/30    358 s
seed 777 prescribed_rotated stage 1 epoch 21/30    377 s
seed 777 prescribed_rotated stage 1 epoch 22/30    395 s
seed 777 prescribed_rotated stage 1 epoch 23/30    416 s
seed 777 prescribed_rotated stage 1 epoch 24/30    434 s
seed 777 prescribed_rotated stage 1 epoch 25/30    451 s
seed 777 prescribed_rotated stage 1 epoch 26/30    466 s
seed 777 prescribed_rotated stage 1 epoch 27/30    481 s
seed 777 prescribed_rotated stage 1 epoch 28/30    496 s
seed 777 prescribed_rotated stage 1 epoch 29/30    511 s
seed 777 prescribed_rotated stage 1 epoch 30/30    526 s
seed 777 prescribed_rotated stage 2 epoch  1/30    541 s
seed 777 prescribed_rotated stage 2 epoch  2/30    556 s
seed 777 prescribed_rotated stage 2 epoch  3/30    572 s
seed 777 prescribed_rotated stage 2 epoch  4/30    586 s
seed 777 prescribed_rotated stage 2 epoch  5/30    601 s
seed 777 prescribed_rotated stage 2 epoch  6/30    617 s
seed 777 prescribed_rotated stage 2 epoch  7/30    634 s
seed 777 prescribed_rotated stage 2 epoch  8/30    649 s
seed 777 prescribed_rotated stage 2 epoch  9/30    664 s
seed 777 prescribed_rotated stage 2 epoch 10/30    679 s
seed 777 prescribed_rotated stage 2 epoch 11/30    697 s
seed 777 prescribed_rotated stage 2 epoch 12/30    712 s
seed 777 prescribed_rotated stage 2 epoch 13/30    728 s
seed 777 prescribed_rotated stage 2 epoch 14/30    744 s
seed 777 prescribed_rotated stage 2 epoch 15/30    762 s
seed 777 prescribed_rotated stage 2 epoch 16/30    777 s
seed 777 prescribed_rotated stage 2 epoch 17/30    792 s
seed 777 prescribed_rotated stage 2 epoch 18/30    809 s
seed 777 prescribed_rotated stage 2 epoch 19/30    826 s
seed 777 prescribed_rotated stage 2 epoch 20/30    845 s
seed 777 prescribed_rotated stage 2 epoch 21/30    860 s
seed 777 prescribed_rotated stage 2 epoch 22/30    877 s
seed 777 prescribed_rotated stage 2 epoch 23/30    893 s
seed 777 prescribed_rotated stage 2 epoch 24/30    911 s
seed 777 prescribed_rotated stage 2 epoch 25/30    931 s
seed 777 prescribed_rotated stage 2 epoch 26/30    952 s
seed 777 prescribed_rotated stage 2 epoch 27/30    969 s
seed 777 prescribed_rotated stage 2 epoch 28/30    985 s
seed 777 prescribed_rotated stage 2 epoch 29/30   1002 s
seed 777 prescribed_rotated stage 2 epoch 30/30   1019 s
seed 777 prescribed_rotated: 1018.6 s
seed 777 free_raw stage 1 epoch  1/30     52 s
seed 777 free_raw stage 1 epoch  2/30    102 s
seed 777 free_raw stage 1 epoch  3/30    150 s
seed 777 free_raw stage 1 epoch  4/30    197 s
seed 777 free_raw stage 1 epoch  5/30    239 s
seed 777 free_raw stage 1 epoch  6/30    284 s
seed 777 free_raw stage 1 epoch  7/30    333 s
seed 777 free_raw stage 1 epoch  8/30    383 s
seed 777 free_raw stage 1 epoch  9/30    426 s
seed 777 free_raw stage 1 epoch 10/30    475 s
seed 777 free_raw stage 1 epoch 11/30    523 s
seed 777 free_raw stage 1 epoch 12/30    580 s
seed 777 free_raw stage 1 epoch 13/30    624 s
seed 777 free_raw stage 1 epoch 14/30    691 s
seed 777 free_raw stage 1 epoch 15/30    739 s
seed 777 free_raw stage 1 epoch 16/30    780 s
seed 777 free_raw stage 1 epoch 17/30    819 s
seed 777 free_raw stage 1 epoch 18/30    860 s
seed 777 free_raw stage 1 epoch 19/30    907 s
seed 777 free_raw stage 1 epoch 20/30    952 s
seed 777 free_raw stage 1 epoch 21/30    996 s
seed 777 free_raw stage 1 epoch 22/30   1039 s
seed 777 free_raw stage 1 epoch 23/30   1084 s
seed 777 free_raw stage 1 epoch 24/30   1125 s
seed 777 free_raw stage 1 epoch 25/30   1168 s
seed 777 free_raw stage 1 epoch 26/30   1215 s
seed 777 free_raw stage 1 epoch 27/30   1257 s
seed 777 free_raw stage 1 epoch 28/30   1315 s
seed 777 free_raw stage 1 epoch 29/30   1376 s
seed 777 free_raw stage 1 epoch 30/30   1437 s
seed 777 free_raw stage 2 epoch  1/30   1456 s
seed 777 free_raw stage 2 epoch  2/30   1480 s
seed 777 free_raw stage 2 epoch  3/30   1504 s
seed 777 free_raw stage 2 epoch  4/30   1526 s
seed 777 free_raw stage 2 epoch  5/30   1543 s
seed 777 free_raw stage 2 epoch  6/30   1558 s
seed 777 free_raw stage 2 epoch  7/30   1574 s
seed 777 free_raw stage 2 epoch  8/30   1591 s
seed 777 free_raw stage 2 epoch  9/30   1606 s
seed 777 free_raw stage 2 epoch 10/30   1622 s
seed 777 free_raw stage 2 epoch 11/30   1638 s
seed 777 free_raw stage 2 epoch 12/30   1654 s
seed 777 free_raw stage 2 epoch 13/30   1672 s
seed 777 free_raw stage 2 epoch 14/30   1694 s
seed 777 free_raw stage 2 epoch 15/30   1715 s
seed 777 free_raw stage 2 epoch 16/30   1734 s
seed 777 free_raw stage 2 epoch 17/30   1750 s
seed 777 free_raw stage 2 epoch 18/30   1768 s
seed 777 free_raw stage 2 epoch 19/30   1788 s
seed 777 free_raw stage 2 epoch 20/30   1804 s
seed 777 free_raw stage 2 epoch 21/30   1822 s
seed 777 free_raw stage 2 epoch 22/30   1838 s
seed 777 free_raw stage 2 epoch 23/30   1854 s
seed 777 free_raw stage 2 epoch 24/30   1870 s
seed 777 free_raw stage 2 epoch 25/30   1892 s
seed 777 free_raw stage 2 epoch 26/30   1911 s
seed 777 free_raw stage 2 epoch 27/30   1931 s
seed 777 free_raw stage 2 epoch 28/30   1952 s
seed 777 free_raw stage 2 epoch 29/30   1972 s
seed 777 free_raw stage 2 epoch 30/30   1989 s
seed 777 free_raw: 1989.3 s
seed 777 free_scaled stage 1 epoch  1/30     48 s
seed 777 free_scaled stage 1 epoch  2/30     94 s
seed 777 free_scaled stage 1 epoch  3/30    145 s
seed 777 free_scaled stage 1 epoch  4/30    192 s
seed 777 free_scaled stage 1 epoch  5/30    239 s
seed 777 free_scaled stage 1 epoch  6/30    283 s
seed 777 free_scaled stage 1 epoch  7/30    330 s
seed 777 free_scaled stage 1 epoch  8/30    377 s
seed 777 free_scaled stage 1 epoch  9/30    438 s
seed 777 free_scaled stage 1 epoch 10/30    506 s
seed 777 free_scaled stage 1 epoch 11/30    570 s
seed 777 free_scaled stage 1 epoch 12/30    621 s
seed 777 free_scaled stage 1 epoch 13/30    677 s
seed 777 free_scaled stage 1 epoch 14/30    719 s
seed 777 free_scaled stage 1 epoch 15/30    762 s
seed 777 free_scaled stage 1 epoch 16/30    828 s
seed 777 free_scaled stage 1 epoch 17/30    876 s
seed 777 free_scaled stage 1 epoch 18/30    931 s
seed 777 free_scaled stage 1 epoch 19/30    987 s
seed 777 free_scaled stage 1 epoch 20/30   1049 s
seed 777 free_scaled stage 1 epoch 21/30   1109 s
seed 777 free_scaled stage 1 epoch 22/30   1165 s
seed 777 free_scaled stage 1 epoch 23/30   1208 s
seed 777 free_scaled stage 1 epoch 24/30   1250 s
seed 777 free_scaled stage 1 epoch 25/30   1298 s
seed 777 free_scaled stage 1 epoch 26/30   1345 s
seed 777 free_scaled stage 1 epoch 27/30   1386 s
seed 777 free_scaled stage 1 epoch 28/30   1426 s
seed 777 free_scaled stage 1 epoch 29/30   1479 s
seed 777 free_scaled stage 1 epoch 30/30   1540 s
seed 777 free_scaled stage 2 epoch  1/30   1556 s
seed 777 free_scaled stage 2 epoch  2/30   1575 s
seed 777 free_scaled stage 2 epoch  3/30   1592 s
seed 777 free_scaled stage 2 epoch  4/30   1607 s
seed 777 free_scaled stage 2 epoch  5/30   1622 s
seed 777 free_scaled stage 2 epoch  6/30   1639 s
seed 777 free_scaled stage 2 epoch  7/30   1663 s
seed 777 free_scaled stage 2 epoch  8/30   1685 s
seed 777 free_scaled stage 2 epoch  9/30   1705 s
seed 777 free_scaled stage 2 epoch 10/30   1721 s
seed 777 free_scaled stage 2 epoch 11/30   1736 s
seed 777 free_scaled stage 2 epoch 12/30   1753 s
seed 777 free_scaled stage 2 epoch 13/30   1771 s
seed 777 free_scaled stage 2 epoch 14/30   1786 s
seed 777 free_scaled stage 2 epoch 15/30   1803 s
seed 777 free_scaled stage 2 epoch 16/30   1818 s
seed 777 free_scaled stage 2 epoch 17/30   1833 s
seed 777 free_scaled stage 2 epoch 18/30   1849 s
seed 777 free_scaled stage 2 epoch 19/30   1863 s
seed 777 free_scaled stage 2 epoch 20/30   1878 s
seed 777 free_scaled stage 2 epoch 21/30   1892 s
seed 777 free_scaled stage 2 epoch 22/30   1908 s
seed 777 free_scaled stage 2 epoch 23/30   1922 s
seed 777 free_scaled stage 2 epoch 24/30   1937 s
seed 777 free_scaled stage 2 epoch 25/30   1951 s
seed 777 free_scaled stage 2 epoch 26/30   1966 s
seed 777 free_scaled stage 2 epoch 27/30   1980 s
seed 777 free_scaled stage 2 epoch 28/30   1994 s
seed 777 free_scaled stage 2 epoch 29/30   2009 s
seed 777 free_scaled stage 2 epoch 30/30   2023 s
seed 777 free_scaled: 2023.1 s
seed 777: written
seed 1003 prescribed stage 1 epoch  1/30     18 s
seed 1003 prescribed stage 1 epoch  2/30     31 s
seed 1003 prescribed stage 1 epoch  3/30     47 s
seed 1003 prescribed stage 1 epoch  4/30     61 s
seed 1003 prescribed stage 1 epoch  5/30     74 s
seed 1003 prescribed stage 1 epoch  6/30     88 s
seed 1003 prescribed stage 1 epoch  7/30    102 s
seed 1003 prescribed stage 1 epoch  8/30    116 s
seed 1003 prescribed stage 1 epoch  9/30    130 s
seed 1003 prescribed stage 1 epoch 10/30    144 s
seed 1003 prescribed stage 1 epoch 11/30    158 s
seed 1003 prescribed stage 1 epoch 12/30    171 s
seed 1003 prescribed stage 1 epoch 13/30    185 s
seed 1003 prescribed stage 1 epoch 14/30    199 s
seed 1003 prescribed stage 1 epoch 15/30    214 s
seed 1003 prescribed stage 1 epoch 16/30    229 s
seed 1003 prescribed stage 1 epoch 17/30    242 s
seed 1003 prescribed stage 1 epoch 18/30    256 s
seed 1003 prescribed stage 1 epoch 19/30    270 s
seed 1003 prescribed stage 1 epoch 20/30    284 s
seed 1003 prescribed stage 1 epoch 21/30    298 s
seed 1003 prescribed stage 1 epoch 22/30    312 s
seed 1003 prescribed stage 1 epoch 23/30    325 s
seed 1003 prescribed stage 1 epoch 24/30    339 s
seed 1003 prescribed stage 1 epoch 25/30    353 s
seed 1003 prescribed stage 1 epoch 26/30    367 s
seed 1003 prescribed stage 1 epoch 27/30    381 s
seed 1003 prescribed stage 1 epoch 28/30    395 s
seed 1003 prescribed stage 1 epoch 29/30    409 s
seed 1003 prescribed stage 1 epoch 30/30    423 s
seed 1003 prescribed stage 2 epoch  1/30    437 s
seed 1003 prescribed stage 2 epoch  2/30    452 s
seed 1003 prescribed stage 2 epoch  3/30    466 s
seed 1003 prescribed stage 2 epoch  4/30    480 s
seed 1003 prescribed stage 2 epoch  5/30    494 s
seed 1003 prescribed stage 2 epoch  6/30    507 s
seed 1003 prescribed stage 2 epoch  7/30    521 s
seed 1003 prescribed stage 2 epoch  8/30    535 s
seed 1003 prescribed stage 2 epoch  9/30    550 s
seed 1003 prescribed stage 2 epoch 10/30    563 s
seed 1003 prescribed stage 2 epoch 11/30    577 s
seed 1003 prescribed stage 2 epoch 12/30    591 s
seed 1003 prescribed stage 2 epoch 13/30    605 s
seed 1003 prescribed stage 2 epoch 14/30    619 s
seed 1003 prescribed stage 2 epoch 15/30    633 s
seed 1003 prescribed stage 2 epoch 16/30    647 s
seed 1003 prescribed stage 2 epoch 17/30    660 s
seed 1003 prescribed stage 2 epoch 18/30    674 s
seed 1003 prescribed stage 2 epoch 19/30    688 s
seed 1003 prescribed stage 2 epoch 20/30    703 s
seed 1003 prescribed stage 2 epoch 21/30    716 s
seed 1003 prescribed stage 2 epoch 22/30    730 s
seed 1003 prescribed stage 2 epoch 23/30    744 s
seed 1003 prescribed stage 2 epoch 24/30    758 s
seed 1003 prescribed stage 2 epoch 25/30    772 s
seed 1003 prescribed stage 2 epoch 26/30    786 s
seed 1003 prescribed stage 2 epoch 27/30    801 s
seed 1003 prescribed stage 2 epoch 28/30    815 s
seed 1003 prescribed stage 2 epoch 29/30    829 s
seed 1003 prescribed stage 2 epoch 30/30    843 s
seed 1003 prescribed: 842.6 s
seed 1003 prescribed_rotated stage 1 epoch  1/30     18 s
seed 1003 prescribed_rotated stage 1 epoch  2/30     32 s
seed 1003 prescribed_rotated stage 1 epoch  3/30     46 s
seed 1003 prescribed_rotated stage 1 epoch  4/30     59 s
seed 1003 prescribed_rotated stage 1 epoch  5/30     75 s
seed 1003 prescribed_rotated stage 1 epoch  6/30     89 s
seed 1003 prescribed_rotated stage 1 epoch  7/30    103 s
seed 1003 prescribed_rotated stage 1 epoch  8/30    118 s
seed 1003 prescribed_rotated stage 1 epoch  9/30    131 s
seed 1003 prescribed_rotated stage 1 epoch 10/30    145 s
seed 1003 prescribed_rotated stage 1 epoch 11/30    160 s
seed 1003 prescribed_rotated stage 1 epoch 12/30    173 s
seed 1003 prescribed_rotated stage 1 epoch 13/30    187 s
seed 1003 prescribed_rotated stage 1 epoch 14/30    202 s
seed 1003 prescribed_rotated stage 1 epoch 15/30    216 s
seed 1003 prescribed_rotated stage 1 epoch 16/30    230 s
seed 1003 prescribed_rotated stage 1 epoch 17/30    244 s
seed 1003 prescribed_rotated stage 1 epoch 18/30    258 s
seed 1003 prescribed_rotated stage 1 epoch 19/30    272 s
seed 1003 prescribed_rotated stage 1 epoch 20/30    286 s
seed 1003 prescribed_rotated stage 1 epoch 21/30    300 s
seed 1003 prescribed_rotated stage 1 epoch 22/30    314 s
seed 1003 prescribed_rotated stage 1 epoch 23/30    328 s
seed 1003 prescribed_rotated stage 1 epoch 24/30    342 s
seed 1003 prescribed_rotated stage 1 epoch 25/30    356 s
seed 1003 prescribed_rotated stage 1 epoch 26/30    370 s
seed 1003 prescribed_rotated stage 1 epoch 27/30    384 s
seed 1003 prescribed_rotated stage 1 epoch 28/30    398 s
seed 1003 prescribed_rotated stage 1 epoch 29/30    411 s
seed 1003 prescribed_rotated stage 1 epoch 30/30    425 s
seed 1003 prescribed_rotated stage 2 epoch  1/30    439 s
seed 1003 prescribed_rotated stage 2 epoch  2/30    453 s
seed 1003 prescribed_rotated stage 2 epoch  3/30    467 s
seed 1003 prescribed_rotated stage 2 epoch  4/30    482 s
seed 1003 prescribed_rotated stage 2 epoch  5/30    496 s
seed 1003 prescribed_rotated stage 2 epoch  6/30    509 s
seed 1003 prescribed_rotated stage 2 epoch  7/30    523 s
seed 1003 prescribed_rotated stage 2 epoch  8/30    537 s
seed 1003 prescribed_rotated stage 2 epoch  9/30    551 s
seed 1003 prescribed_rotated stage 2 epoch 10/30    565 s
seed 1003 prescribed_rotated stage 2 epoch 11/30    580 s
seed 1003 prescribed_rotated stage 2 epoch 12/30    593 s
seed 1003 prescribed_rotated stage 2 epoch 13/30    607 s
seed 1003 prescribed_rotated stage 2 epoch 14/30    621 s
seed 1003 prescribed_rotated stage 2 epoch 15/30    635 s
seed 1003 prescribed_rotated stage 2 epoch 16/30    649 s
seed 1003 prescribed_rotated stage 2 epoch 17/30    663 s
seed 1003 prescribed_rotated stage 2 epoch 18/30    677 s
seed 1003 prescribed_rotated stage 2 epoch 19/30    691 s
seed 1003 prescribed_rotated stage 2 epoch 20/30    706 s
seed 1003 prescribed_rotated stage 2 epoch 21/30    720 s
seed 1003 prescribed_rotated stage 2 epoch 22/30    734 s
seed 1003 prescribed_rotated stage 2 epoch 23/30    748 s
seed 1003 prescribed_rotated stage 2 epoch 24/30    762 s
seed 1003 prescribed_rotated stage 2 epoch 25/30    776 s
seed 1003 prescribed_rotated stage 2 epoch 26/30    790 s
seed 1003 prescribed_rotated stage 2 epoch 27/30    804 s
seed 1003 prescribed_rotated stage 2 epoch 28/30    818 s
seed 1003 prescribed_rotated stage 2 epoch 29/30    832 s
seed 1003 prescribed_rotated stage 2 epoch 30/30    846 s
seed 1003 prescribed_rotated: 845.6 s
seed 1003 free_raw stage 1 epoch  1/30     43 s
seed 1003 free_raw stage 1 epoch  2/30     81 s
seed 1003 free_raw stage 1 epoch  3/30    118 s
seed 1003 free_raw stage 1 epoch  4/30    155 s
seed 1003 free_raw stage 1 epoch  5/30    192 s
seed 1003 free_raw stage 1 epoch  6/30    230 s
seed 1003 free_raw stage 1 epoch  7/30    268 s
seed 1003 free_raw stage 1 epoch  8/30    305 s
seed 1003 free_raw stage 1 epoch  9/30    342 s
seed 1003 free_raw stage 1 epoch 10/30    379 s
seed 1003 free_raw stage 1 epoch 11/30    417 s
seed 1003 free_raw stage 1 epoch 12/30    455 s
seed 1003 free_raw stage 1 epoch 13/30    492 s
seed 1003 free_raw stage 1 epoch 14/30    530 s
seed 1003 free_raw stage 1 epoch 15/30    567 s
seed 1003 free_raw stage 1 epoch 16/30    605 s
seed 1003 free_raw stage 1 epoch 17/30    642 s
seed 1003 free_raw stage 1 epoch 18/30    679 s
seed 1003 free_raw stage 1 epoch 19/30    717 s
seed 1003 free_raw stage 1 epoch 20/30    754 s
seed 1003 free_raw stage 1 epoch 21/30    791 s
seed 1003 free_raw stage 1 epoch 22/30    829 s
seed 1003 free_raw stage 1 epoch 23/30    866 s
seed 1003 free_raw stage 1 epoch 24/30    903 s
seed 1003 free_raw stage 1 epoch 25/30    941 s
seed 1003 free_raw stage 1 epoch 26/30    978 s
seed 1003 free_raw stage 1 epoch 27/30   1016 s
seed 1003 free_raw stage 1 epoch 28/30   1053 s
seed 1003 free_raw stage 1 epoch 29/30   1090 s
seed 1003 free_raw stage 1 epoch 30/30   1127 s
seed 1003 free_raw stage 2 epoch  1/30   1141 s
seed 1003 free_raw stage 2 epoch  2/30   1155 s
seed 1003 free_raw stage 2 epoch  3/30   1169 s
seed 1003 free_raw stage 2 epoch  4/30   1187 s
seed 1003 free_raw stage 2 epoch  5/30   1201 s
seed 1003 free_raw stage 2 epoch  6/30   1215 s
seed 1003 free_raw stage 2 epoch  7/30   1230 s
seed 1003 free_raw stage 2 epoch  8/30   1244 s
seed 1003 free_raw stage 2 epoch  9/30   1258 s
seed 1003 free_raw stage 2 epoch 10/30   1272 s
seed 1003 free_raw stage 2 epoch 11/30   1286 s
seed 1003 free_raw stage 2 epoch 12/30   1300 s
seed 1003 free_raw stage 2 epoch 13/30   1314 s
seed 1003 free_raw stage 2 epoch 14/30   1328 s
seed 1003 free_raw stage 2 epoch 15/30   1342 s
seed 1003 free_raw stage 2 epoch 16/30   1356 s
seed 1003 free_raw stage 2 epoch 17/30   1370 s
seed 1003 free_raw stage 2 epoch 18/30   1384 s
seed 1003 free_raw stage 2 epoch 19/30   1398 s
seed 1003 free_raw stage 2 epoch 20/30   1412 s
seed 1003 free_raw stage 2 epoch 21/30   1427 s
seed 1003 free_raw stage 2 epoch 22/30   1441 s
seed 1003 free_raw stage 2 epoch 23/30   1455 s
seed 1003 free_raw stage 2 epoch 24/30   1469 s
seed 1003 free_raw stage 2 epoch 25/30   1483 s
seed 1003 free_raw stage 2 epoch 26/30   1497 s
seed 1003 free_raw stage 2 epoch 27/30   1512 s
seed 1003 free_raw stage 2 epoch 28/30   1526 s
seed 1003 free_raw stage 2 epoch 29/30   1540 s
seed 1003 free_raw stage 2 epoch 30/30   1554 s
seed 1003 free_raw: 1554.3 s
seed 1003 free_scaled stage 1 epoch  1/30     41 s
seed 1003 free_scaled stage 1 epoch  2/30     79 s
seed 1003 free_scaled stage 1 epoch  3/30    118 s
seed 1003 free_scaled stage 1 epoch  4/30    156 s
seed 1003 free_scaled stage 1 epoch  5/30    193 s
seed 1003 free_scaled stage 1 epoch  6/30    231 s
seed 1003 free_scaled stage 1 epoch  7/30    270 s
seed 1003 free_scaled stage 1 epoch  8/30    308 s
seed 1003 free_scaled stage 1 epoch  9/30    347 s
seed 1003 free_scaled stage 1 epoch 10/30    384 s
seed 1003 free_scaled stage 1 epoch 11/30    423 s
seed 1003 free_scaled stage 1 epoch 12/30    461 s
seed 1003 free_scaled stage 1 epoch 13/30    498 s
seed 1003 free_scaled stage 1 epoch 14/30    536 s
seed 1003 free_scaled stage 1 epoch 15/30    575 s
seed 1003 free_scaled stage 1 epoch 16/30    613 s
seed 1003 free_scaled stage 1 epoch 17/30    650 s
seed 1003 free_scaled stage 1 epoch 18/30    688 s
seed 1003 free_scaled stage 1 epoch 19/30    726 s
seed 1003 free_scaled stage 1 epoch 20/30    764 s
seed 1003 free_scaled stage 1 epoch 21/30    802 s
seed 1003 free_scaled stage 1 epoch 22/30    840 s
seed 1003 free_scaled stage 1 epoch 23/30    878 s
seed 1003 free_scaled stage 1 epoch 24/30    916 s
seed 1003 free_scaled stage 1 epoch 25/30    956 s
seed 1003 free_scaled stage 1 epoch 26/30    995 s
seed 1003 free_scaled stage 1 epoch 27/30   1033 s
seed 1003 free_scaled stage 1 epoch 28/30   1071 s
seed 1003 free_scaled stage 1 epoch 29/30   1109 s
seed 1003 free_scaled stage 1 epoch 30/30   1147 s
seed 1003 free_scaled stage 2 epoch  1/30   1161 s
seed 1003 free_scaled stage 2 epoch  2/30   1176 s
seed 1003 free_scaled stage 2 epoch  3/30   1190 s
seed 1003 free_scaled stage 2 epoch  4/30   1205 s
seed 1003 free_scaled stage 2 epoch  5/30   1219 s
seed 1003 free_scaled stage 2 epoch  6/30   1233 s
seed 1003 free_scaled stage 2 epoch  7/30   1247 s
seed 1003 free_scaled stage 2 epoch  8/30   1262 s
seed 1003 free_scaled stage 2 epoch  9/30   1278 s
seed 1003 free_scaled stage 2 epoch 10/30   1292 s
seed 1003 free_scaled stage 2 epoch 11/30   1306 s
seed 1003 free_scaled stage 2 epoch 12/30   1320 s
seed 1003 free_scaled stage 2 epoch 13/30   1334 s
seed 1003 free_scaled stage 2 epoch 14/30   1348 s
seed 1003 free_scaled stage 2 epoch 15/30   1363 s
seed 1003 free_scaled stage 2 epoch 16/30   1377 s
seed 1003 free_scaled stage 2 epoch 17/30   1392 s
seed 1003 free_scaled stage 2 epoch 18/30   1406 s
seed 1003 free_scaled stage 2 epoch 19/30   1421 s
seed 1003 free_scaled stage 2 epoch 20/30   1435 s
seed 1003 free_scaled stage 2 epoch 21/30   1450 s
seed 1003 free_scaled stage 2 epoch 22/30   1464 s
seed 1003 free_scaled stage 2 epoch 23/30   1478 s
seed 1003 free_scaled stage 2 epoch 24/30   1493 s
seed 1003 free_scaled stage 2 epoch 25/30   1508 s
seed 1003 free_scaled stage 2 epoch 26/30   1521 s
seed 1003 free_scaled stage 2 epoch 27/30   1535 s
seed 1003 free_scaled stage 2 epoch 28/30   1549 s
seed 1003 free_scaled stage 2 epoch 29/30   1562 s
seed 1003 free_scaled stage 2 epoch 30/30   1576 s
seed 1003 free_scaled: 1576.0 s
seed 1003: written
