nohup: ignoring input
seed 42 fixed_warped epoch   1/90    129 s
seed 42 fixed_warped epoch   2/90    188 s
seed 42 fixed_warped epoch   3/90    248 s
seed 42 fixed_warped epoch   4/90    309 s
seed 42 fixed_warped epoch   5/90    366 s
seed 42 fixed_warped epoch   6/90    416 s
seed 42 fixed_warped epoch   7/90    497 s
seed 42 fixed_warped epoch   8/90    545 s
seed 42 fixed_warped epoch   9/90    582 s
seed 42 fixed_warped epoch  10/90    627 s
seed 42 fixed_warped epoch  11/90    666 s
seed 42 fixed_warped epoch  12/90    713 s
seed 42 fixed_warped epoch  13/90    783 s
seed 42 fixed_warped epoch  14/90    832 s
seed 42 fixed_warped epoch  15/90    868 s
seed 42 fixed_warped epoch  16/90    903 s
seed 42 fixed_warped epoch  17/90    936 s
seed 42 fixed_warped epoch  18/90    969 s
seed 42 fixed_warped epoch  19/90   1007 s
seed 42 fixed_warped epoch  20/90   1042 s
seed 42 fixed_warped epoch  21/90   1080 s
seed 42 fixed_warped epoch  22/90   1124 s
seed 42 fixed_warped epoch  23/90   1158 s
seed 42 fixed_warped epoch  24/90   1197 s
seed 42 fixed_warped epoch  25/90   1237 s
seed 42 fixed_warped epoch  26/90   1277 s
seed 42 fixed_warped epoch  27/90   1322 s
seed 42 fixed_warped epoch  28/90   1367 s
seed 42 fixed_warped epoch  29/90   1403 s
seed 42 fixed_warped epoch  30/90   1439 s
seed 42 fixed_warped epoch  31/90   1471 s
seed 42 fixed_warped epoch  32/90   1513 s
seed 42 fixed_warped epoch  33/90   1554 s
seed 42 fixed_warped epoch  34/90   1604 s
seed 42 fixed_warped epoch  35/90   1655 s
seed 42 fixed_warped epoch  36/90   1696 s
seed 42 fixed_warped epoch  37/90   1735 s
seed 42 fixed_warped epoch  38/90   1776 s
seed 42 fixed_warped epoch  39/90   1830 s
seed 42 fixed_warped epoch  40/90   1866 s
seed 42 fixed_warped epoch  41/90   1906 s
seed 42 fixed_warped epoch  42/90   1970 s
seed 42 fixed_warped epoch  43/90   2026 s
seed 42 fixed_warped epoch  44/90   2062 s
seed 42 fixed_warped epoch  45/90   2096 s
seed 42 fixed_warped epoch  46/90   2129 s
seed 42 fixed_warped epoch  47/90   2160 s
seed 42 fixed_warped epoch  48/90   2197 s
seed 42 fixed_warped epoch  49/90   2242 s
seed 42 fixed_warped epoch  50/90   2274 s
seed 42 fixed_warped epoch  51/90   2305 s
seed 42 fixed_warped epoch  52/90   2335 s
seed 42 fixed_warped epoch  53/90   2366 s
seed 42 fixed_warped epoch  54/90   2399 s
seed 42 fixed_warped epoch  55/90   2430 s
seed 42 fixed_warped epoch  56/90   2462 s
seed 42 fixed_warped epoch  57/90   2497 s
seed 42 fixed_warped epoch  58/90   2529 s
seed 42 fixed_warped epoch  59/90   2562 s
seed 42 fixed_warped epoch  60/90   2595 s
seed 42 fixed_warped epoch  61/90   2628 s
seed 42 fixed_warped epoch  62/90   2661 s
seed 42 fixed_warped epoch  63/90   2691 s
seed 42 fixed_warped epoch  64/90   2719 s
seed 42 fixed_warped epoch  65/90   2751 s
seed 42 fixed_warped epoch  66/90   2782 s
seed 42 fixed_warped epoch  67/90   2816 s
seed 42 fixed_warped epoch  68/90   2849 s
seed 42 fixed_warped epoch  69/90   2880 s
seed 42 fixed_warped epoch  70/90   2907 s
seed 42 fixed_warped epoch  71/90   2938 s
seed 42 fixed_warped epoch  72/90   2970 s
seed 42 fixed_warped epoch  73/90   2999 s
seed 42 fixed_warped epoch  74/90   3035 s
seed 42 fixed_warped epoch  75/90   3070 s
seed 42 fixed_warped epoch  76/90   3110 s
seed 42 fixed_warped epoch  77/90   3149 s
seed 42 fixed_warped epoch  78/90   3178 s
seed 42 fixed_warped epoch  79/90   3214 s
seed 42 fixed_warped epoch  80/90   3251 s
seed 42 fixed_warped epoch  81/90   3301 s
seed 42 fixed_warped epoch  82/90   3347 s
seed 42 fixed_warped epoch  83/90   3387 s
seed 42 fixed_warped epoch  84/90   3417 s
seed 42 fixed_warped epoch  85/90   3454 s
seed 42 fixed_warped epoch  86/90   3487 s
seed 42 fixed_warped epoch  87/90   3519 s
seed 42 fixed_warped epoch  88/90   3550 s
seed 42 fixed_warped epoch  89/90   3585 s
seed 42 fixed_warped epoch  90/90   3618 s
seed 42 free_e2e_fair epoch   1/180    133 s
seed 42 free_e2e_fair epoch   2/180    221 s
seed 42 free_e2e_fair epoch   3/180    312 s
seed 42 free_e2e_fair epoch   4/180    390 s
seed 42 free_e2e_fair epoch   5/180    471 s
seed 42 free_e2e_fair epoch   6/180    559 s
seed 42 free_e2e_fair epoch   7/180    667 s
seed 42 free_e2e_fair epoch   8/180    765 s
seed 42 free_e2e_fair epoch   9/180    869 s
seed 42 free_e2e_fair epoch  10/180    978 s
seed 42 free_e2e_fair epoch  11/180   1089 s
seed 42 free_e2e_fair epoch  12/180   1206 s
seed 42 free_e2e_fair epoch  13/180   1349 s
seed 42 free_e2e_fair epoch  14/180   1461 s
seed 42 free_e2e_fair epoch  15/180   1587 s
seed 42 free_e2e_fair epoch  16/180   1697 s
seed 42 free_e2e_fair epoch  17/180   1799 s
seed 42 free_e2e_fair epoch  18/180   1919 s
seed 42 free_e2e_fair epoch  19/180   2033 s
seed 42 free_e2e_fair epoch  20/180   2130 s
seed 42 free_e2e_fair epoch  21/180   2231 s
seed 42 free_e2e_fair epoch  22/180   2345 s
seed 42 free_e2e_fair epoch  23/180   2441 s
seed 42 free_e2e_fair epoch  24/180   2537 s
seed 42 free_e2e_fair epoch  25/180   2667 s
seed 42 free_e2e_fair epoch  26/180   2813 s
seed 42 free_e2e_fair epoch  27/180   2905 s
seed 42 free_e2e_fair epoch  28/180   2996 s
seed 42 free_e2e_fair epoch  29/180   3091 s
seed 42 free_e2e_fair epoch  30/180   3223 s
seed 42 free_e2e_fair epoch  31/180   3474 s
seed 42 free_e2e_fair epoch  32/180   3755 s
seed 42 free_e2e_fair epoch  33/180   3914 s
seed 42 free_e2e_fair epoch  34/180   4032 s
seed 42 free_e2e_fair epoch  35/180   4136 s
seed 42 free_e2e_fair epoch  36/180   4227 s
seed 42 free_e2e_fair epoch  37/180   4310 s
seed 42 free_e2e_fair epoch  38/180   4397 s
seed 42 free_e2e_fair epoch  39/180   4480 s
seed 42 free_e2e_fair epoch  40/180   4565 s
seed 42 free_e2e_fair epoch  41/180   4647 s
seed 42 free_e2e_fair epoch  42/180   4730 s
seed 42 free_e2e_fair epoch  43/180   4817 s
seed 42 free_e2e_fair epoch  44/180   4913 s
seed 42 free_e2e_fair epoch  45/180   5016 s
seed 42 free_e2e_fair epoch  46/180   5125 s
seed 42 free_e2e_fair epoch  47/180   5280 s
seed 42 free_e2e_fair epoch  48/180   5432 s
seed 42 free_e2e_fair epoch  49/180   5518 s
seed 42 free_e2e_fair epoch  50/180   5605 s
seed 42 free_e2e_fair epoch  51/180   5691 s
seed 42 free_e2e_fair epoch  52/180   5877 s
seed 42 free_e2e_fair epoch  53/180   5972 s
seed 42 free_e2e_fair epoch  54/180   6054 s
seed 42 free_e2e_fair epoch  55/180   6142 s
seed 42 free_e2e_fair epoch  56/180   6227 s
seed 42 free_e2e_fair epoch  57/180   6314 s
seed 42 free_e2e_fair epoch  58/180   6397 s
seed 42 free_e2e_fair epoch  59/180   6482 s
seed 42 free_e2e_fair epoch  60/180   6567 s
seed 42 free_e2e_fair epoch  61/180   6654 s
seed 42 free_e2e_fair epoch  62/180   6740 s
seed 42 free_e2e_fair epoch  63/180   6825 s
seed 42 free_e2e_fair epoch  64/180   6911 s
seed 42 free_e2e_fair epoch  65/180   6999 s
seed 42 free_e2e_fair epoch  66/180   7087 s
seed 42 free_e2e_fair epoch  67/180   7177 s
seed 42 free_e2e_fair epoch  68/180   7263 s
seed 42 free_e2e_fair epoch  69/180   7350 s
seed 42 free_e2e_fair epoch  70/180   7441 s
seed 42 free_e2e_fair epoch  71/180   7532 s
seed 42 free_e2e_fair epoch  72/180   7618 s
seed 42 free_e2e_fair epoch  73/180   7709 s
seed 42 free_e2e_fair epoch  74/180   7800 s
seed 42 free_e2e_fair epoch  75/180   7896 s
seed 42 free_e2e_fair epoch  76/180   7986 s
seed 42 free_e2e_fair epoch  77/180   8080 s
seed 42 free_e2e_fair epoch  78/180   8170 s
seed 42 free_e2e_fair epoch  79/180   8263 s
seed 42 free_e2e_fair epoch  80/180   8355 s
seed 42 free_e2e_fair epoch  81/180   8456 s
seed 42 free_e2e_fair epoch  82/180   8548 s
seed 42 free_e2e_fair epoch  83/180   8635 s
seed 42 free_e2e_fair epoch  84/180   8720 s
seed 42 free_e2e_fair epoch  85/180   8809 s
seed 42 free_e2e_fair epoch  86/180   8894 s
seed 42 free_e2e_fair epoch  87/180   9003 s
seed 42 free_e2e_fair epoch  88/180   9092 s
seed 42 free_e2e_fair epoch  89/180   9173 s
seed 42 free_e2e_fair epoch  90/180   9246 s
seed 42 free_e2e_fair epoch  91/180   9339 s
seed 42 free_e2e_fair epoch  92/180   9424 s
seed 42 free_e2e_fair epoch  93/180   9511 s
seed 42 free_e2e_fair epoch  94/180   9606 s
seed 42 free_e2e_fair epoch  95/180   9689 s
seed 42 free_e2e_fair epoch  96/180   9774 s
seed 42 free_e2e_fair epoch  97/180   9850 s
seed 42 free_e2e_fair epoch  98/180   9922 s
seed 42 free_e2e_fair epoch  99/180  10015 s
seed 42 free_e2e_fair epoch 100/180  10090 s
seed 42 free_e2e_fair epoch 101/180  10168 s
seed 42 free_e2e_fair epoch 102/180  10243 s
seed 42 free_e2e_fair epoch 103/180  10323 s
seed 42 free_e2e_fair epoch 104/180  10433 s
seed 42 free_e2e_fair epoch 105/180  10514 s
seed 42 free_e2e_fair epoch 106/180  10598 s
seed 42 free_e2e_fair epoch 107/180  10687 s
seed 42 free_e2e_fair epoch 108/180  10771 s
seed 42 free_e2e_fair epoch 109/180  10850 s
seed 42 free_e2e_fair epoch 110/180  10931 s
seed 42 free_e2e_fair epoch 111/180  11025 s
seed 42 free_e2e_fair epoch 112/180  11122 s
seed 42 free_e2e_fair epoch 113/180  11200 s
seed 42 free_e2e_fair epoch 114/180  11285 s
seed 42 free_e2e_fair epoch 115/180  11370 s
seed 42 free_e2e_fair epoch 116/180  11465 s
seed 42 free_e2e_fair epoch 117/180  11551 s
seed 42 free_e2e_fair epoch 118/180  11647 s
seed 42 free_e2e_fair epoch 119/180  11733 s
seed 42 free_e2e_fair epoch 120/180  11814 s
seed 42 free_e2e_fair epoch 121/180  11899 s
seed 42 free_e2e_fair epoch 122/180  11975 s
seed 42 free_e2e_fair epoch 123/180  12063 s
seed 42 free_e2e_fair epoch 124/180  12146 s
seed 42 free_e2e_fair epoch 125/180  12238 s
seed 42 free_e2e_fair epoch 126/180  12325 s
seed 42 free_e2e_fair epoch 127/180  12414 s
seed 42 free_e2e_fair epoch 128/180  12504 s
seed 42 free_e2e_fair epoch 129/180  12589 s
seed 42 free_e2e_fair epoch 130/180  12696 s
seed 42 free_e2e_fair epoch 131/180  12775 s
seed 42 free_e2e_fair epoch 132/180  12841 s
seed 42 free_e2e_fair epoch 133/180  12915 s
seed 42 free_e2e_fair epoch 134/180  12989 s
seed 42 free_e2e_fair epoch 135/180  13082 s
seed 42 free_e2e_fair epoch 136/180  13197 s
seed 42 free_e2e_fair epoch 137/180  13288 s
seed 42 free_e2e_fair epoch 138/180  13367 s
seed 42 free_e2e_fair epoch 139/180  13443 s
seed 42 free_e2e_fair epoch 140/180  13522 s
seed 42 free_e2e_fair epoch 141/180  13598 s
seed 42 free_e2e_fair epoch 142/180  13663 s
seed 42 free_e2e_fair epoch 143/180  13788 s
seed 42 free_e2e_fair epoch 144/180  13882 s
seed 42 free_e2e_fair epoch 145/180  13972 s
seed 42 free_e2e_fair epoch 146/180  14064 s
seed 42 free_e2e_fair epoch 147/180  14150 s
seed 42 free_e2e_fair epoch 148/180  14232 s
seed 42 free_e2e_fair epoch 149/180  14322 s
seed 42 free_e2e_fair epoch 150/180  14402 s
seed 42 free_e2e_fair epoch 151/180  14484 s
seed 42 free_e2e_fair epoch 152/180  14571 s
seed 42 free_e2e_fair epoch 153/180  14653 s
seed 42 free_e2e_fair epoch 154/180  14754 s
seed 42 free_e2e_fair epoch 155/180  14846 s
seed 42 free_e2e_fair epoch 156/180  14976 s
seed 42 free_e2e_fair epoch 157/180  15085 s
seed 42 free_e2e_fair epoch 158/180  15195 s
seed 42 free_e2e_fair epoch 159/180  15301 s
seed 42 free_e2e_fair epoch 160/180  15408 s
seed 42 free_e2e_fair epoch 161/180  15515 s
seed 42 free_e2e_fair epoch 162/180  15626 s
seed 42 free_e2e_fair epoch 163/180  15732 s
seed 42 free_e2e_fair epoch 164/180  15843 s
seed 42 free_e2e_fair epoch 165/180  16055 s
seed 42 free_e2e_fair epoch 166/180  16286 s
seed 42 free_e2e_fair epoch 167/180  16495 s
seed 42 free_e2e_fair epoch 168/180  16626 s
seed 42 free_e2e_fair epoch 169/180  16809 s
seed 42 free_e2e_fair epoch 170/180  16969 s
seed 42 free_e2e_fair epoch 171/180  17101 s
seed 42 free_e2e_fair epoch 172/180  17246 s
seed 42 free_e2e_fair epoch 173/180  17336 s
seed 42 free_e2e_fair epoch 174/180  17468 s
seed 42 free_e2e_fair epoch 175/180  17602 s
seed 42 free_e2e_fair epoch 176/180  17736 s
seed 42 free_e2e_fair epoch 177/180  17875 s
seed 42 free_e2e_fair epoch 178/180  17966 s
seed 42 free_e2e_fair epoch 179/180  18110 s
seed 42 free_e2e_fair epoch 180/180  18238 s
seed 42: written
seed 1001 fixed_warped epoch   1/90     44 s
seed 1001 fixed_warped epoch   2/90    116 s
seed 1001 fixed_warped epoch   3/90    241 s
seed 1001 fixed_warped epoch   4/90    331 s
seed 1001 fixed_warped epoch   5/90    382 s
seed 1001 fixed_warped epoch   6/90    427 s
seed 1001 fixed_warped epoch   7/90    503 s
seed 1001 fixed_warped epoch   8/90    562 s
seed 1001 fixed_warped epoch   9/90    596 s
seed 1001 fixed_warped epoch  10/90    644 s
seed 1001 fixed_warped epoch  11/90    721 s
seed 1001 fixed_warped epoch  12/90    768 s
seed 1001 fixed_warped epoch  13/90    796 s
seed 1001 fixed_warped epoch  14/90    822 s
seed 1001 fixed_warped epoch  15/90    849 s
seed 1001 fixed_warped epoch  16/90    874 s
seed 1001 fixed_warped epoch  17/90    900 s
seed 1001 fixed_warped epoch  18/90    926 s
seed 1001 fixed_warped epoch  19/90    955 s
seed 1001 fixed_warped epoch  20/90    990 s
seed 1001 fixed_warped epoch  21/90   1022 s
seed 1001 fixed_warped epoch  22/90   1049 s
seed 1001 fixed_warped epoch  23/90   1078 s
seed 1001 fixed_warped epoch  24/90   1114 s
seed 1001 fixed_warped epoch  25/90   1149 s
seed 1001 fixed_warped epoch  26/90   1182 s
seed 1001 fixed_warped epoch  27/90   1213 s
seed 1001 fixed_warped epoch  28/90   1243 s
seed 1001 fixed_warped epoch  29/90   1272 s
seed 1001 fixed_warped epoch  30/90   1301 s
seed 1001 fixed_warped epoch  31/90   1331 s
seed 1001 fixed_warped epoch  32/90   1360 s
seed 1001 fixed_warped epoch  33/90   1389 s
seed 1001 fixed_warped epoch  34/90   1419 s
seed 1001 fixed_warped epoch  35/90   1448 s
seed 1001 fixed_warped epoch  36/90   1478 s
seed 1001 fixed_warped epoch  37/90   1507 s
seed 1001 fixed_warped epoch  38/90   1537 s
seed 1001 fixed_warped epoch  39/90   1566 s
seed 1001 fixed_warped epoch  40/90   1595 s
seed 1001 fixed_warped epoch  41/90   1624 s
seed 1001 fixed_warped epoch  42/90   1653 s
seed 1001 fixed_warped epoch  43/90   1683 s
seed 1001 fixed_warped epoch  44/90   1712 s
seed 1001 fixed_warped epoch  45/90   1741 s
seed 1001 fixed_warped epoch  46/90   1770 s
seed 1001 fixed_warped epoch  47/90   1799 s
seed 1001 fixed_warped epoch  48/90   1828 s
seed 1001 fixed_warped epoch  49/90   1858 s
seed 1001 fixed_warped epoch  50/90   1887 s
seed 1001 fixed_warped epoch  51/90   1916 s
seed 1001 fixed_warped epoch  52/90   1945 s
seed 1001 fixed_warped epoch  53/90   1975 s
seed 1001 fixed_warped epoch  54/90   2004 s
seed 1001 fixed_warped epoch  55/90   2034 s
seed 1001 fixed_warped epoch  56/90   2064 s
seed 1001 fixed_warped epoch  57/90   2093 s
seed 1001 fixed_warped epoch  58/90   2122 s
seed 1001 fixed_warped epoch  59/90   2151 s
seed 1001 fixed_warped epoch  60/90   2181 s
seed 1001 fixed_warped epoch  61/90   2210 s
seed 1001 fixed_warped epoch  62/90   2240 s
seed 1001 fixed_warped epoch  63/90   2270 s
seed 1001 fixed_warped epoch  64/90   2299 s
seed 1001 fixed_warped epoch  65/90   2329 s
seed 1001 fixed_warped epoch  66/90   2358 s
seed 1001 fixed_warped epoch  67/90   2388 s
seed 1001 fixed_warped epoch  68/90   2417 s
seed 1001 fixed_warped epoch  69/90   2447 s
seed 1001 fixed_warped epoch  70/90   2477 s
seed 1001 fixed_warped epoch  71/90   2507 s
seed 1001 fixed_warped epoch  72/90   2536 s
seed 1001 fixed_warped epoch  73/90   2568 s
seed 1001 fixed_warped epoch  74/90   2597 s
seed 1001 fixed_warped epoch  75/90   2628 s
seed 1001 fixed_warped epoch  76/90   2657 s
seed 1001 fixed_warped epoch  77/90   2687 s
seed 1001 fixed_warped epoch  78/90   2716 s
seed 1001 fixed_warped epoch  79/90   2746 s
seed 1001 fixed_warped epoch  80/90   2775 s
seed 1001 fixed_warped epoch  81/90   2804 s
seed 1001 fixed_warped epoch  82/90   2834 s
seed 1001 fixed_warped epoch  83/90   2864 s
seed 1001 fixed_warped epoch  84/90   2895 s
seed 1001 fixed_warped epoch  85/90   2926 s
seed 1001 fixed_warped epoch  86/90   2958 s
seed 1001 fixed_warped epoch  87/90   2988 s
seed 1001 fixed_warped epoch  88/90   3018 s
seed 1001 fixed_warped epoch  89/90   3049 s
seed 1001 fixed_warped epoch  90/90   3078 s
seed 1001 free_e2e_fair epoch   1/180     68 s
seed 1001 free_e2e_fair epoch   2/180    135 s
seed 1001 free_e2e_fair epoch   3/180    201 s
seed 1001 free_e2e_fair epoch   4/180    276 s
seed 1001 free_e2e_fair epoch   5/180    343 s
seed 1001 free_e2e_fair epoch   6/180    411 s
seed 1001 free_e2e_fair epoch   7/180    485 s
seed 1001 free_e2e_fair epoch   8/180    567 s
seed 1001 free_e2e_fair epoch   9/180    638 s
seed 1001 free_e2e_fair epoch  10/180    711 s
seed 1001 free_e2e_fair epoch  11/180    791 s
seed 1001 free_e2e_fair epoch  12/180    858 s
seed 1001 free_e2e_fair epoch  13/180    929 s
seed 1001 free_e2e_fair epoch  14/180   1028 s
seed 1001 free_e2e_fair epoch  15/180   1160 s
seed 1001 free_e2e_fair epoch  16/180   1242 s
seed 1001 free_e2e_fair epoch  17/180   1334 s
seed 1001 free_e2e_fair epoch  18/180   1465 s
seed 1001 free_e2e_fair epoch  19/180   1574 s
seed 1001 free_e2e_fair epoch  20/180   1678 s
seed 1001 free_e2e_fair epoch  21/180   1799 s
seed 1001 free_e2e_fair epoch  22/180   1908 s
seed 1001 free_e2e_fair epoch  23/180   2017 s
seed 1001 free_e2e_fair epoch  24/180   2126 s
seed 1001 free_e2e_fair epoch  25/180   2213 s
seed 1001 free_e2e_fair epoch  26/180   2299 s
seed 1001 free_e2e_fair epoch  27/180   2393 s
seed 1001 free_e2e_fair epoch  28/180   2483 s
seed 1001 free_e2e_fair epoch  29/180   2570 s
seed 1001 free_e2e_fair epoch  30/180   2666 s
seed 1001 free_e2e_fair epoch  31/180   2754 s
seed 1001 free_e2e_fair epoch  32/180   2840 s
seed 1001 free_e2e_fair epoch  33/180   2924 s
seed 1001 free_e2e_fair epoch  34/180   3012 s
seed 1001 free_e2e_fair epoch  35/180   3107 s
seed 1001 free_e2e_fair epoch  36/180   3218 s
seed 1001 free_e2e_fair epoch  37/180   3307 s
seed 1001 free_e2e_fair epoch  38/180   3400 s
seed 1001 free_e2e_fair epoch  39/180   3485 s
seed 1001 free_e2e_fair epoch  40/180   3573 s
seed 1001 free_e2e_fair epoch  41/180   3665 s
seed 1001 free_e2e_fair epoch  42/180   3758 s
seed 1001 free_e2e_fair epoch  43/180   3856 s
seed 1001 free_e2e_fair epoch  44/180   3951 s
seed 1001 free_e2e_fair epoch  45/180   4069 s
seed 1001 free_e2e_fair epoch  46/180   4162 s
seed 1001 free_e2e_fair epoch  47/180   4261 s
seed 1001 free_e2e_fair epoch  48/180   4380 s
seed 1001 free_e2e_fair epoch  49/180   4474 s
seed 1001 free_e2e_fair epoch  50/180   4576 s
seed 1001 free_e2e_fair epoch  51/180   4681 s
seed 1001 free_e2e_fair epoch  52/180   4769 s
seed 1001 free_e2e_fair epoch  53/180   4874 s
seed 1001 free_e2e_fair epoch  54/180   4995 s
seed 1001 free_e2e_fair epoch  55/180   5097 s
seed 1001 free_e2e_fair epoch  56/180   5203 s
seed 1001 free_e2e_fair epoch  57/180   5302 s
seed 1001 free_e2e_fair epoch  58/180   5436 s
seed 1001 free_e2e_fair epoch  59/180   5535 s
seed 1001 free_e2e_fair epoch  60/180   5631 s
seed 1001 free_e2e_fair epoch  61/180   5735 s
seed 1001 free_e2e_fair epoch  62/180   5825 s
seed 1001 free_e2e_fair epoch  63/180   5929 s
seed 1001 free_e2e_fair epoch  64/180   6028 s
seed 1001 free_e2e_fair epoch  65/180   6129 s
seed 1001 free_e2e_fair epoch  66/180   6233 s
seed 1001 free_e2e_fair epoch  67/180   6326 s
seed 1001 free_e2e_fair epoch  68/180   6415 s
seed 1001 free_e2e_fair epoch  69/180   6500 s
seed 1001 free_e2e_fair epoch  70/180   6592 s
seed 1001 free_e2e_fair epoch  71/180   6685 s
seed 1001 free_e2e_fair epoch  72/180   6782 s
seed 1001 free_e2e_fair epoch  73/180   6876 s
seed 1001 free_e2e_fair epoch  74/180   6970 s
seed 1001 free_e2e_fair epoch  75/180   7061 s
seed 1001 free_e2e_fair epoch  76/180   7149 s
seed 1001 free_e2e_fair epoch  77/180   7237 s
seed 1001 free_e2e_fair epoch  78/180   7322 s
seed 1001 free_e2e_fair epoch  79/180   7428 s
seed 1001 free_e2e_fair epoch  80/180   7532 s
seed 1001 free_e2e_fair epoch  81/180   7622 s
seed 1001 free_e2e_fair epoch  82/180   7726 s
seed 1001 free_e2e_fair epoch  83/180   7827 s
seed 1001 free_e2e_fair epoch  84/180   7912 s
seed 1001 free_e2e_fair epoch  85/180   7990 s
seed 1001 free_e2e_fair epoch  86/180   8073 s
seed 1001 free_e2e_fair epoch  87/180   8170 s
seed 1001 free_e2e_fair epoch  88/180   8242 s
seed 1001 free_e2e_fair epoch  89/180   8324 s
seed 1001 free_e2e_fair epoch  90/180   8408 s
seed 1001 free_e2e_fair epoch  91/180   8499 s
seed 1001 free_e2e_fair epoch  92/180   8593 s
seed 1001 free_e2e_fair epoch  93/180   8687 s
seed 1001 free_e2e_fair epoch  94/180   8790 s
seed 1001 free_e2e_fair epoch  95/180   8897 s
seed 1001 free_e2e_fair epoch  96/180   9012 s
seed 1001 free_e2e_fair epoch  97/180   9107 s
seed 1001 free_e2e_fair epoch  98/180   9200 s
seed 1001 free_e2e_fair epoch  99/180   9308 s
seed 1001 free_e2e_fair epoch 100/180   9401 s
seed 1001 free_e2e_fair epoch 101/180   9476 s
seed 1001 free_e2e_fair epoch 102/180   9553 s
seed 1001 free_e2e_fair epoch 103/180   9633 s
seed 1001 free_e2e_fair epoch 104/180   9701 s
seed 1001 free_e2e_fair epoch 105/180   9775 s
seed 1001 free_e2e_fair epoch 106/180   9847 s
seed 1001 free_e2e_fair epoch 107/180   9941 s
seed 1001 free_e2e_fair epoch 108/180  10027 s
seed 1001 free_e2e_fair epoch 109/180  10104 s
seed 1001 free_e2e_fair epoch 110/180  10188 s
seed 1001 free_e2e_fair epoch 111/180  10316 s
seed 1001 free_e2e_fair epoch 112/180  10402 s
seed 1001 free_e2e_fair epoch 113/180  10478 s
seed 1001 free_e2e_fair epoch 114/180  10579 s
seed 1001 free_e2e_fair epoch 115/180  10661 s
seed 1001 free_e2e_fair epoch 116/180  10741 s
seed 1001 free_e2e_fair epoch 117/180  10817 s
seed 1001 free_e2e_fair epoch 118/180  10909 s
seed 1001 free_e2e_fair epoch 119/180  11014 s
seed 1001 free_e2e_fair epoch 120/180  11126 s
seed 1001 free_e2e_fair epoch 121/180  11217 s
seed 1001 free_e2e_fair epoch 122/180  11313 s
seed 1001 free_e2e_fair epoch 123/180  11418 s
seed 1001 free_e2e_fair epoch 124/180  11535 s
seed 1001 free_e2e_fair epoch 125/180  11612 s
seed 1001 free_e2e_fair epoch 126/180  11683 s
seed 1001 free_e2e_fair epoch 127/180  11746 s
seed 1001 free_e2e_fair epoch 128/180  11818 s
seed 1001 free_e2e_fair epoch 129/180  11887 s
seed 1001 free_e2e_fair epoch 130/180  11961 s
seed 1001 free_e2e_fair epoch 131/180  12032 s
seed 1001 free_e2e_fair epoch 132/180  12097 s
seed 1001 free_e2e_fair epoch 133/180  12155 s
seed 1001 free_e2e_fair epoch 134/180  12223 s
seed 1001 free_e2e_fair epoch 135/180  12293 s
seed 1001 free_e2e_fair epoch 136/180  12368 s
seed 1001 free_e2e_fair epoch 137/180  12447 s
seed 1001 free_e2e_fair epoch 138/180  12504 s
seed 1001 free_e2e_fair epoch 139/180  12563 s
seed 1001 free_e2e_fair epoch 140/180  12625 s
seed 1001 free_e2e_fair epoch 141/180  12732 s
seed 1001 free_e2e_fair epoch 142/180  12826 s
seed 1001 free_e2e_fair epoch 143/180  12930 s
seed 1001 free_e2e_fair epoch 144/180  13053 s
seed 1001 free_e2e_fair epoch 145/180  13144 s
seed 1001 free_e2e_fair epoch 146/180  13227 s
seed 1001 free_e2e_fair epoch 147/180  13320 s
seed 1001 free_e2e_fair epoch 148/180  13410 s
seed 1001 free_e2e_fair epoch 149/180  13504 s
seed 1001 free_e2e_fair epoch 150/180  13597 s
seed 1001 free_e2e_fair epoch 151/180  13692 s
seed 1001 free_e2e_fair epoch 152/180  13785 s
seed 1001 free_e2e_fair epoch 153/180  13858 s
seed 1001 free_e2e_fair epoch 154/180  13959 s
seed 1001 free_e2e_fair epoch 155/180  14048 s
seed 1001 free_e2e_fair epoch 156/180  14129 s
seed 1001 free_e2e_fair epoch 157/180  14214 s
seed 1001 free_e2e_fair epoch 158/180  14299 s
seed 1001 free_e2e_fair epoch 159/180  14401 s
seed 1001 free_e2e_fair epoch 160/180  14505 s
seed 1001 free_e2e_fair epoch 161/180  14626 s
seed 1001 free_e2e_fair epoch 162/180  14727 s
seed 1001 free_e2e_fair epoch 163/180  14825 s
seed 1001 free_e2e_fair epoch 164/180  14919 s
seed 1001 free_e2e_fair epoch 165/180  15020 s
seed 1001 free_e2e_fair epoch 166/180  15111 s
seed 1001 free_e2e_fair epoch 167/180  15224 s
seed 1001 free_e2e_fair epoch 168/180  15344 s
seed 1001 free_e2e_fair epoch 169/180  15457 s
seed 1001 free_e2e_fair epoch 170/180  15573 s
seed 1001 free_e2e_fair epoch 171/180  15669 s
seed 1001 free_e2e_fair epoch 172/180  15769 s
seed 1001 free_e2e_fair epoch 173/180  15873 s
seed 1001 free_e2e_fair epoch 174/180  16016 s
seed 1001 free_e2e_fair epoch 175/180  16115 s
seed 1001 free_e2e_fair epoch 176/180  16213 s
seed 1001 free_e2e_fair epoch 177/180  16310 s
seed 1001 free_e2e_fair epoch 178/180  16402 s
seed 1001 free_e2e_fair epoch 179/180  16501 s
seed 1001 free_e2e_fair epoch 180/180  16614 s
seed 1001: written
seed 1005 fixed_warped epoch   1/90     29 s
seed 1005 fixed_warped epoch   2/90     54 s
seed 1005 fixed_warped epoch   3/90     81 s
seed 1005 fixed_warped epoch   4/90    123 s
seed 1005 fixed_warped epoch   5/90    158 s
seed 1005 fixed_warped epoch   6/90    189 s
seed 1005 fixed_warped epoch   7/90    246 s
seed 1005 fixed_warped epoch   8/90    280 s
seed 1005 fixed_warped epoch   9/90    308 s
seed 1005 fixed_warped epoch  10/90    338 s
seed 1005 fixed_warped epoch  11/90    367 s
seed 1005 fixed_warped epoch  12/90    393 s
seed 1005 fixed_warped epoch  13/90    423 s
seed 1005 fixed_warped epoch  14/90    451 s
seed 1005 fixed_warped epoch  15/90    481 s
seed 1005 fixed_warped epoch  16/90    510 s
seed 1005 fixed_warped epoch  17/90    541 s
seed 1005 fixed_warped epoch  18/90    569 s
seed 1005 fixed_warped epoch  19/90    597 s
seed 1005 fixed_warped epoch  20/90    633 s
seed 1005 fixed_warped epoch  21/90    663 s
seed 1005 fixed_warped epoch  22/90    687 s
seed 1005 fixed_warped epoch  23/90    741 s
seed 1005 fixed_warped epoch  24/90    768 s
seed 1005 fixed_warped epoch  25/90    799 s
seed 1005 fixed_warped epoch  26/90    828 s
seed 1005 fixed_warped epoch  27/90    856 s
seed 1005 fixed_warped epoch  28/90    878 s
seed 1005 fixed_warped epoch  29/90    906 s
seed 1005 fixed_warped epoch  30/90    954 s
seed 1005 fixed_warped epoch  31/90    991 s
seed 1005 fixed_warped epoch  32/90   1040 s
seed 1005 fixed_warped epoch  33/90   1066 s
seed 1005 fixed_warped epoch  34/90   1096 s
seed 1005 fixed_warped epoch  35/90   1134 s
seed 1005 fixed_warped epoch  36/90   1160 s
seed 1005 fixed_warped epoch  37/90   1185 s
seed 1005 fixed_warped epoch  38/90   1209 s
seed 1005 fixed_warped epoch  39/90   1255 s
seed 1005 fixed_warped epoch  40/90   1289 s
seed 1005 fixed_warped epoch  41/90   1321 s
seed 1005 fixed_warped epoch  42/90   1348 s
seed 1005 fixed_warped epoch  43/90   1375 s
seed 1005 fixed_warped epoch  44/90   1402 s
seed 1005 fixed_warped epoch  45/90   1455 s
seed 1005 fixed_warped epoch  46/90   1484 s
seed 1005 fixed_warped epoch  47/90   1514 s
seed 1005 fixed_warped epoch  48/90   1565 s
seed 1005 fixed_warped epoch  49/90   1599 s
seed 1005 fixed_warped epoch  50/90   1641 s
seed 1005 fixed_warped epoch  51/90   1677 s
seed 1005 fixed_warped epoch  52/90   1709 s
seed 1005 fixed_warped epoch  53/90   1747 s
seed 1005 fixed_warped epoch  54/90   1778 s
seed 1005 fixed_warped epoch  55/90   1804 s
seed 1005 fixed_warped epoch  56/90   1835 s
seed 1005 fixed_warped epoch  57/90   1860 s
seed 1005 fixed_warped epoch  58/90   1887 s
seed 1005 fixed_warped epoch  59/90   1913 s
seed 1005 fixed_warped epoch  60/90   1942 s
seed 1005 fixed_warped epoch  61/90   1974 s
seed 1005 fixed_warped epoch  62/90   2000 s
seed 1005 fixed_warped epoch  63/90   2028 s
seed 1005 fixed_warped epoch  64/90   2062 s
seed 1005 fixed_warped epoch  65/90   2085 s
seed 1005 fixed_warped epoch  66/90   2113 s
seed 1005 fixed_warped epoch  67/90   2138 s
seed 1005 fixed_warped epoch  68/90   2165 s
seed 1005 fixed_warped epoch  69/90   2191 s
seed 1005 fixed_warped epoch  70/90   2221 s
seed 1005 fixed_warped epoch  71/90   2248 s
seed 1005 fixed_warped epoch  72/90   2274 s
seed 1005 fixed_warped epoch  73/90   2305 s
seed 1005 fixed_warped epoch  74/90   2332 s
seed 1005 fixed_warped epoch  75/90   2359 s
seed 1005 fixed_warped epoch  76/90   2388 s
seed 1005 fixed_warped epoch  77/90   2417 s
seed 1005 fixed_warped epoch  78/90   2470 s
seed 1005 fixed_warped epoch  79/90   2500 s
seed 1005 fixed_warped epoch  80/90   2517 s
seed 1005 fixed_warped epoch  81/90   2533 s
seed 1005 fixed_warped epoch  82/90   2551 s
seed 1005 fixed_warped epoch  83/90   2580 s
seed 1005 fixed_warped epoch  84/90   2607 s
seed 1005 fixed_warped epoch  85/90   2638 s
seed 1005 fixed_warped epoch  86/90   2667 s
seed 1005 fixed_warped epoch  87/90   2698 s
seed 1005 fixed_warped epoch  88/90   2726 s
seed 1005 fixed_warped epoch  89/90   2754 s
seed 1005 fixed_warped epoch  90/90   2785 s
seed 1005 free_e2e_fair epoch   1/180     76 s
seed 1005 free_e2e_fair epoch   2/180    161 s
seed 1005 free_e2e_fair epoch   3/180    232 s
seed 1005 free_e2e_fair epoch   4/180    310 s
seed 1005 free_e2e_fair epoch   5/180    386 s
seed 1005 free_e2e_fair epoch   6/180    482 s
seed 1005 free_e2e_fair epoch   7/180    575 s
seed 1005 free_e2e_fair epoch   8/180    665 s
seed 1005 free_e2e_fair epoch   9/180    751 s
seed 1005 free_e2e_fair epoch  10/180    843 s
seed 1005 free_e2e_fair epoch  11/180    917 s
seed 1005 free_e2e_fair epoch  12/180   1001 s
seed 1005 free_e2e_fair epoch  13/180   1089 s
seed 1005 free_e2e_fair epoch  14/180   1176 s
seed 1005 free_e2e_fair epoch  15/180   1247 s
seed 1005 free_e2e_fair epoch  16/180   1312 s
seed 1005 free_e2e_fair epoch  17/180   1418 s
seed 1005 free_e2e_fair epoch  18/180   1519 s
seed 1005 free_e2e_fair epoch  19/180   1658 s
seed 1005 free_e2e_fair epoch  20/180   1731 s
seed 1005 free_e2e_fair epoch  21/180   1820 s
seed 1005 free_e2e_fair epoch  22/180   1900 s
seed 1005 free_e2e_fair epoch  23/180   1956 s
seed 1005 free_e2e_fair epoch  24/180   2012 s
seed 1005 free_e2e_fair epoch  25/180   2076 s
seed 1005 free_e2e_fair epoch  26/180   2149 s
seed 1005 free_e2e_fair epoch  27/180   2230 s
seed 1005 free_e2e_fair epoch  28/180   2277 s
seed 1005 free_e2e_fair epoch  29/180   2319 s
seed 1005 free_e2e_fair epoch  30/180   2368 s
seed 1005 free_e2e_fair epoch  31/180   2448 s
seed 1005 free_e2e_fair epoch  32/180   2515 s
seed 1005 free_e2e_fair epoch  33/180   2579 s
seed 1005 free_e2e_fair epoch  34/180   2660 s
seed 1005 free_e2e_fair epoch  35/180   2736 s
seed 1005 free_e2e_fair epoch  36/180   2814 s
seed 1005 free_e2e_fair epoch  37/180   2879 s
seed 1005 free_e2e_fair epoch  38/180   2953 s
seed 1005 free_e2e_fair epoch  39/180   3016 s
seed 1005 free_e2e_fair epoch  40/180   3080 s
seed 1005 free_e2e_fair epoch  41/180   3139 s
seed 1005 free_e2e_fair epoch  42/180   3188 s
seed 1005 free_e2e_fair epoch  43/180   3237 s
seed 1005 free_e2e_fair epoch  44/180   3292 s
seed 1005 free_e2e_fair epoch  45/180   3371 s
seed 1005 free_e2e_fair epoch  46/180   3418 s
seed 1005 free_e2e_fair epoch  47/180   3521 s
seed 1005 free_e2e_fair epoch  48/180   3622 s
seed 1005 free_e2e_fair epoch  49/180   3701 s
seed 1005 free_e2e_fair epoch  50/180   3795 s
seed 1005 free_e2e_fair epoch  51/180   3880 s
seed 1005 free_e2e_fair epoch  52/180   3982 s
seed 1005 free_e2e_fair epoch  53/180   4069 s
seed 1005 free_e2e_fair epoch  54/180   4177 s
seed 1005 free_e2e_fair epoch  55/180   4257 s
seed 1005 free_e2e_fair epoch  56/180   4363 s
seed 1005 free_e2e_fair epoch  57/180   4473 s
seed 1005 free_e2e_fair epoch  58/180   4572 s
seed 1005 free_e2e_fair epoch  59/180   4676 s
seed 1005 free_e2e_fair epoch  60/180   4756 s
seed 1005 free_e2e_fair epoch  61/180   4822 s
seed 1005 free_e2e_fair epoch  62/180   4927 s
seed 1005 free_e2e_fair epoch  63/180   5029 s
seed 1005 free_e2e_fair epoch  64/180   5132 s
seed 1005 free_e2e_fair epoch  65/180   5219 s
seed 1005 free_e2e_fair epoch  66/180   5302 s
seed 1005 free_e2e_fair epoch  67/180   5424 s
seed 1005 free_e2e_fair epoch  68/180   5553 s
seed 1005 free_e2e_fair epoch  69/180   5636 s
seed 1005 free_e2e_fair epoch  70/180   5722 s
seed 1005 free_e2e_fair epoch  71/180   5803 s
seed 1005 free_e2e_fair epoch  72/180   5881 s
seed 1005 free_e2e_fair epoch  73/180   5945 s
seed 1005 free_e2e_fair epoch  74/180   5990 s
seed 1005 free_e2e_fair epoch  75/180   6032 s
seed 1005 free_e2e_fair epoch  76/180   6073 s
seed 1005 free_e2e_fair epoch  77/180   6114 s
seed 1005 free_e2e_fair epoch  78/180   6168 s
seed 1005 free_e2e_fair epoch  79/180   6275 s
seed 1005 free_e2e_fair epoch  80/180   6358 s
seed 1005 free_e2e_fair epoch  81/180   6416 s
seed 1005 free_e2e_fair epoch  82/180   6474 s
seed 1005 free_e2e_fair epoch  83/180   6524 s
seed 1005 free_e2e_fair epoch  84/180   6574 s
seed 1005 free_e2e_fair epoch  85/180   6625 s
seed 1005 free_e2e_fair epoch  86/180   6684 s
seed 1005 free_e2e_fair epoch  87/180   6734 s
seed 1005 free_e2e_fair epoch  88/180   6781 s
seed 1005 free_e2e_fair epoch  89/180   6829 s
seed 1005 free_e2e_fair epoch  90/180   6874 s
seed 1005 free_e2e_fair epoch  91/180   6920 s
seed 1005 free_e2e_fair epoch  92/180   6970 s
seed 1005 free_e2e_fair epoch  93/180   7013 s
seed 1005 free_e2e_fair epoch  94/180   7063 s
seed 1005 free_e2e_fair epoch  95/180   7104 s
seed 1005 free_e2e_fair epoch  96/180   7144 s
seed 1005 free_e2e_fair epoch  97/180   7186 s
seed 1005 free_e2e_fair epoch  98/180   7236 s
seed 1005 free_e2e_fair epoch  99/180   7276 s
seed 1005 free_e2e_fair epoch 100/180   7317 s
seed 1005 free_e2e_fair epoch 101/180   7359 s
seed 1005 free_e2e_fair epoch 102/180   7399 s
seed 1005 free_e2e_fair epoch 103/180   7440 s
seed 1005 free_e2e_fair epoch 104/180   7481 s
seed 1005 free_e2e_fair epoch 105/180   7521 s
seed 1005 free_e2e_fair epoch 106/180   7564 s
seed 1005 free_e2e_fair epoch 107/180   7609 s
seed 1005 free_e2e_fair epoch 108/180   7659 s
seed 1005 free_e2e_fair epoch 109/180   7707 s
seed 1005 free_e2e_fair epoch 110/180   7772 s
seed 1005 free_e2e_fair epoch 111/180   7819 s
seed 1005 free_e2e_fair epoch 112/180   7870 s
seed 1005 free_e2e_fair epoch 113/180   7917 s
seed 1005 free_e2e_fair epoch 114/180   7975 s
seed 1005 free_e2e_fair epoch 115/180   8042 s
seed 1005 free_e2e_fair epoch 116/180   8086 s
seed 1005 free_e2e_fair epoch 117/180   8130 s
seed 1005 free_e2e_fair epoch 118/180   8172 s
seed 1005 free_e2e_fair epoch 119/180   8213 s
seed 1005 free_e2e_fair epoch 120/180   8260 s
seed 1005 free_e2e_fair epoch 121/180   8316 s
seed 1005 free_e2e_fair epoch 122/180   8387 s
seed 1005 free_e2e_fair epoch 123/180   8460 s
seed 1005 free_e2e_fair epoch 124/180   8529 s
seed 1005 free_e2e_fair epoch 125/180   8639 s
seed 1005 free_e2e_fair epoch 126/180   8707 s
seed 1005 free_e2e_fair epoch 127/180   8856 s
seed 1005 free_e2e_fair epoch 128/180   8934 s
seed 1005 free_e2e_fair epoch 129/180   9008 s
seed 1005 free_e2e_fair epoch 130/180   9065 s
seed 1005 free_e2e_fair epoch 131/180   9108 s
seed 1005 free_e2e_fair epoch 132/180   9150 s
seed 1005 free_e2e_fair epoch 133/180   9190 s
seed 1005 free_e2e_fair epoch 134/180   9228 s
seed 1005 free_e2e_fair epoch 135/180   9274 s
seed 1005 free_e2e_fair epoch 136/180   9315 s
seed 1005 free_e2e_fair epoch 137/180   9354 s
seed 1005 free_e2e_fair epoch 138/180   9394 s
seed 1005 free_e2e_fair epoch 139/180   9436 s
seed 1005 free_e2e_fair epoch 140/180   9475 s
seed 1005 free_e2e_fair epoch 141/180   9525 s
seed 1005 free_e2e_fair epoch 142/180   9580 s
seed 1005 free_e2e_fair epoch 143/180   9624 s
seed 1005 free_e2e_fair epoch 144/180   9669 s
seed 1005 free_e2e_fair epoch 145/180   9712 s
seed 1005 free_e2e_fair epoch 146/180   9757 s
seed 1005 free_e2e_fair epoch 147/180   9803 s
seed 1005 free_e2e_fair epoch 148/180   9853 s
seed 1005 free_e2e_fair epoch 149/180   9896 s
seed 1005 free_e2e_fair epoch 150/180   9941 s
seed 1005 free_e2e_fair epoch 151/180  10001 s
seed 1005 free_e2e_fair epoch 152/180  10049 s
seed 1005 free_e2e_fair epoch 153/180  10095 s
seed 1005 free_e2e_fair epoch 154/180  10138 s
seed 1005 free_e2e_fair epoch 155/180  10180 s
seed 1005 free_e2e_fair epoch 156/180  10227 s
seed 1005 free_e2e_fair epoch 157/180  10275 s
seed 1005 free_e2e_fair epoch 158/180  10323 s
seed 1005 free_e2e_fair epoch 159/180  10371 s
seed 1005 free_e2e_fair epoch 160/180  10437 s
seed 1005 free_e2e_fair epoch 161/180  10487 s
seed 1005 free_e2e_fair epoch 162/180  10537 s
seed 1005 free_e2e_fair epoch 163/180  10679 s
seed 1005 free_e2e_fair epoch 164/180  10760 s
seed 1005 free_e2e_fair epoch 165/180  10835 s
seed 1005 free_e2e_fair epoch 166/180  10938 s
seed 1005 free_e2e_fair epoch 167/180  11014 s
seed 1005 free_e2e_fair epoch 168/180  11087 s
seed 1005 free_e2e_fair epoch 169/180  11141 s
seed 1005 free_e2e_fair epoch 170/180  11208 s
seed 1005 free_e2e_fair epoch 171/180  11272 s
seed 1005 free_e2e_fair epoch 172/180  11336 s
seed 1005 free_e2e_fair epoch 173/180  11399 s
seed 1005 free_e2e_fair epoch 174/180  11457 s
seed 1005 free_e2e_fair epoch 175/180  11521 s
seed 1005 free_e2e_fair epoch 176/180  11586 s
seed 1005 free_e2e_fair epoch 177/180  11640 s
seed 1005 free_e2e_fair epoch 178/180  11701 s
seed 1005 free_e2e_fair epoch 179/180  11759 s
seed 1005 free_e2e_fair epoch 180/180  11801 s
seed 1005: written
