nohup: ignoring input
seed 777 fixed_warped epoch   1/90    129 s
seed 777 fixed_warped epoch   2/90    189 s
seed 777 fixed_warped epoch   3/90    251 s
seed 777 fixed_warped epoch   4/90    318 s
seed 777 fixed_warped epoch   5/90    370 s
seed 777 fixed_warped epoch   6/90    423 s
seed 777 fixed_warped epoch   7/90    512 s
seed 777 fixed_warped epoch   8/90    552 s
seed 777 fixed_warped epoch   9/90    589 s
seed 777 fixed_warped epoch  10/90    635 s
seed 777 fixed_warped epoch  11/90    676 s
seed 777 fixed_warped epoch  12/90    730 s
seed 777 fixed_warped epoch  13/90    795 s
seed 777 fixed_warped epoch  14/90    841 s
seed 777 fixed_warped epoch  15/90    875 s
seed 777 fixed_warped epoch  16/90    909 s
seed 777 fixed_warped epoch  17/90    942 s
seed 777 fixed_warped epoch  18/90    976 s
seed 777 fixed_warped epoch  19/90   1014 s
seed 777 fixed_warped epoch  20/90   1052 s
seed 777 fixed_warped epoch  21/90   1089 s
seed 777 fixed_warped epoch  22/90   1131 s
seed 777 fixed_warped epoch  23/90   1165 s
seed 777 fixed_warped epoch  24/90   1205 s
seed 777 fixed_warped epoch  25/90   1247 s
seed 777 fixed_warped epoch  26/90   1288 s
seed 777 fixed_warped epoch  27/90   1331 s
seed 777 fixed_warped epoch  28/90   1380 s
seed 777 fixed_warped epoch  29/90   1415 s
seed 777 fixed_warped epoch  30/90   1449 s
seed 777 fixed_warped epoch  31/90   1480 s
seed 777 fixed_warped epoch  32/90   1527 s
seed 777 fixed_warped epoch  33/90   1564 s
seed 777 fixed_warped epoch  34/90   1621 s
seed 777 fixed_warped epoch  35/90   1669 s
seed 777 fixed_warped epoch  36/90   1712 s
seed 777 fixed_warped epoch  37/90   1746 s
seed 777 fixed_warped epoch  38/90   1794 s
seed 777 fixed_warped epoch  39/90   1839 s
seed 777 fixed_warped epoch  40/90   1876 s
seed 777 fixed_warped epoch  41/90   1922 s
seed 777 fixed_warped epoch  42/90   2002 s
seed 777 fixed_warped epoch  43/90   2039 s
seed 777 fixed_warped epoch  44/90   2076 s
seed 777 fixed_warped epoch  45/90   2110 s
seed 777 fixed_warped epoch  46/90   2141 s
seed 777 fixed_warped epoch  47/90   2172 s
seed 777 fixed_warped epoch  48/90   2211 s
seed 777 fixed_warped epoch  49/90   2255 s
seed 777 fixed_warped epoch  50/90   2287 s
seed 777 fixed_warped epoch  51/90   2317 s
seed 777 fixed_warped epoch  52/90   2349 s
seed 777 fixed_warped epoch  53/90   2380 s
seed 777 fixed_warped epoch  54/90   2412 s
seed 777 fixed_warped epoch  55/90   2443 s
seed 777 fixed_warped epoch  56/90   2478 s
seed 777 fixed_warped epoch  57/90   2511 s
seed 777 fixed_warped epoch  58/90   2545 s
seed 777 fixed_warped epoch  59/90   2576 s
seed 777 fixed_warped epoch  60/90   2609 s
seed 777 fixed_warped epoch  61/90   2641 s
seed 777 fixed_warped epoch  62/90   2673 s
seed 777 fixed_warped epoch  63/90   2701 s
seed 777 fixed_warped epoch  64/90   2730 s
seed 777 fixed_warped epoch  65/90   2759 s
seed 777 fixed_warped epoch  66/90   2789 s
seed 777 fixed_warped epoch  67/90   2823 s
seed 777 fixed_warped epoch  68/90   2853 s
seed 777 fixed_warped epoch  69/90   2886 s
seed 777 fixed_warped epoch  70/90   2913 s
seed 777 fixed_warped epoch  71/90   2941 s
seed 777 fixed_warped epoch  72/90   2972 s
seed 777 fixed_warped epoch  73/90   3002 s
seed 777 fixed_warped epoch  74/90   3037 s
seed 777 fixed_warped epoch  75/90   3073 s
seed 777 fixed_warped epoch  76/90   3114 s
seed 777 fixed_warped epoch  77/90   3152 s
seed 777 fixed_warped epoch  78/90   3184 s
seed 777 fixed_warped epoch  79/90   3221 s
seed 777 fixed_warped epoch  80/90   3256 s
seed 777 fixed_warped epoch  81/90   3311 s
seed 777 fixed_warped epoch  82/90   3353 s
seed 777 fixed_warped epoch  83/90   3392 s
seed 777 fixed_warped epoch  84/90   3420 s
seed 777 fixed_warped epoch  85/90   3458 s
seed 777 fixed_warped epoch  86/90   3490 s
seed 777 fixed_warped epoch  87/90   3523 s
seed 777 fixed_warped epoch  88/90   3550 s
seed 777 fixed_warped epoch  89/90   3584 s
seed 777 fixed_warped epoch  90/90   3614 s
seed 777 free_e2e_fair epoch   1/180    120 s
seed 777 free_e2e_fair epoch   2/180    208 s
seed 777 free_e2e_fair epoch   3/180    299 s
seed 777 free_e2e_fair epoch   4/180    378 s
seed 777 free_e2e_fair epoch   5/180    463 s
seed 777 free_e2e_fair epoch   6/180    546 s
seed 777 free_e2e_fair epoch   7/180    656 s
seed 777 free_e2e_fair epoch   8/180    758 s
seed 777 free_e2e_fair epoch   9/180    853 s
seed 777 free_e2e_fair epoch  10/180    962 s
seed 777 free_e2e_fair epoch  11/180   1071 s
seed 777 free_e2e_fair epoch  12/180   1167 s
seed 777 free_e2e_fair epoch  13/180   1294 s
seed 777 free_e2e_fair epoch  14/180   1434 s
seed 777 free_e2e_fair epoch  15/180   1562 s
seed 777 free_e2e_fair epoch  16/180   1666 s
seed 777 free_e2e_fair epoch  17/180   1768 s
seed 777 free_e2e_fair epoch  18/180   1875 s
seed 777 free_e2e_fair epoch  19/180   1996 s
seed 777 free_e2e_fair epoch  20/180   2101 s
seed 777 free_e2e_fair epoch  21/180   2193 s
seed 777 free_e2e_fair epoch  22/180   2304 s
seed 777 free_e2e_fair epoch  23/180   2406 s
seed 777 free_e2e_fair epoch  24/180   2493 s
seed 777 free_e2e_fair epoch  25/180   2614 s
seed 777 free_e2e_fair epoch  26/180   2752 s
seed 777 free_e2e_fair epoch  27/180   2861 s
seed 777 free_e2e_fair epoch  28/180   2949 s
seed 777 free_e2e_fair epoch  29/180   3043 s
seed 777 free_e2e_fair epoch  30/180   3164 s
seed 777 free_e2e_fair epoch  31/180   3328 s
seed 777 free_e2e_fair epoch  32/180   3700 s
seed 777 free_e2e_fair epoch  33/180   3814 s
seed 777 free_e2e_fair epoch  34/180   3971 s
seed 777 free_e2e_fair epoch  35/180   4078 s
seed 777 free_e2e_fair epoch  36/180   4179 s
seed 777 free_e2e_fair epoch  37/180   4263 s
seed 777 free_e2e_fair epoch  38/180   4342 s
seed 777 free_e2e_fair epoch  39/180   4429 s
seed 777 free_e2e_fair epoch  40/180   4512 s
seed 777 free_e2e_fair epoch  41/180   4595 s
seed 777 free_e2e_fair epoch  42/180   4678 s
seed 777 free_e2e_fair epoch  43/180   4760 s
seed 777 free_e2e_fair epoch  44/180   4846 s
seed 777 free_e2e_fair epoch  45/180   4948 s
seed 777 free_e2e_fair epoch  46/180   5054 s
seed 777 free_e2e_fair epoch  47/180   5187 s
seed 777 free_e2e_fair epoch  48/180   5346 s
seed 777 free_e2e_fair epoch  49/180   5459 s
seed 777 free_e2e_fair epoch  50/180   5543 s
seed 777 free_e2e_fair epoch  51/180   5632 s
seed 777 free_e2e_fair epoch  52/180   5716 s
seed 777 free_e2e_fair epoch  53/180   5914 s
seed 777 free_e2e_fair epoch  54/180   6000 s
seed 777 free_e2e_fair epoch  55/180   6082 s
seed 777 free_e2e_fair epoch  56/180   6168 s
seed 777 free_e2e_fair epoch  57/180   6251 s
seed 777 free_e2e_fair epoch  58/180   6337 s
seed 777 free_e2e_fair epoch  59/180   6420 s
seed 777 free_e2e_fair epoch  60/180   6502 s
seed 777 free_e2e_fair epoch  61/180   6591 s
seed 777 free_e2e_fair epoch  62/180   6677 s
seed 777 free_e2e_fair epoch  63/180   6761 s
seed 777 free_e2e_fair epoch  64/180   6843 s
seed 777 free_e2e_fair epoch  65/180   6931 s
seed 777 free_e2e_fair epoch  66/180   7019 s
seed 777 free_e2e_fair epoch  67/180   7109 s
seed 777 free_e2e_fair epoch  68/180   7196 s
seed 777 free_e2e_fair epoch  69/180   7280 s
seed 777 free_e2e_fair epoch  70/180   7366 s
seed 777 free_e2e_fair epoch  71/180   7458 s
seed 777 free_e2e_fair epoch  72/180   7545 s
seed 777 free_e2e_fair epoch  73/180   7633 s
seed 777 free_e2e_fair epoch  74/180   7721 s
seed 777 free_e2e_fair epoch  75/180   7813 s
seed 777 free_e2e_fair epoch  76/180   7908 s
seed 777 free_e2e_fair epoch  77/180   7998 s
seed 777 free_e2e_fair epoch  78/180   8093 s
seed 777 free_e2e_fair epoch  79/180   8184 s
seed 777 free_e2e_fair epoch  80/180   8274 s
seed 777 free_e2e_fair epoch  81/180   8365 s
seed 777 free_e2e_fair epoch  82/180   8466 s
seed 777 free_e2e_fair epoch  83/180   8554 s
seed 777 free_e2e_fair epoch  84/180   8641 s
seed 777 free_e2e_fair epoch  85/180   8725 s
seed 777 free_e2e_fair epoch  86/180   8813 s
seed 777 free_e2e_fair epoch  87/180   8897 s
seed 777 free_e2e_fair epoch  88/180   9006 s
seed 777 free_e2e_fair epoch  89/180   9095 s
seed 777 free_e2e_fair epoch  90/180   9176 s
seed 777 free_e2e_fair epoch  91/180   9255 s
seed 777 free_e2e_fair epoch  92/180   9348 s
seed 777 free_e2e_fair epoch  93/180   9432 s
seed 777 free_e2e_fair epoch  94/180   9520 s
seed 777 free_e2e_fair epoch  95/180   9614 s
seed 777 free_e2e_fair epoch  96/180   9697 s
seed 777 free_e2e_fair epoch  97/180   9780 s
seed 777 free_e2e_fair epoch  98/180   9850 s
seed 777 free_e2e_fair epoch  99/180   9923 s
seed 777 free_e2e_fair epoch 100/180  10012 s
seed 777 free_e2e_fair epoch 101/180  10089 s
seed 777 free_e2e_fair epoch 102/180  10167 s
seed 777 free_e2e_fair epoch 103/180  10243 s
seed 777 free_e2e_fair epoch 104/180  10325 s
seed 777 free_e2e_fair epoch 105/180  10437 s
seed 777 free_e2e_fair epoch 106/180  10523 s
seed 777 free_e2e_fair epoch 107/180  10603 s
seed 777 free_e2e_fair epoch 108/180  10692 s
seed 777 free_e2e_fair epoch 109/180  10773 s
seed 777 free_e2e_fair epoch 110/180  10848 s
seed 777 free_e2e_fair epoch 111/180  10931 s
seed 777 free_e2e_fair epoch 112/180  11022 s
seed 777 free_e2e_fair epoch 113/180  11120 s
seed 777 free_e2e_fair epoch 114/180  11201 s
seed 777 free_e2e_fair epoch 115/180  11285 s
seed 777 free_e2e_fair epoch 116/180  11372 s
seed 777 free_e2e_fair epoch 117/180  11464 s
seed 777 free_e2e_fair epoch 118/180  11547 s
seed 777 free_e2e_fair epoch 119/180  11637 s
seed 777 free_e2e_fair epoch 120/180  11726 s
seed 777 free_e2e_fair epoch 121/180  11808 s
seed 777 free_e2e_fair epoch 122/180  11892 s
seed 777 free_e2e_fair epoch 123/180  11972 s
seed 777 free_e2e_fair epoch 124/180  12058 s
seed 777 free_e2e_fair epoch 125/180  12139 s
seed 777 free_e2e_fair epoch 126/180  12228 s
seed 777 free_e2e_fair epoch 127/180  12312 s
seed 777 free_e2e_fair epoch 128/180  12402 s
seed 777 free_e2e_fair epoch 129/180  12493 s
seed 777 free_e2e_fair epoch 130/180  12581 s
seed 777 free_e2e_fair epoch 131/180  12688 s
seed 777 free_e2e_fair epoch 132/180  12771 s
seed 777 free_e2e_fair epoch 133/180  12832 s
seed 777 free_e2e_fair epoch 134/180  12901 s
seed 777 free_e2e_fair epoch 135/180  12972 s
seed 777 free_e2e_fair epoch 136/180  13063 s
seed 777 free_e2e_fair epoch 137/180  13179 s
seed 777 free_e2e_fair epoch 138/180  13264 s
seed 777 free_e2e_fair epoch 139/180  13345 s
seed 777 free_e2e_fair epoch 140/180  13415 s
seed 777 free_e2e_fair epoch 141/180  13489 s
seed 777 free_e2e_fair epoch 142/180  13561 s
seed 777 free_e2e_fair epoch 143/180  13629 s
seed 777 free_e2e_fair epoch 144/180  13711 s
seed 777 free_e2e_fair epoch 145/180  13824 s
seed 777 free_e2e_fair epoch 146/180  13925 s
seed 777 free_e2e_fair epoch 147/180  14010 s
seed 777 free_e2e_fair epoch 148/180  14101 s
seed 777 free_e2e_fair epoch 149/180  14184 s
seed 777 free_e2e_fair epoch 150/180  14268 s
seed 777 free_e2e_fair epoch 151/180  14351 s
seed 777 free_e2e_fair epoch 152/180  14431 s
seed 777 free_e2e_fair epoch 153/180  14513 s
seed 777 free_e2e_fair epoch 154/180  14600 s
seed 777 free_e2e_fair epoch 155/180  14676 s
seed 777 free_e2e_fair epoch 156/180  14785 s
seed 777 free_e2e_fair epoch 157/180  14884 s
seed 777 free_e2e_fair epoch 158/180  15009 s
seed 777 free_e2e_fair epoch 159/180  15114 s
seed 777 free_e2e_fair epoch 160/180  15221 s
seed 777 free_e2e_fair epoch 161/180  15329 s
seed 777 free_e2e_fair epoch 162/180  15437 s
seed 777 free_e2e_fair epoch 163/180  15542 s
seed 777 free_e2e_fair epoch 164/180  15651 s
seed 777 free_e2e_fair epoch 165/180  15760 s
seed 777 free_e2e_fair epoch 166/180  15870 s
seed 777 free_e2e_fair epoch 167/180  16112 s
seed 777 free_e2e_fair epoch 168/180  16366 s
seed 777 free_e2e_fair epoch 169/180  16527 s
seed 777 free_e2e_fair epoch 170/180  16662 s
seed 777 free_e2e_fair epoch 171/180  16856 s
seed 777 free_e2e_fair epoch 172/180  17007 s
seed 777 free_e2e_fair epoch 173/180  17144 s
seed 777 free_e2e_fair epoch 174/180  17268 s
seed 777 free_e2e_fair epoch 175/180  17374 s
seed 777 free_e2e_fair epoch 176/180  17504 s
seed 777 free_e2e_fair epoch 177/180  17637 s
seed 777 free_e2e_fair epoch 178/180  17762 s
seed 777 free_e2e_fair epoch 179/180  17902 s
seed 777 free_e2e_fair epoch 180/180  17997 s
seed 777: written
seed 1003 fixed_warped epoch   1/90     62 s
seed 1003 fixed_warped epoch   2/90    112 s
seed 1003 fixed_warped epoch   3/90    164 s
seed 1003 fixed_warped epoch   4/90    207 s
seed 1003 fixed_warped epoch   5/90    250 s
seed 1003 fixed_warped epoch   6/90    292 s
seed 1003 fixed_warped epoch   7/90    365 s
seed 1003 fixed_warped epoch   8/90    493 s
seed 1003 fixed_warped epoch   9/90    581 s
seed 1003 fixed_warped epoch  10/90    630 s
seed 1003 fixed_warped epoch  11/90    670 s
seed 1003 fixed_warped epoch  12/90    742 s
seed 1003 fixed_warped epoch  13/90    798 s
seed 1003 fixed_warped epoch  14/90    833 s
seed 1003 fixed_warped epoch  15/90    885 s
seed 1003 fixed_warped epoch  16/90    962 s
seed 1003 fixed_warped epoch  17/90   1008 s
seed 1003 fixed_warped epoch  18/90   1036 s
seed 1003 fixed_warped epoch  19/90   1064 s
seed 1003 fixed_warped epoch  20/90   1090 s
seed 1003 fixed_warped epoch  21/90   1116 s
seed 1003 fixed_warped epoch  22/90   1142 s
seed 1003 fixed_warped epoch  23/90   1167 s
seed 1003 fixed_warped epoch  24/90   1197 s
seed 1003 fixed_warped epoch  25/90   1232 s
seed 1003 fixed_warped epoch  26/90   1262 s
seed 1003 fixed_warped epoch  27/90   1289 s
seed 1003 fixed_warped epoch  28/90   1317 s
seed 1003 fixed_warped epoch  29/90   1351 s
seed 1003 fixed_warped epoch  30/90   1385 s
seed 1003 fixed_warped epoch  31/90   1417 s
seed 1003 fixed_warped epoch  32/90   1446 s
seed 1003 fixed_warped epoch  33/90   1476 s
seed 1003 fixed_warped epoch  34/90   1504 s
seed 1003 fixed_warped epoch  35/90   1534 s
seed 1003 fixed_warped epoch  36/90   1563 s
seed 1003 fixed_warped epoch  37/90   1591 s
seed 1003 fixed_warped epoch  38/90   1620 s
seed 1003 fixed_warped epoch  39/90   1650 s
seed 1003 fixed_warped epoch  40/90   1679 s
seed 1003 fixed_warped epoch  41/90   1709 s
seed 1003 fixed_warped epoch  42/90   1738 s
seed 1003 fixed_warped epoch  43/90   1767 s
seed 1003 fixed_warped epoch  44/90   1796 s
seed 1003 fixed_warped epoch  45/90   1825 s
seed 1003 fixed_warped epoch  46/90   1854 s
seed 1003 fixed_warped epoch  47/90   1883 s
seed 1003 fixed_warped epoch  48/90   1912 s
seed 1003 fixed_warped epoch  49/90   1941 s
seed 1003 fixed_warped epoch  50/90   1969 s
seed 1003 fixed_warped epoch  51/90   1998 s
seed 1003 fixed_warped epoch  52/90   2027 s
seed 1003 fixed_warped epoch  53/90   2056 s
seed 1003 fixed_warped epoch  54/90   2085 s
seed 1003 fixed_warped epoch  55/90   2114 s
seed 1003 fixed_warped epoch  56/90   2142 s
seed 1003 fixed_warped epoch  57/90   2171 s
seed 1003 fixed_warped epoch  58/90   2201 s
seed 1003 fixed_warped epoch  59/90   2230 s
seed 1003 fixed_warped epoch  60/90   2259 s
seed 1003 fixed_warped epoch  61/90   2287 s
seed 1003 fixed_warped epoch  62/90   2317 s
seed 1003 fixed_warped epoch  63/90   2346 s
seed 1003 fixed_warped epoch  64/90   2375 s
seed 1003 fixed_warped epoch  65/90   2404 s
seed 1003 fixed_warped epoch  66/90   2434 s
seed 1003 fixed_warped epoch  67/90   2463 s
seed 1003 fixed_warped epoch  68/90   2492 s
seed 1003 fixed_warped epoch  69/90   2522 s
seed 1003 fixed_warped epoch  70/90   2551 s
seed 1003 fixed_warped epoch  71/90   2580 s
seed 1003 fixed_warped epoch  72/90   2610 s
seed 1003 fixed_warped epoch  73/90   2639 s
seed 1003 fixed_warped epoch  74/90   2668 s
seed 1003 fixed_warped epoch  75/90   2697 s
seed 1003 fixed_warped epoch  76/90   2727 s
seed 1003 fixed_warped epoch  77/90   2756 s
seed 1003 fixed_warped epoch  78/90   2786 s
seed 1003 fixed_warped epoch  79/90   2817 s
seed 1003 fixed_warped epoch  80/90   2846 s
seed 1003 fixed_warped epoch  81/90   2876 s
seed 1003 fixed_warped epoch  82/90   2905 s
seed 1003 fixed_warped epoch  83/90   2935 s
seed 1003 fixed_warped epoch  84/90   2964 s
seed 1003 fixed_warped epoch  85/90   2994 s
seed 1003 fixed_warped epoch  86/90   3022 s
seed 1003 fixed_warped epoch  87/90   3051 s
seed 1003 fixed_warped epoch  88/90   3081 s
seed 1003 fixed_warped epoch  89/90   3111 s
seed 1003 fixed_warped epoch  90/90   3140 s
seed 1003 free_e2e_fair epoch   1/180     74 s
seed 1003 free_e2e_fair epoch   2/180    146 s
seed 1003 free_e2e_fair epoch   3/180    212 s
seed 1003 free_e2e_fair epoch   4/180    273 s
seed 1003 free_e2e_fair epoch   5/180    346 s
seed 1003 free_e2e_fair epoch   6/180    427 s
seed 1003 free_e2e_fair epoch   7/180    497 s
seed 1003 free_e2e_fair epoch   8/180    571 s
seed 1003 free_e2e_fair epoch   9/180    646 s
seed 1003 free_e2e_fair epoch  10/180    722 s
seed 1003 free_e2e_fair epoch  11/180    793 s
seed 1003 free_e2e_fair epoch  12/180    861 s
seed 1003 free_e2e_fair epoch  13/180    943 s
seed 1003 free_e2e_fair epoch  14/180   1011 s
seed 1003 free_e2e_fair epoch  15/180   1081 s
seed 1003 free_e2e_fair epoch  16/180   1175 s
seed 1003 free_e2e_fair epoch  17/180   1305 s
seed 1003 free_e2e_fair epoch  18/180   1394 s
seed 1003 free_e2e_fair epoch  19/180   1480 s
seed 1003 free_e2e_fair epoch  20/180   1602 s
seed 1003 free_e2e_fair epoch  21/180   1716 s
seed 1003 free_e2e_fair epoch  22/180   1820 s
seed 1003 free_e2e_fair epoch  23/180   1946 s
seed 1003 free_e2e_fair epoch  24/180   2044 s
seed 1003 free_e2e_fair epoch  25/180   2160 s
seed 1003 free_e2e_fair epoch  26/180   2270 s
seed 1003 free_e2e_fair epoch  27/180   2361 s
seed 1003 free_e2e_fair epoch  28/180   2445 s
seed 1003 free_e2e_fair epoch  29/180   2538 s
seed 1003 free_e2e_fair epoch  30/180   2625 s
seed 1003 free_e2e_fair epoch  31/180   2714 s
seed 1003 free_e2e_fair epoch  32/180   2805 s
seed 1003 free_e2e_fair epoch  33/180   2896 s
seed 1003 free_e2e_fair epoch  34/180   2979 s
seed 1003 free_e2e_fair epoch  35/180   3063 s
seed 1003 free_e2e_fair epoch  36/180   3146 s
seed 1003 free_e2e_fair epoch  37/180   3237 s
seed 1003 free_e2e_fair epoch  38/180   3356 s
seed 1003 free_e2e_fair epoch  39/180   3438 s
seed 1003 free_e2e_fair epoch  40/180   3535 s
seed 1003 free_e2e_fair epoch  41/180   3619 s
seed 1003 free_e2e_fair epoch  42/180   3706 s
seed 1003 free_e2e_fair epoch  43/180   3796 s
seed 1003 free_e2e_fair epoch  44/180   3885 s
seed 1003 free_e2e_fair epoch  45/180   3988 s
seed 1003 free_e2e_fair epoch  46/180   4081 s
seed 1003 free_e2e_fair epoch  47/180   4199 s
seed 1003 free_e2e_fair epoch  48/180   4289 s
seed 1003 free_e2e_fair epoch  49/180   4388 s
seed 1003 free_e2e_fair epoch  50/180   4498 s
seed 1003 free_e2e_fair epoch  51/180   4596 s
seed 1003 free_e2e_fair epoch  52/180   4691 s
seed 1003 free_e2e_fair epoch  53/180   4793 s
seed 1003 free_e2e_fair epoch  54/180   4892 s
seed 1003 free_e2e_fair epoch  55/180   4978 s
seed 1003 free_e2e_fair epoch  56/180   5106 s
seed 1003 free_e2e_fair epoch  57/180   5207 s
seed 1003 free_e2e_fair epoch  58/180   5310 s
seed 1003 free_e2e_fair epoch  59/180   5414 s
seed 1003 free_e2e_fair epoch  60/180   5537 s
seed 1003 free_e2e_fair epoch  61/180   5642 s
seed 1003 free_e2e_fair epoch  62/180   5741 s
seed 1003 free_e2e_fair epoch  63/180   5841 s
seed 1003 free_e2e_fair epoch  64/180   5936 s
seed 1003 free_e2e_fair epoch  65/180   6025 s
seed 1003 free_e2e_fair epoch  66/180   6135 s
seed 1003 free_e2e_fair epoch  67/180   6240 s
seed 1003 free_e2e_fair epoch  68/180   6330 s
seed 1003 free_e2e_fair epoch  69/180   6431 s
seed 1003 free_e2e_fair epoch  70/180   6525 s
seed 1003 free_e2e_fair epoch  71/180   6611 s
seed 1003 free_e2e_fair epoch  72/180   6697 s
seed 1003 free_e2e_fair epoch  73/180   6794 s
seed 1003 free_e2e_fair epoch  74/180   6889 s
seed 1003 free_e2e_fair epoch  75/180   6978 s
seed 1003 free_e2e_fair epoch  76/180   7071 s
seed 1003 free_e2e_fair epoch  77/180   7168 s
seed 1003 free_e2e_fair epoch  78/180   7254 s
seed 1003 free_e2e_fair epoch  79/180   7342 s
seed 1003 free_e2e_fair epoch  80/180   7428 s
seed 1003 free_e2e_fair epoch  81/180   7520 s
seed 1003 free_e2e_fair epoch  82/180   7629 s
seed 1003 free_e2e_fair epoch  83/180   7718 s
seed 1003 free_e2e_fair epoch  84/180   7807 s
seed 1003 free_e2e_fair epoch  85/180   7927 s
seed 1003 free_e2e_fair epoch  86/180   8011 s
seed 1003 free_e2e_fair epoch  87/180   8104 s
seed 1003 free_e2e_fair epoch  88/180   8182 s
seed 1003 free_e2e_fair epoch  89/180   8277 s
seed 1003 free_e2e_fair epoch  90/180   8360 s
seed 1003 free_e2e_fair epoch  91/180   8442 s
seed 1003 free_e2e_fair epoch  92/180   8519 s
seed 1003 free_e2e_fair epoch  93/180   8607 s
seed 1003 free_e2e_fair epoch  94/180   8702 s
seed 1003 free_e2e_fair epoch  95/180   8793 s
seed 1003 free_e2e_fair epoch  96/180   8883 s
seed 1003 free_e2e_fair epoch  97/180   9004 s
seed 1003 free_e2e_fair epoch  98/180   9103 s
seed 1003 free_e2e_fair epoch  99/180   9210 s
seed 1003 free_e2e_fair epoch 100/180   9305 s
seed 1003 free_e2e_fair epoch 101/180   9397 s
seed 1003 free_e2e_fair epoch 102/180   9505 s
seed 1003 free_e2e_fair epoch 103/180   9590 s
seed 1003 free_e2e_fair epoch 104/180   9663 s
seed 1003 free_e2e_fair epoch 105/180   9749 s
seed 1003 free_e2e_fair epoch 106/180   9821 s
seed 1003 free_e2e_fair epoch 107/180   9890 s
seed 1003 free_e2e_fair epoch 108/180   9968 s
seed 1003 free_e2e_fair epoch 109/180  10049 s
seed 1003 free_e2e_fair epoch 110/180  10139 s
seed 1003 free_e2e_fair epoch 111/180  10217 s
seed 1003 free_e2e_fair epoch 112/180  10293 s
seed 1003 free_e2e_fair epoch 113/180  10395 s
seed 1003 free_e2e_fair epoch 114/180  10508 s
seed 1003 free_e2e_fair epoch 115/180  10589 s
seed 1003 free_e2e_fair epoch 116/180  10675 s
seed 1003 free_e2e_fair epoch 117/180  10774 s
seed 1003 free_e2e_fair epoch 118/180  10854 s
seed 1003 free_e2e_fair epoch 119/180  10929 s
seed 1003 free_e2e_fair epoch 120/180  11015 s
seed 1003 free_e2e_fair epoch 121/180  11111 s
seed 1003 free_e2e_fair epoch 122/180  11212 s
seed 1003 free_e2e_fair epoch 123/180  11316 s
seed 1003 free_e2e_fair epoch 124/180  11406 s
seed 1003 free_e2e_fair epoch 125/180  11496 s
seed 1003 free_e2e_fair epoch 126/180  11611 s
seed 1003 free_e2e_fair epoch 127/180  11715 s
seed 1003 free_e2e_fair epoch 128/180  11784 s
seed 1003 free_e2e_fair epoch 129/180  11852 s
seed 1003 free_e2e_fair epoch 130/180  11920 s
seed 1003 free_e2e_fair epoch 131/180  11988 s
seed 1003 free_e2e_fair epoch 132/180  12052 s
seed 1003 free_e2e_fair epoch 133/180  12130 s
seed 1003 free_e2e_fair epoch 134/180  12202 s
seed 1003 free_e2e_fair epoch 135/180  12270 s
seed 1003 free_e2e_fair epoch 136/180  12328 s
seed 1003 free_e2e_fair epoch 137/180  12400 s
seed 1003 free_e2e_fair epoch 138/180  12471 s
seed 1003 free_e2e_fair epoch 139/180  12545 s
seed 1003 free_e2e_fair epoch 140/180  12620 s
seed 1003 free_e2e_fair epoch 141/180  12679 s
seed 1003 free_e2e_fair epoch 142/180  12739 s
seed 1003 free_e2e_fair epoch 143/180  12816 s
seed 1003 free_e2e_fair epoch 144/180  12915 s
seed 1003 free_e2e_fair epoch 145/180  13019 s
seed 1003 free_e2e_fair epoch 146/180  13142 s
seed 1003 free_e2e_fair epoch 147/180  13243 s
seed 1003 free_e2e_fair epoch 148/180  13330 s
seed 1003 free_e2e_fair epoch 149/180  13409 s
seed 1003 free_e2e_fair epoch 150/180  13500 s
seed 1003 free_e2e_fair epoch 151/180  13593 s
seed 1003 free_e2e_fair epoch 152/180  13691 s
seed 1003 free_e2e_fair epoch 153/180  13774 s
seed 1003 free_e2e_fair epoch 154/180  13867 s
seed 1003 free_e2e_fair epoch 155/180  13957 s
seed 1003 free_e2e_fair epoch 156/180  14032 s
seed 1003 free_e2e_fair epoch 157/180  14142 s
seed 1003 free_e2e_fair epoch 158/180  14224 s
seed 1003 free_e2e_fair epoch 159/180  14305 s
seed 1003 free_e2e_fair epoch 160/180  14393 s
seed 1003 free_e2e_fair epoch 161/180  14481 s
seed 1003 free_e2e_fair epoch 162/180  14578 s
seed 1003 free_e2e_fair epoch 163/180  14707 s
seed 1003 free_e2e_fair epoch 164/180  14808 s
seed 1003 free_e2e_fair epoch 165/180  14907 s
seed 1003 free_e2e_fair epoch 166/180  15001 s
seed 1003 free_e2e_fair epoch 167/180  15096 s
seed 1003 free_e2e_fair epoch 168/180  15199 s
seed 1003 free_e2e_fair epoch 169/180  15285 s
seed 1003 free_e2e_fair epoch 170/180  15402 s
seed 1003 free_e2e_fair epoch 171/180  15523 s
seed 1003 free_e2e_fair epoch 172/180  15635 s
seed 1003 free_e2e_fair epoch 173/180  15752 s
seed 1003 free_e2e_fair epoch 174/180  15843 s
seed 1003 free_e2e_fair epoch 175/180  15946 s
seed 1003 free_e2e_fair epoch 176/180  16046 s
seed 1003 free_e2e_fair epoch 177/180  16188 s
seed 1003 free_e2e_fair epoch 178/180  16289 s
seed 1003 free_e2e_fair epoch 179/180  16386 s
seed 1003 free_e2e_fair epoch 180/180  16484 s
seed 1003: written
