nohup: ignoring input
seed 1004 fixed_warped epoch   1/90    131 s
seed 1004 fixed_warped epoch   2/90    187 s
seed 1004 fixed_warped epoch   3/90    249 s
seed 1004 fixed_warped epoch   4/90    316 s
seed 1004 fixed_warped epoch   5/90    369 s
seed 1004 fixed_warped epoch   6/90    421 s
seed 1004 fixed_warped epoch   7/90    513 s
seed 1004 fixed_warped epoch   8/90    554 s
seed 1004 fixed_warped epoch   9/90    591 s
seed 1004 fixed_warped epoch  10/90    636 s
seed 1004 fixed_warped epoch  11/90    677 s
seed 1004 fixed_warped epoch  12/90    733 s
seed 1004 fixed_warped epoch  13/90    797 s
seed 1004 fixed_warped epoch  14/90    843 s
seed 1004 fixed_warped epoch  15/90    877 s
seed 1004 fixed_warped epoch  16/90    911 s
seed 1004 fixed_warped epoch  17/90    944 s
seed 1004 fixed_warped epoch  18/90    978 s
seed 1004 fixed_warped epoch  19/90   1016 s
seed 1004 fixed_warped epoch  20/90   1054 s
seed 1004 fixed_warped epoch  21/90   1092 s
seed 1004 fixed_warped epoch  22/90   1133 s
seed 1004 fixed_warped epoch  23/90   1167 s
seed 1004 fixed_warped epoch  24/90   1206 s
seed 1004 fixed_warped epoch  25/90   1250 s
seed 1004 fixed_warped epoch  26/90   1293 s
seed 1004 fixed_warped epoch  27/90   1334 s
seed 1004 fixed_warped epoch  28/90   1383 s
seed 1004 fixed_warped epoch  29/90   1418 s
seed 1004 fixed_warped epoch  30/90   1451 s
seed 1004 fixed_warped epoch  31/90   1482 s
seed 1004 fixed_warped epoch  32/90   1529 s
seed 1004 fixed_warped epoch  33/90   1566 s
seed 1004 fixed_warped epoch  34/90   1628 s
seed 1004 fixed_warped epoch  35/90   1671 s
seed 1004 fixed_warped epoch  36/90   1714 s
seed 1004 fixed_warped epoch  37/90   1749 s
seed 1004 fixed_warped epoch  38/90   1797 s
seed 1004 fixed_warped epoch  39/90   1842 s
seed 1004 fixed_warped epoch  40/90   1879 s
seed 1004 fixed_warped epoch  41/90   1925 s
seed 1004 fixed_warped epoch  42/90   2003 s
seed 1004 fixed_warped epoch  43/90   2040 s
seed 1004 fixed_warped epoch  44/90   2077 s
seed 1004 fixed_warped epoch  45/90   2112 s
seed 1004 fixed_warped epoch  46/90   2144 s
seed 1004 fixed_warped epoch  47/90   2177 s
seed 1004 fixed_warped epoch  48/90   2215 s
seed 1004 fixed_warped epoch  49/90   2259 s
seed 1004 fixed_warped epoch  50/90   2290 s
seed 1004 fixed_warped epoch  51/90   2321 s
seed 1004 fixed_warped epoch  52/90   2352 s
seed 1004 fixed_warped epoch  53/90   2382 s
seed 1004 fixed_warped epoch  54/90   2414 s
seed 1004 fixed_warped epoch  55/90   2445 s
seed 1004 fixed_warped epoch  56/90   2481 s
seed 1004 fixed_warped epoch  57/90   2513 s
seed 1004 fixed_warped epoch  58/90   2546 s
seed 1004 fixed_warped epoch  59/90   2577 s
seed 1004 fixed_warped epoch  60/90   2611 s
seed 1004 fixed_warped epoch  61/90   2644 s
seed 1004 fixed_warped epoch  62/90   2677 s
seed 1004 fixed_warped epoch  63/90   2706 s
seed 1004 fixed_warped epoch  64/90   2736 s
seed 1004 fixed_warped epoch  65/90   2766 s
seed 1004 fixed_warped epoch  66/90   2797 s
seed 1004 fixed_warped epoch  67/90   2830 s
seed 1004 fixed_warped epoch  68/90   2861 s
seed 1004 fixed_warped epoch  69/90   2890 s
seed 1004 fixed_warped epoch  70/90   2918 s
seed 1004 fixed_warped epoch  71/90   2945 s
seed 1004 fixed_warped epoch  72/90   2974 s
seed 1004 fixed_warped epoch  73/90   3009 s
seed 1004 fixed_warped epoch  74/90   3044 s
seed 1004 fixed_warped epoch  75/90   3084 s
seed 1004 fixed_warped epoch  76/90   3122 s
seed 1004 fixed_warped epoch  77/90   3159 s
seed 1004 fixed_warped epoch  78/90   3194 s
seed 1004 fixed_warped epoch  79/90   3233 s
seed 1004 fixed_warped epoch  80/90   3276 s
seed 1004 fixed_warped epoch  81/90   3324 s
seed 1004 fixed_warped epoch  82/90   3364 s
seed 1004 fixed_warped epoch  83/90   3402 s
seed 1004 fixed_warped epoch  84/90   3435 s
seed 1004 fixed_warped epoch  85/90   3471 s
seed 1004 fixed_warped epoch  86/90   3503 s
seed 1004 fixed_warped epoch  87/90   3536 s
seed 1004 fixed_warped epoch  88/90   3566 s
seed 1004 fixed_warped epoch  89/90   3602 s
seed 1004 fixed_warped epoch  90/90   3636 s
seed 1004 free_e2e_fair epoch   1/180    117 s
seed 1004 free_e2e_fair epoch   2/180    209 s
seed 1004 free_e2e_fair epoch   3/180    297 s
seed 1004 free_e2e_fair epoch   4/180    373 s
seed 1004 free_e2e_fair epoch   5/180    454 s
seed 1004 free_e2e_fair epoch   6/180    543 s
seed 1004 free_e2e_fair epoch   7/180    656 s
seed 1004 free_e2e_fair epoch   8/180    747 s
seed 1004 free_e2e_fair epoch   9/180    841 s
seed 1004 free_e2e_fair epoch  10/180    951 s
seed 1004 free_e2e_fair epoch  11/180   1064 s
seed 1004 free_e2e_fair epoch  12/180   1167 s
seed 1004 free_e2e_fair epoch  13/180   1306 s
seed 1004 free_e2e_fair epoch  14/180   1430 s
seed 1004 free_e2e_fair epoch  15/180   1555 s
seed 1004 free_e2e_fair epoch  16/180   1662 s
seed 1004 free_e2e_fair epoch  17/180   1762 s
seed 1004 free_e2e_fair epoch  18/180   1868 s
seed 1004 free_e2e_fair epoch  19/180   1990 s
seed 1004 free_e2e_fair epoch  20/180   2095 s
seed 1004 free_e2e_fair epoch  21/180   2189 s
seed 1004 free_e2e_fair epoch  22/180   2304 s
seed 1004 free_e2e_fair epoch  23/180   2406 s
seed 1004 free_e2e_fair epoch  24/180   2502 s
seed 1004 free_e2e_fair epoch  25/180   2626 s
seed 1004 free_e2e_fair epoch  26/180   2776 s
seed 1004 free_e2e_fair epoch  27/180   2871 s
seed 1004 free_e2e_fair epoch  28/180   2963 s
seed 1004 free_e2e_fair epoch  29/180   3055 s
seed 1004 free_e2e_fair epoch  30/180   3188 s
seed 1004 free_e2e_fair epoch  31/180   3386 s
seed 1004 free_e2e_fair epoch  32/180   3716 s
seed 1004 free_e2e_fair epoch  33/180   3848 s
seed 1004 free_e2e_fair epoch  34/180   3986 s
seed 1004 free_e2e_fair epoch  35/180   4094 s
seed 1004 free_e2e_fair epoch  36/180   4188 s
seed 1004 free_e2e_fair epoch  37/180   4272 s
seed 1004 free_e2e_fair epoch  38/180   4358 s
seed 1004 free_e2e_fair epoch  39/180   4443 s
seed 1004 free_e2e_fair epoch  40/180   4528 s
seed 1004 free_e2e_fair epoch  41/180   4611 s
seed 1004 free_e2e_fair epoch  42/180   4694 s
seed 1004 free_e2e_fair epoch  43/180   4778 s
seed 1004 free_e2e_fair epoch  44/180   4866 s
seed 1004 free_e2e_fair epoch  45/180   4973 s
seed 1004 free_e2e_fair epoch  46/180   5082 s
seed 1004 free_e2e_fair epoch  47/180   5223 s
seed 1004 free_e2e_fair epoch  48/180   5390 s
seed 1004 free_e2e_fair epoch  49/180   5480 s
seed 1004 free_e2e_fair epoch  50/180   5569 s
seed 1004 free_e2e_fair epoch  51/180   5656 s
seed 1004 free_e2e_fair epoch  52/180   5830 s
seed 1004 free_e2e_fair epoch  53/180   5941 s
seed 1004 free_e2e_fair epoch  54/180   6023 s
seed 1004 free_e2e_fair epoch  55/180   6109 s
seed 1004 free_e2e_fair epoch  56/180   6194 s
seed 1004 free_e2e_fair epoch  57/180   6280 s
seed 1004 free_e2e_fair epoch  58/180   6363 s
seed 1004 free_e2e_fair epoch  59/180   6447 s
seed 1004 free_e2e_fair epoch  60/180   6534 s
seed 1004 free_e2e_fair epoch  61/180   6622 s
seed 1004 free_e2e_fair epoch  62/180   6708 s
seed 1004 free_e2e_fair epoch  63/180   6793 s
seed 1004 free_e2e_fair epoch  64/180   6878 s
seed 1004 free_e2e_fair epoch  65/180   6970 s
seed 1004 free_e2e_fair epoch  66/180   7058 s
seed 1004 free_e2e_fair epoch  67/180   7147 s
seed 1004 free_e2e_fair epoch  68/180   7234 s
seed 1004 free_e2e_fair epoch  69/180   7320 s
seed 1004 free_e2e_fair epoch  70/180   7409 s
seed 1004 free_e2e_fair epoch  71/180   7502 s
seed 1004 free_e2e_fair epoch  72/180   7590 s
seed 1004 free_e2e_fair epoch  73/180   7680 s
seed 1004 free_e2e_fair epoch  74/180   7770 s
seed 1004 free_e2e_fair epoch  75/180   7862 s
seed 1004 free_e2e_fair epoch  76/180   7955 s
seed 1004 free_e2e_fair epoch  77/180   8050 s
seed 1004 free_e2e_fair epoch  78/180   8139 s
seed 1004 free_e2e_fair epoch  79/180   8230 s
seed 1004 free_e2e_fair epoch  80/180   8322 s
seed 1004 free_e2e_fair epoch  81/180   8419 s
seed 1004 free_e2e_fair epoch  82/180   8513 s
seed 1004 free_e2e_fair epoch  83/180   8602 s
seed 1004 free_e2e_fair epoch  84/180   8686 s
seed 1004 free_e2e_fair epoch  85/180   8774 s
seed 1004 free_e2e_fair epoch  86/180   8859 s
seed 1004 free_e2e_fair epoch  87/180   8968 s
seed 1004 free_e2e_fair epoch  88/180   9056 s
seed 1004 free_e2e_fair epoch  89/180   9142 s
seed 1004 free_e2e_fair epoch  90/180   9219 s
seed 1004 free_e2e_fair epoch  91/180   9313 s
seed 1004 free_e2e_fair epoch  92/180   9398 s
seed 1004 free_e2e_fair epoch  93/180   9482 s
seed 1004 free_e2e_fair epoch  94/180   9579 s
seed 1004 free_e2e_fair epoch  95/180   9663 s
seed 1004 free_e2e_fair epoch  96/180   9748 s
seed 1004 free_e2e_fair epoch  97/180   9822 s
seed 1004 free_e2e_fair epoch  98/180   9893 s
seed 1004 free_e2e_fair epoch  99/180   9978 s
seed 1004 free_e2e_fair epoch 100/180  10062 s
seed 1004 free_e2e_fair epoch 101/180  10138 s
seed 1004 free_e2e_fair epoch 102/180  10217 s
seed 1004 free_e2e_fair epoch 103/180  10297 s
seed 1004 free_e2e_fair epoch 104/180  10409 s
seed 1004 free_e2e_fair epoch 105/180  10494 s
seed 1004 free_e2e_fair epoch 106/180  10576 s
seed 1004 free_e2e_fair epoch 107/180  10666 s
seed 1004 free_e2e_fair epoch 108/180  10751 s
seed 1004 free_e2e_fair epoch 109/180  10830 s
seed 1004 free_e2e_fair epoch 110/180  10913 s
seed 1004 free_e2e_fair epoch 111/180  11008 s
seed 1004 free_e2e_fair epoch 112/180  11104 s
seed 1004 free_e2e_fair epoch 113/180  11182 s
seed 1004 free_e2e_fair epoch 114/180  11265 s
seed 1004 free_e2e_fair epoch 115/180  11350 s
seed 1004 free_e2e_fair epoch 116/180  11446 s
seed 1004 free_e2e_fair epoch 117/180  11531 s
seed 1004 free_e2e_fair epoch 118/180  11626 s
seed 1004 free_e2e_fair epoch 119/180  11714 s
seed 1004 free_e2e_fair epoch 120/180  11794 s
seed 1004 free_e2e_fair epoch 121/180  11879 s
seed 1004 free_e2e_fair epoch 122/180  11960 s
seed 1004 free_e2e_fair epoch 123/180  12047 s
seed 1004 free_e2e_fair epoch 124/180  12135 s
seed 1004 free_e2e_fair epoch 125/180  12220 s
seed 1004 free_e2e_fair epoch 126/180  12305 s
seed 1004 free_e2e_fair epoch 127/180  12395 s
seed 1004 free_e2e_fair epoch 128/180  12486 s
seed 1004 free_e2e_fair epoch 129/180  12571 s
seed 1004 free_e2e_fair epoch 130/180  12675 s
seed 1004 free_e2e_fair epoch 131/180  12757 s
seed 1004 free_e2e_fair epoch 132/180  12820 s
seed 1004 free_e2e_fair epoch 133/180  12893 s
seed 1004 free_e2e_fair epoch 134/180  12961 s
seed 1004 free_e2e_fair epoch 135/180  13049 s
seed 1004 free_e2e_fair epoch 136/180  13163 s
seed 1004 free_e2e_fair epoch 137/180  13247 s
seed 1004 free_e2e_fair epoch 138/180  13330 s
seed 1004 free_e2e_fair epoch 139/180  13399 s
seed 1004 free_e2e_fair epoch 140/180  13475 s
seed 1004 free_e2e_fair epoch 141/180  13552 s
seed 1004 free_e2e_fair epoch 142/180  13621 s
seed 1004 free_e2e_fair epoch 143/180  13725 s
seed 1004 free_e2e_fair epoch 144/180  13820 s
seed 1004 free_e2e_fair epoch 145/180  13922 s
seed 1004 free_e2e_fair epoch 146/180  14014 s
seed 1004 free_e2e_fair epoch 147/180  14100 s
seed 1004 free_e2e_fair epoch 148/180  14184 s
seed 1004 free_e2e_fair epoch 149/180  14270 s
seed 1004 free_e2e_fair epoch 150/180  14352 s
seed 1004 free_e2e_fair epoch 151/180  14436 s
seed 1004 free_e2e_fair epoch 152/180  14526 s
seed 1004 free_e2e_fair epoch 153/180  14609 s
seed 1004 free_e2e_fair epoch 154/180  14681 s
seed 1004 free_e2e_fair epoch 155/180  14795 s
seed 1004 free_e2e_fair epoch 156/180  14918 s
seed 1004 free_e2e_fair epoch 157/180  15030 s
seed 1004 free_e2e_fair epoch 158/180  15137 s
seed 1004 free_e2e_fair epoch 159/180  15243 s
seed 1004 free_e2e_fair epoch 160/180  15351 s
seed 1004 free_e2e_fair epoch 161/180  15458 s
seed 1004 free_e2e_fair epoch 162/180  15568 s
seed 1004 free_e2e_fair epoch 163/180  15678 s
seed 1004 free_e2e_fair epoch 164/180  15791 s
seed 1004 free_e2e_fair epoch 165/180  15902 s
seed 1004 free_e2e_fair epoch 166/180  16184 s
seed 1004 free_e2e_fair epoch 167/180  16432 s
seed 1004 free_e2e_fair epoch 168/180  16564 s
seed 1004 free_e2e_fair epoch 169/180  16716 s
seed 1004 free_e2e_fair epoch 170/180  16903 s
seed 1004 free_e2e_fair epoch 171/180  17033 s
seed 1004 free_e2e_fair epoch 172/180  17189 s
seed 1004 free_e2e_fair epoch 173/180  17275 s
seed 1004 free_e2e_fair epoch 174/180  17389 s
seed 1004 free_e2e_fair epoch 175/180  17524 s
seed 1004 free_e2e_fair epoch 176/180  17656 s
seed 1004 free_e2e_fair epoch 177/180  17790 s
seed 1004 free_e2e_fair epoch 178/180  17908 s
seed 1004 free_e2e_fair epoch 179/180  18026 s
seed 1004 free_e2e_fair epoch 180/180  18167 s
seed 1004: written
seed 1007 fixed_warped epoch   1/90     41 s
seed 1007 fixed_warped epoch   2/90     85 s
seed 1007 fixed_warped epoch   3/90    127 s
seed 1007 fixed_warped epoch   4/90    276 s
seed 1007 fixed_warped epoch   5/90    370 s
seed 1007 fixed_warped epoch   6/90    425 s
seed 1007 fixed_warped epoch   7/90    471 s
seed 1007 fixed_warped epoch   8/90    535 s
seed 1007 fixed_warped epoch   9/90    595 s
seed 1007 fixed_warped epoch  10/90    642 s
seed 1007 fixed_warped epoch  11/90    682 s
seed 1007 fixed_warped epoch  12/90    756 s
seed 1007 fixed_warped epoch  13/90    813 s
seed 1007 fixed_warped epoch  14/90    843 s
seed 1007 fixed_warped epoch  15/90    867 s
seed 1007 fixed_warped epoch  16/90    892 s
seed 1007 fixed_warped epoch  17/90    917 s
seed 1007 fixed_warped epoch  18/90    942 s
seed 1007 fixed_warped epoch  19/90    968 s
seed 1007 fixed_warped epoch  20/90    994 s
seed 1007 fixed_warped epoch  21/90   1028 s
seed 1007 fixed_warped epoch  22/90   1061 s
seed 1007 fixed_warped epoch  23/90   1090 s
seed 1007 fixed_warped epoch  24/90   1116 s
seed 1007 fixed_warped epoch  25/90   1150 s
seed 1007 fixed_warped epoch  26/90   1183 s
seed 1007 fixed_warped epoch  27/90   1218 s
seed 1007 fixed_warped epoch  28/90   1250 s
seed 1007 fixed_warped epoch  29/90   1283 s
seed 1007 fixed_warped epoch  30/90   1311 s
seed 1007 fixed_warped epoch  31/90   1340 s
seed 1007 fixed_warped epoch  32/90   1370 s
seed 1007 fixed_warped epoch  33/90   1400 s
seed 1007 fixed_warped epoch  34/90   1429 s
seed 1007 fixed_warped epoch  35/90   1459 s
seed 1007 fixed_warped epoch  36/90   1489 s
seed 1007 fixed_warped epoch  37/90   1518 s
seed 1007 fixed_warped epoch  38/90   1548 s
seed 1007 fixed_warped epoch  39/90   1577 s
seed 1007 fixed_warped epoch  40/90   1607 s
seed 1007 fixed_warped epoch  41/90   1636 s
seed 1007 fixed_warped epoch  42/90   1665 s
seed 1007 fixed_warped epoch  43/90   1694 s
seed 1007 fixed_warped epoch  44/90   1724 s
seed 1007 fixed_warped epoch  45/90   1753 s
seed 1007 fixed_warped epoch  46/90   1782 s
seed 1007 fixed_warped epoch  47/90   1812 s
seed 1007 fixed_warped epoch  48/90   1841 s
seed 1007 fixed_warped epoch  49/90   1870 s
seed 1007 fixed_warped epoch  50/90   1900 s
seed 1007 fixed_warped epoch  51/90   1929 s
seed 1007 fixed_warped epoch  52/90   1958 s
seed 1007 fixed_warped epoch  53/90   1988 s
seed 1007 fixed_warped epoch  54/90   2017 s
seed 1007 fixed_warped epoch  55/90   2047 s
seed 1007 fixed_warped epoch  56/90   2076 s
seed 1007 fixed_warped epoch  57/90   2105 s
seed 1007 fixed_warped epoch  58/90   2134 s
seed 1007 fixed_warped epoch  59/90   2164 s
seed 1007 fixed_warped epoch  60/90   2194 s
seed 1007 fixed_warped epoch  61/90   2223 s
seed 1007 fixed_warped epoch  62/90   2253 s
seed 1007 fixed_warped epoch  63/90   2282 s
seed 1007 fixed_warped epoch  64/90   2312 s
seed 1007 fixed_warped epoch  65/90   2341 s
seed 1007 fixed_warped epoch  66/90   2371 s
seed 1007 fixed_warped epoch  67/90   2400 s
seed 1007 fixed_warped epoch  68/90   2430 s
seed 1007 fixed_warped epoch  69/90   2459 s
seed 1007 fixed_warped epoch  70/90   2489 s
seed 1007 fixed_warped epoch  71/90   2519 s
seed 1007 fixed_warped epoch  72/90   2549 s
seed 1007 fixed_warped epoch  73/90   2579 s
seed 1007 fixed_warped epoch  74/90   2610 s
seed 1007 fixed_warped epoch  75/90   2640 s
seed 1007 fixed_warped epoch  76/90   2671 s
seed 1007 fixed_warped epoch  77/90   2700 s
seed 1007 fixed_warped epoch  78/90   2730 s
seed 1007 fixed_warped epoch  79/90   2760 s
seed 1007 fixed_warped epoch  80/90   2790 s
seed 1007 fixed_warped epoch  81/90   2820 s
seed 1007 fixed_warped epoch  82/90   2850 s
seed 1007 fixed_warped epoch  83/90   2879 s
seed 1007 fixed_warped epoch  84/90   2911 s
seed 1007 fixed_warped epoch  85/90   2941 s
seed 1007 fixed_warped epoch  86/90   2971 s
seed 1007 fixed_warped epoch  87/90   3005 s
seed 1007 fixed_warped epoch  88/90   3035 s
seed 1007 fixed_warped epoch  89/90   3065 s
seed 1007 fixed_warped epoch  90/90   3095 s
seed 1007 free_e2e_fair epoch   1/180     75 s
seed 1007 free_e2e_fair epoch   2/180    132 s
seed 1007 free_e2e_fair epoch   3/180    194 s
seed 1007 free_e2e_fair epoch   4/180    271 s
seed 1007 free_e2e_fair epoch   5/180    332 s
seed 1007 free_e2e_fair epoch   6/180    402 s
seed 1007 free_e2e_fair epoch   7/180    471 s
seed 1007 free_e2e_fair epoch   8/180    547 s
seed 1007 free_e2e_fair epoch   9/180    620 s
seed 1007 free_e2e_fair epoch  10/180    692 s
seed 1007 free_e2e_fair epoch  11/180    771 s
seed 1007 free_e2e_fair epoch  12/180    848 s
seed 1007 free_e2e_fair epoch  13/180    918 s
seed 1007 free_e2e_fair epoch  14/180    986 s
seed 1007 free_e2e_fair epoch  15/180   1115 s
seed 1007 free_e2e_fair epoch  16/180   1220 s
seed 1007 free_e2e_fair epoch  17/180   1297 s
seed 1007 free_e2e_fair epoch  18/180   1395 s
seed 1007 free_e2e_fair epoch  19/180   1530 s
seed 1007 free_e2e_fair epoch  20/180   1642 s
seed 1007 free_e2e_fair epoch  21/180   1761 s
seed 1007 free_e2e_fair epoch  22/180   1870 s
seed 1007 free_e2e_fair epoch  23/180   1982 s
seed 1007 free_e2e_fair epoch  24/180   2090 s
seed 1007 free_e2e_fair epoch  25/180   2191 s
seed 1007 free_e2e_fair epoch  26/180   2279 s
seed 1007 free_e2e_fair epoch  27/180   2368 s
seed 1007 free_e2e_fair epoch  28/180   2458 s
seed 1007 free_e2e_fair epoch  29/180   2547 s
seed 1007 free_e2e_fair epoch  30/180   2633 s
seed 1007 free_e2e_fair epoch  31/180   2731 s
seed 1007 free_e2e_fair epoch  32/180   2815 s
seed 1007 free_e2e_fair epoch  33/180   2900 s
seed 1007 free_e2e_fair epoch  34/180   2985 s
seed 1007 free_e2e_fair epoch  35/180   3073 s
seed 1007 free_e2e_fair epoch  36/180   3182 s
seed 1007 free_e2e_fair epoch  37/180   3279 s
seed 1007 free_e2e_fair epoch  38/180   3372 s
seed 1007 free_e2e_fair epoch  39/180   3462 s
seed 1007 free_e2e_fair epoch  40/180   3546 s
seed 1007 free_e2e_fair epoch  41/180   3635 s
seed 1007 free_e2e_fair epoch  42/180   3728 s
seed 1007 free_e2e_fair epoch  43/180   3825 s
seed 1007 free_e2e_fair epoch  44/180   3919 s
seed 1007 free_e2e_fair epoch  45/180   4017 s
seed 1007 free_e2e_fair epoch  46/180   4133 s
seed 1007 free_e2e_fair epoch  47/180   4231 s
seed 1007 free_e2e_fair epoch  48/180   4332 s
seed 1007 free_e2e_fair epoch  49/180   4443 s
seed 1007 free_e2e_fair epoch  50/180   4539 s
seed 1007 free_e2e_fair epoch  51/180   4643 s
seed 1007 free_e2e_fair epoch  52/180   4745 s
seed 1007 free_e2e_fair epoch  53/180   4830 s
seed 1007 free_e2e_fair epoch  54/180   4942 s
seed 1007 free_e2e_fair epoch  55/180   5058 s
seed 1007 free_e2e_fair epoch  56/180   5163 s
seed 1007 free_e2e_fair epoch  57/180   5266 s
seed 1007 free_e2e_fair epoch  58/180   5372 s
seed 1007 free_e2e_fair epoch  59/180   5497 s
seed 1007 free_e2e_fair epoch  60/180   5599 s
seed 1007 free_e2e_fair epoch  61/180   5701 s
seed 1007 free_e2e_fair epoch  62/180   5797 s
seed 1007 free_e2e_fair epoch  63/180   5886 s
seed 1007 free_e2e_fair epoch  64/180   5997 s
seed 1007 free_e2e_fair epoch  65/180   6097 s
seed 1007 free_e2e_fair epoch  66/180   6194 s
seed 1007 free_e2e_fair epoch  67/180   6297 s
seed 1007 free_e2e_fair epoch  68/180   6391 s
seed 1007 free_e2e_fair epoch  69/180   6478 s
seed 1007 free_e2e_fair epoch  70/180   6565 s
seed 1007 free_e2e_fair epoch  71/180   6663 s
seed 1007 free_e2e_fair epoch  72/180   6756 s
seed 1007 free_e2e_fair epoch  73/180   6848 s
seed 1007 free_e2e_fair epoch  74/180   6942 s
seed 1007 free_e2e_fair epoch  75/180   7040 s
seed 1007 free_e2e_fair epoch  76/180   7127 s
seed 1007 free_e2e_fair epoch  77/180   7217 s
seed 1007 free_e2e_fair epoch  78/180   7304 s
seed 1007 free_e2e_fair epoch  79/180   7395 s
seed 1007 free_e2e_fair epoch  80/180   7506 s
seed 1007 free_e2e_fair epoch  81/180   7592 s
seed 1007 free_e2e_fair epoch  82/180   7679 s
seed 1007 free_e2e_fair epoch  83/180   7792 s
seed 1007 free_e2e_fair epoch  84/180   7879 s
seed 1007 free_e2e_fair epoch  85/180   7966 s
seed 1007 free_e2e_fair epoch  86/180   8048 s
seed 1007 free_e2e_fair epoch  87/180   8140 s
seed 1007 free_e2e_fair epoch  88/180   8226 s
seed 1007 free_e2e_fair epoch  89/180   8307 s
seed 1007 free_e2e_fair epoch  90/180   8381 s
seed 1007 free_e2e_fair epoch  91/180   8467 s
seed 1007 free_e2e_fair epoch  92/180   8562 s
seed 1007 free_e2e_fair epoch  93/180   8654 s
seed 1007 free_e2e_fair epoch  94/180   8748 s
seed 1007 free_e2e_fair epoch  95/180   8864 s
seed 1007 free_e2e_fair epoch  96/180   8959 s
seed 1007 free_e2e_fair epoch  97/180   9075 s
seed 1007 free_e2e_fair epoch  98/180   9169 s
seed 1007 free_e2e_fair epoch  99/180   9261 s
seed 1007 free_e2e_fair epoch 100/180   9372 s
seed 1007 free_e2e_fair epoch 101/180   9458 s
seed 1007 free_e2e_fair epoch 102/180   9537 s
seed 1007 free_e2e_fair epoch 103/180   9618 s
seed 1007 free_e2e_fair epoch 104/180   9692 s
seed 1007 free_e2e_fair epoch 105/180   9764 s
seed 1007 free_e2e_fair epoch 106/180   9839 s
seed 1007 free_e2e_fair epoch 107/180   9916 s
seed 1007 free_e2e_fair epoch 108/180  10002 s
seed 1007 free_e2e_fair epoch 109/180  10085 s
seed 1007 free_e2e_fair epoch 110/180  10160 s
seed 1007 free_e2e_fair epoch 111/180  10257 s
seed 1007 free_e2e_fair epoch 112/180  10371 s
seed 1007 free_e2e_fair epoch 113/180  10456 s
seed 1007 free_e2e_fair epoch 114/180  10541 s
seed 1007 free_e2e_fair epoch 115/180  10644 s
seed 1007 free_e2e_fair epoch 116/180  10726 s
seed 1007 free_e2e_fair epoch 117/180  10800 s
seed 1007 free_e2e_fair epoch 118/180  10887 s
seed 1007 free_e2e_fair epoch 119/180  10975 s
seed 1007 free_e2e_fair epoch 120/180  11082 s
seed 1007 free_e2e_fair epoch 121/180  11192 s
seed 1007 free_e2e_fair epoch 122/180  11284 s
seed 1007 free_e2e_fair epoch 123/180  11373 s
seed 1007 free_e2e_fair epoch 124/180  11491 s
seed 1007 free_e2e_fair epoch 125/180  11590 s
seed 1007 free_e2e_fair epoch 126/180  11665 s
seed 1007 free_e2e_fair epoch 127/180  11733 s
seed 1007 free_e2e_fair epoch 128/180  11800 s
seed 1007 free_e2e_fair epoch 129/180  11869 s
seed 1007 free_e2e_fair epoch 130/180  11935 s
seed 1007 free_e2e_fair epoch 131/180  12014 s
seed 1007 free_e2e_fair epoch 132/180  12086 s
seed 1007 free_e2e_fair epoch 133/180  12152 s
seed 1007 free_e2e_fair epoch 134/180  12211 s
seed 1007 free_e2e_fair epoch 135/180  12286 s
seed 1007 free_e2e_fair epoch 136/180  12365 s
seed 1007 free_e2e_fair epoch 137/180  12439 s
seed 1007 free_e2e_fair epoch 138/180  12508 s
seed 1007 free_e2e_fair epoch 139/180  12569 s
seed 1007 free_e2e_fair epoch 140/180  12632 s
seed 1007 free_e2e_fair epoch 141/180  12714 s
seed 1007 free_e2e_fair epoch 142/180  12813 s
seed 1007 free_e2e_fair epoch 143/180  12911 s
seed 1007 free_e2e_fair epoch 144/180  13041 s
seed 1007 free_e2e_fair epoch 145/180  13141 s
seed 1007 free_e2e_fair epoch 146/180  13221 s
seed 1007 free_e2e_fair epoch 147/180  13299 s
seed 1007 free_e2e_fair epoch 148/180  13389 s
seed 1007 free_e2e_fair epoch 149/180  13482 s
seed 1007 free_e2e_fair epoch 150/180  13579 s
seed 1007 free_e2e_fair epoch 151/180  13670 s
seed 1007 free_e2e_fair epoch 152/180  13769 s
seed 1007 free_e2e_fair epoch 153/180  13847 s
seed 1007 free_e2e_fair epoch 154/180  13926 s
seed 1007 free_e2e_fair epoch 155/180  14034 s
seed 1007 free_e2e_fair epoch 156/180  14118 s
seed 1007 free_e2e_fair epoch 157/180  14199 s
seed 1007 free_e2e_fair epoch 158/180  14288 s
seed 1007 free_e2e_fair epoch 159/180  14378 s
seed 1007 free_e2e_fair epoch 160/180  14473 s
seed 1007 free_e2e_fair epoch 161/180  14605 s
seed 1007 free_e2e_fair epoch 162/180  14708 s
seed 1007 free_e2e_fair epoch 163/180  14806 s
seed 1007 free_e2e_fair epoch 164/180  14900 s
seed 1007 free_e2e_fair epoch 165/180  14999 s
seed 1007 free_e2e_fair epoch 166/180  15100 s
seed 1007 free_e2e_fair epoch 167/180  15185 s
seed 1007 free_e2e_fair epoch 168/180  15307 s
seed 1007 free_e2e_fair epoch 169/180  15429 s
seed 1007 free_e2e_fair epoch 170/180  15543 s
seed 1007 free_e2e_fair epoch 171/180  15655 s
seed 1007 free_e2e_fair epoch 172/180  15748 s
seed 1007 free_e2e_fair epoch 173/180  15862 s
seed 1007 free_e2e_fair epoch 174/180  15979 s
seed 1007 free_e2e_fair epoch 175/180  16099 s
seed 1007 free_e2e_fair epoch 176/180  16204 s
seed 1007 free_e2e_fair epoch 177/180  16297 s
seed 1007 free_e2e_fair epoch 178/180  16396 s
seed 1007 free_e2e_fair epoch 179/180  16476 s
seed 1007 free_e2e_fair epoch 180/180  16589 s
seed 1007: written
