nohup: ignoring input
seed 123 fixed_warped epoch   1/90    129 s
seed 123 fixed_warped epoch   2/90    181 s
seed 123 fixed_warped epoch   3/90    246 s
seed 123 fixed_warped epoch   4/90    306 s
seed 123 fixed_warped epoch   5/90    365 s
seed 123 fixed_warped epoch   6/90    417 s
seed 123 fixed_warped epoch   7/90    497 s
seed 123 fixed_warped epoch   8/90    546 s
seed 123 fixed_warped epoch   9/90    582 s
seed 123 fixed_warped epoch  10/90    626 s
seed 123 fixed_warped epoch  11/90    666 s
seed 123 fixed_warped epoch  12/90    712 s
seed 123 fixed_warped epoch  13/90    783 s
seed 123 fixed_warped epoch  14/90    833 s
seed 123 fixed_warped epoch  15/90    868 s
seed 123 fixed_warped epoch  16/90    901 s
seed 123 fixed_warped epoch  17/90    934 s
seed 123 fixed_warped epoch  18/90    967 s
seed 123 fixed_warped epoch  19/90   1005 s
seed 123 fixed_warped epoch  20/90   1040 s
seed 123 fixed_warped epoch  21/90   1077 s
seed 123 fixed_warped epoch  22/90   1121 s
seed 123 fixed_warped epoch  23/90   1157 s
seed 123 fixed_warped epoch  24/90   1196 s
seed 123 fixed_warped epoch  25/90   1236 s
seed 123 fixed_warped epoch  26/90   1276 s
seed 123 fixed_warped epoch  27/90   1322 s
seed 123 fixed_warped epoch  28/90   1367 s
seed 123 fixed_warped epoch  29/90   1404 s
seed 123 fixed_warped epoch  30/90   1440 s
seed 123 fixed_warped epoch  31/90   1472 s
seed 123 fixed_warped epoch  32/90   1514 s
seed 123 fixed_warped epoch  33/90   1555 s
seed 123 fixed_warped epoch  34/90   1606 s
seed 123 fixed_warped epoch  35/90   1656 s
seed 123 fixed_warped epoch  36/90   1695 s
seed 123 fixed_warped epoch  37/90   1736 s
seed 123 fixed_warped epoch  38/90   1775 s
seed 123 fixed_warped epoch  39/90   1831 s
seed 123 fixed_warped epoch  40/90   1867 s
seed 123 fixed_warped epoch  41/90   1909 s
seed 123 fixed_warped epoch  42/90   1994 s
seed 123 fixed_warped epoch  43/90   2034 s
seed 123 fixed_warped epoch  44/90   2069 s
seed 123 fixed_warped epoch  45/90   2103 s
seed 123 fixed_warped epoch  46/90   2136 s
seed 123 fixed_warped epoch  47/90   2168 s
seed 123 fixed_warped epoch  48/90   2206 s
seed 123 fixed_warped epoch  49/90   2251 s
seed 123 fixed_warped epoch  50/90   2283 s
seed 123 fixed_warped epoch  51/90   2314 s
seed 123 fixed_warped epoch  52/90   2345 s
seed 123 fixed_warped epoch  53/90   2376 s
seed 123 fixed_warped epoch  54/90   2408 s
seed 123 fixed_warped epoch  55/90   2439 s
seed 123 fixed_warped epoch  56/90   2473 s
seed 123 fixed_warped epoch  57/90   2506 s
seed 123 fixed_warped epoch  58/90   2541 s
seed 123 fixed_warped epoch  59/90   2572 s
seed 123 fixed_warped epoch  60/90   2606 s
seed 123 fixed_warped epoch  61/90   2638 s
seed 123 fixed_warped epoch  62/90   2670 s
seed 123 fixed_warped epoch  63/90   2699 s
seed 123 fixed_warped epoch  64/90   2728 s
seed 123 fixed_warped epoch  65/90   2759 s
seed 123 fixed_warped epoch  66/90   2790 s
seed 123 fixed_warped epoch  67/90   2823 s
seed 123 fixed_warped epoch  68/90   2855 s
seed 123 fixed_warped epoch  69/90   2887 s
seed 123 fixed_warped epoch  70/90   2912 s
seed 123 fixed_warped epoch  71/90   2942 s
seed 123 fixed_warped epoch  72/90   2972 s
seed 123 fixed_warped epoch  73/90   3006 s
seed 123 fixed_warped epoch  74/90   3042 s
seed 123 fixed_warped epoch  75/90   3081 s
seed 123 fixed_warped epoch  76/90   3120 s
seed 123 fixed_warped epoch  77/90   3157 s
seed 123 fixed_warped epoch  78/90   3192 s
seed 123 fixed_warped epoch  79/90   3230 s
seed 123 fixed_warped epoch  80/90   3270 s
seed 123 fixed_warped epoch  81/90   3323 s
seed 123 fixed_warped epoch  82/90   3363 s
seed 123 fixed_warped epoch  83/90   3400 s
seed 123 fixed_warped epoch  84/90   3430 s
seed 123 fixed_warped epoch  85/90   3465 s
seed 123 fixed_warped epoch  86/90   3498 s
seed 123 fixed_warped epoch  87/90   3532 s
seed 123 fixed_warped epoch  88/90   3556 s
seed 123 fixed_warped epoch  89/90   3594 s
seed 123 fixed_warped epoch  90/90   3622 s
seed 123 free_e2e_fair epoch   1/180    108 s
seed 123 free_e2e_fair epoch   2/180    196 s
seed 123 free_e2e_fair epoch   3/180    290 s
seed 123 free_e2e_fair epoch   4/180    370 s
seed 123 free_e2e_fair epoch   5/180    452 s
seed 123 free_e2e_fair epoch   6/180    535 s
seed 123 free_e2e_fair epoch   7/180    644 s
seed 123 free_e2e_fair epoch   8/180    741 s
seed 123 free_e2e_fair epoch   9/180    839 s
seed 123 free_e2e_fair epoch  10/180    948 s
seed 123 free_e2e_fair epoch  11/180   1061 s
seed 123 free_e2e_fair epoch  12/180   1159 s
seed 123 free_e2e_fair epoch  13/180   1287 s
seed 123 free_e2e_fair epoch  14/180   1417 s
seed 123 free_e2e_fair epoch  15/180   1542 s
seed 123 free_e2e_fair epoch  16/180   1648 s
seed 123 free_e2e_fair epoch  17/180   1748 s
seed 123 free_e2e_fair epoch  18/180   1854 s
seed 123 free_e2e_fair epoch  19/180   1976 s
seed 123 free_e2e_fair epoch  20/180   2079 s
seed 123 free_e2e_fair epoch  21/180   2169 s
seed 123 free_e2e_fair epoch  22/180   2285 s
seed 123 free_e2e_fair epoch  23/180   2390 s
seed 123 free_e2e_fair epoch  24/180   2473 s
seed 123 free_e2e_fair epoch  25/180   2592 s
seed 123 free_e2e_fair epoch  26/180   2734 s
seed 123 free_e2e_fair epoch  27/180   2843 s
seed 123 free_e2e_fair epoch  28/180   2934 s
seed 123 free_e2e_fair epoch  29/180   3027 s
seed 123 free_e2e_fair epoch  30/180   3145 s
seed 123 free_e2e_fair epoch  31/180   3306 s
seed 123 free_e2e_fair epoch  32/180   3677 s
seed 123 free_e2e_fair epoch  33/180   3789 s
seed 123 free_e2e_fair epoch  34/180   3947 s
seed 123 free_e2e_fair epoch  35/180   4052 s
seed 123 free_e2e_fair epoch  36/180   4154 s
seed 123 free_e2e_fair epoch  37/180   4239 s
seed 123 free_e2e_fair epoch  38/180   4319 s
seed 123 free_e2e_fair epoch  39/180   4406 s
seed 123 free_e2e_fair epoch  40/180   4488 s
seed 123 free_e2e_fair epoch  41/180   4570 s
seed 123 free_e2e_fair epoch  42/180   4653 s
seed 123 free_e2e_fair epoch  43/180   4736 s
seed 123 free_e2e_fair epoch  44/180   4824 s
seed 123 free_e2e_fair epoch  45/180   4924 s
seed 123 free_e2e_fair epoch  46/180   5030 s
seed 123 free_e2e_fair epoch  47/180   5152 s
seed 123 free_e2e_fair epoch  48/180   5309 s
seed 123 free_e2e_fair epoch  49/180   5435 s
seed 123 free_e2e_fair epoch  50/180   5517 s
seed 123 free_e2e_fair epoch  51/180   5606 s
seed 123 free_e2e_fair epoch  52/180   5691 s
seed 123 free_e2e_fair epoch  53/180   5885 s
seed 123 free_e2e_fair epoch  54/180   5972 s
seed 123 free_e2e_fair epoch  55/180   6055 s
seed 123 free_e2e_fair epoch  56/180   6140 s
seed 123 free_e2e_fair epoch  57/180   6224 s
seed 123 free_e2e_fair epoch  58/180   6310 s
seed 123 free_e2e_fair epoch  59/180   6392 s
seed 123 free_e2e_fair epoch  60/180   6475 s
seed 123 free_e2e_fair epoch  61/180   6563 s
seed 123 free_e2e_fair epoch  62/180   6649 s
seed 123 free_e2e_fair epoch  63/180   6736 s
seed 123 free_e2e_fair epoch  64/180   6820 s
seed 123 free_e2e_fair epoch  65/180   6906 s
seed 123 free_e2e_fair epoch  66/180   6994 s
seed 123 free_e2e_fair epoch  67/180   7082 s
seed 123 free_e2e_fair epoch  68/180   7168 s
seed 123 free_e2e_fair epoch  69/180   7254 s
seed 123 free_e2e_fair epoch  70/180   7340 s
seed 123 free_e2e_fair epoch  71/180   7430 s
seed 123 free_e2e_fair epoch  72/180   7521 s
seed 123 free_e2e_fair epoch  73/180   7607 s
seed 123 free_e2e_fair epoch  74/180   7697 s
seed 123 free_e2e_fair epoch  75/180   7789 s
seed 123 free_e2e_fair epoch  76/180   7883 s
seed 123 free_e2e_fair epoch  77/180   7973 s
seed 123 free_e2e_fair epoch  78/180   8068 s
seed 123 free_e2e_fair epoch  79/180   8157 s
seed 123 free_e2e_fair epoch  80/180   8248 s
seed 123 free_e2e_fair epoch  81/180   8339 s
seed 123 free_e2e_fair epoch  82/180   8440 s
seed 123 free_e2e_fair epoch  83/180   8530 s
seed 123 free_e2e_fair epoch  84/180   8616 s
seed 123 free_e2e_fair epoch  85/180   8701 s
seed 123 free_e2e_fair epoch  86/180   8788 s
seed 123 free_e2e_fair epoch  87/180   8873 s
seed 123 free_e2e_fair epoch  88/180   8980 s
seed 123 free_e2e_fair epoch  89/180   9070 s
seed 123 free_e2e_fair epoch  90/180   9156 s
seed 123 free_e2e_fair epoch  91/180   9236 s
seed 123 free_e2e_fair epoch  92/180   9327 s
seed 123 free_e2e_fair epoch  93/180   9411 s
seed 123 free_e2e_fair epoch  94/180   9496 s
seed 123 free_e2e_fair epoch  95/180   9591 s
seed 123 free_e2e_fair epoch  96/180   9674 s
seed 123 free_e2e_fair epoch  97/180   9757 s
seed 123 free_e2e_fair epoch  98/180   9837 s
seed 123 free_e2e_fair epoch  99/180   9913 s
seed 123 free_e2e_fair epoch 100/180  10003 s
seed 123 free_e2e_fair epoch 101/180  10076 s
seed 123 free_e2e_fair epoch 102/180  10155 s
seed 123 free_e2e_fair epoch 103/180  10228 s
seed 123 free_e2e_fair epoch 104/180  10310 s
seed 123 free_e2e_fair epoch 105/180  10418 s
seed 123 free_e2e_fair epoch 106/180  10499 s
seed 123 free_e2e_fair epoch 107/180  10580 s
seed 123 free_e2e_fair epoch 108/180  10670 s
seed 123 free_e2e_fair epoch 109/180  10752 s
seed 123 free_e2e_fair epoch 110/180  10827 s
seed 123 free_e2e_fair epoch 111/180  10912 s
seed 123 free_e2e_fair epoch 112/180  11006 s
seed 123 free_e2e_fair epoch 113/180  11101 s
seed 123 free_e2e_fair epoch 114/180  11178 s
seed 123 free_e2e_fair epoch 115/180  11262 s
seed 123 free_e2e_fair epoch 116/180  11346 s
seed 123 free_e2e_fair epoch 117/180  11440 s
seed 123 free_e2e_fair epoch 118/180  11522 s
seed 123 free_e2e_fair epoch 119/180  11614 s
seed 123 free_e2e_fair epoch 120/180  11703 s
seed 123 free_e2e_fair epoch 121/180  11784 s
seed 123 free_e2e_fair epoch 122/180  11872 s
seed 123 free_e2e_fair epoch 123/180  11958 s
seed 123 free_e2e_fair epoch 124/180  12041 s
seed 123 free_e2e_fair epoch 125/180  12122 s
seed 123 free_e2e_fair epoch 126/180  12219 s
seed 123 free_e2e_fair epoch 127/180  12306 s
seed 123 free_e2e_fair epoch 128/180  12396 s
seed 123 free_e2e_fair epoch 129/180  12485 s
seed 123 free_e2e_fair epoch 130/180  12574 s
seed 123 free_e2e_fair epoch 131/180  12694 s
seed 123 free_e2e_fair epoch 132/180  12764 s
seed 123 free_e2e_fair epoch 133/180  12823 s
seed 123 free_e2e_fair epoch 134/180  12894 s
seed 123 free_e2e_fair epoch 135/180  12961 s
seed 123 free_e2e_fair epoch 136/180  13055 s
seed 123 free_e2e_fair epoch 137/180  13167 s
seed 123 free_e2e_fair epoch 138/180  13253 s
seed 123 free_e2e_fair epoch 139/180  13333 s
seed 123 free_e2e_fair epoch 140/180  13403 s
seed 123 free_e2e_fair epoch 141/180  13480 s
seed 123 free_e2e_fair epoch 142/180  13553 s
seed 123 free_e2e_fair epoch 143/180  13619 s
seed 123 free_e2e_fair epoch 144/180  13715 s
seed 123 free_e2e_fair epoch 145/180  13817 s
seed 123 free_e2e_fair epoch 146/180  13916 s
seed 123 free_e2e_fair epoch 147/180  14006 s
seed 123 free_e2e_fair epoch 148/180  14092 s
seed 123 free_e2e_fair epoch 149/180  14175 s
seed 123 free_e2e_fair epoch 150/180  14261 s
seed 123 free_e2e_fair epoch 151/180  14344 s
seed 123 free_e2e_fair epoch 152/180  14425 s
seed 123 free_e2e_fair epoch 153/180  14509 s
seed 123 free_e2e_fair epoch 154/180  14597 s
seed 123 free_e2e_fair epoch 155/180  14671 s
seed 123 free_e2e_fair epoch 156/180  14781 s
seed 123 free_e2e_fair epoch 157/180  14886 s
seed 123 free_e2e_fair epoch 158/180  15009 s
seed 123 free_e2e_fair epoch 159/180  15117 s
seed 123 free_e2e_fair epoch 160/180  15224 s
seed 123 free_e2e_fair epoch 161/180  15326 s
seed 123 free_e2e_fair epoch 162/180  15433 s
seed 123 free_e2e_fair epoch 163/180  15540 s
seed 123 free_e2e_fair epoch 164/180  15646 s
seed 123 free_e2e_fair epoch 165/180  15754 s
seed 123 free_e2e_fair epoch 166/180  15864 s
seed 123 free_e2e_fair epoch 167/180  16113 s
seed 123 free_e2e_fair epoch 168/180  16351 s
seed 123 free_e2e_fair epoch 169/180  16518 s
seed 123 free_e2e_fair epoch 170/180  16653 s
seed 123 free_e2e_fair epoch 171/180  16852 s
seed 123 free_e2e_fair epoch 172/180  17003 s
seed 123 free_e2e_fair epoch 173/180  17138 s
seed 123 free_e2e_fair epoch 174/180  17255 s
seed 123 free_e2e_fair epoch 175/180  17364 s
seed 123 free_e2e_fair epoch 176/180  17499 s
seed 123 free_e2e_fair epoch 177/180  17638 s
seed 123 free_e2e_fair epoch 178/180  17754 s
seed 123 free_e2e_fair epoch 179/180  17893 s
seed 123 free_e2e_fair epoch 180/180  17999 s
seed 123: written
seed 1002 fixed_warped epoch   1/90     59 s
seed 1002 fixed_warped epoch   2/90    109 s
seed 1002 fixed_warped epoch   3/90    157 s
seed 1002 fixed_warped epoch   4/90    201 s
seed 1002 fixed_warped epoch   5/90    244 s
seed 1002 fixed_warped epoch   6/90    287 s
seed 1002 fixed_warped epoch   7/90    436 s
seed 1002 fixed_warped epoch   8/90    504 s
seed 1002 fixed_warped epoch   9/90    576 s
seed 1002 fixed_warped epoch  10/90    620 s
seed 1002 fixed_warped epoch  11/90    676 s
seed 1002 fixed_warped epoch  12/90    738 s
seed 1002 fixed_warped epoch  13/90    795 s
seed 1002 fixed_warped epoch  14/90    829 s
seed 1002 fixed_warped epoch  15/90    893 s
seed 1002 fixed_warped epoch  16/90    959 s
seed 1002 fixed_warped epoch  17/90    998 s
seed 1002 fixed_warped epoch  18/90   1026 s
seed 1002 fixed_warped epoch  19/90   1055 s
seed 1002 fixed_warped epoch  20/90   1080 s
seed 1002 fixed_warped epoch  21/90   1105 s
seed 1002 fixed_warped epoch  22/90   1129 s
seed 1002 fixed_warped epoch  23/90   1154 s
seed 1002 fixed_warped epoch  24/90   1188 s
seed 1002 fixed_warped epoch  25/90   1221 s
seed 1002 fixed_warped epoch  26/90   1251 s
seed 1002 fixed_warped epoch  27/90   1280 s
seed 1002 fixed_warped epoch  28/90   1309 s
seed 1002 fixed_warped epoch  29/90   1343 s
seed 1002 fixed_warped epoch  30/90   1379 s
seed 1002 fixed_warped epoch  31/90   1408 s
seed 1002 fixed_warped epoch  32/90   1440 s
seed 1002 fixed_warped epoch  33/90   1468 s
seed 1002 fixed_warped epoch  34/90   1497 s
seed 1002 fixed_warped epoch  35/90   1526 s
seed 1002 fixed_warped epoch  36/90   1555 s
seed 1002 fixed_warped epoch  37/90   1584 s
seed 1002 fixed_warped epoch  38/90   1613 s
seed 1002 fixed_warped epoch  39/90   1643 s
seed 1002 fixed_warped epoch  40/90   1672 s
seed 1002 fixed_warped epoch  41/90   1701 s
seed 1002 fixed_warped epoch  42/90   1730 s
seed 1002 fixed_warped epoch  43/90   1760 s
seed 1002 fixed_warped epoch  44/90   1789 s
seed 1002 fixed_warped epoch  45/90   1818 s
seed 1002 fixed_warped epoch  46/90   1846 s
seed 1002 fixed_warped epoch  47/90   1875 s
seed 1002 fixed_warped epoch  48/90   1904 s
seed 1002 fixed_warped epoch  49/90   1934 s
seed 1002 fixed_warped epoch  50/90   1962 s
seed 1002 fixed_warped epoch  51/90   1991 s
seed 1002 fixed_warped epoch  52/90   2020 s
seed 1002 fixed_warped epoch  53/90   2049 s
seed 1002 fixed_warped epoch  54/90   2078 s
seed 1002 fixed_warped epoch  55/90   2107 s
seed 1002 fixed_warped epoch  56/90   2136 s
seed 1002 fixed_warped epoch  57/90   2165 s
seed 1002 fixed_warped epoch  58/90   2195 s
seed 1002 fixed_warped epoch  59/90   2224 s
seed 1002 fixed_warped epoch  60/90   2253 s
seed 1002 fixed_warped epoch  61/90   2282 s
seed 1002 fixed_warped epoch  62/90   2312 s
seed 1002 fixed_warped epoch  63/90   2341 s
seed 1002 fixed_warped epoch  64/90   2370 s
seed 1002 fixed_warped epoch  65/90   2399 s
seed 1002 fixed_warped epoch  66/90   2429 s
seed 1002 fixed_warped epoch  67/90   2458 s
seed 1002 fixed_warped epoch  68/90   2487 s
seed 1002 fixed_warped epoch  69/90   2516 s
seed 1002 fixed_warped epoch  70/90   2546 s
seed 1002 fixed_warped epoch  71/90   2576 s
seed 1002 fixed_warped epoch  72/90   2605 s
seed 1002 fixed_warped epoch  73/90   2635 s
seed 1002 fixed_warped epoch  74/90   2665 s
seed 1002 fixed_warped epoch  75/90   2694 s
seed 1002 fixed_warped epoch  76/90   2723 s
seed 1002 fixed_warped epoch  77/90   2752 s
seed 1002 fixed_warped epoch  78/90   2783 s
seed 1002 fixed_warped epoch  79/90   2813 s
seed 1002 fixed_warped epoch  80/90   2843 s
seed 1002 fixed_warped epoch  81/90   2873 s
seed 1002 fixed_warped epoch  82/90   2903 s
seed 1002 fixed_warped epoch  83/90   2932 s
seed 1002 fixed_warped epoch  84/90   2961 s
seed 1002 fixed_warped epoch  85/90   2990 s
seed 1002 fixed_warped epoch  86/90   3019 s
seed 1002 fixed_warped epoch  87/90   3048 s
seed 1002 fixed_warped epoch  88/90   3079 s
seed 1002 fixed_warped epoch  89/90   3109 s
seed 1002 fixed_warped epoch  90/90   3140 s
seed 1002 free_e2e_fair epoch   1/180     73 s
seed 1002 free_e2e_fair epoch   2/180    151 s
seed 1002 free_e2e_fair epoch   3/180    209 s
seed 1002 free_e2e_fair epoch   4/180    268 s
seed 1002 free_e2e_fair epoch   5/180    336 s
seed 1002 free_e2e_fair epoch   6/180    416 s
seed 1002 free_e2e_fair epoch   7/180    481 s
seed 1002 free_e2e_fair epoch   8/180    552 s
seed 1002 free_e2e_fair epoch   9/180    628 s
seed 1002 free_e2e_fair epoch  10/180    704 s
seed 1002 free_e2e_fair epoch  11/180    774 s
seed 1002 free_e2e_fair epoch  12/180    840 s
seed 1002 free_e2e_fair epoch  13/180    923 s
seed 1002 free_e2e_fair epoch  14/180    994 s
seed 1002 free_e2e_fair epoch  15/180   1064 s
seed 1002 free_e2e_fair epoch  16/180   1150 s
seed 1002 free_e2e_fair epoch  17/180   1274 s
seed 1002 free_e2e_fair epoch  18/180   1363 s
seed 1002 free_e2e_fair epoch  19/180   1442 s
seed 1002 free_e2e_fair epoch  20/180   1548 s
seed 1002 free_e2e_fair epoch  21/180   1681 s
seed 1002 free_e2e_fair epoch  22/180   1785 s
seed 1002 free_e2e_fair epoch  23/180   1914 s
seed 1002 free_e2e_fair epoch  24/180   2009 s
seed 1002 free_e2e_fair epoch  25/180   2122 s
seed 1002 free_e2e_fair epoch  26/180   2228 s
seed 1002 free_e2e_fair epoch  27/180   2326 s
seed 1002 free_e2e_fair epoch  28/180   2411 s
seed 1002 free_e2e_fair epoch  29/180   2503 s
seed 1002 free_e2e_fair epoch  30/180   2592 s
seed 1002 free_e2e_fair epoch  31/180   2679 s
seed 1002 free_e2e_fair epoch  32/180   2771 s
seed 1002 free_e2e_fair epoch  33/180   2864 s
seed 1002 free_e2e_fair epoch  34/180   2947 s
seed 1002 free_e2e_fair epoch  35/180   3032 s
seed 1002 free_e2e_fair epoch  36/180   3115 s
seed 1002 free_e2e_fair epoch  37/180   3204 s
seed 1002 free_e2e_fair epoch  38/180   3323 s
seed 1002 free_e2e_fair epoch  39/180   3406 s
seed 1002 free_e2e_fair epoch  40/180   3503 s
seed 1002 free_e2e_fair epoch  41/180   3590 s
seed 1002 free_e2e_fair epoch  42/180   3676 s
seed 1002 free_e2e_fair epoch  43/180   3761 s
seed 1002 free_e2e_fair epoch  44/180   3855 s
seed 1002 free_e2e_fair epoch  45/180   3955 s
seed 1002 free_e2e_fair epoch  46/180   4050 s
seed 1002 free_e2e_fair epoch  47/180   4148 s
seed 1002 free_e2e_fair epoch  48/180   4254 s
seed 1002 free_e2e_fair epoch  49/180   4354 s
seed 1002 free_e2e_fair epoch  50/180   4466 s
seed 1002 free_e2e_fair epoch  51/180   4566 s
seed 1002 free_e2e_fair epoch  52/180   4661 s
seed 1002 free_e2e_fair epoch  53/180   4761 s
seed 1002 free_e2e_fair epoch  54/180   4864 s
seed 1002 free_e2e_fair epoch  55/180   4949 s
seed 1002 free_e2e_fair epoch  56/180   5063 s
seed 1002 free_e2e_fair epoch  57/180   5177 s
seed 1002 free_e2e_fair epoch  58/180   5282 s
seed 1002 free_e2e_fair epoch  59/180   5385 s
seed 1002 free_e2e_fair epoch  60/180   5502 s
seed 1002 free_e2e_fair epoch  61/180   5613 s
seed 1002 free_e2e_fair epoch  62/180   5714 s
seed 1002 free_e2e_fair epoch  63/180   5815 s
seed 1002 free_e2e_fair epoch  64/180   5912 s
seed 1002 free_e2e_fair epoch  65/180   6000 s
seed 1002 free_e2e_fair epoch  66/180   6112 s
seed 1002 free_e2e_fair epoch  67/180   6212 s
seed 1002 free_e2e_fair epoch  68/180   6309 s
seed 1002 free_e2e_fair epoch  69/180   6410 s
seed 1002 free_e2e_fair epoch  70/180   6504 s
seed 1002 free_e2e_fair epoch  71/180   6591 s
seed 1002 free_e2e_fair epoch  72/180   6676 s
seed 1002 free_e2e_fair epoch  73/180   6773 s
seed 1002 free_e2e_fair epoch  74/180   6869 s
seed 1002 free_e2e_fair epoch  75/180   6958 s
seed 1002 free_e2e_fair epoch  76/180   7051 s
seed 1002 free_e2e_fair epoch  77/180   7151 s
seed 1002 free_e2e_fair epoch  78/180   7236 s
seed 1002 free_e2e_fair epoch  79/180   7325 s
seed 1002 free_e2e_fair epoch  80/180   7410 s
seed 1002 free_e2e_fair epoch  81/180   7500 s
seed 1002 free_e2e_fair epoch  82/180   7607 s
seed 1002 free_e2e_fair epoch  83/180   7697 s
seed 1002 free_e2e_fair epoch  84/180   7786 s
seed 1002 free_e2e_fair epoch  85/180   7902 s
seed 1002 free_e2e_fair epoch  86/180   7992 s
seed 1002 free_e2e_fair epoch  87/180   8079 s
seed 1002 free_e2e_fair epoch  88/180   8165 s
seed 1002 free_e2e_fair epoch  89/180   8254 s
seed 1002 free_e2e_fair epoch  90/180   8343 s
seed 1002 free_e2e_fair epoch  91/180   8419 s
seed 1002 free_e2e_fair epoch  92/180   8490 s
seed 1002 free_e2e_fair epoch  93/180   8574 s
seed 1002 free_e2e_fair epoch  94/180   8668 s
seed 1002 free_e2e_fair epoch  95/180   8758 s
seed 1002 free_e2e_fair epoch  96/180   8849 s
seed 1002 free_e2e_fair epoch  97/180   8960 s
seed 1002 free_e2e_fair epoch  98/180   9059 s
seed 1002 free_e2e_fair epoch  99/180   9173 s
seed 1002 free_e2e_fair epoch 100/180   9266 s
seed 1002 free_e2e_fair epoch 101/180   9359 s
seed 1002 free_e2e_fair epoch 102/180   9469 s
seed 1002 free_e2e_fair epoch 103/180   9557 s
seed 1002 free_e2e_fair epoch 104/180   9628 s
seed 1002 free_e2e_fair epoch 105/180   9706 s
seed 1002 free_e2e_fair epoch 106/180   9783 s
seed 1002 free_e2e_fair epoch 107/180   9857 s
seed 1002 free_e2e_fair epoch 108/180   9932 s
seed 1002 free_e2e_fair epoch 109/180  10008 s
seed 1002 free_e2e_fair epoch 110/180  10096 s
seed 1002 free_e2e_fair epoch 111/180  10181 s
seed 1002 free_e2e_fair epoch 112/180  10257 s
seed 1002 free_e2e_fair epoch 113/180  10341 s
seed 1002 free_e2e_fair epoch 114/180  10464 s
seed 1002 free_e2e_fair epoch 115/180  10549 s
seed 1002 free_e2e_fair epoch 116/180  10627 s
seed 1002 free_e2e_fair epoch 117/180  10727 s
seed 1002 free_e2e_fair epoch 118/180  10808 s
seed 1002 free_e2e_fair epoch 119/180  10888 s
seed 1002 free_e2e_fair epoch 120/180  10970 s
seed 1002 free_e2e_fair epoch 121/180  11056 s
seed 1002 free_e2e_fair epoch 122/180  11162 s
seed 1002 free_e2e_fair epoch 123/180  11271 s
seed 1002 free_e2e_fair epoch 124/180  11362 s
seed 1002 free_e2e_fair epoch 125/180  11453 s
seed 1002 free_e2e_fair epoch 126/180  11549 s
seed 1002 free_e2e_fair epoch 127/180  11664 s
seed 1002 free_e2e_fair epoch 128/180  11744 s
seed 1002 free_e2e_fair epoch 129/180  11817 s
seed 1002 free_e2e_fair epoch 130/180  11878 s
seed 1002 free_e2e_fair epoch 131/180  11946 s
seed 1002 free_e2e_fair epoch 132/180  12014 s
seed 1002 free_e2e_fair epoch 133/180  12086 s
seed 1002 free_e2e_fair epoch 134/180  12159 s
seed 1002 free_e2e_fair epoch 135/180  12229 s
seed 1002 free_e2e_fair epoch 136/180  12290 s
seed 1002 free_e2e_fair epoch 137/180  12360 s
seed 1002 free_e2e_fair epoch 138/180  12430 s
seed 1002 free_e2e_fair epoch 139/180  12502 s
seed 1002 free_e2e_fair epoch 140/180  12576 s
seed 1002 free_e2e_fair epoch 141/180  12635 s
seed 1002 free_e2e_fair epoch 142/180  12695 s
seed 1002 free_e2e_fair epoch 143/180  12756 s
seed 1002 free_e2e_fair epoch 144/180  12862 s
seed 1002 free_e2e_fair epoch 145/180  12955 s
seed 1002 free_e2e_fair epoch 146/180  13050 s
seed 1002 free_e2e_fair epoch 147/180  13182 s
seed 1002 free_e2e_fair epoch 148/180  13272 s
seed 1002 free_e2e_fair epoch 149/180  13346 s
seed 1002 free_e2e_fair epoch 150/180  13429 s
seed 1002 free_e2e_fair epoch 151/180  13520 s
seed 1002 free_e2e_fair epoch 152/180  13612 s
seed 1002 free_e2e_fair epoch 153/180  13711 s
seed 1002 free_e2e_fair epoch 154/180  13806 s
seed 1002 free_e2e_fair epoch 155/180  13905 s
seed 1002 free_e2e_fair epoch 156/180  13975 s
seed 1002 free_e2e_fair epoch 157/180  14078 s
seed 1002 free_e2e_fair epoch 158/180  14175 s
seed 1002 free_e2e_fair epoch 159/180  14256 s
seed 1002 free_e2e_fair epoch 160/180  14335 s
seed 1002 free_e2e_fair epoch 161/180  14426 s
seed 1002 free_e2e_fair epoch 162/180  14525 s
seed 1002 free_e2e_fair epoch 163/180  14617 s
seed 1002 free_e2e_fair epoch 164/180  14747 s
seed 1002 free_e2e_fair epoch 165/180  14852 s
seed 1002 free_e2e_fair epoch 166/180  14951 s
seed 1002 free_e2e_fair epoch 167/180  15045 s
seed 1002 free_e2e_fair epoch 168/180  15144 s
seed 1002 free_e2e_fair epoch 169/180  15237 s
seed 1002 free_e2e_fair epoch 170/180  15345 s
seed 1002 free_e2e_fair epoch 171/180  15463 s
seed 1002 free_e2e_fair epoch 172/180  15572 s
seed 1002 free_e2e_fair epoch 173/180  15685 s
seed 1002 free_e2e_fair epoch 174/180  15790 s
seed 1002 free_e2e_fair epoch 175/180  15883 s
seed 1002 free_e2e_fair epoch 176/180  15995 s
seed 1002 free_e2e_fair epoch 177/180  16130 s
seed 1002 free_e2e_fair epoch 178/180  16232 s
seed 1002 free_e2e_fair epoch 179/180  16334 s
seed 1002 free_e2e_fair epoch 180/180  16430 s
seed 1002: written
seed 1006 fixed_warped epoch   1/90     37 s
seed 1006 fixed_warped epoch   2/90     73 s
seed 1006 fixed_warped epoch   3/90    105 s
seed 1006 fixed_warped epoch   4/90    133 s
seed 1006 fixed_warped epoch   5/90    165 s
seed 1006 fixed_warped epoch   6/90    219 s
seed 1006 fixed_warped epoch   7/90    256 s
seed 1006 fixed_warped epoch   8/90    304 s
seed 1006 fixed_warped epoch   9/90    336 s
seed 1006 fixed_warped epoch  10/90    364 s
seed 1006 fixed_warped epoch  11/90    389 s
seed 1006 fixed_warped epoch  12/90    419 s
seed 1006 fixed_warped epoch  13/90    463 s
seed 1006 fixed_warped epoch  14/90    493 s
seed 1006 fixed_warped epoch  15/90    533 s
seed 1006 fixed_warped epoch  16/90    591 s
seed 1006 fixed_warped epoch  17/90    625 s
seed 1006 fixed_warped epoch  18/90    650 s
seed 1006 fixed_warped epoch  19/90    679 s
seed 1006 fixed_warped epoch  20/90    709 s
seed 1006 fixed_warped epoch  21/90    737 s
seed 1006 fixed_warped epoch  22/90    766 s
seed 1006 fixed_warped epoch  23/90    791 s
seed 1006 fixed_warped epoch  24/90    819 s
seed 1006 fixed_warped epoch  25/90    848 s
seed 1006 fixed_warped epoch  26/90    880 s
seed 1006 fixed_warped epoch  27/90    907 s
seed 1006 fixed_warped epoch  28/90    938 s
seed 1006 fixed_warped epoch  29/90    969 s
seed 1006 fixed_warped epoch  30/90    997 s
seed 1006 fixed_warped epoch  31/90   1025 s
seed 1006 fixed_warped epoch  32/90   1069 s
seed 1006 fixed_warped epoch  33/90   1100 s
seed 1006 fixed_warped epoch  34/90   1130 s
seed 1006 fixed_warped epoch  35/90   1157 s
seed 1006 fixed_warped epoch  36/90   1185 s
seed 1006 fixed_warped epoch  37/90   1214 s
seed 1006 fixed_warped epoch  38/90   1246 s
seed 1006 fixed_warped epoch  39/90   1296 s
seed 1006 fixed_warped epoch  40/90   1329 s
seed 1006 fixed_warped epoch  41/90   1376 s
seed 1006 fixed_warped epoch  42/90   1401 s
seed 1006 fixed_warped epoch  43/90   1435 s
seed 1006 fixed_warped epoch  44/90   1470 s
seed 1006 fixed_warped epoch  45/90   1492 s
seed 1006 fixed_warped epoch  46/90   1517 s
seed 1006 fixed_warped epoch  47/90   1541 s
seed 1006 fixed_warped epoch  48/90   1582 s
seed 1006 fixed_warped epoch  49/90   1623 s
seed 1006 fixed_warped epoch  50/90   1654 s
seed 1006 fixed_warped epoch  51/90   1683 s
seed 1006 fixed_warped epoch  52/90   1708 s
seed 1006 fixed_warped epoch  53/90   1733 s
seed 1006 fixed_warped epoch  54/90   1785 s
seed 1006 fixed_warped epoch  55/90   1815 s
seed 1006 fixed_warped epoch  56/90   1843 s
seed 1006 fixed_warped epoch  57/90   1892 s
seed 1006 fixed_warped epoch  58/90   1928 s
seed 1006 fixed_warped epoch  59/90   1963 s
seed 1006 fixed_warped epoch  60/90   1998 s
seed 1006 fixed_warped epoch  61/90   2030 s
seed 1006 fixed_warped epoch  62/90   2066 s
seed 1006 fixed_warped epoch  63/90   2095 s
seed 1006 fixed_warped epoch  64/90   2125 s
seed 1006 fixed_warped epoch  65/90   2154 s
seed 1006 fixed_warped epoch  66/90   2182 s
seed 1006 fixed_warped epoch  67/90   2210 s
seed 1006 fixed_warped epoch  68/90   2239 s
seed 1006 fixed_warped epoch  69/90   2267 s
seed 1006 fixed_warped epoch  70/90   2295 s
seed 1006 fixed_warped epoch  71/90   2325 s
seed 1006 fixed_warped epoch  72/90   2353 s
seed 1006 fixed_warped epoch  73/90   2383 s
seed 1006 fixed_warped epoch  74/90   2416 s
seed 1006 fixed_warped epoch  75/90   2441 s
seed 1006 fixed_warped epoch  76/90   2468 s
seed 1006 fixed_warped epoch  77/90   2494 s
seed 1006 fixed_warped epoch  78/90   2521 s
seed 1006 fixed_warped epoch  79/90   2553 s
seed 1006 fixed_warped epoch  80/90   2581 s
seed 1006 fixed_warped epoch  81/90   2609 s
seed 1006 fixed_warped epoch  82/90   2638 s
seed 1006 fixed_warped epoch  83/90   2665 s
seed 1006 fixed_warped epoch  84/90   2688 s
seed 1006 fixed_warped epoch  85/90   2720 s
seed 1006 fixed_warped epoch  86/90   2750 s
seed 1006 fixed_warped epoch  87/90   2804 s
seed 1006 fixed_warped epoch  88/90   2831 s
seed 1006 fixed_warped epoch  89/90   2849 s
seed 1006 fixed_warped epoch  90/90   2863 s
seed 1006 free_e2e_fair epoch   1/180     76 s
seed 1006 free_e2e_fair epoch   2/180    146 s
seed 1006 free_e2e_fair epoch   3/180    222 s
seed 1006 free_e2e_fair epoch   4/180    292 s
seed 1006 free_e2e_fair epoch   5/180    381 s
seed 1006 free_e2e_fair epoch   6/180    453 s
seed 1006 free_e2e_fair epoch   7/180    525 s
seed 1006 free_e2e_fair epoch   8/180    601 s
seed 1006 free_e2e_fair epoch   9/180    696 s
seed 1006 free_e2e_fair epoch  10/180    788 s
seed 1006 free_e2e_fair epoch  11/180    876 s
seed 1006 free_e2e_fair epoch  12/180    964 s
seed 1006 free_e2e_fair epoch  13/180   1058 s
seed 1006 free_e2e_fair epoch  14/180   1133 s
seed 1006 free_e2e_fair epoch  15/180   1224 s
seed 1006 free_e2e_fair epoch  16/180   1306 s
seed 1006 free_e2e_fair epoch  17/180   1387 s
seed 1006 free_e2e_fair epoch  18/180   1466 s
seed 1006 free_e2e_fair epoch  19/180   1531 s
seed 1006 free_e2e_fair epoch  20/180   1631 s
seed 1006 free_e2e_fair epoch  21/180   1731 s
seed 1006 free_e2e_fair epoch  22/180   1880 s
seed 1006 free_e2e_fair epoch  23/180   1953 s
seed 1006 free_e2e_fair epoch  24/180   2052 s
seed 1006 free_e2e_fair epoch  25/180   2129 s
seed 1006 free_e2e_fair epoch  26/180   2187 s
seed 1006 free_e2e_fair epoch  27/180   2243 s
seed 1006 free_e2e_fair epoch  28/180   2308 s
seed 1006 free_e2e_fair epoch  29/180   2382 s
seed 1006 free_e2e_fair epoch  30/180   2463 s
seed 1006 free_e2e_fair epoch  31/180   2510 s
seed 1006 free_e2e_fair epoch  32/180   2550 s
seed 1006 free_e2e_fair epoch  33/180   2599 s
seed 1006 free_e2e_fair epoch  34/180   2677 s
seed 1006 free_e2e_fair epoch  35/180   2742 s
seed 1006 free_e2e_fair epoch  36/180   2807 s
seed 1006 free_e2e_fair epoch  37/180   2885 s
seed 1006 free_e2e_fair epoch  38/180   2958 s
seed 1006 free_e2e_fair epoch  39/180   3041 s
seed 1006 free_e2e_fair epoch  40/180   3097 s
seed 1006 free_e2e_fair epoch  41/180   3167 s
seed 1006 free_e2e_fair epoch  42/180   3227 s
seed 1006 free_e2e_fair epoch  43/180   3290 s
seed 1006 free_e2e_fair epoch  44/180   3355 s
seed 1006 free_e2e_fair epoch  45/180   3407 s
seed 1006 free_e2e_fair epoch  46/180   3454 s
seed 1006 free_e2e_fair epoch  47/180   3506 s
seed 1006 free_e2e_fair epoch  48/180   3588 s
seed 1006 free_e2e_fair epoch  49/180   3637 s
seed 1006 free_e2e_fair epoch  50/180   3719 s
seed 1006 free_e2e_fair epoch  51/180   3836 s
seed 1006 free_e2e_fair epoch  52/180   3913 s
seed 1006 free_e2e_fair epoch  53/180   4003 s
seed 1006 free_e2e_fair epoch  54/180   4088 s
seed 1006 free_e2e_fair epoch  55/180   4184 s
seed 1006 free_e2e_fair epoch  56/180   4274 s
seed 1006 free_e2e_fair epoch  57/180   4364 s
seed 1006 free_e2e_fair epoch  58/180   4462 s
seed 1006 free_e2e_fair epoch  59/180   4560 s
seed 1006 free_e2e_fair epoch  60/180   4679 s
seed 1006 free_e2e_fair epoch  61/180   4784 s
seed 1006 free_e2e_fair epoch  62/180   4881 s
seed 1006 free_e2e_fair epoch  63/180   4968 s
seed 1006 free_e2e_fair epoch  64/180   5032 s
seed 1006 free_e2e_fair epoch  65/180   5112 s
seed 1006 free_e2e_fair epoch  66/180   5220 s
seed 1006 free_e2e_fair epoch  67/180   5320 s
seed 1006 free_e2e_fair epoch  68/180   5414 s
seed 1006 free_e2e_fair epoch  69/180   5501 s
seed 1006 free_e2e_fair epoch  70/180   5593 s
seed 1006 free_e2e_fair epoch  71/180   5695 s
seed 1006 free_e2e_fair epoch  72/180   5821 s
seed 1006 free_e2e_fair epoch  73/180   5905 s
seed 1006 free_e2e_fair epoch  74/180   5985 s
seed 1006 free_e2e_fair epoch  75/180   6062 s
seed 1006 free_e2e_fair epoch  76/180   6140 s
seed 1006 free_e2e_fair epoch  77/180   6193 s
seed 1006 free_e2e_fair epoch  78/180   6238 s
seed 1006 free_e2e_fair epoch  79/180   6280 s
seed 1006 free_e2e_fair epoch  80/180   6320 s
seed 1006 free_e2e_fair epoch  81/180   6361 s
seed 1006 free_e2e_fair epoch  82/180   6433 s
seed 1006 free_e2e_fair epoch  83/180   6533 s
seed 1006 free_e2e_fair epoch  84/180   6610 s
seed 1006 free_e2e_fair epoch  85/180   6664 s
seed 1006 free_e2e_fair epoch  86/180   6725 s
seed 1006 free_e2e_fair epoch  87/180   6773 s
seed 1006 free_e2e_fair epoch  88/180   6821 s
seed 1006 free_e2e_fair epoch  89/180   6873 s
seed 1006 free_e2e_fair epoch  90/180   6931 s
seed 1006 free_e2e_fair epoch  91/180   6979 s
seed 1006 free_e2e_fair epoch  92/180   7026 s
seed 1006 free_e2e_fair epoch  93/180   7073 s
seed 1006 free_e2e_fair epoch  94/180   7119 s
seed 1006 free_e2e_fair epoch  95/180   7167 s
seed 1006 free_e2e_fair epoch  96/180   7214 s
seed 1006 free_e2e_fair epoch  97/180   7259 s
seed 1006 free_e2e_fair epoch  98/180   7304 s
seed 1006 free_e2e_fair epoch  99/180   7345 s
seed 1006 free_e2e_fair epoch 100/180   7385 s
seed 1006 free_e2e_fair epoch 101/180   7429 s
seed 1006 free_e2e_fair epoch 102/180   7476 s
seed 1006 free_e2e_fair epoch 103/180   7517 s
seed 1006 free_e2e_fair epoch 104/180   7558 s
seed 1006 free_e2e_fair epoch 105/180   7600 s
seed 1006 free_e2e_fair epoch 106/180   7640 s
seed 1006 free_e2e_fair epoch 107/180   7682 s
seed 1006 free_e2e_fair epoch 108/180   7722 s
seed 1006 free_e2e_fair epoch 109/180   7763 s
seed 1006 free_e2e_fair epoch 110/180   7805 s
seed 1006 free_e2e_fair epoch 111/180   7848 s
seed 1006 free_e2e_fair epoch 112/180   7899 s
seed 1006 free_e2e_fair epoch 113/180   7968 s
seed 1006 free_e2e_fair epoch 114/180   8013 s
seed 1006 free_e2e_fair epoch 115/180   8058 s
seed 1006 free_e2e_fair epoch 116/180   8110 s
seed 1006 free_e2e_fair epoch 117/180   8157 s
seed 1006 free_e2e_fair epoch 118/180   8214 s
seed 1006 free_e2e_fair epoch 119/180   8281 s
seed 1006 free_e2e_fair epoch 120/180   8324 s
seed 1006 free_e2e_fair epoch 121/180   8367 s
seed 1006 free_e2e_fair epoch 122/180   8408 s
seed 1006 free_e2e_fair epoch 123/180   8449 s
seed 1006 free_e2e_fair epoch 124/180   8497 s
seed 1006 free_e2e_fair epoch 125/180   8552 s
seed 1006 free_e2e_fair epoch 126/180   8627 s
seed 1006 free_e2e_fair epoch 127/180   8700 s
seed 1006 free_e2e_fair epoch 128/180   8767 s
seed 1006 free_e2e_fair epoch 129/180   8873 s
seed 1006 free_e2e_fair epoch 130/180   8937 s
seed 1006 free_e2e_fair epoch 131/180   9085 s
seed 1006 free_e2e_fair epoch 132/180   9162 s
seed 1006 free_e2e_fair epoch 133/180   9237 s
seed 1006 free_e2e_fair epoch 134/180   9293 s
seed 1006 free_e2e_fair epoch 135/180   9335 s
seed 1006 free_e2e_fair epoch 136/180   9377 s
seed 1006 free_e2e_fair epoch 137/180   9416 s
seed 1006 free_e2e_fair epoch 138/180   9454 s
seed 1006 free_e2e_fair epoch 139/180   9498 s
seed 1006 free_e2e_fair epoch 140/180   9539 s
seed 1006 free_e2e_fair epoch 141/180   9578 s
seed 1006 free_e2e_fair epoch 142/180   9618 s
seed 1006 free_e2e_fair epoch 143/180   9659 s
seed 1006 free_e2e_fair epoch 144/180   9698 s
seed 1006 free_e2e_fair epoch 145/180   9742 s
seed 1006 free_e2e_fair epoch 146/180   9802 s
seed 1006 free_e2e_fair epoch 147/180   9845 s
seed 1006 free_e2e_fair epoch 148/180   9890 s
seed 1006 free_e2e_fair epoch 149/180   9933 s
seed 1006 free_e2e_fair epoch 150/180   9976 s
seed 1006 free_e2e_fair epoch 151/180  10025 s
seed 1006 free_e2e_fair epoch 152/180  10073 s
seed 1006 free_e2e_fair epoch 153/180  10116 s
seed 1006 free_e2e_fair epoch 154/180  10162 s
seed 1006 free_e2e_fair epoch 155/180  10215 s
seed 1006 free_e2e_fair epoch 156/180  10265 s
seed 1006 free_e2e_fair epoch 157/180  10315 s
seed 1006 free_e2e_fair epoch 158/180  10358 s
seed 1006 free_e2e_fair epoch 159/180  10400 s
seed 1006 free_e2e_fair epoch 160/180  10445 s
seed 1006 free_e2e_fair epoch 161/180  10495 s
seed 1006 free_e2e_fair epoch 162/180  10540 s
seed 1006 free_e2e_fair epoch 163/180  10590 s
seed 1006 free_e2e_fair epoch 164/180  10655 s
seed 1006 free_e2e_fair epoch 165/180  10706 s
seed 1006 free_e2e_fair epoch 166/180  10753 s
seed 1006 free_e2e_fair epoch 167/180  10809 s
seed 1006 free_e2e_fair epoch 168/180  10975 s
seed 1006 free_e2e_fair epoch 169/180  11053 s
seed 1006 free_e2e_fair epoch 170/180  11148 s
seed 1006 free_e2e_fair epoch 171/180  11227 s
seed 1006 free_e2e_fair epoch 172/180  11305 s
seed 1006 free_e2e_fair epoch 173/180  11358 s
seed 1006 free_e2e_fair epoch 174/180  11424 s
seed 1006 free_e2e_fair epoch 175/180  11485 s
seed 1006 free_e2e_fair epoch 176/180  11549 s
seed 1006 free_e2e_fair epoch 177/180  11613 s
seed 1006 free_e2e_fair epoch 178/180  11672 s
seed 1006 free_e2e_fair epoch 179/180  11735 s
seed 1006 free_e2e_fair epoch 180/180  11803 s
seed 1006: written
