nohup: ignoring input
seed 123 n25 free_scaled stage 1 epoch  1/90     14 s
seed 123 n25 free_scaled stage 1 epoch  2/90     19 s
seed 123 n25 free_scaled stage 1 epoch  3/90     24 s
seed 123 n25 free_scaled stage 1 epoch  4/90     30 s
seed 123 n25 free_scaled stage 1 epoch  5/90     39 s
seed 123 n25 free_scaled stage 1 epoch  6/90     46 s
seed 123 n25 free_scaled stage 1 epoch  7/90     51 s
seed 123 n25 free_scaled stage 1 epoch  8/90     58 s
seed 123 n25 free_scaled stage 1 epoch  9/90     66 s
seed 123 n25 free_scaled stage 1 epoch 10/90     73 s
seed 123 n25 free_scaled stage 1 epoch 11/90     79 s
seed 123 n25 free_scaled stage 1 epoch 12/90     84 s
seed 123 n25 free_scaled stage 1 epoch 13/90     91 s
seed 123 n25 free_scaled stage 1 epoch 14/90     98 s
seed 123 n25 free_scaled stage 1 epoch 15/90    104 s
seed 123 n25 free_scaled stage 1 epoch 16/90    110 s
seed 123 n25 free_scaled stage 1 epoch 17/90    115 s
seed 123 n25 free_scaled stage 1 epoch 18/90    119 s
seed 123 n25 free_scaled stage 1 epoch 19/90    124 s
seed 123 n25 free_scaled stage 1 epoch 20/90    130 s
seed 123 n25 free_scaled stage 1 epoch 21/90    136 s
seed 123 n25 free_scaled stage 1 epoch 22/90    141 s
seed 123 n25 free_scaled stage 1 epoch 23/90    147 s
seed 123 n25 free_scaled stage 1 epoch 24/90    153 s
seed 123 n25 free_scaled stage 1 epoch 25/90    159 s
seed 123 n25 free_scaled stage 1 epoch 26/90    165 s
seed 123 n25 free_scaled stage 1 epoch 27/90    170 s
seed 123 n25 free_scaled stage 1 epoch 28/90    177 s
seed 123 n25 free_scaled stage 1 epoch 29/90    183 s
seed 123 n25 free_scaled stage 1 epoch 30/90    188 s
seed 123 n25 free_scaled stage 1 epoch 31/90    193 s
seed 123 n25 free_scaled stage 1 epoch 32/90    199 s
seed 123 n25 free_scaled stage 1 epoch 33/90    203 s
seed 123 n25 free_scaled stage 1 epoch 34/90    208 s
seed 123 n25 free_scaled stage 1 epoch 35/90    218 s
seed 123 n25 free_scaled stage 1 epoch 36/90    225 s
seed 123 n25 free_scaled stage 1 epoch 37/90    231 s
seed 123 n25 free_scaled stage 1 epoch 38/90    237 s
seed 123 n25 free_scaled stage 1 epoch 39/90    242 s
seed 123 n25 free_scaled stage 1 epoch 40/90    249 s
seed 123 n25 free_scaled stage 1 epoch 41/90    256 s
seed 123 n25 free_scaled stage 1 epoch 42/90    260 s
seed 123 n25 free_scaled stage 1 epoch 43/90    265 s
seed 123 n25 free_scaled stage 1 epoch 44/90    270 s
seed 123 n25 free_scaled stage 1 epoch 45/90    278 s
seed 123 n25 free_scaled stage 1 epoch 46/90    285 s
seed 123 n25 free_scaled stage 1 epoch 47/90    290 s
seed 123 n25 free_scaled stage 1 epoch 48/90    297 s
seed 123 n25 free_scaled stage 1 epoch 49/90    305 s
seed 123 n25 free_scaled stage 1 epoch 50/90    310 s
seed 123 n25 free_scaled stage 1 epoch 51/90    316 s
seed 123 n25 free_scaled stage 1 epoch 52/90    325 s
seed 123 n25 free_scaled stage 1 epoch 53/90    337 s
seed 123 n25 free_scaled stage 1 epoch 54/90    345 s
seed 123 n25 free_scaled stage 1 epoch 55/90    352 s
seed 123 n25 free_scaled stage 1 epoch 56/90    357 s
seed 123 n25 free_scaled stage 1 epoch 57/90    364 s
seed 123 n25 free_scaled stage 1 epoch 58/90    369 s
seed 123 n25 free_scaled stage 1 epoch 59/90    376 s
seed 123 n25 free_scaled stage 1 epoch 60/90    383 s
seed 123 n25 free_scaled stage 1 epoch 61/90    390 s
seed 123 n25 free_scaled stage 1 epoch 62/90    399 s
seed 123 n25 free_scaled stage 1 epoch 63/90    404 s
seed 123 n25 free_scaled stage 1 epoch 64/90    410 s
seed 123 n25 free_scaled stage 1 epoch 65/90    415 s
seed 123 n25 free_scaled stage 1 epoch 66/90    421 s
seed 123 n25 free_scaled stage 1 epoch 67/90    428 s
seed 123 n25 free_scaled stage 1 epoch 68/90    435 s
seed 123 n25 free_scaled stage 1 epoch 69/90    441 s
seed 123 n25 free_scaled stage 1 epoch 70/90    452 s
seed 123 n25 free_scaled stage 1 epoch 71/90    462 s
seed 123 n25 free_scaled stage 1 epoch 72/90    469 s
seed 123 n25 free_scaled stage 1 epoch 73/90    479 s
seed 123 n25 free_scaled stage 1 epoch 74/90    488 s
seed 123 n25 free_scaled stage 1 epoch 75/90    495 s
seed 123 n25 free_scaled stage 1 epoch 76/90    504 s
seed 123 n25 free_scaled stage 1 epoch 77/90    511 s
seed 123 n25 free_scaled stage 1 epoch 78/90    516 s
seed 123 n25 free_scaled stage 1 epoch 79/90    521 s
seed 123 n25 free_scaled stage 1 epoch 80/90    525 s
seed 123 n25 free_scaled stage 1 epoch 81/90    530 s
seed 123 n25 free_scaled stage 1 epoch 82/90    535 s
seed 123 n25 free_scaled stage 1 epoch 83/90    540 s
seed 123 n25 free_scaled stage 1 epoch 84/90    545 s
seed 123 n25 free_scaled stage 1 epoch 85/90    549 s
seed 123 n25 free_scaled stage 1 epoch 86/90    554 s
seed 123 n25 free_scaled stage 1 epoch 87/90    559 s
seed 123 n25 free_scaled stage 1 epoch 88/90    564 s
seed 123 n25 free_scaled stage 1 epoch 89/90    570 s
seed 123 n25 free_scaled stage 1 epoch 90/90    575 s
seed 123 n25 free_scaled stage 2 epoch  1/90    578 s
seed 123 n25 free_scaled stage 2 epoch  2/90    580 s
seed 123 n25 free_scaled stage 2 epoch  3/90    583 s
seed 123 n25 free_scaled stage 2 epoch  4/90    585 s
seed 123 n25 free_scaled stage 2 epoch  5/90    588 s
seed 123 n25 free_scaled stage 2 epoch  6/90    590 s
seed 123 n25 free_scaled stage 2 epoch  7/90    592 s
seed 123 n25 free_scaled stage 2 epoch  8/90    594 s
seed 123 n25 free_scaled stage 2 epoch  9/90    596 s
seed 123 n25 free_scaled stage 2 epoch 10/90    598 s
seed 123 n25 free_scaled stage 2 epoch 11/90    601 s
seed 123 n25 free_scaled stage 2 epoch 12/90    603 s
seed 123 n25 free_scaled stage 2 epoch 13/90    606 s
seed 123 n25 free_scaled stage 2 epoch 14/90    608 s
seed 123 n25 free_scaled stage 2 epoch 15/90    610 s
seed 123 n25 free_scaled stage 2 epoch 16/90    613 s
seed 123 n25 free_scaled stage 2 epoch 17/90    619 s
seed 123 n25 free_scaled stage 2 epoch 18/90    624 s
seed 123 n25 free_scaled stage 2 epoch 19/90    627 s
seed 123 n25 free_scaled stage 2 epoch 20/90    629 s
seed 123 n25 free_scaled stage 2 epoch 21/90    632 s
seed 123 n25 free_scaled stage 2 epoch 22/90    639 s
seed 123 n25 free_scaled stage 2 epoch 23/90    643 s
seed 123 n25 free_scaled stage 2 epoch 24/90    645 s
seed 123 n25 free_scaled stage 2 epoch 25/90    647 s
seed 123 n25 free_scaled stage 2 epoch 26/90    649 s
seed 123 n25 free_scaled stage 2 epoch 27/90    651 s
seed 123 n25 free_scaled stage 2 epoch 28/90    653 s
seed 123 n25 free_scaled stage 2 epoch 29/90    655 s
seed 123 n25 free_scaled stage 2 epoch 30/90    657 s
seed 123 n25 free_scaled stage 2 epoch 31/90    659 s
seed 123 n25 free_scaled stage 2 epoch 32/90    663 s
seed 123 n25 free_scaled stage 2 epoch 33/90    667 s
seed 123 n25 free_scaled stage 2 epoch 34/90    670 s
seed 123 n25 free_scaled stage 2 epoch 35/90    673 s
seed 123 n25 free_scaled stage 2 epoch 36/90    677 s
seed 123 n25 free_scaled stage 2 epoch 37/90    683 s
seed 123 n25 free_scaled stage 2 epoch 38/90    686 s
seed 123 n25 free_scaled stage 2 epoch 39/90    689 s
seed 123 n25 free_scaled stage 2 epoch 40/90    691 s
seed 123 n25 free_scaled stage 2 epoch 41/90    693 s
seed 123 n25 free_scaled stage 2 epoch 42/90    696 s
seed 123 n25 free_scaled stage 2 epoch 43/90    698 s
seed 123 n25 free_scaled stage 2 epoch 44/90    700 s
seed 123 n25 free_scaled stage 2 epoch 45/90    704 s
seed 123 n25 free_scaled stage 2 epoch 46/90    708 s
seed 123 n25 free_scaled stage 2 epoch 47/90    711 s
seed 123 n25 free_scaled stage 2 epoch 48/90    713 s
seed 123 n25 free_scaled stage 2 epoch 49/90    715 s
seed 123 n25 free_scaled stage 2 epoch 50/90    717 s
seed 123 n25 free_scaled stage 2 epoch 51/90    719 s
seed 123 n25 free_scaled stage 2 epoch 52/90    721 s
seed 123 n25 free_scaled stage 2 epoch 53/90    724 s
seed 123 n25 free_scaled stage 2 epoch 54/90    726 s
seed 123 n25 free_scaled stage 2 epoch 55/90    728 s
seed 123 n25 free_scaled stage 2 epoch 56/90    730 s
seed 123 n25 free_scaled stage 2 epoch 57/90    732 s
seed 123 n25 free_scaled stage 2 epoch 58/90    735 s
seed 123 n25 free_scaled stage 2 epoch 59/90    736 s
seed 123 n25 free_scaled stage 2 epoch 60/90    738 s
seed 123 n25 free_scaled stage 2 epoch 61/90    741 s
seed 123 n25 free_scaled stage 2 epoch 62/90    743 s
seed 123 n25 free_scaled stage 2 epoch 63/90    745 s
seed 123 n25 free_scaled stage 2 epoch 64/90    748 s
seed 123 n25 free_scaled stage 2 epoch 65/90    752 s
seed 123 n25 free_scaled stage 2 epoch 66/90    754 s
seed 123 n25 free_scaled stage 2 epoch 67/90    757 s
seed 123 n25 free_scaled stage 2 epoch 68/90    759 s
seed 123 n25 free_scaled stage 2 epoch 69/90    762 s
seed 123 n25 free_scaled stage 2 epoch 70/90    764 s
seed 123 n25 free_scaled stage 2 epoch 71/90    766 s
seed 123 n25 free_scaled stage 2 epoch 72/90    768 s
seed 123 n25 free_scaled stage 2 epoch 73/90    770 s
seed 123 n25 free_scaled stage 2 epoch 74/90    772 s
seed 123 n25 free_scaled stage 2 epoch 75/90    774 s
seed 123 n25 free_scaled stage 2 epoch 76/90    776 s
seed 123 n25 free_scaled stage 2 epoch 77/90    778 s
seed 123 n25 free_scaled stage 2 epoch 78/90    781 s
seed 123 n25 free_scaled stage 2 epoch 79/90    783 s
seed 123 n25 free_scaled stage 2 epoch 80/90    785 s
seed 123 n25 free_scaled stage 2 epoch 81/90    788 s
seed 123 n25 free_scaled stage 2 epoch 82/90    790 s
seed 123 n25 free_scaled stage 2 epoch 83/90    791 s
seed 123 n25 free_scaled stage 2 epoch 84/90    793 s
seed 123 n25 free_scaled stage 2 epoch 85/90    795 s
seed 123 n25 free_scaled stage 2 epoch 86/90    797 s
seed 123 n25 free_scaled stage 2 epoch 87/90    799 s
seed 123 n25 free_scaled stage 2 epoch 88/90    802 s
seed 123 n25 free_scaled stage 2 epoch 89/90    804 s
seed 123 n25 free_scaled stage 2 epoch 90/90    806 s
seed 123 n25 prescribed_std stage 2 epoch  1/90      2 s
seed 123 n25 prescribed_std stage 2 epoch  2/90      4 s
seed 123 n25 prescribed_std stage 2 epoch  3/90      5 s
seed 123 n25 prescribed_std stage 2 epoch  4/90      7 s
seed 123 n25 prescribed_std stage 2 epoch  5/90      9 s
seed 123 n25 prescribed_std stage 2 epoch  6/90     11 s
seed 123 n25 prescribed_std stage 2 epoch  7/90     14 s
seed 123 n25 prescribed_std stage 2 epoch  8/90     17 s
seed 123 n25 prescribed_std stage 2 epoch  9/90     20 s
seed 123 n25 prescribed_std stage 2 epoch 10/90     22 s
seed 123 n25 prescribed_std stage 2 epoch 11/90     24 s
seed 123 n25 prescribed_std stage 2 epoch 12/90     26 s
seed 123 n25 prescribed_std stage 2 epoch 13/90     28 s
seed 123 n25 prescribed_std stage 2 epoch 14/90     29 s
seed 123 n25 prescribed_std stage 2 epoch 15/90     31 s
seed 123 n25 prescribed_std stage 2 epoch 16/90     35 s
seed 123 n25 prescribed_std stage 2 epoch 17/90     37 s
seed 123 n25 prescribed_std stage 2 epoch 18/90     39 s
seed 123 n25 prescribed_std stage 2 epoch 19/90     41 s
seed 123 n25 prescribed_std stage 2 epoch 20/90     43 s
seed 123 n25 prescribed_std stage 2 epoch 21/90     45 s
seed 123 n25 prescribed_std stage 2 epoch 22/90     47 s
seed 123 n25 prescribed_std stage 2 epoch 23/90     49 s
seed 123 n25 prescribed_std stage 2 epoch 24/90     52 s
seed 123 n25 prescribed_std stage 2 epoch 25/90     54 s
seed 123 n25 prescribed_std stage 2 epoch 26/90     59 s
seed 123 n25 prescribed_std stage 2 epoch 27/90     62 s
seed 123 n25 prescribed_std stage 2 epoch 28/90     65 s
seed 123 n25 prescribed_std stage 2 epoch 29/90     67 s
seed 123 n25 prescribed_std stage 2 epoch 30/90     69 s
seed 123 n25 prescribed_std stage 2 epoch 31/90     72 s
seed 123 n25 prescribed_std stage 2 epoch 32/90     75 s
seed 123 n25 prescribed_std stage 2 epoch 33/90     76 s
seed 123 n25 prescribed_std stage 2 epoch 34/90     78 s
seed 123 n25 prescribed_std stage 2 epoch 35/90     80 s
seed 123 n25 prescribed_std stage 2 epoch 36/90     82 s
seed 123 n25 prescribed_std stage 2 epoch 37/90     84 s
seed 123 n25 prescribed_std stage 2 epoch 38/90     86 s
seed 123 n25 prescribed_std stage 2 epoch 39/90     88 s
seed 123 n25 prescribed_std stage 2 epoch 40/90     90 s
seed 123 n25 prescribed_std stage 2 epoch 41/90     92 s
seed 123 n25 prescribed_std stage 2 epoch 42/90     94 s
seed 123 n25 prescribed_std stage 2 epoch 43/90     96 s
seed 123 n25 prescribed_std stage 2 epoch 44/90     98 s
seed 123 n25 prescribed_std stage 2 epoch 45/90    100 s
seed 123 n25 prescribed_std stage 2 epoch 46/90    101 s
seed 123 n25 prescribed_std stage 2 epoch 47/90    103 s
seed 123 n25 prescribed_std stage 2 epoch 48/90    105 s
seed 123 n25 prescribed_std stage 2 epoch 49/90    107 s
seed 123 n25 prescribed_std stage 2 epoch 50/90    110 s
seed 123 n25 prescribed_std stage 2 epoch 51/90    114 s
seed 123 n25 prescribed_std stage 2 epoch 52/90    116 s
seed 123 n25 prescribed_std stage 2 epoch 53/90    119 s
seed 123 n25 prescribed_std stage 2 epoch 54/90    121 s
seed 123 n25 prescribed_std stage 2 epoch 55/90    124 s
seed 123 n25 prescribed_std stage 2 epoch 56/90    125 s
seed 123 n25 prescribed_std stage 2 epoch 57/90    127 s
seed 123 n25 prescribed_std stage 2 epoch 58/90    130 s
seed 123 n25 prescribed_std stage 2 epoch 59/90    132 s
seed 123 n25 prescribed_std stage 2 epoch 60/90    134 s
seed 123 n25 prescribed_std stage 2 epoch 61/90    136 s
seed 123 n25 prescribed_std stage 2 epoch 62/90    139 s
seed 123 n25 prescribed_std stage 2 epoch 63/90    141 s
seed 123 n25 prescribed_std stage 2 epoch 64/90    143 s
seed 123 n25 prescribed_std stage 2 epoch 65/90    146 s
seed 123 n25 prescribed_std stage 2 epoch 66/90    148 s
seed 123 n25 prescribed_std stage 2 epoch 67/90    150 s
seed 123 n25 prescribed_std stage 2 epoch 68/90    152 s
seed 123 n25 prescribed_std stage 2 epoch 69/90    153 s
seed 123 n25 prescribed_std stage 2 epoch 70/90    155 s
seed 123 n25 prescribed_std stage 2 epoch 71/90    157 s
seed 123 n25 prescribed_std stage 2 epoch 72/90    159 s
seed 123 n25 prescribed_std stage 2 epoch 73/90    162 s
seed 123 n25 prescribed_std stage 2 epoch 74/90    164 s
seed 123 n25 prescribed_std stage 2 epoch 75/90    166 s
seed 123 n25 prescribed_std stage 2 epoch 76/90    168 s
seed 123 n25 prescribed_std stage 2 epoch 77/90    171 s
seed 123 n25 prescribed_std stage 2 epoch 78/90    173 s
seed 123 n25 prescribed_std stage 2 epoch 79/90    175 s
seed 123 n25 prescribed_std stage 2 epoch 80/90    177 s
seed 123 n25 prescribed_std stage 2 epoch 81/90    179 s
seed 123 n25 prescribed_std stage 2 epoch 82/90    181 s
seed 123 n25 prescribed_std stage 2 epoch 83/90    183 s
seed 123 n25 prescribed_std stage 2 epoch 84/90    186 s
seed 123 n25 prescribed_std stage 2 epoch 85/90    188 s
seed 123 n25 prescribed_std stage 2 epoch 86/90    191 s
seed 123 n25 prescribed_std stage 2 epoch 87/90    193 s
seed 123 n25 prescribed_std stage 2 epoch 88/90    195 s
seed 123 n25 prescribed_std stage 2 epoch 89/90    197 s
seed 123 n25 prescribed_std stage 2 epoch 90/90    199 s
seed 123 n200 free_scaled stage 1 epoch  1/90     47 s
seed 123 n200 free_scaled stage 1 epoch  2/90     96 s
seed 123 n200 free_scaled stage 1 epoch  3/90    142 s
seed 123 n200 free_scaled stage 1 epoch  4/90    189 s
seed 123 n200 free_scaled stage 1 epoch  5/90    242 s
seed 123 n200 free_scaled stage 1 epoch  6/90    289 s
seed 123 n200 free_scaled stage 1 epoch  7/90    351 s
seed 123 n200 free_scaled stage 1 epoch  8/90    409 s
seed 123 n200 free_scaled stage 1 epoch  9/90    446 s
seed 123 n200 free_scaled stage 1 epoch 10/90    485 s
seed 123 n200 free_scaled stage 1 epoch 11/90    524 s
seed 123 n200 free_scaled stage 1 epoch 12/90    572 s
seed 123 n200 free_scaled stage 1 epoch 13/90    609 s
seed 123 n200 free_scaled stage 1 epoch 14/90    666 s
seed 123 n200 free_scaled stage 1 epoch 15/90    736 s
seed 123 n200 free_scaled stage 1 epoch 16/90    787 s
seed 123 n200 free_scaled stage 1 epoch 17/90    852 s
seed 123 n200 free_scaled stage 1 epoch 18/90    901 s
seed 123 n200 free_scaled stage 1 epoch 19/90    949 s
seed 123 n200 free_scaled stage 1 epoch 20/90    995 s
seed 123 n200 free_scaled stage 1 epoch 21/90   1044 s
seed 123 n200 free_scaled stage 1 epoch 22/90   1121 s
seed 123 n200 free_scaled stage 1 epoch 23/90   1175 s
seed 123 n200 free_scaled stage 1 epoch 24/90   1224 s
seed 123 n200 free_scaled stage 1 epoch 25/90   1278 s
seed 123 n200 free_scaled stage 1 epoch 26/90   1330 s
seed 123 n200 free_scaled stage 1 epoch 27/90   1373 s
seed 123 n200 free_scaled stage 1 epoch 28/90   1417 s
seed 123 n200 free_scaled stage 1 epoch 29/90   1487 s
seed 123 n200 free_scaled stage 1 epoch 30/90   1555 s
seed 123 n200 free_scaled stage 1 epoch 31/90   1606 s
seed 123 n200 free_scaled stage 1 epoch 32/90   1664 s
seed 123 n200 free_scaled stage 1 epoch 33/90   1716 s
seed 123 n200 free_scaled stage 1 epoch 34/90   1764 s
seed 123 n200 free_scaled stage 1 epoch 35/90   1811 s
seed 123 n200 free_scaled stage 1 epoch 36/90   1857 s
seed 123 n200 free_scaled stage 1 epoch 37/90   1903 s
seed 123 n200 free_scaled stage 1 epoch 38/90   1940 s
seed 123 n200 free_scaled stage 1 epoch 39/90   1978 s
seed 123 n200 free_scaled stage 1 epoch 40/90   2015 s
seed 123 n200 free_scaled stage 1 epoch 41/90   2053 s
seed 123 n200 free_scaled stage 1 epoch 42/90   2105 s
seed 123 n200 free_scaled stage 1 epoch 43/90   2210 s
seed 123 n200 free_scaled stage 1 epoch 44/90   2324 s
seed 123 n200 free_scaled stage 1 epoch 45/90   2429 s
seed 123 n200 free_scaled stage 1 epoch 46/90   2530 s
seed 123 n200 free_scaled stage 1 epoch 47/90   2639 s
seed 123 n200 free_scaled stage 1 epoch 48/90   2757 s
seed 123 n200 free_scaled stage 1 epoch 49/90   2861 s
seed 123 n200 free_scaled stage 1 epoch 50/90   2959 s
seed 123 n200 free_scaled stage 1 epoch 51/90   3056 s
seed 123 n200 free_scaled stage 1 epoch 52/90   3174 s
seed 123 n200 free_scaled stage 1 epoch 53/90   3285 s
seed 123 n200 free_scaled stage 1 epoch 54/90   3359 s
seed 123 n200 free_scaled stage 1 epoch 55/90   3408 s
seed 123 n200 free_scaled stage 1 epoch 56/90   3451 s
seed 123 n200 free_scaled stage 1 epoch 57/90   3499 s
seed 123 n200 free_scaled stage 1 epoch 58/90   3548 s
seed 123 n200 free_scaled stage 1 epoch 59/90   3602 s
seed 123 n200 free_scaled stage 1 epoch 60/90   3656 s
seed 123 n200 free_scaled stage 1 epoch 61/90   3706 s
seed 123 n200 free_scaled stage 1 epoch 62/90   3763 s
seed 123 n200 free_scaled stage 1 epoch 63/90   3816 s
seed 123 n200 free_scaled stage 1 epoch 64/90   3878 s
seed 123 n200 free_scaled stage 1 epoch 65/90   3943 s
seed 123 n200 free_scaled stage 1 epoch 66/90   4009 s
seed 123 n200 free_scaled stage 1 epoch 67/90   4070 s
seed 123 n200 free_scaled stage 1 epoch 68/90   4125 s
seed 123 n200 free_scaled stage 1 epoch 69/90   4176 s
seed 123 n200 free_scaled stage 1 epoch 70/90   4229 s
seed 123 n200 free_scaled stage 1 epoch 71/90   4298 s
seed 123 n200 free_scaled stage 1 epoch 72/90   4373 s
seed 123 n200 free_scaled stage 1 epoch 73/90   4438 s
seed 123 n200 free_scaled stage 1 epoch 74/90   4511 s
seed 123 n200 free_scaled stage 1 epoch 75/90   4583 s
seed 123 n200 free_scaled stage 1 epoch 76/90   4647 s
seed 123 n200 free_scaled stage 1 epoch 77/90   4719 s
seed 123 n200 free_scaled stage 1 epoch 78/90   4781 s
seed 123 n200 free_scaled stage 1 epoch 79/90   4837 s
seed 123 n200 free_scaled stage 1 epoch 80/90   4902 s
seed 123 n200 free_scaled stage 1 epoch 81/90   4974 s
seed 123 n200 free_scaled stage 1 epoch 82/90   5048 s
seed 123 n200 free_scaled stage 1 epoch 83/90   5122 s
seed 123 n200 free_scaled stage 1 epoch 84/90   5196 s
seed 123 n200 free_scaled stage 1 epoch 85/90   5270 s
seed 123 n200 free_scaled stage 1 epoch 86/90   5345 s
seed 123 n200 free_scaled stage 1 epoch 87/90   5419 s
seed 123 n200 free_scaled stage 1 epoch 88/90   5494 s
seed 123 n200 free_scaled stage 1 epoch 89/90   5569 s
seed 123 n200 free_scaled stage 1 epoch 90/90   5642 s
seed 123 n200 free_scaled stage 2 epoch  1/90   5674 s
seed 123 n200 free_scaled stage 2 epoch  2/90   5704 s
seed 123 n200 free_scaled stage 2 epoch  3/90   5734 s
seed 123 n200 free_scaled stage 2 epoch  4/90   5763 s
seed 123 n200 free_scaled stage 2 epoch  5/90   5793 s
seed 123 n200 free_scaled stage 2 epoch  6/90   5818 s
seed 123 n200 free_scaled stage 2 epoch  7/90   5847 s
seed 123 n200 free_scaled stage 2 epoch  8/90   5871 s
seed 123 n200 free_scaled stage 2 epoch  9/90   5899 s
seed 123 n200 free_scaled stage 2 epoch 10/90   5931 s
seed 123 n200 free_scaled stage 2 epoch 11/90   5961 s
seed 123 n200 free_scaled stage 2 epoch 12/90   5992 s
seed 123 n200 free_scaled stage 2 epoch 13/90   6022 s
seed 123 n200 free_scaled stage 2 epoch 14/90   6052 s
seed 123 n200 free_scaled stage 2 epoch 15/90   6083 s
seed 123 n200 free_scaled stage 2 epoch 16/90   6113 s
seed 123 n200 free_scaled stage 2 epoch 17/90   6144 s
seed 123 n200 free_scaled stage 2 epoch 18/90   6174 s
seed 123 n200 free_scaled stage 2 epoch 19/90   6205 s
seed 123 n200 free_scaled stage 2 epoch 20/90   6236 s
seed 123 n200 free_scaled stage 2 epoch 21/90   6266 s
seed 123 n200 free_scaled stage 2 epoch 22/90   6297 s
seed 123 n200 free_scaled stage 2 epoch 23/90   6327 s
seed 123 n200 free_scaled stage 2 epoch 24/90   6357 s
seed 123 n200 free_scaled stage 2 epoch 25/90   6389 s
seed 123 n200 free_scaled stage 2 epoch 26/90   6420 s
seed 123 n200 free_scaled stage 2 epoch 27/90   6448 s
seed 123 n200 free_scaled stage 2 epoch 28/90   6476 s
seed 123 n200 free_scaled stage 2 epoch 29/90   6504 s
seed 123 n200 free_scaled stage 2 epoch 30/90   6531 s
seed 123 n200 free_scaled stage 2 epoch 31/90   6560 s
seed 123 n200 free_scaled stage 2 epoch 32/90   6586 s
seed 123 n200 free_scaled stage 2 epoch 33/90   6630 s
seed 123 n200 free_scaled stage 2 epoch 34/90   6657 s
seed 123 n200 free_scaled stage 2 epoch 35/90   6683 s
seed 123 n200 free_scaled stage 2 epoch 36/90   6709 s
seed 123 n200 free_scaled stage 2 epoch 37/90   6736 s
seed 123 n200 free_scaled stage 2 epoch 38/90   6763 s
seed 123 n200 free_scaled stage 2 epoch 39/90   6792 s
seed 123 n200 free_scaled stage 2 epoch 40/90   6822 s
seed 123 n200 free_scaled stage 2 epoch 41/90   6858 s
seed 123 n200 free_scaled stage 2 epoch 42/90   6886 s
seed 123 n200 free_scaled stage 2 epoch 43/90   6929 s
seed 123 n200 free_scaled stage 2 epoch 44/90   6983 s
seed 123 n200 free_scaled stage 2 epoch 45/90   7013 s
seed 123 n200 free_scaled stage 2 epoch 46/90   7048 s
seed 123 n200 free_scaled stage 2 epoch 47/90   7080 s
seed 123 n200 free_scaled stage 2 epoch 48/90   7106 s
seed 123 n200 free_scaled stage 2 epoch 49/90   7140 s
seed 123 n200 free_scaled stage 2 epoch 50/90   7177 s
seed 123 n200 free_scaled stage 2 epoch 51/90   7207 s
seed 123 n200 free_scaled stage 2 epoch 52/90   7237 s
seed 123 n200 free_scaled stage 2 epoch 53/90   7267 s
seed 123 n200 free_scaled stage 2 epoch 54/90   7296 s
seed 123 n200 free_scaled stage 2 epoch 55/90   7323 s
seed 123 n200 free_scaled stage 2 epoch 56/90   7352 s
seed 123 n200 free_scaled stage 2 epoch 57/90   7383 s
seed 123 n200 free_scaled stage 2 epoch 58/90   7411 s
seed 123 n200 free_scaled stage 2 epoch 59/90   7439 s
seed 123 n200 free_scaled stage 2 epoch 60/90   7470 s
seed 123 n200 free_scaled stage 2 epoch 61/90   7499 s
seed 123 n200 free_scaled stage 2 epoch 62/90   7529 s
seed 123 n200 free_scaled stage 2 epoch 63/90   7553 s
seed 123 n200 free_scaled stage 2 epoch 64/90   7580 s
seed 123 n200 free_scaled stage 2 epoch 65/90   7604 s
seed 123 n200 free_scaled stage 2 epoch 66/90   7628 s
seed 123 n200 free_scaled stage 2 epoch 67/90   7650 s
seed 123 n200 free_scaled stage 2 epoch 68/90   7671 s
seed 123 n200 free_scaled stage 2 epoch 69/90   7698 s
seed 123 n200 free_scaled stage 2 epoch 70/90   7726 s
seed 123 n200 free_scaled stage 2 epoch 71/90   7758 s
seed 123 n200 free_scaled stage 2 epoch 72/90   7788 s
seed 123 n200 free_scaled stage 2 epoch 73/90   7818 s
seed 123 n200 free_scaled stage 2 epoch 74/90   7854 s
seed 123 n200 free_scaled stage 2 epoch 75/90   7883 s
seed 123 n200 free_scaled stage 2 epoch 76/90   7914 s
seed 123 n200 free_scaled stage 2 epoch 77/90   7942 s
seed 123 n200 free_scaled stage 2 epoch 78/90   7977 s
seed 123 n200 free_scaled stage 2 epoch 79/90   8005 s
seed 123 n200 free_scaled stage 2 epoch 80/90   8035 s
seed 123 n200 free_scaled stage 2 epoch 81/90   8090 s
seed 123 n200 free_scaled stage 2 epoch 82/90   8128 s
seed 123 n200 free_scaled stage 2 epoch 83/90   8159 s
seed 123 n200 free_scaled stage 2 epoch 84/90   8192 s
seed 123 n200 free_scaled stage 2 epoch 85/90   8224 s
seed 123 n200 free_scaled stage 2 epoch 86/90   8258 s
seed 123 n200 free_scaled stage 2 epoch 87/90   8293 s
seed 123 n200 free_scaled stage 2 epoch 88/90   8328 s
seed 123 n200 free_scaled stage 2 epoch 89/90   8370 s
seed 123 n200 free_scaled stage 2 epoch 90/90   8426 s
seed 123 n200 prescribed_std stage 2 epoch  1/90     38 s
seed 123 n200 prescribed_std stage 2 epoch  2/90     80 s
seed 123 n200 prescribed_std stage 2 epoch  3/90    119 s
seed 123 n200 prescribed_std stage 2 epoch  4/90    174 s
seed 123 n200 prescribed_std stage 2 epoch  5/90    223 s
seed 123 n200 prescribed_std stage 2 epoch  6/90    257 s
seed 123 n200 prescribed_std stage 2 epoch  7/90    295 s
seed 123 n200 prescribed_std stage 2 epoch  8/90    330 s
seed 123 n200 prescribed_std stage 2 epoch  9/90    366 s
seed 123 n200 prescribed_std stage 2 epoch 10/90    397 s
seed 123 n200 prescribed_std stage 2 epoch 11/90    446 s
seed 123 n200 prescribed_std stage 2 epoch 12/90    593 s
seed 123 n200 prescribed_std stage 2 epoch 13/90    669 s
seed 123 n200 prescribed_std stage 2 epoch 14/90    718 s
seed 123 n200 prescribed_std stage 2 epoch 15/90    766 s
seed 123 n200 prescribed_std stage 2 epoch 16/90    804 s
seed 123 n200 prescribed_std stage 2 epoch 17/90    908 s
seed 123 n200 prescribed_std stage 2 epoch 18/90    990 s
seed 123 n200 prescribed_std stage 2 epoch 19/90   1031 s
seed 123 n200 prescribed_std stage 2 epoch 20/90   1067 s
seed 123 n200 prescribed_std stage 2 epoch 21/90   1112 s
seed 123 n200 prescribed_std stage 2 epoch 22/90   1149 s
seed 123 n200 prescribed_std stage 2 epoch 23/90   1189 s
seed 123 n200 prescribed_std stage 2 epoch 24/90   1264 s
seed 123 n200 prescribed_std stage 2 epoch 25/90   1329 s
seed 123 n200 prescribed_std stage 2 epoch 26/90   1369 s
seed 123 n200 prescribed_std stage 2 epoch 27/90   1421 s
seed 123 n200 prescribed_std stage 2 epoch 28/90   1487 s
seed 123 n200 prescribed_std stage 2 epoch 29/90   1531 s
seed 123 n200 prescribed_std stage 2 epoch 30/90   1572 s
seed 123 n200 prescribed_std stage 2 epoch 31/90   1601 s
seed 123 n200 prescribed_std stage 2 epoch 32/90   1625 s
seed 123 n200 prescribed_std stage 2 epoch 33/90   1654 s
seed 123 n200 prescribed_std stage 2 epoch 34/90   1681 s
seed 123 n200 prescribed_std stage 2 epoch 35/90   1710 s
seed 123 n200 prescribed_std stage 2 epoch 36/90   1740 s
seed 123 n200 prescribed_std stage 2 epoch 37/90   1770 s
seed 123 n200 prescribed_std stage 2 epoch 38/90   1796 s
seed 123 n200 prescribed_std stage 2 epoch 39/90   1827 s
seed 123 n200 prescribed_std stage 2 epoch 40/90   1861 s
seed 123 n200 prescribed_std stage 2 epoch 41/90   1897 s
seed 123 n200 prescribed_std stage 2 epoch 42/90   1929 s
seed 123 n200 prescribed_std stage 2 epoch 43/90   1964 s
seed 123 n200 prescribed_std stage 2 epoch 44/90   2005 s
seed 123 n200 prescribed_std stage 2 epoch 45/90   2049 s
seed 123 n200 prescribed_std stage 2 epoch 46/90   2149 s
seed 123 n200 prescribed_std stage 2 epoch 47/90   2203 s
seed 123 n200 prescribed_std stage 2 epoch 48/90   2250 s
seed 123 n200 prescribed_std stage 2 epoch 49/90   2297 s
seed 123 n200 prescribed_std stage 2 epoch 50/90   2350 s
seed 123 n200 prescribed_std stage 2 epoch 51/90   2413 s
seed 123 n200 prescribed_std stage 2 epoch 52/90   2483 s
seed 123 n200 prescribed_std stage 2 epoch 53/90   2556 s
seed 123 n200 prescribed_std stage 2 epoch 54/90   2600 s
seed 123 n200 prescribed_std stage 2 epoch 55/90   2649 s
seed 123 n200 prescribed_std stage 2 epoch 56/90   2689 s
seed 123 n200 prescribed_std stage 2 epoch 57/90   2720 s
seed 123 n200 prescribed_std stage 2 epoch 58/90   2754 s
seed 123 n200 prescribed_std stage 2 epoch 59/90   2787 s
seed 123 n200 prescribed_std stage 2 epoch 60/90   2820 s
seed 123 n200 prescribed_std stage 2 epoch 61/90   2850 s
seed 123 n200 prescribed_std stage 2 epoch 62/90   2883 s
seed 123 n200 prescribed_std stage 2 epoch 63/90   2917 s
seed 123 n200 prescribed_std stage 2 epoch 64/90   2948 s
seed 123 n200 prescribed_std stage 2 epoch 65/90   2982 s
seed 123 n200 prescribed_std stage 2 epoch 66/90   3016 s
seed 123 n200 prescribed_std stage 2 epoch 67/90   3049 s
seed 123 n200 prescribed_std stage 2 epoch 68/90   3082 s
seed 123 n200 prescribed_std stage 2 epoch 69/90   3125 s
seed 123 n200 prescribed_std stage 2 epoch 70/90   3174 s
seed 123 n200 prescribed_std stage 2 epoch 71/90   3205 s
seed 123 n200 prescribed_std stage 2 epoch 72/90   3239 s
seed 123 n200 prescribed_std stage 2 epoch 73/90   3270 s
seed 123 n200 prescribed_std stage 2 epoch 74/90   3301 s
seed 123 n200 prescribed_std stage 2 epoch 75/90   3331 s
seed 123 n200 prescribed_std stage 2 epoch 76/90   3362 s
seed 123 n200 prescribed_std stage 2 epoch 77/90   3396 s
seed 123 n200 prescribed_std stage 2 epoch 78/90   3426 s
seed 123 n200 prescribed_std stage 2 epoch 79/90   3455 s
seed 123 n200 prescribed_std stage 2 epoch 80/90   3488 s
seed 123 n200 prescribed_std stage 2 epoch 81/90   3519 s
seed 123 n200 prescribed_std stage 2 epoch 82/90   3548 s
seed 123 n200 prescribed_std stage 2 epoch 83/90   3579 s
seed 123 n200 prescribed_std stage 2 epoch 84/90   3610 s
seed 123 n200 prescribed_std stage 2 epoch 85/90   3641 s
seed 123 n200 prescribed_std stage 2 epoch 86/90   3672 s
seed 123 n200 prescribed_std stage 2 epoch 87/90   3702 s
seed 123 n200 prescribed_std stage 2 epoch 88/90   3732 s
seed 123 n200 prescribed_std stage 2 epoch 89/90   3764 s
seed 123 n200 prescribed_std stage 2 epoch 90/90   3794 s
seed 123: written
seed 1002 n25 free_scaled stage 1 epoch  1/90     11 s
seed 1002 n25 free_scaled stage 1 epoch  2/90     21 s
seed 1002 n25 free_scaled stage 1 epoch  3/90     31 s
seed 1002 n25 free_scaled stage 1 epoch  4/90     41 s
seed 1002 n25 free_scaled stage 1 epoch  5/90     51 s
seed 1002 n25 free_scaled stage 1 epoch  6/90     61 s
seed 1002 n25 free_scaled stage 1 epoch  7/90     71 s
seed 1002 n25 free_scaled stage 1 epoch  8/90     82 s
seed 1002 n25 free_scaled stage 1 epoch  9/90     91 s
seed 1002 n25 free_scaled stage 1 epoch 10/90    102 s
seed 1002 n25 free_scaled stage 1 epoch 11/90    112 s
seed 1002 n25 free_scaled stage 1 epoch 12/90    122 s
seed 1002 n25 free_scaled stage 1 epoch 13/90    132 s
seed 1002 n25 free_scaled stage 1 epoch 14/90    142 s
seed 1002 n25 free_scaled stage 1 epoch 15/90    152 s
seed 1002 n25 free_scaled stage 1 epoch 16/90    162 s
seed 1002 n25 free_scaled stage 1 epoch 17/90    172 s
seed 1002 n25 free_scaled stage 1 epoch 18/90    182 s
seed 1002 n25 free_scaled stage 1 epoch 19/90    192 s
seed 1002 n25 free_scaled stage 1 epoch 20/90    202 s
seed 1002 n25 free_scaled stage 1 epoch 21/90    213 s
seed 1002 n25 free_scaled stage 1 epoch 22/90    223 s
seed 1002 n25 free_scaled stage 1 epoch 23/90    232 s
seed 1002 n25 free_scaled stage 1 epoch 24/90    244 s
seed 1002 n25 free_scaled stage 1 epoch 25/90    254 s
seed 1002 n25 free_scaled stage 1 epoch 26/90    264 s
seed 1002 n25 free_scaled stage 1 epoch 27/90    274 s
seed 1002 n25 free_scaled stage 1 epoch 28/90    284 s
seed 1002 n25 free_scaled stage 1 epoch 29/90    294 s
seed 1002 n25 free_scaled stage 1 epoch 30/90    304 s
seed 1002 n25 free_scaled stage 1 epoch 31/90    314 s
seed 1002 n25 free_scaled stage 1 epoch 32/90    325 s
seed 1002 n25 free_scaled stage 1 epoch 33/90    335 s
seed 1002 n25 free_scaled stage 1 epoch 34/90    345 s
seed 1002 n25 free_scaled stage 1 epoch 35/90    355 s
seed 1002 n25 free_scaled stage 1 epoch 36/90    365 s
seed 1002 n25 free_scaled stage 1 epoch 37/90    376 s
seed 1002 n25 free_scaled stage 1 epoch 38/90    386 s
seed 1002 n25 free_scaled stage 1 epoch 39/90    396 s
seed 1002 n25 free_scaled stage 1 epoch 40/90    406 s
seed 1002 n25 free_scaled stage 1 epoch 41/90    416 s
seed 1002 n25 free_scaled stage 1 epoch 42/90    426 s
seed 1002 n25 free_scaled stage 1 epoch 43/90    437 s
seed 1002 n25 free_scaled stage 1 epoch 44/90    447 s
seed 1002 n25 free_scaled stage 1 epoch 45/90    456 s
seed 1002 n25 free_scaled stage 1 epoch 46/90    466 s
seed 1002 n25 free_scaled stage 1 epoch 47/90    475 s
seed 1002 n25 free_scaled stage 1 epoch 48/90    484 s
seed 1002 n25 free_scaled stage 1 epoch 49/90    495 s
seed 1002 n25 free_scaled stage 1 epoch 50/90    505 s
seed 1002 n25 free_scaled stage 1 epoch 51/90    517 s
seed 1002 n25 free_scaled stage 1 epoch 52/90    529 s
seed 1002 n25 free_scaled stage 1 epoch 53/90    540 s
seed 1002 n25 free_scaled stage 1 epoch 54/90    549 s
seed 1002 n25 free_scaled stage 1 epoch 55/90    560 s
seed 1002 n25 free_scaled stage 1 epoch 56/90    570 s
seed 1002 n25 free_scaled stage 1 epoch 57/90    580 s
seed 1002 n25 free_scaled stage 1 epoch 58/90    588 s
seed 1002 n25 free_scaled stage 1 epoch 59/90    597 s
seed 1002 n25 free_scaled stage 1 epoch 60/90    607 s
seed 1002 n25 free_scaled stage 1 epoch 61/90    616 s
seed 1002 n25 free_scaled stage 1 epoch 62/90    626 s
seed 1002 n25 free_scaled stage 1 epoch 63/90    635 s
seed 1002 n25 free_scaled stage 1 epoch 64/90    645 s
seed 1002 n25 free_scaled stage 1 epoch 65/90    654 s
seed 1002 n25 free_scaled stage 1 epoch 66/90    664 s
seed 1002 n25 free_scaled stage 1 epoch 67/90    674 s
seed 1002 n25 free_scaled stage 1 epoch 68/90    684 s
seed 1002 n25 free_scaled stage 1 epoch 69/90    693 s
seed 1002 n25 free_scaled stage 1 epoch 70/90    703 s
seed 1002 n25 free_scaled stage 1 epoch 71/90    712 s
seed 1002 n25 free_scaled stage 1 epoch 72/90    722 s
seed 1002 n25 free_scaled stage 1 epoch 73/90    731 s
seed 1002 n25 free_scaled stage 1 epoch 74/90    740 s
seed 1002 n25 free_scaled stage 1 epoch 75/90    750 s
seed 1002 n25 free_scaled stage 1 epoch 76/90    760 s
seed 1002 n25 free_scaled stage 1 epoch 77/90    768 s
seed 1002 n25 free_scaled stage 1 epoch 78/90    778 s
seed 1002 n25 free_scaled stage 1 epoch 79/90    788 s
seed 1002 n25 free_scaled stage 1 epoch 80/90    801 s
seed 1002 n25 free_scaled stage 1 epoch 81/90    814 s
seed 1002 n25 free_scaled stage 1 epoch 82/90    824 s
seed 1002 n25 free_scaled stage 1 epoch 83/90    834 s
seed 1002 n25 free_scaled stage 1 epoch 84/90    844 s
seed 1002 n25 free_scaled stage 1 epoch 85/90    855 s
seed 1002 n25 free_scaled stage 1 epoch 86/90    865 s
seed 1002 n25 free_scaled stage 1 epoch 87/90    876 s
seed 1002 n25 free_scaled stage 1 epoch 88/90    886 s
seed 1002 n25 free_scaled stage 1 epoch 89/90    897 s
seed 1002 n25 free_scaled stage 1 epoch 90/90    907 s
seed 1002 n25 free_scaled stage 2 epoch  1/90    912 s
seed 1002 n25 free_scaled stage 2 epoch  2/90    915 s
seed 1002 n25 free_scaled stage 2 epoch  3/90    919 s
seed 1002 n25 free_scaled stage 2 epoch  4/90    923 s
seed 1002 n25 free_scaled stage 2 epoch  5/90    927 s
seed 1002 n25 free_scaled stage 2 epoch  6/90    931 s
seed 1002 n25 free_scaled stage 2 epoch  7/90    935 s
seed 1002 n25 free_scaled stage 2 epoch  8/90    939 s
seed 1002 n25 free_scaled stage 2 epoch  9/90    943 s
seed 1002 n25 free_scaled stage 2 epoch 10/90    947 s
seed 1002 n25 free_scaled stage 2 epoch 11/90    951 s
seed 1002 n25 free_scaled stage 2 epoch 12/90    955 s
seed 1002 n25 free_scaled stage 2 epoch 13/90    959 s
seed 1002 n25 free_scaled stage 2 epoch 14/90    963 s
seed 1002 n25 free_scaled stage 2 epoch 15/90    967 s
seed 1002 n25 free_scaled stage 2 epoch 16/90    971 s
seed 1002 n25 free_scaled stage 2 epoch 17/90    975 s
seed 1002 n25 free_scaled stage 2 epoch 18/90    979 s
seed 1002 n25 free_scaled stage 2 epoch 19/90    983 s
seed 1002 n25 free_scaled stage 2 epoch 20/90    988 s
seed 1002 n25 free_scaled stage 2 epoch 21/90    992 s
seed 1002 n25 free_scaled stage 2 epoch 22/90    995 s
seed 1002 n25 free_scaled stage 2 epoch 23/90    999 s
seed 1002 n25 free_scaled stage 2 epoch 24/90   1003 s
seed 1002 n25 free_scaled stage 2 epoch 25/90   1007 s
seed 1002 n25 free_scaled stage 2 epoch 26/90   1012 s
seed 1002 n25 free_scaled stage 2 epoch 27/90   1015 s
seed 1002 n25 free_scaled stage 2 epoch 28/90   1019 s
seed 1002 n25 free_scaled stage 2 epoch 29/90   1023 s
seed 1002 n25 free_scaled stage 2 epoch 30/90   1027 s
seed 1002 n25 free_scaled stage 2 epoch 31/90   1031 s
seed 1002 n25 free_scaled stage 2 epoch 32/90   1036 s
seed 1002 n25 free_scaled stage 2 epoch 33/90   1039 s
seed 1002 n25 free_scaled stage 2 epoch 34/90   1043 s
seed 1002 n25 free_scaled stage 2 epoch 35/90   1047 s
seed 1002 n25 free_scaled stage 2 epoch 36/90   1051 s
seed 1002 n25 free_scaled stage 2 epoch 37/90   1055 s
seed 1002 n25 free_scaled stage 2 epoch 38/90   1059 s
seed 1002 n25 free_scaled stage 2 epoch 39/90   1063 s
seed 1002 n25 free_scaled stage 2 epoch 40/90   1067 s
seed 1002 n25 free_scaled stage 2 epoch 41/90   1071 s
seed 1002 n25 free_scaled stage 2 epoch 42/90   1075 s
seed 1002 n25 free_scaled stage 2 epoch 43/90   1079 s
seed 1002 n25 free_scaled stage 2 epoch 44/90   1083 s
seed 1002 n25 free_scaled stage 2 epoch 45/90   1087 s
seed 1002 n25 free_scaled stage 2 epoch 46/90   1091 s
seed 1002 n25 free_scaled stage 2 epoch 47/90   1095 s
seed 1002 n25 free_scaled stage 2 epoch 48/90   1099 s
seed 1002 n25 free_scaled stage 2 epoch 49/90   1102 s
seed 1002 n25 free_scaled stage 2 epoch 50/90   1106 s
seed 1002 n25 free_scaled stage 2 epoch 51/90   1111 s
seed 1002 n25 free_scaled stage 2 epoch 52/90   1114 s
seed 1002 n25 free_scaled stage 2 epoch 53/90   1118 s
seed 1002 n25 free_scaled stage 2 epoch 54/90   1122 s
seed 1002 n25 free_scaled stage 2 epoch 55/90   1126 s
seed 1002 n25 free_scaled stage 2 epoch 56/90   1130 s
seed 1002 n25 free_scaled stage 2 epoch 57/90   1134 s
seed 1002 n25 free_scaled stage 2 epoch 58/90   1138 s
seed 1002 n25 free_scaled stage 2 epoch 59/90   1142 s
seed 1002 n25 free_scaled stage 2 epoch 60/90   1145 s
seed 1002 n25 free_scaled stage 2 epoch 61/90   1149 s
seed 1002 n25 free_scaled stage 2 epoch 62/90   1154 s
seed 1002 n25 free_scaled stage 2 epoch 63/90   1157 s
seed 1002 n25 free_scaled stage 2 epoch 64/90   1161 s
seed 1002 n25 free_scaled stage 2 epoch 65/90   1165 s
seed 1002 n25 free_scaled stage 2 epoch 66/90   1169 s
seed 1002 n25 free_scaled stage 2 epoch 67/90   1173 s
seed 1002 n25 free_scaled stage 2 epoch 68/90   1177 s
seed 1002 n25 free_scaled stage 2 epoch 69/90   1182 s
seed 1002 n25 free_scaled stage 2 epoch 70/90   1186 s
seed 1002 n25 free_scaled stage 2 epoch 71/90   1190 s
seed 1002 n25 free_scaled stage 2 epoch 72/90   1194 s
seed 1002 n25 free_scaled stage 2 epoch 73/90   1198 s
seed 1002 n25 free_scaled stage 2 epoch 74/90   1202 s
seed 1002 n25 free_scaled stage 2 epoch 75/90   1206 s
seed 1002 n25 free_scaled stage 2 epoch 76/90   1210 s
seed 1002 n25 free_scaled stage 2 epoch 77/90   1214 s
seed 1002 n25 free_scaled stage 2 epoch 78/90   1218 s
seed 1002 n25 free_scaled stage 2 epoch 79/90   1221 s
seed 1002 n25 free_scaled stage 2 epoch 80/90   1225 s
seed 1002 n25 free_scaled stage 2 epoch 81/90   1229 s
seed 1002 n25 free_scaled stage 2 epoch 82/90   1233 s
seed 1002 n25 free_scaled stage 2 epoch 83/90   1237 s
seed 1002 n25 free_scaled stage 2 epoch 84/90   1241 s
seed 1002 n25 free_scaled stage 2 epoch 85/90   1246 s
seed 1002 n25 free_scaled stage 2 epoch 86/90   1250 s
seed 1002 n25 free_scaled stage 2 epoch 87/90   1254 s
seed 1002 n25 free_scaled stage 2 epoch 88/90   1258 s
seed 1002 n25 free_scaled stage 2 epoch 89/90   1262 s
seed 1002 n25 free_scaled stage 2 epoch 90/90   1266 s
seed 1002 n25 prescribed_std stage 2 epoch  1/90      4 s
seed 1002 n25 prescribed_std stage 2 epoch  2/90      8 s
seed 1002 n25 prescribed_std stage 2 epoch  3/90     12 s
seed 1002 n25 prescribed_std stage 2 epoch  4/90     16 s
seed 1002 n25 prescribed_std stage 2 epoch  5/90     20 s
seed 1002 n25 prescribed_std stage 2 epoch  6/90     24 s
seed 1002 n25 prescribed_std stage 2 epoch  7/90     28 s
seed 1002 n25 prescribed_std stage 2 epoch  8/90     32 s
seed 1002 n25 prescribed_std stage 2 epoch  9/90     36 s
seed 1002 n25 prescribed_std stage 2 epoch 10/90     39 s
seed 1002 n25 prescribed_std stage 2 epoch 11/90     43 s
seed 1002 n25 prescribed_std stage 2 epoch 12/90     47 s
seed 1002 n25 prescribed_std stage 2 epoch 13/90     51 s
seed 1002 n25 prescribed_std stage 2 epoch 14/90     55 s
seed 1002 n25 prescribed_std stage 2 epoch 15/90     59 s
seed 1002 n25 prescribed_std stage 2 epoch 16/90     63 s
seed 1002 n25 prescribed_std stage 2 epoch 17/90     66 s
seed 1002 n25 prescribed_std stage 2 epoch 18/90     70 s
seed 1002 n25 prescribed_std stage 2 epoch 19/90     74 s
seed 1002 n25 prescribed_std stage 2 epoch 20/90     78 s
seed 1002 n25 prescribed_std stage 2 epoch 21/90     82 s
seed 1002 n25 prescribed_std stage 2 epoch 22/90     86 s
seed 1002 n25 prescribed_std stage 2 epoch 23/90     90 s
seed 1002 n25 prescribed_std stage 2 epoch 24/90     94 s
seed 1002 n25 prescribed_std stage 2 epoch 25/90     98 s
seed 1002 n25 prescribed_std stage 2 epoch 26/90    102 s
seed 1002 n25 prescribed_std stage 2 epoch 27/90    106 s
seed 1002 n25 prescribed_std stage 2 epoch 28/90    110 s
seed 1002 n25 prescribed_std stage 2 epoch 29/90    114 s
seed 1002 n25 prescribed_std stage 2 epoch 30/90    117 s
seed 1002 n25 prescribed_std stage 2 epoch 31/90    120 s
seed 1002 n25 prescribed_std stage 2 epoch 32/90    124 s
seed 1002 n25 prescribed_std stage 2 epoch 33/90    127 s
seed 1002 n25 prescribed_std stage 2 epoch 34/90    131 s
seed 1002 n25 prescribed_std stage 2 epoch 35/90    135 s
seed 1002 n25 prescribed_std stage 2 epoch 36/90    138 s
seed 1002 n25 prescribed_std stage 2 epoch 37/90    142 s
seed 1002 n25 prescribed_std stage 2 epoch 38/90    145 s
seed 1002 n25 prescribed_std stage 2 epoch 39/90    149 s
seed 1002 n25 prescribed_std stage 2 epoch 40/90    153 s
seed 1002 n25 prescribed_std stage 2 epoch 41/90    156 s
seed 1002 n25 prescribed_std stage 2 epoch 42/90    160 s
seed 1002 n25 prescribed_std stage 2 epoch 43/90    164 s
seed 1002 n25 prescribed_std stage 2 epoch 44/90    167 s
seed 1002 n25 prescribed_std stage 2 epoch 45/90    170 s
seed 1002 n25 prescribed_std stage 2 epoch 46/90    174 s
seed 1002 n25 prescribed_std stage 2 epoch 47/90    177 s
seed 1002 n25 prescribed_std stage 2 epoch 48/90    180 s
seed 1002 n25 prescribed_std stage 2 epoch 49/90    184 s
seed 1002 n25 prescribed_std stage 2 epoch 50/90    187 s
seed 1002 n25 prescribed_std stage 2 epoch 51/90    190 s
seed 1002 n25 prescribed_std stage 2 epoch 52/90    194 s
seed 1002 n25 prescribed_std stage 2 epoch 53/90    197 s
seed 1002 n25 prescribed_std stage 2 epoch 54/90    201 s
seed 1002 n25 prescribed_std stage 2 epoch 55/90    204 s
seed 1002 n25 prescribed_std stage 2 epoch 56/90    206 s
seed 1002 n25 prescribed_std stage 2 epoch 57/90    210 s
seed 1002 n25 prescribed_std stage 2 epoch 58/90    214 s
seed 1002 n25 prescribed_std stage 2 epoch 59/90    217 s
seed 1002 n25 prescribed_std stage 2 epoch 60/90    220 s
seed 1002 n25 prescribed_std stage 2 epoch 61/90    224 s
seed 1002 n25 prescribed_std stage 2 epoch 62/90    227 s
seed 1002 n25 prescribed_std stage 2 epoch 63/90    230 s
seed 1002 n25 prescribed_std stage 2 epoch 64/90    232 s
seed 1002 n25 prescribed_std stage 2 epoch 65/90    236 s
seed 1002 n25 prescribed_std stage 2 epoch 66/90    239 s
seed 1002 n25 prescribed_std stage 2 epoch 67/90    242 s
seed 1002 n25 prescribed_std stage 2 epoch 68/90    246 s
seed 1002 n25 prescribed_std stage 2 epoch 69/90    249 s
seed 1002 n25 prescribed_std stage 2 epoch 70/90    252 s
seed 1002 n25 prescribed_std stage 2 epoch 71/90    255 s
seed 1002 n25 prescribed_std stage 2 epoch 72/90    258 s
seed 1002 n25 prescribed_std stage 2 epoch 73/90    261 s
seed 1002 n25 prescribed_std stage 2 epoch 74/90    265 s
seed 1002 n25 prescribed_std stage 2 epoch 75/90    269 s
seed 1002 n25 prescribed_std stage 2 epoch 76/90    272 s
seed 1002 n25 prescribed_std stage 2 epoch 77/90    275 s
seed 1002 n25 prescribed_std stage 2 epoch 78/90    279 s
seed 1002 n25 prescribed_std stage 2 epoch 79/90    283 s
seed 1002 n25 prescribed_std stage 2 epoch 80/90    286 s
seed 1002 n25 prescribed_std stage 2 epoch 81/90    290 s
seed 1002 n25 prescribed_std stage 2 epoch 82/90    293 s
seed 1002 n25 prescribed_std stage 2 epoch 83/90    297 s
seed 1002 n25 prescribed_std stage 2 epoch 84/90    301 s
seed 1002 n25 prescribed_std stage 2 epoch 85/90    305 s
seed 1002 n25 prescribed_std stage 2 epoch 86/90    308 s
seed 1002 n25 prescribed_std stage 2 epoch 87/90    312 s
seed 1002 n25 prescribed_std stage 2 epoch 88/90    316 s
seed 1002 n25 prescribed_std stage 2 epoch 89/90    319 s
seed 1002 n25 prescribed_std stage 2 epoch 90/90    322 s
seed 1002 n200 free_scaled stage 1 epoch  1/90     71 s
seed 1002 n200 free_scaled stage 1 epoch  2/90    144 s
seed 1002 n200 free_scaled stage 1 epoch  3/90    220 s
seed 1002 n200 free_scaled stage 1 epoch  4/90    293 s
seed 1002 n200 free_scaled stage 1 epoch  5/90    391 s
seed 1002 n200 free_scaled stage 1 epoch  6/90    473 s
seed 1002 n200 free_scaled stage 1 epoch  7/90    556 s
seed 1002 n200 free_scaled stage 1 epoch  8/90    634 s
seed 1002 n200 free_scaled stage 1 epoch  9/90    708 s
seed 1002 n200 free_scaled stage 1 epoch 10/90    773 s
seed 1002 n200 free_scaled stage 1 epoch 11/90    849 s
seed 1002 n200 free_scaled stage 1 epoch 12/90    928 s
seed 1002 n200 free_scaled stage 1 epoch 13/90   1005 s
seed 1002 n200 free_scaled stage 1 epoch 14/90   1081 s
seed 1002 n200 free_scaled stage 1 epoch 15/90   1151 s
seed 1002 n200 free_scaled stage 1 epoch 16/90   1217 s
seed 1002 n200 free_scaled stage 1 epoch 17/90   1300 s
seed 1002 n200 free_scaled stage 1 epoch 18/90   1382 s
seed 1002 n200 free_scaled stage 1 epoch 19/90   1468 s
seed 1002 n200 free_scaled stage 1 epoch 20/90   1543 s
seed 1002 n200 free_scaled stage 1 epoch 21/90   1614 s
seed 1002 n200 free_scaled stage 1 epoch 22/90   1693 s
seed 1002 n200 free_scaled stage 1 epoch 23/90   1755 s
seed 1002 n200 free_scaled stage 1 epoch 24/90   1830 s
seed 1002 n200 free_scaled stage 1 epoch 25/90   1916 s
seed 1002 n200 free_scaled stage 1 epoch 26/90   1975 s
seed 1002 n200 free_scaled stage 1 epoch 27/90   2043 s
seed 1002 n200 free_scaled stage 1 epoch 28/90   2117 s
seed 1002 n200 free_scaled stage 1 epoch 29/90   2187 s
seed 1002 n200 free_scaled stage 1 epoch 30/90   2261 s
seed 1002 n200 free_scaled stage 1 epoch 31/90   2330 s
seed 1002 n200 free_scaled stage 1 epoch 32/90   2393 s
seed 1002 n200 free_scaled stage 1 epoch 33/90   2459 s
seed 1002 n200 free_scaled stage 1 epoch 34/90   2530 s
seed 1002 n200 free_scaled stage 1 epoch 35/90   2600 s
seed 1002 n200 free_scaled stage 1 epoch 36/90   2680 s
seed 1002 n200 free_scaled stage 1 epoch 37/90   2752 s
seed 1002 n200 free_scaled stage 1 epoch 38/90   2830 s
seed 1002 n200 free_scaled stage 1 epoch 39/90   2910 s
seed 1002 n200 free_scaled stage 1 epoch 40/90   2987 s
seed 1002 n200 free_scaled stage 1 epoch 41/90   3054 s
seed 1002 n200 free_scaled stage 1 epoch 42/90   3124 s
seed 1002 n200 free_scaled stage 1 epoch 43/90   3205 s
seed 1002 n200 free_scaled stage 1 epoch 44/90   3275 s
seed 1002 n200 free_scaled stage 1 epoch 45/90   3348 s
seed 1002 n200 free_scaled stage 1 epoch 46/90   3433 s
seed 1002 n200 free_scaled stage 1 epoch 47/90   3505 s
seed 1002 n200 free_scaled stage 1 epoch 48/90   3573 s
seed 1002 n200 free_scaled stage 1 epoch 49/90   3645 s
seed 1002 n200 free_scaled stage 1 epoch 50/90   3721 s
seed 1002 n200 free_scaled stage 1 epoch 51/90   3799 s
seed 1002 n200 free_scaled stage 1 epoch 52/90   3884 s
seed 1002 n200 free_scaled stage 1 epoch 53/90   3965 s
seed 1002 n200 free_scaled stage 1 epoch 54/90   4048 s
seed 1002 n200 free_scaled stage 1 epoch 55/90   4135 s
seed 1002 n200 free_scaled stage 1 epoch 56/90   4235 s
seed 1002 n200 free_scaled stage 1 epoch 57/90   4307 s
seed 1002 n200 free_scaled stage 1 epoch 58/90   4376 s
seed 1002 n200 free_scaled stage 1 epoch 59/90   4518 s
seed 1002 n200 free_scaled stage 1 epoch 60/90   4601 s
seed 1002 n200 free_scaled stage 1 epoch 61/90   4679 s
seed 1002 n200 free_scaled stage 1 epoch 62/90   4750 s
seed 1002 n200 free_scaled stage 1 epoch 63/90   4813 s
seed 1002 n200 free_scaled stage 1 epoch 64/90   4881 s
seed 1002 n200 free_scaled stage 1 epoch 65/90   4937 s
seed 1002 n200 free_scaled stage 1 epoch 66/90   4992 s
seed 1002 n200 free_scaled stage 1 epoch 67/90   5049 s
seed 1002 n200 free_scaled stage 1 epoch 68/90   5124 s
seed 1002 n200 free_scaled stage 1 epoch 69/90   5218 s
seed 1002 n200 free_scaled stage 1 epoch 70/90   5302 s
seed 1002 n200 free_scaled stage 1 epoch 71/90   5374 s
seed 1002 n200 free_scaled stage 1 epoch 72/90   5453 s
seed 1002 n200 free_scaled stage 1 epoch 73/90   5529 s
seed 1002 n200 free_scaled stage 1 epoch 74/90   5602 s
seed 1002 n200 free_scaled stage 1 epoch 75/90   5684 s
seed 1002 n200 free_scaled stage 1 epoch 76/90   5762 s
seed 1002 n200 free_scaled stage 1 epoch 77/90   5840 s
seed 1002 n200 free_scaled stage 1 epoch 78/90   5907 s
seed 1002 n200 free_scaled stage 1 epoch 79/90   5968 s
seed 1002 n200 free_scaled stage 1 epoch 80/90   6030 s
seed 1002 n200 free_scaled stage 1 epoch 81/90   6098 s
seed 1002 n200 free_scaled stage 1 epoch 82/90   6197 s
seed 1002 n200 free_scaled stage 1 epoch 83/90   6276 s
seed 1002 n200 free_scaled stage 1 epoch 84/90   6357 s
seed 1002 n200 free_scaled stage 1 epoch 85/90   6429 s
seed 1002 n200 free_scaled stage 1 epoch 86/90   6498 s
seed 1002 n200 free_scaled stage 1 epoch 87/90   6582 s
seed 1002 n200 free_scaled stage 1 epoch 88/90   6651 s
seed 1002 n200 free_scaled stage 1 epoch 89/90   6733 s
seed 1002 n200 free_scaled stage 1 epoch 90/90   6816 s
seed 1002 n200 free_scaled stage 2 epoch  1/90   6848 s
seed 1002 n200 free_scaled stage 2 epoch  2/90   6882 s
seed 1002 n200 free_scaled stage 2 epoch  3/90   6912 s
seed 1002 n200 free_scaled stage 2 epoch  4/90   6946 s
seed 1002 n200 free_scaled stage 2 epoch  5/90   6984 s
seed 1002 n200 free_scaled stage 2 epoch  6/90   7017 s
seed 1002 n200 free_scaled stage 2 epoch  7/90   7049 s
seed 1002 n200 free_scaled stage 2 epoch  8/90   7086 s
seed 1002 n200 free_scaled stage 2 epoch  9/90   7124 s
seed 1002 n200 free_scaled stage 2 epoch 10/90   7162 s
seed 1002 n200 free_scaled stage 2 epoch 11/90   7195 s
seed 1002 n200 free_scaled stage 2 epoch 12/90   7228 s
seed 1002 n200 free_scaled stage 2 epoch 13/90   7261 s
seed 1002 n200 free_scaled stage 2 epoch 14/90   7294 s
seed 1002 n200 free_scaled stage 2 epoch 15/90   7326 s
seed 1002 n200 free_scaled stage 2 epoch 16/90   7371 s
seed 1002 n200 free_scaled stage 2 epoch 17/90   7407 s
seed 1002 n200 free_scaled stage 2 epoch 18/90   7440 s
seed 1002 n200 free_scaled stage 2 epoch 19/90   7472 s
seed 1002 n200 free_scaled stage 2 epoch 20/90   7505 s
seed 1002 n200 free_scaled stage 2 epoch 21/90   7539 s
seed 1002 n200 free_scaled stage 2 epoch 22/90   7571 s
seed 1002 n200 free_scaled stage 2 epoch 23/90   7608 s
seed 1002 n200 free_scaled stage 2 epoch 24/90   7640 s
seed 1002 n200 free_scaled stage 2 epoch 25/90   7671 s
seed 1002 n200 free_scaled stage 2 epoch 26/90   7702 s
seed 1002 n200 free_scaled stage 2 epoch 27/90   7735 s
seed 1002 n200 free_scaled stage 2 epoch 28/90   7766 s
seed 1002 n200 free_scaled stage 2 epoch 29/90   7798 s
seed 1002 n200 free_scaled stage 2 epoch 30/90   7830 s
seed 1002 n200 free_scaled stage 2 epoch 31/90   7862 s
seed 1002 n200 free_scaled stage 2 epoch 32/90   7895 s
seed 1002 n200 free_scaled stage 2 epoch 33/90   7930 s
seed 1002 n200 free_scaled stage 2 epoch 34/90   7962 s
seed 1002 n200 free_scaled stage 2 epoch 35/90   7995 s
seed 1002 n200 free_scaled stage 2 epoch 36/90   8034 s
seed 1002 n200 free_scaled stage 2 epoch 37/90   8067 s
seed 1002 n200 free_scaled stage 2 epoch 38/90   8099 s
seed 1002 n200 free_scaled stage 2 epoch 39/90   8130 s
seed 1002 n200 free_scaled stage 2 epoch 40/90   8161 s
seed 1002 n200 free_scaled stage 2 epoch 41/90   8193 s
seed 1002 n200 free_scaled stage 2 epoch 42/90   8224 s
seed 1002 n200 free_scaled stage 2 epoch 43/90   8285 s
seed 1002 n200 free_scaled stage 2 epoch 44/90   8318 s
seed 1002 n200 free_scaled stage 2 epoch 45/90   8349 s
seed 1002 n200 free_scaled stage 2 epoch 46/90   8379 s
seed 1002 n200 free_scaled stage 2 epoch 47/90   8412 s
seed 1002 n200 free_scaled stage 2 epoch 48/90   8445 s
seed 1002 n200 free_scaled stage 2 epoch 49/90   8477 s
seed 1002 n200 free_scaled stage 2 epoch 50/90   8510 s
seed 1002 n200 free_scaled stage 2 epoch 51/90   8540 s
seed 1002 n200 free_scaled stage 2 epoch 52/90   8572 s
seed 1002 n200 free_scaled stage 2 epoch 53/90   8604 s
seed 1002 n200 free_scaled stage 2 epoch 54/90   8636 s
seed 1002 n200 free_scaled stage 2 epoch 55/90   8668 s
seed 1002 n200 free_scaled stage 2 epoch 56/90   8700 s
seed 1002 n200 free_scaled stage 2 epoch 57/90   8732 s
seed 1002 n200 free_scaled stage 2 epoch 58/90   8759 s
seed 1002 n200 free_scaled stage 2 epoch 59/90   8791 s
seed 1002 n200 free_scaled stage 2 epoch 60/90   8823 s
seed 1002 n200 free_scaled stage 2 epoch 61/90   8864 s
seed 1002 n200 free_scaled stage 2 epoch 62/90   8910 s
seed 1002 n200 free_scaled stage 2 epoch 63/90   8954 s
seed 1002 n200 free_scaled stage 2 epoch 64/90   8988 s
seed 1002 n200 free_scaled stage 2 epoch 65/90   9015 s
seed 1002 n200 free_scaled stage 2 epoch 66/90   9051 s
seed 1002 n200 free_scaled stage 2 epoch 67/90   9088 s
seed 1002 n200 free_scaled stage 2 epoch 68/90   9112 s
seed 1002 n200 free_scaled stage 2 epoch 69/90   9132 s
seed 1002 n200 free_scaled stage 2 epoch 70/90   9152 s
seed 1002 n200 free_scaled stage 2 epoch 71/90   9183 s
seed 1002 n200 free_scaled stage 2 epoch 72/90   9215 s
seed 1002 n200 free_scaled stage 2 epoch 73/90   9235 s
seed 1002 n200 free_scaled stage 2 epoch 74/90   9255 s
seed 1002 n200 free_scaled stage 2 epoch 75/90   9274 s
seed 1002 n200 free_scaled stage 2 epoch 76/90   9304 s
seed 1002 n200 free_scaled stage 2 epoch 77/90   9325 s
seed 1002 n200 free_scaled stage 2 epoch 78/90   9341 s
seed 1002 n200 free_scaled stage 2 epoch 79/90   9356 s
seed 1002 n200 free_scaled stage 2 epoch 80/90   9371 s
seed 1002 n200 free_scaled stage 2 epoch 81/90   9386 s
seed 1002 n200 free_scaled stage 2 epoch 82/90   9401 s
seed 1002 n200 free_scaled stage 2 epoch 83/90   9416 s
seed 1002 n200 free_scaled stage 2 epoch 84/90   9431 s
seed 1002 n200 free_scaled stage 2 epoch 85/90   9446 s
seed 1002 n200 free_scaled stage 2 epoch 86/90   9460 s
seed 1002 n200 free_scaled stage 2 epoch 87/90   9475 s
seed 1002 n200 free_scaled stage 2 epoch 88/90   9490 s
seed 1002 n200 free_scaled stage 2 epoch 89/90   9504 s
seed 1002 n200 free_scaled stage 2 epoch 90/90   9519 s
seed 1002 n200 prescribed_std stage 2 epoch  1/90     15 s
seed 1002 n200 prescribed_std stage 2 epoch  2/90     30 s
seed 1002 n200 prescribed_std stage 2 epoch  3/90     44 s
seed 1002 n200 prescribed_std stage 2 epoch  4/90     60 s
seed 1002 n200 prescribed_std stage 2 epoch  5/90     75 s
seed 1002 n200 prescribed_std stage 2 epoch  6/90     89 s
seed 1002 n200 prescribed_std stage 2 epoch  7/90    103 s
seed 1002 n200 prescribed_std stage 2 epoch  8/90    118 s
seed 1002 n200 prescribed_std stage 2 epoch  9/90    133 s
seed 1002 n200 prescribed_std stage 2 epoch 10/90    147 s
seed 1002 n200 prescribed_std stage 2 epoch 11/90    162 s
seed 1002 n200 prescribed_std stage 2 epoch 12/90    179 s
seed 1002 n200 prescribed_std stage 2 epoch 13/90    194 s
seed 1002 n200 prescribed_std stage 2 epoch 14/90    209 s
seed 1002 n200 prescribed_std stage 2 epoch 15/90    223 s
seed 1002 n200 prescribed_std stage 2 epoch 16/90    237 s
seed 1002 n200 prescribed_std stage 2 epoch 17/90    252 s
seed 1002 n200 prescribed_std stage 2 epoch 18/90    268 s
seed 1002 n200 prescribed_std stage 2 epoch 19/90    283 s
seed 1002 n200 prescribed_std stage 2 epoch 20/90    298 s
seed 1002 n200 prescribed_std stage 2 epoch 21/90    322 s
seed 1002 n200 prescribed_std stage 2 epoch 22/90    336 s
seed 1002 n200 prescribed_std stage 2 epoch 23/90    351 s
seed 1002 n200 prescribed_std stage 2 epoch 24/90    365 s
seed 1002 n200 prescribed_std stage 2 epoch 25/90    380 s
seed 1002 n200 prescribed_std stage 2 epoch 26/90    394 s
seed 1002 n200 prescribed_std stage 2 epoch 27/90    409 s
seed 1002 n200 prescribed_std stage 2 epoch 28/90    423 s
seed 1002 n200 prescribed_std stage 2 epoch 29/90    438 s
seed 1002 n200 prescribed_std stage 2 epoch 30/90    452 s
seed 1002 n200 prescribed_std stage 2 epoch 31/90    467 s
seed 1002 n200 prescribed_std stage 2 epoch 32/90    481 s
seed 1002 n200 prescribed_std stage 2 epoch 33/90    496 s
seed 1002 n200 prescribed_std stage 2 epoch 34/90    510 s
seed 1002 n200 prescribed_std stage 2 epoch 35/90    525 s
seed 1002 n200 prescribed_std stage 2 epoch 36/90    540 s
seed 1002 n200 prescribed_std stage 2 epoch 37/90    554 s
seed 1002 n200 prescribed_std stage 2 epoch 38/90    569 s
seed 1002 n200 prescribed_std stage 2 epoch 39/90    584 s
seed 1002 n200 prescribed_std stage 2 epoch 40/90    598 s
seed 1002 n200 prescribed_std stage 2 epoch 41/90    613 s
seed 1002 n200 prescribed_std stage 2 epoch 42/90    627 s
seed 1002 n200 prescribed_std stage 2 epoch 43/90    642 s
seed 1002 n200 prescribed_std stage 2 epoch 44/90    659 s
seed 1002 n200 prescribed_std stage 2 epoch 45/90    673 s
seed 1002 n200 prescribed_std stage 2 epoch 46/90    687 s
seed 1002 n200 prescribed_std stage 2 epoch 47/90    702 s
seed 1002 n200 prescribed_std stage 2 epoch 48/90    716 s
seed 1002 n200 prescribed_std stage 2 epoch 49/90    731 s
seed 1002 n200 prescribed_std stage 2 epoch 50/90    746 s
seed 1002 n200 prescribed_std stage 2 epoch 51/90    760 s
seed 1002 n200 prescribed_std stage 2 epoch 52/90    775 s
seed 1002 n200 prescribed_std stage 2 epoch 53/90    789 s
seed 1002 n200 prescribed_std stage 2 epoch 54/90    804 s
seed 1002 n200 prescribed_std stage 2 epoch 55/90    820 s
seed 1002 n200 prescribed_std stage 2 epoch 56/90    834 s
seed 1002 n200 prescribed_std stage 2 epoch 57/90    849 s
seed 1002 n200 prescribed_std stage 2 epoch 58/90    863 s
seed 1002 n200 prescribed_std stage 2 epoch 59/90    879 s
seed 1002 n200 prescribed_std stage 2 epoch 60/90    894 s
seed 1002 n200 prescribed_std stage 2 epoch 61/90    908 s
seed 1002 n200 prescribed_std stage 2 epoch 62/90    923 s
seed 1002 n200 prescribed_std stage 2 epoch 63/90    937 s
seed 1002 n200 prescribed_std stage 2 epoch 64/90    952 s
seed 1002 n200 prescribed_std stage 2 epoch 65/90    968 s
seed 1002 n200 prescribed_std stage 2 epoch 66/90    982 s
seed 1002 n200 prescribed_std stage 2 epoch 67/90    997 s
seed 1002 n200 prescribed_std stage 2 epoch 68/90   1014 s
seed 1002 n200 prescribed_std stage 2 epoch 69/90   1038 s
seed 1002 n200 prescribed_std stage 2 epoch 70/90   1054 s
seed 1002 n200 prescribed_std stage 2 epoch 71/90   1068 s
seed 1002 n200 prescribed_std stage 2 epoch 72/90   1083 s
seed 1002 n200 prescribed_std stage 2 epoch 73/90   1098 s
seed 1002 n200 prescribed_std stage 2 epoch 74/90   1112 s
seed 1002 n200 prescribed_std stage 2 epoch 75/90   1127 s
seed 1002 n200 prescribed_std stage 2 epoch 76/90   1142 s
seed 1002 n200 prescribed_std stage 2 epoch 77/90   1156 s
seed 1002 n200 prescribed_std stage 2 epoch 78/90   1171 s
seed 1002 n200 prescribed_std stage 2 epoch 79/90   1187 s
seed 1002 n200 prescribed_std stage 2 epoch 80/90   1201 s
seed 1002 n200 prescribed_std stage 2 epoch 81/90   1216 s
seed 1002 n200 prescribed_std stage 2 epoch 82/90   1230 s
seed 1002 n200 prescribed_std stage 2 epoch 83/90   1245 s
seed 1002 n200 prescribed_std stage 2 epoch 84/90   1260 s
seed 1002 n200 prescribed_std stage 2 epoch 85/90   1276 s
seed 1002 n200 prescribed_std stage 2 epoch 86/90   1290 s
seed 1002 n200 prescribed_std stage 2 epoch 87/90   1305 s
seed 1002 n200 prescribed_std stage 2 epoch 88/90   1319 s
seed 1002 n200 prescribed_std stage 2 epoch 89/90   1334 s
seed 1002 n200 prescribed_std stage 2 epoch 90/90   1349 s
seed 1002: written
seed 1006 n25 free_scaled stage 1 epoch  1/90      5 s
seed 1006 n25 free_scaled stage 1 epoch  2/90     10 s
seed 1006 n25 free_scaled stage 1 epoch  3/90     15 s
seed 1006 n25 free_scaled stage 1 epoch  4/90     20 s
seed 1006 n25 free_scaled stage 1 epoch  5/90     26 s
seed 1006 n25 free_scaled stage 1 epoch  6/90     32 s
seed 1006 n25 free_scaled stage 1 epoch  7/90     38 s
seed 1006 n25 free_scaled stage 1 epoch  8/90     43 s
seed 1006 n25 free_scaled stage 1 epoch  9/90     48 s
seed 1006 n25 free_scaled stage 1 epoch 10/90     52 s
seed 1006 n25 free_scaled stage 1 epoch 11/90     57 s
seed 1006 n25 free_scaled stage 1 epoch 12/90     61 s
seed 1006 n25 free_scaled stage 1 epoch 13/90     66 s
seed 1006 n25 free_scaled stage 1 epoch 14/90     71 s
seed 1006 n25 free_scaled stage 1 epoch 15/90     75 s
seed 1006 n25 free_scaled stage 1 epoch 16/90     80 s
seed 1006 n25 free_scaled stage 1 epoch 17/90     85 s
seed 1006 n25 free_scaled stage 1 epoch 18/90     89 s
seed 1006 n25 free_scaled stage 1 epoch 19/90     94 s
seed 1006 n25 free_scaled stage 1 epoch 20/90     98 s
seed 1006 n25 free_scaled stage 1 epoch 21/90    103 s
seed 1006 n25 free_scaled stage 1 epoch 22/90    109 s
seed 1006 n25 free_scaled stage 1 epoch 23/90    114 s
seed 1006 n25 free_scaled stage 1 epoch 24/90    118 s
seed 1006 n25 free_scaled stage 1 epoch 25/90    123 s
seed 1006 n25 free_scaled stage 1 epoch 26/90    128 s
seed 1006 n25 free_scaled stage 1 epoch 27/90    132 s
seed 1006 n25 free_scaled stage 1 epoch 28/90    137 s
seed 1006 n25 free_scaled stage 1 epoch 29/90    142 s
seed 1006 n25 free_scaled stage 1 epoch 30/90    146 s
seed 1006 n25 free_scaled stage 1 epoch 31/90    151 s
seed 1006 n25 free_scaled stage 1 epoch 32/90    156 s
seed 1006 n25 free_scaled stage 1 epoch 33/90    161 s
seed 1006 n25 free_scaled stage 1 epoch 34/90    165 s
seed 1006 n25 free_scaled stage 1 epoch 35/90    170 s
seed 1006 n25 free_scaled stage 1 epoch 36/90    174 s
seed 1006 n25 free_scaled stage 1 epoch 37/90    179 s
seed 1006 n25 free_scaled stage 1 epoch 38/90    184 s
seed 1006 n25 free_scaled stage 1 epoch 39/90    188 s
seed 1006 n25 free_scaled stage 1 epoch 40/90    193 s
seed 1006 n25 free_scaled stage 1 epoch 41/90    197 s
seed 1006 n25 free_scaled stage 1 epoch 42/90    202 s
seed 1006 n25 free_scaled stage 1 epoch 43/90    207 s
seed 1006 n25 free_scaled stage 1 epoch 44/90    211 s
seed 1006 n25 free_scaled stage 1 epoch 45/90    216 s
seed 1006 n25 free_scaled stage 1 epoch 46/90    220 s
seed 1006 n25 free_scaled stage 1 epoch 47/90    225 s
seed 1006 n25 free_scaled stage 1 epoch 48/90    230 s
seed 1006 n25 free_scaled stage 1 epoch 49/90    235 s
seed 1006 n25 free_scaled stage 1 epoch 50/90    239 s
seed 1006 n25 free_scaled stage 1 epoch 51/90    244 s
seed 1006 n25 free_scaled stage 1 epoch 52/90    248 s
seed 1006 n25 free_scaled stage 1 epoch 53/90    253 s
seed 1006 n25 free_scaled stage 1 epoch 54/90    258 s
seed 1006 n25 free_scaled stage 1 epoch 55/90    264 s
seed 1006 n25 free_scaled stage 1 epoch 56/90    268 s
seed 1006 n25 free_scaled stage 1 epoch 57/90    273 s
seed 1006 n25 free_scaled stage 1 epoch 58/90    278 s
seed 1006 n25 free_scaled stage 1 epoch 59/90    283 s
seed 1006 n25 free_scaled stage 1 epoch 60/90    287 s
seed 1006 n25 free_scaled stage 1 epoch 61/90    292 s
seed 1006 n25 free_scaled stage 1 epoch 62/90    296 s
seed 1006 n25 free_scaled stage 1 epoch 63/90    301 s
seed 1006 n25 free_scaled stage 1 epoch 64/90    305 s
seed 1006 n25 free_scaled stage 1 epoch 65/90    310 s
seed 1006 n25 free_scaled stage 1 epoch 66/90    315 s
seed 1006 n25 free_scaled stage 1 epoch 67/90    320 s
seed 1006 n25 free_scaled stage 1 epoch 68/90    324 s
seed 1006 n25 free_scaled stage 1 epoch 69/90    329 s
seed 1006 n25 free_scaled stage 1 epoch 70/90    333 s
seed 1006 n25 free_scaled stage 1 epoch 71/90    337 s
seed 1006 n25 free_scaled stage 1 epoch 72/90    342 s
seed 1006 n25 free_scaled stage 1 epoch 73/90    347 s
seed 1006 n25 free_scaled stage 1 epoch 74/90    351 s
seed 1006 n25 free_scaled stage 1 epoch 75/90    356 s
seed 1006 n25 free_scaled stage 1 epoch 76/90    360 s
seed 1006 n25 free_scaled stage 1 epoch 77/90    364 s
seed 1006 n25 free_scaled stage 1 epoch 78/90    369 s
seed 1006 n25 free_scaled stage 1 epoch 79/90    373 s
seed 1006 n25 free_scaled stage 1 epoch 80/90    378 s
seed 1006 n25 free_scaled stage 1 epoch 81/90    382 s
seed 1006 n25 free_scaled stage 1 epoch 82/90    387 s
seed 1006 n25 free_scaled stage 1 epoch 83/90    391 s
seed 1006 n25 free_scaled stage 1 epoch 84/90    396 s
seed 1006 n25 free_scaled stage 1 epoch 85/90    400 s
seed 1006 n25 free_scaled stage 1 epoch 86/90    405 s
seed 1006 n25 free_scaled stage 1 epoch 87/90    409 s
seed 1006 n25 free_scaled stage 1 epoch 88/90    413 s
seed 1006 n25 free_scaled stage 1 epoch 89/90    418 s
seed 1006 n25 free_scaled stage 1 epoch 90/90    422 s
seed 1006 n25 free_scaled stage 2 epoch  1/90    424 s
seed 1006 n25 free_scaled stage 2 epoch  2/90    426 s
seed 1006 n25 free_scaled stage 2 epoch  3/90    427 s
seed 1006 n25 free_scaled stage 2 epoch  4/90    429 s
seed 1006 n25 free_scaled stage 2 epoch  5/90    431 s
seed 1006 n25 free_scaled stage 2 epoch  6/90    433 s
seed 1006 n25 free_scaled stage 2 epoch  7/90    434 s
seed 1006 n25 free_scaled stage 2 epoch  8/90    436 s
seed 1006 n25 free_scaled stage 2 epoch  9/90    438 s
seed 1006 n25 free_scaled stage 2 epoch 10/90    439 s
seed 1006 n25 free_scaled stage 2 epoch 11/90    441 s
seed 1006 n25 free_scaled stage 2 epoch 12/90    443 s
seed 1006 n25 free_scaled stage 2 epoch 13/90    444 s
seed 1006 n25 free_scaled stage 2 epoch 14/90    446 s
seed 1006 n25 free_scaled stage 2 epoch 15/90    448 s
seed 1006 n25 free_scaled stage 2 epoch 16/90    449 s
seed 1006 n25 free_scaled stage 2 epoch 17/90    451 s
seed 1006 n25 free_scaled stage 2 epoch 18/90    453 s
seed 1006 n25 free_scaled stage 2 epoch 19/90    454 s
seed 1006 n25 free_scaled stage 2 epoch 20/90    456 s
seed 1006 n25 free_scaled stage 2 epoch 21/90    458 s
seed 1006 n25 free_scaled stage 2 epoch 22/90    460 s
seed 1006 n25 free_scaled stage 2 epoch 23/90    461 s
seed 1006 n25 free_scaled stage 2 epoch 24/90    463 s
seed 1006 n25 free_scaled stage 2 epoch 25/90    465 s
seed 1006 n25 free_scaled stage 2 epoch 26/90    466 s
seed 1006 n25 free_scaled stage 2 epoch 27/90    468 s
seed 1006 n25 free_scaled stage 2 epoch 28/90    470 s
seed 1006 n25 free_scaled stage 2 epoch 29/90    472 s
seed 1006 n25 free_scaled stage 2 epoch 30/90    474 s
seed 1006 n25 free_scaled stage 2 epoch 31/90    475 s
seed 1006 n25 free_scaled stage 2 epoch 32/90    477 s
seed 1006 n25 free_scaled stage 2 epoch 33/90    479 s
seed 1006 n25 free_scaled stage 2 epoch 34/90    480 s
seed 1006 n25 free_scaled stage 2 epoch 35/90    482 s
seed 1006 n25 free_scaled stage 2 epoch 36/90    484 s
seed 1006 n25 free_scaled stage 2 epoch 37/90    485 s
seed 1006 n25 free_scaled stage 2 epoch 38/90    487 s
seed 1006 n25 free_scaled stage 2 epoch 39/90    489 s
seed 1006 n25 free_scaled stage 2 epoch 40/90    490 s
seed 1006 n25 free_scaled stage 2 epoch 41/90    492 s
seed 1006 n25 free_scaled stage 2 epoch 42/90    494 s
seed 1006 n25 free_scaled stage 2 epoch 43/90    496 s
seed 1006 n25 free_scaled stage 2 epoch 44/90    497 s
seed 1006 n25 free_scaled stage 2 epoch 45/90    499 s
seed 1006 n25 free_scaled stage 2 epoch 46/90    501 s
seed 1006 n25 free_scaled stage 2 epoch 47/90    502 s
seed 1006 n25 free_scaled stage 2 epoch 48/90    504 s
seed 1006 n25 free_scaled stage 2 epoch 49/90    506 s
seed 1006 n25 free_scaled stage 2 epoch 50/90    507 s
seed 1006 n25 free_scaled stage 2 epoch 51/90    509 s
seed 1006 n25 free_scaled stage 2 epoch 52/90    511 s
seed 1006 n25 free_scaled stage 2 epoch 53/90    513 s
seed 1006 n25 free_scaled stage 2 epoch 54/90    514 s
seed 1006 n25 free_scaled stage 2 epoch 55/90    516 s
seed 1006 n25 free_scaled stage 2 epoch 56/90    518 s
seed 1006 n25 free_scaled stage 2 epoch 57/90    519 s
seed 1006 n25 free_scaled stage 2 epoch 58/90    521 s
seed 1006 n25 free_scaled stage 2 epoch 59/90    523 s
seed 1006 n25 free_scaled stage 2 epoch 60/90    524 s
seed 1006 n25 free_scaled stage 2 epoch 61/90    526 s
seed 1006 n25 free_scaled stage 2 epoch 62/90    528 s
seed 1006 n25 free_scaled stage 2 epoch 63/90    529 s
seed 1006 n25 free_scaled stage 2 epoch 64/90    531 s
seed 1006 n25 free_scaled stage 2 epoch 65/90    533 s
seed 1006 n25 free_scaled stage 2 epoch 66/90    534 s
seed 1006 n25 free_scaled stage 2 epoch 67/90    536 s
seed 1006 n25 free_scaled stage 2 epoch 68/90    538 s
seed 1006 n25 free_scaled stage 2 epoch 69/90    539 s
seed 1006 n25 free_scaled stage 2 epoch 70/90    541 s
seed 1006 n25 free_scaled stage 2 epoch 71/90    543 s
seed 1006 n25 free_scaled stage 2 epoch 72/90    545 s
seed 1006 n25 free_scaled stage 2 epoch 73/90    546 s
seed 1006 n25 free_scaled stage 2 epoch 74/90    548 s
seed 1006 n25 free_scaled stage 2 epoch 75/90    550 s
seed 1006 n25 free_scaled stage 2 epoch 76/90    551 s
seed 1006 n25 free_scaled stage 2 epoch 77/90    553 s
seed 1006 n25 free_scaled stage 2 epoch 78/90    555 s
seed 1006 n25 free_scaled stage 2 epoch 79/90    556 s
seed 1006 n25 free_scaled stage 2 epoch 80/90    558 s
seed 1006 n25 free_scaled stage 2 epoch 81/90    560 s
seed 1006 n25 free_scaled stage 2 epoch 82/90    561 s
seed 1006 n25 free_scaled stage 2 epoch 83/90    563 s
seed 1006 n25 free_scaled stage 2 epoch 84/90    565 s
seed 1006 n25 free_scaled stage 2 epoch 85/90    566 s
seed 1006 n25 free_scaled stage 2 epoch 86/90    568 s
seed 1006 n25 free_scaled stage 2 epoch 87/90    570 s
seed 1006 n25 free_scaled stage 2 epoch 88/90    572 s
seed 1006 n25 free_scaled stage 2 epoch 89/90    574 s
seed 1006 n25 free_scaled stage 2 epoch 90/90    575 s
seed 1006 n25 prescribed_std stage 2 epoch  1/90      2 s
seed 1006 n25 prescribed_std stage 2 epoch  2/90      3 s
seed 1006 n25 prescribed_std stage 2 epoch  3/90      5 s
seed 1006 n25 prescribed_std stage 2 epoch  4/90      7 s
seed 1006 n25 prescribed_std stage 2 epoch  5/90      8 s
seed 1006 n25 prescribed_std stage 2 epoch  6/90     10 s
seed 1006 n25 prescribed_std stage 2 epoch  7/90     12 s
seed 1006 n25 prescribed_std stage 2 epoch  8/90     14 s
seed 1006 n25 prescribed_std stage 2 epoch  9/90     15 s
seed 1006 n25 prescribed_std stage 2 epoch 10/90     17 s
seed 1006 n25 prescribed_std stage 2 epoch 11/90     19 s
seed 1006 n25 prescribed_std stage 2 epoch 12/90     20 s
seed 1006 n25 prescribed_std stage 2 epoch 13/90     22 s
seed 1006 n25 prescribed_std stage 2 epoch 14/90     24 s
seed 1006 n25 prescribed_std stage 2 epoch 15/90     25 s
seed 1006 n25 prescribed_std stage 2 epoch 16/90     27 s
seed 1006 n25 prescribed_std stage 2 epoch 17/90     29 s
seed 1006 n25 prescribed_std stage 2 epoch 18/90     30 s
seed 1006 n25 prescribed_std stage 2 epoch 19/90     32 s
seed 1006 n25 prescribed_std stage 2 epoch 20/90     34 s
seed 1006 n25 prescribed_std stage 2 epoch 21/90     35 s
seed 1006 n25 prescribed_std stage 2 epoch 22/90     37 s
seed 1006 n25 prescribed_std stage 2 epoch 23/90     39 s
seed 1006 n25 prescribed_std stage 2 epoch 24/90     41 s
seed 1006 n25 prescribed_std stage 2 epoch 25/90     42 s
seed 1006 n25 prescribed_std stage 2 epoch 26/90     44 s
seed 1006 n25 prescribed_std stage 2 epoch 27/90     46 s
seed 1006 n25 prescribed_std stage 2 epoch 28/90     48 s
seed 1006 n25 prescribed_std stage 2 epoch 29/90     50 s
seed 1006 n25 prescribed_std stage 2 epoch 30/90     51 s
seed 1006 n25 prescribed_std stage 2 epoch 31/90     53 s
seed 1006 n25 prescribed_std stage 2 epoch 32/90     55 s
seed 1006 n25 prescribed_std stage 2 epoch 33/90     56 s
seed 1006 n25 prescribed_std stage 2 epoch 34/90     58 s
seed 1006 n25 prescribed_std stage 2 epoch 35/90     60 s
seed 1006 n25 prescribed_std stage 2 epoch 36/90     61 s
seed 1006 n25 prescribed_std stage 2 epoch 37/90     63 s
seed 1006 n25 prescribed_std stage 2 epoch 38/90     65 s
seed 1006 n25 prescribed_std stage 2 epoch 39/90     66 s
seed 1006 n25 prescribed_std stage 2 epoch 40/90     68 s
seed 1006 n25 prescribed_std stage 2 epoch 41/90     70 s
seed 1006 n25 prescribed_std stage 2 epoch 42/90     72 s
seed 1006 n25 prescribed_std stage 2 epoch 43/90     73 s
seed 1006 n25 prescribed_std stage 2 epoch 44/90     75 s
seed 1006 n25 prescribed_std stage 2 epoch 45/90     77 s
seed 1006 n25 prescribed_std stage 2 epoch 46/90     78 s
seed 1006 n25 prescribed_std stage 2 epoch 47/90     80 s
seed 1006 n25 prescribed_std stage 2 epoch 48/90     82 s
seed 1006 n25 prescribed_std stage 2 epoch 49/90     83 s
seed 1006 n25 prescribed_std stage 2 epoch 50/90     85 s
seed 1006 n25 prescribed_std stage 2 epoch 51/90     87 s
seed 1006 n25 prescribed_std stage 2 epoch 52/90     88 s
seed 1006 n25 prescribed_std stage 2 epoch 53/90     90 s
seed 1006 n25 prescribed_std stage 2 epoch 54/90     92 s
seed 1006 n25 prescribed_std stage 2 epoch 55/90     94 s
seed 1006 n25 prescribed_std stage 2 epoch 56/90     95 s
seed 1006 n25 prescribed_std stage 2 epoch 57/90     97 s
seed 1006 n25 prescribed_std stage 2 epoch 58/90     99 s
seed 1006 n25 prescribed_std stage 2 epoch 59/90    100 s
seed 1006 n25 prescribed_std stage 2 epoch 60/90    102 s
seed 1006 n25 prescribed_std stage 2 epoch 61/90    104 s
seed 1006 n25 prescribed_std stage 2 epoch 62/90    105 s
seed 1006 n25 prescribed_std stage 2 epoch 63/90    107 s
seed 1006 n25 prescribed_std stage 2 epoch 64/90    109 s
seed 1006 n25 prescribed_std stage 2 epoch 65/90    110 s
seed 1006 n25 prescribed_std stage 2 epoch 66/90    112 s
seed 1006 n25 prescribed_std stage 2 epoch 67/90    114 s
seed 1006 n25 prescribed_std stage 2 epoch 68/90    115 s
seed 1006 n25 prescribed_std stage 2 epoch 69/90    117 s
seed 1006 n25 prescribed_std stage 2 epoch 70/90    119 s
seed 1006 n25 prescribed_std stage 2 epoch 71/90    120 s
seed 1006 n25 prescribed_std stage 2 epoch 72/90    122 s
seed 1006 n25 prescribed_std stage 2 epoch 73/90    124 s
seed 1006 n25 prescribed_std stage 2 epoch 74/90    126 s
seed 1006 n25 prescribed_std stage 2 epoch 75/90    127 s
seed 1006 n25 prescribed_std stage 2 epoch 76/90    129 s
seed 1006 n25 prescribed_std stage 2 epoch 77/90    131 s
seed 1006 n25 prescribed_std stage 2 epoch 78/90    132 s
seed 1006 n25 prescribed_std stage 2 epoch 79/90    134 s
seed 1006 n25 prescribed_std stage 2 epoch 80/90    136 s
seed 1006 n25 prescribed_std stage 2 epoch 81/90    137 s
seed 1006 n25 prescribed_std stage 2 epoch 82/90    139 s
seed 1006 n25 prescribed_std stage 2 epoch 83/90    141 s
seed 1006 n25 prescribed_std stage 2 epoch 84/90    142 s
seed 1006 n25 prescribed_std stage 2 epoch 85/90    144 s
seed 1006 n25 prescribed_std stage 2 epoch 86/90    146 s
seed 1006 n25 prescribed_std stage 2 epoch 87/90    147 s
seed 1006 n25 prescribed_std stage 2 epoch 88/90    149 s
seed 1006 n25 prescribed_std stage 2 epoch 89/90    151 s
seed 1006 n25 prescribed_std stage 2 epoch 90/90    152 s
seed 1006 n200 free_scaled stage 1 epoch  1/90     34 s
seed 1006 n200 free_scaled stage 1 epoch  2/90     67 s
seed 1006 n200 free_scaled stage 1 epoch  3/90    103 s
seed 1006 n200 free_scaled stage 1 epoch  4/90    137 s
seed 1006 n200 free_scaled stage 1 epoch  5/90    171 s
seed 1006 n200 free_scaled stage 1 epoch  6/90    205 s
seed 1006 n200 free_scaled stage 1 epoch  7/90    239 s
seed 1006 n200 free_scaled stage 1 epoch  8/90    272 s
seed 1006 n200 free_scaled stage 1 epoch  9/90    306 s
seed 1006 n200 free_scaled stage 1 epoch 10/90    340 s
seed 1006 n200 free_scaled stage 1 epoch 11/90    373 s
seed 1006 n200 free_scaled stage 1 epoch 12/90    407 s
seed 1006 n200 free_scaled stage 1 epoch 13/90    440 s
seed 1006 n200 free_scaled stage 1 epoch 14/90    475 s
seed 1006 n200 free_scaled stage 1 epoch 15/90    509 s
seed 1006 n200 free_scaled stage 1 epoch 16/90    543 s
seed 1006 n200 free_scaled stage 1 epoch 17/90    576 s
seed 1006 n200 free_scaled stage 1 epoch 18/90    609 s
seed 1006 n200 free_scaled stage 1 epoch 19/90    647 s
seed 1006 n200 free_scaled stage 1 epoch 20/90    705 s
seed 1006 n200 free_scaled stage 1 epoch 21/90    748 s
seed 1006 n200 free_scaled stage 1 epoch 22/90    807 s
seed 1006 n200 free_scaled stage 1 epoch 23/90    845 s
seed 1006 n200 free_scaled stage 1 epoch 24/90    893 s
seed 1006 n200 free_scaled stage 1 epoch 25/90    931 s
seed 1006 n200 free_scaled stage 1 epoch 26/90    966 s
seed 1006 n200 free_scaled stage 1 epoch 27/90   1003 s
seed 1006 n200 free_scaled stage 1 epoch 28/90   1039 s
seed 1006 n200 free_scaled stage 1 epoch 29/90   1078 s
seed 1006 n200 free_scaled stage 1 epoch 30/90   1115 s
seed 1006 n200 free_scaled stage 1 epoch 31/90   1153 s
seed 1006 n200 free_scaled stage 1 epoch 32/90   1190 s
seed 1006 n200 free_scaled stage 1 epoch 33/90   1229 s
seed 1006 n200 free_scaled stage 1 epoch 34/90   1271 s
seed 1006 n200 free_scaled stage 1 epoch 35/90   1308 s
seed 1006 n200 free_scaled stage 1 epoch 36/90   1344 s
seed 1006 n200 free_scaled stage 1 epoch 37/90   1379 s
seed 1006 n200 free_scaled stage 1 epoch 38/90   1413 s
seed 1006 n200 free_scaled stage 1 epoch 39/90   1447 s
seed 1006 n200 free_scaled stage 1 epoch 40/90   1481 s
seed 1006 n200 free_scaled stage 1 epoch 41/90   1516 s
seed 1006 n200 free_scaled stage 1 epoch 42/90   1550 s
seed 1006 n200 free_scaled stage 1 epoch 43/90   1585 s
seed 1006 n200 free_scaled stage 1 epoch 44/90   1619 s
seed 1006 n200 free_scaled stage 1 epoch 45/90   1653 s
seed 1006 n200 free_scaled stage 1 epoch 46/90   1687 s
seed 1006 n200 free_scaled stage 1 epoch 47/90   1721 s
seed 1006 n200 free_scaled stage 1 epoch 48/90   1755 s
seed 1006 n200 free_scaled stage 1 epoch 49/90   1789 s
seed 1006 n200 free_scaled stage 1 epoch 50/90   1823 s
seed 1006 n200 free_scaled stage 1 epoch 51/90   1857 s
seed 1006 n200 free_scaled stage 1 epoch 52/90   1891 s
seed 1006 n200 free_scaled stage 1 epoch 53/90   1926 s
seed 1006 n200 free_scaled stage 1 epoch 54/90   1964 s
seed 1006 n200 free_scaled stage 1 epoch 55/90   2002 s
seed 1006 n200 free_scaled stage 1 epoch 56/90   2038 s
seed 1006 n200 free_scaled stage 1 epoch 57/90   2076 s
seed 1006 n200 free_scaled stage 1 epoch 58/90   2111 s
seed 1006 n200 free_scaled stage 1 epoch 59/90   2151 s
seed 1006 n200 free_scaled stage 1 epoch 60/90   2188 s
seed 1006 n200 free_scaled stage 1 epoch 61/90   2231 s
seed 1006 n200 free_scaled stage 1 epoch 62/90   2283 s
seed 1006 n200 free_scaled stage 1 epoch 63/90   2324 s
seed 1006 n200 free_scaled stage 1 epoch 64/90   2360 s
seed 1006 n200 free_scaled stage 1 epoch 65/90   2402 s
seed 1006 n200 free_scaled stage 1 epoch 66/90   2437 s
seed 1006 n200 free_scaled stage 1 epoch 67/90   2473 s
seed 1006 n200 free_scaled stage 1 epoch 68/90   2511 s
seed 1006 n200 free_scaled stage 1 epoch 69/90   2547 s
seed 1006 n200 free_scaled stage 1 epoch 70/90   2584 s
seed 1006 n200 free_scaled stage 1 epoch 71/90   2623 s
seed 1006 n200 free_scaled stage 1 epoch 72/90   2663 s
seed 1006 n200 free_scaled stage 1 epoch 73/90   2701 s
seed 1006 n200 free_scaled stage 1 epoch 74/90   2745 s
seed 1006 n200 free_scaled stage 1 epoch 75/90   2783 s
seed 1006 n200 free_scaled stage 1 epoch 76/90   2824 s
seed 1006 n200 free_scaled stage 1 epoch 77/90   2862 s
seed 1006 n200 free_scaled stage 1 epoch 78/90   2898 s
seed 1006 n200 free_scaled stage 1 epoch 79/90   2934 s
seed 1006 n200 free_scaled stage 1 epoch 80/90   2975 s
seed 1006 n200 free_scaled stage 1 epoch 81/90   3015 s
seed 1006 n200 free_scaled stage 1 epoch 82/90   3066 s
seed 1006 n200 free_scaled stage 1 epoch 83/90   3116 s
seed 1006 n200 free_scaled stage 1 epoch 84/90   3153 s
seed 1006 n200 free_scaled stage 1 epoch 85/90   3193 s
seed 1006 n200 free_scaled stage 1 epoch 86/90   3238 s
seed 1006 n200 free_scaled stage 1 epoch 87/90   3281 s
seed 1006 n200 free_scaled stage 1 epoch 88/90   3315 s
seed 1006 n200 free_scaled stage 1 epoch 89/90   3349 s
seed 1006 n200 free_scaled stage 1 epoch 90/90   3382 s
seed 1006 n200 free_scaled stage 2 epoch  1/90   3397 s
seed 1006 n200 free_scaled stage 2 epoch  2/90   3410 s
seed 1006 n200 free_scaled stage 2 epoch  3/90   3424 s
seed 1006 n200 free_scaled stage 2 epoch  4/90   3438 s
seed 1006 n200 free_scaled stage 2 epoch  5/90   3452 s
seed 1006 n200 free_scaled stage 2 epoch  6/90   3466 s
seed 1006 n200 free_scaled stage 2 epoch  7/90   3480 s
seed 1006 n200 free_scaled stage 2 epoch  8/90   3493 s
seed 1006 n200 free_scaled stage 2 epoch  9/90   3507 s
seed 1006 n200 free_scaled stage 2 epoch 10/90   3521 s
seed 1006 n200 free_scaled stage 2 epoch 11/90   3535 s
seed 1006 n200 free_scaled stage 2 epoch 12/90   3549 s
seed 1006 n200 free_scaled stage 2 epoch 13/90   3563 s
seed 1006 n200 free_scaled stage 2 epoch 14/90   3576 s
seed 1006 n200 free_scaled stage 2 epoch 15/90   3590 s
seed 1006 n200 free_scaled stage 2 epoch 16/90   3604 s
seed 1006 n200 free_scaled stage 2 epoch 17/90   3617 s
seed 1006 n200 free_scaled stage 2 epoch 18/90   3632 s
seed 1006 n200 free_scaled stage 2 epoch 19/90   3648 s
seed 1006 n200 free_scaled stage 2 epoch 20/90   3664 s
seed 1006 n200 free_scaled stage 2 epoch 21/90   3681 s
seed 1006 n200 free_scaled stage 2 epoch 22/90   3705 s
seed 1006 n200 free_scaled stage 2 epoch 23/90   3729 s
seed 1006 n200 free_scaled stage 2 epoch 24/90   3753 s
seed 1006 n200 free_scaled stage 2 epoch 25/90   3789 s
seed 1006 n200 free_scaled stage 2 epoch 26/90   3817 s
seed 1006 n200 free_scaled stage 2 epoch 27/90   3843 s
seed 1006 n200 free_scaled stage 2 epoch 28/90   3868 s
seed 1006 n200 free_scaled stage 2 epoch 29/90   3895 s
seed 1006 n200 free_scaled stage 2 epoch 30/90   3923 s
seed 1006 n200 free_scaled stage 2 epoch 31/90   3953 s
seed 1006 n200 free_scaled stage 2 epoch 32/90   3984 s
seed 1006 n200 free_scaled stage 2 epoch 33/90   4008 s
seed 1006 n200 free_scaled stage 2 epoch 34/90   4042 s
seed 1006 n200 free_scaled stage 2 epoch 35/90   4076 s
seed 1006 n200 free_scaled stage 2 epoch 36/90   4102 s
seed 1006 n200 free_scaled stage 2 epoch 37/90   4133 s
seed 1006 n200 free_scaled stage 2 epoch 38/90   4165 s
seed 1006 n200 free_scaled stage 2 epoch 39/90   4194 s
seed 1006 n200 free_scaled stage 2 epoch 40/90   4221 s
seed 1006 n200 free_scaled stage 2 epoch 41/90   4255 s
seed 1006 n200 free_scaled stage 2 epoch 42/90   4279 s
seed 1006 n200 free_scaled stage 2 epoch 43/90   4311 s
seed 1006 n200 free_scaled stage 2 epoch 44/90   4390 s
seed 1006 n200 free_scaled stage 2 epoch 45/90   4428 s
seed 1006 n200 free_scaled stage 2 epoch 46/90   4459 s
seed 1006 n200 free_scaled stage 2 epoch 47/90   4493 s
seed 1006 n200 free_scaled stage 2 epoch 48/90   4523 s
seed 1006 n200 free_scaled stage 2 epoch 49/90   4573 s
seed 1006 n200 free_scaled stage 2 epoch 50/90   4596 s
seed 1006 n200 free_scaled stage 2 epoch 51/90   4624 s
seed 1006 n200 free_scaled stage 2 epoch 52/90   4665 s
seed 1006 n200 free_scaled stage 2 epoch 53/90   4687 s
seed 1006 n200 free_scaled stage 2 epoch 54/90   4706 s
seed 1006 n200 free_scaled stage 2 epoch 55/90   4724 s
seed 1006 n200 free_scaled stage 2 epoch 56/90   4743 s
seed 1006 n200 free_scaled stage 2 epoch 57/90   4762 s
seed 1006 n200 free_scaled stage 2 epoch 58/90   4789 s
seed 1006 n200 free_scaled stage 2 epoch 59/90   4817 s
seed 1006 n200 free_scaled stage 2 epoch 60/90   4847 s
seed 1006 n200 free_scaled stage 2 epoch 61/90   4867 s
seed 1006 n200 free_scaled stage 2 epoch 62/90   4895 s
seed 1006 n200 free_scaled stage 2 epoch 63/90   4912 s
seed 1006 n200 free_scaled stage 2 epoch 64/90   4941 s
seed 1006 n200 free_scaled stage 2 epoch 65/90   4959 s
seed 1006 n200 free_scaled stage 2 epoch 66/90   4976 s
seed 1006 n200 free_scaled stage 2 epoch 67/90   5001 s
seed 1006 n200 free_scaled stage 2 epoch 68/90   5022 s
seed 1006 n200 free_scaled stage 2 epoch 69/90   5049 s
seed 1006 n200 free_scaled stage 2 epoch 70/90   5072 s
seed 1006 n200 free_scaled stage 2 epoch 71/90   5093 s
seed 1006 n200 free_scaled stage 2 epoch 72/90   5113 s
seed 1006 n200 free_scaled stage 2 epoch 73/90   5137 s
seed 1006 n200 free_scaled stage 2 epoch 74/90   5164 s
seed 1006 n200 free_scaled stage 2 epoch 75/90   5187 s
seed 1006 n200 free_scaled stage 2 epoch 76/90   5203 s
seed 1006 n200 free_scaled stage 2 epoch 77/90   5224 s
seed 1006 n200 free_scaled stage 2 epoch 78/90   5244 s
seed 1006 n200 free_scaled stage 2 epoch 79/90   5283 s
seed 1006 n200 free_scaled stage 2 epoch 80/90   5318 s
seed 1006 n200 free_scaled stage 2 epoch 81/90   5355 s
seed 1006 n200 free_scaled stage 2 epoch 82/90   5376 s
seed 1006 n200 free_scaled stage 2 epoch 83/90   5398 s
seed 1006 n200 free_scaled stage 2 epoch 84/90   5423 s
seed 1006 n200 free_scaled stage 2 epoch 85/90   5449 s
seed 1006 n200 free_scaled stage 2 epoch 86/90   5481 s
seed 1006 n200 free_scaled stage 2 epoch 87/90   5497 s
seed 1006 n200 free_scaled stage 2 epoch 88/90   5515 s
seed 1006 n200 free_scaled stage 2 epoch 89/90   5531 s
seed 1006 n200 free_scaled stage 2 epoch 90/90   5547 s
seed 1006 n200 prescribed_std stage 2 epoch  1/90     21 s
seed 1006 n200 prescribed_std stage 2 epoch  2/90     45 s
seed 1006 n200 prescribed_std stage 2 epoch  3/90     68 s
seed 1006 n200 prescribed_std stage 2 epoch  4/90    105 s
seed 1006 n200 prescribed_std stage 2 epoch  5/90    152 s
seed 1006 n200 prescribed_std stage 2 epoch  6/90    191 s
seed 1006 n200 prescribed_std stage 2 epoch  7/90    239 s
seed 1006 n200 prescribed_std stage 2 epoch  8/90    331 s
seed 1006 n200 prescribed_std stage 2 epoch  9/90    377 s
seed 1006 n200 prescribed_std stage 2 epoch 10/90    413 s
seed 1006 n200 prescribed_std stage 2 epoch 11/90    443 s
seed 1006 n200 prescribed_std stage 2 epoch 12/90    465 s
seed 1006 n200 prescribed_std stage 2 epoch 13/90    485 s
seed 1006 n200 prescribed_std stage 2 epoch 14/90    512 s
seed 1006 n200 prescribed_std stage 2 epoch 15/90    538 s
seed 1006 n200 prescribed_std stage 2 epoch 16/90    560 s
seed 1006 n200 prescribed_std stage 2 epoch 17/90    579 s
seed 1006 n200 prescribed_std stage 2 epoch 18/90    604 s
seed 1006 n200 prescribed_std stage 2 epoch 19/90    628 s
seed 1006 n200 prescribed_std stage 2 epoch 20/90    652 s
seed 1006 n200 prescribed_std stage 2 epoch 21/90    680 s
seed 1006 n200 prescribed_std stage 2 epoch 22/90    708 s
seed 1006 n200 prescribed_std stage 2 epoch 23/90    738 s
seed 1006 n200 prescribed_std stage 2 epoch 24/90    763 s
seed 1006 n200 prescribed_std stage 2 epoch 25/90    790 s
seed 1006 n200 prescribed_std stage 2 epoch 26/90    818 s
seed 1006 n200 prescribed_std stage 2 epoch 27/90    836 s
seed 1006 n200 prescribed_std stage 2 epoch 28/90    855 s
seed 1006 n200 prescribed_std stage 2 epoch 29/90    875 s
seed 1006 n200 prescribed_std stage 2 epoch 30/90    908 s
seed 1006 n200 prescribed_std stage 2 epoch 31/90    937 s
seed 1006 n200 prescribed_std stage 2 epoch 32/90    954 s
seed 1006 n200 prescribed_std stage 2 epoch 33/90    971 s
seed 1006 n200 prescribed_std stage 2 epoch 34/90    987 s
seed 1006 n200 prescribed_std stage 2 epoch 35/90   1004 s
seed 1006 n200 prescribed_std stage 2 epoch 36/90   1023 s
seed 1006 n200 prescribed_std stage 2 epoch 37/90   1042 s
seed 1006 n200 prescribed_std stage 2 epoch 38/90   1063 s
seed 1006 n200 prescribed_std stage 2 epoch 39/90   1083 s
seed 1006 n200 prescribed_std stage 2 epoch 40/90   1103 s
seed 1006 n200 prescribed_std stage 2 epoch 41/90   1130 s
seed 1006 n200 prescribed_std stage 2 epoch 42/90   1160 s
seed 1006 n200 prescribed_std stage 2 epoch 43/90   1202 s
seed 1006 n200 prescribed_std stage 2 epoch 44/90   1239 s
seed 1006 n200 prescribed_std stage 2 epoch 45/90   1261 s
seed 1006 n200 prescribed_std stage 2 epoch 46/90   1291 s
seed 1006 n200 prescribed_std stage 2 epoch 47/90   1317 s
seed 1006 n200 prescribed_std stage 2 epoch 48/90   1346 s
seed 1006 n200 prescribed_std stage 2 epoch 49/90   1384 s
seed 1006 n200 prescribed_std stage 2 epoch 50/90   1414 s
seed 1006 n200 prescribed_std stage 2 epoch 51/90   1447 s
seed 1006 n200 prescribed_std stage 2 epoch 52/90   1475 s
seed 1006 n200 prescribed_std stage 2 epoch 53/90   1509 s
seed 1006 n200 prescribed_std stage 2 epoch 54/90   1533 s
seed 1006 n200 prescribed_std stage 2 epoch 55/90   1555 s
seed 1006 n200 prescribed_std stage 2 epoch 56/90   1582 s
seed 1006 n200 prescribed_std stage 2 epoch 57/90   1618 s
seed 1006 n200 prescribed_std stage 2 epoch 58/90   1652 s
seed 1006 n200 prescribed_std stage 2 epoch 59/90   1694 s
seed 1006 n200 prescribed_std stage 2 epoch 60/90   1723 s
seed 1006 n200 prescribed_std stage 2 epoch 61/90   1743 s
seed 1006 n200 prescribed_std stage 2 epoch 62/90   1766 s
seed 1006 n200 prescribed_std stage 2 epoch 63/90   1789 s
seed 1006 n200 prescribed_std stage 2 epoch 64/90   1809 s
seed 1006 n200 prescribed_std stage 2 epoch 65/90   1855 s
seed 1006 n200 prescribed_std stage 2 epoch 66/90   1874 s
seed 1006 n200 prescribed_std stage 2 epoch 67/90   1954 s
seed 1006 n200 prescribed_std stage 2 epoch 68/90   1996 s
seed 1006 n200 prescribed_std stage 2 epoch 69/90   2028 s
seed 1006 n200 prescribed_std stage 2 epoch 70/90   2187 s
seed 1006 n200 prescribed_std stage 2 epoch 71/90   2252 s
seed 1006 n200 prescribed_std stage 2 epoch 72/90   2317 s
seed 1006 n200 prescribed_std stage 2 epoch 73/90   2367 s
seed 1006 n200 prescribed_std stage 2 epoch 74/90   2408 s
seed 1006 n200 prescribed_std stage 2 epoch 75/90   2465 s
seed 1006 n200 prescribed_std stage 2 epoch 76/90   2511 s
seed 1006 n200 prescribed_std stage 2 epoch 77/90   2557 s
seed 1006 n200 prescribed_std stage 2 epoch 78/90   2598 s
seed 1006 n200 prescribed_std stage 2 epoch 79/90   2669 s
seed 1006 n200 prescribed_std stage 2 epoch 80/90   2723 s
seed 1006 n200 prescribed_std stage 2 epoch 81/90   2746 s
seed 1006 n200 prescribed_std stage 2 epoch 82/90   2908 s
seed 1006 n200 prescribed_std stage 2 epoch 83/90   2965 s
seed 1006 n200 prescribed_std stage 2 epoch 84/90   3028 s
seed 1006 n200 prescribed_std stage 2 epoch 85/90   3082 s
seed 1006 n200 prescribed_std stage 2 epoch 86/90   3141 s
seed 1006 n200 prescribed_std stage 2 epoch 87/90   3198 s
seed 1006 n200 prescribed_std stage 2 epoch 88/90   3250 s
seed 1006 n200 prescribed_std stage 2 epoch 89/90   3363 s
seed 1006 n200 prescribed_std stage 2 epoch 90/90   3418 s
seed 1006: written
