nohup: ignoring input
seed 42 n25 free_scaled stage 1 epoch  1/90     14 s
seed 42 n25 free_scaled stage 1 epoch  2/90     19 s
seed 42 n25 free_scaled stage 1 epoch  3/90     24 s
seed 42 n25 free_scaled stage 1 epoch  4/90     30 s
seed 42 n25 free_scaled stage 1 epoch  5/90     39 s
seed 42 n25 free_scaled stage 1 epoch  6/90     46 s
seed 42 n25 free_scaled stage 1 epoch  7/90     51 s
seed 42 n25 free_scaled stage 1 epoch  8/90     58 s
seed 42 n25 free_scaled stage 1 epoch  9/90     66 s
seed 42 n25 free_scaled stage 1 epoch 10/90     72 s
seed 42 n25 free_scaled stage 1 epoch 11/90     79 s
seed 42 n25 free_scaled stage 1 epoch 12/90     84 s
seed 42 n25 free_scaled stage 1 epoch 13/90     90 s
seed 42 n25 free_scaled stage 1 epoch 14/90     97 s
seed 42 n25 free_scaled stage 1 epoch 15/90    104 s
seed 42 n25 free_scaled stage 1 epoch 16/90    110 s
seed 42 n25 free_scaled stage 1 epoch 17/90    115 s
seed 42 n25 free_scaled stage 1 epoch 18/90    119 s
seed 42 n25 free_scaled stage 1 epoch 19/90    124 s
seed 42 n25 free_scaled stage 1 epoch 20/90    129 s
seed 42 n25 free_scaled stage 1 epoch 21/90    135 s
seed 42 n25 free_scaled stage 1 epoch 22/90    141 s
seed 42 n25 free_scaled stage 1 epoch 23/90    146 s
seed 42 n25 free_scaled stage 1 epoch 24/90    152 s
seed 42 n25 free_scaled stage 1 epoch 25/90    159 s
seed 42 n25 free_scaled stage 1 epoch 26/90    164 s
seed 42 n25 free_scaled stage 1 epoch 27/90    170 s
seed 42 n25 free_scaled stage 1 epoch 28/90    177 s
seed 42 n25 free_scaled stage 1 epoch 29/90    182 s
seed 42 n25 free_scaled stage 1 epoch 30/90    188 s
seed 42 n25 free_scaled stage 1 epoch 31/90    192 s
seed 42 n25 free_scaled stage 1 epoch 32/90    198 s
seed 42 n25 free_scaled stage 1 epoch 33/90    203 s
seed 42 n25 free_scaled stage 1 epoch 34/90    207 s
seed 42 n25 free_scaled stage 1 epoch 35/90    218 s
seed 42 n25 free_scaled stage 1 epoch 36/90    224 s
seed 42 n25 free_scaled stage 1 epoch 37/90    230 s
seed 42 n25 free_scaled stage 1 epoch 38/90    236 s
seed 42 n25 free_scaled stage 1 epoch 39/90    241 s
seed 42 n25 free_scaled stage 1 epoch 40/90    248 s
seed 42 n25 free_scaled stage 1 epoch 41/90    255 s
seed 42 n25 free_scaled stage 1 epoch 42/90    260 s
seed 42 n25 free_scaled stage 1 epoch 43/90    264 s
seed 42 n25 free_scaled stage 1 epoch 44/90    269 s
seed 42 n25 free_scaled stage 1 epoch 45/90    276 s
seed 42 n25 free_scaled stage 1 epoch 46/90    284 s
seed 42 n25 free_scaled stage 1 epoch 47/90    290 s
seed 42 n25 free_scaled stage 1 epoch 48/90    296 s
seed 42 n25 free_scaled stage 1 epoch 49/90    303 s
seed 42 n25 free_scaled stage 1 epoch 50/90    309 s
seed 42 n25 free_scaled stage 1 epoch 51/90    315 s
seed 42 n25 free_scaled stage 1 epoch 52/90    322 s
seed 42 n25 free_scaled stage 1 epoch 53/90    334 s
seed 42 n25 free_scaled stage 1 epoch 54/90    344 s
seed 42 n25 free_scaled stage 1 epoch 55/90    351 s
seed 42 n25 free_scaled stage 1 epoch 56/90    357 s
seed 42 n25 free_scaled stage 1 epoch 57/90    363 s
seed 42 n25 free_scaled stage 1 epoch 58/90    369 s
seed 42 n25 free_scaled stage 1 epoch 59/90    375 s
seed 42 n25 free_scaled stage 1 epoch 60/90    382 s
seed 42 n25 free_scaled stage 1 epoch 61/90    389 s
seed 42 n25 free_scaled stage 1 epoch 62/90    398 s
seed 42 n25 free_scaled stage 1 epoch 63/90    403 s
seed 42 n25 free_scaled stage 1 epoch 64/90    409 s
seed 42 n25 free_scaled stage 1 epoch 65/90    415 s
seed 42 n25 free_scaled stage 1 epoch 66/90    421 s
seed 42 n25 free_scaled stage 1 epoch 67/90    426 s
seed 42 n25 free_scaled stage 1 epoch 68/90    434 s
seed 42 n25 free_scaled stage 1 epoch 69/90    440 s
seed 42 n25 free_scaled stage 1 epoch 70/90    450 s
seed 42 n25 free_scaled stage 1 epoch 71/90    461 s
seed 42 n25 free_scaled stage 1 epoch 72/90    469 s
seed 42 n25 free_scaled stage 1 epoch 73/90    478 s
seed 42 n25 free_scaled stage 1 epoch 74/90    487 s
seed 42 n25 free_scaled stage 1 epoch 75/90    495 s
seed 42 n25 free_scaled stage 1 epoch 76/90    503 s
seed 42 n25 free_scaled stage 1 epoch 77/90    511 s
seed 42 n25 free_scaled stage 1 epoch 78/90    516 s
seed 42 n25 free_scaled stage 1 epoch 79/90    521 s
seed 42 n25 free_scaled stage 1 epoch 80/90    525 s
seed 42 n25 free_scaled stage 1 epoch 81/90    530 s
seed 42 n25 free_scaled stage 1 epoch 82/90    535 s
seed 42 n25 free_scaled stage 1 epoch 83/90    540 s
seed 42 n25 free_scaled stage 1 epoch 84/90    544 s
seed 42 n25 free_scaled stage 1 epoch 85/90    549 s
seed 42 n25 free_scaled stage 1 epoch 86/90    554 s
seed 42 n25 free_scaled stage 1 epoch 87/90    559 s
seed 42 n25 free_scaled stage 1 epoch 88/90    564 s
seed 42 n25 free_scaled stage 1 epoch 89/90    570 s
seed 42 n25 free_scaled stage 1 epoch 90/90    575 s
seed 42 n25 free_scaled stage 2 epoch  1/90    577 s
seed 42 n25 free_scaled stage 2 epoch  2/90    580 s
seed 42 n25 free_scaled stage 2 epoch  3/90    583 s
seed 42 n25 free_scaled stage 2 epoch  4/90    585 s
seed 42 n25 free_scaled stage 2 epoch  5/90    588 s
seed 42 n25 free_scaled stage 2 epoch  6/90    590 s
seed 42 n25 free_scaled stage 2 epoch  7/90    592 s
seed 42 n25 free_scaled stage 2 epoch  8/90    594 s
seed 42 n25 free_scaled stage 2 epoch  9/90    596 s
seed 42 n25 free_scaled stage 2 epoch 10/90    599 s
seed 42 n25 free_scaled stage 2 epoch 11/90    601 s
seed 42 n25 free_scaled stage 2 epoch 12/90    604 s
seed 42 n25 free_scaled stage 2 epoch 13/90    606 s
seed 42 n25 free_scaled stage 2 epoch 14/90    609 s
seed 42 n25 free_scaled stage 2 epoch 15/90    611 s
seed 42 n25 free_scaled stage 2 epoch 16/90    614 s
seed 42 n25 free_scaled stage 2 epoch 17/90    620 s
seed 42 n25 free_scaled stage 2 epoch 18/90    624 s
seed 42 n25 free_scaled stage 2 epoch 19/90    626 s
seed 42 n25 free_scaled stage 2 epoch 20/90    628 s
seed 42 n25 free_scaled stage 2 epoch 21/90    632 s
seed 42 n25 free_scaled stage 2 epoch 22/90    638 s
seed 42 n25 free_scaled stage 2 epoch 23/90    643 s
seed 42 n25 free_scaled stage 2 epoch 24/90    645 s
seed 42 n25 free_scaled stage 2 epoch 25/90    647 s
seed 42 n25 free_scaled stage 2 epoch 26/90    649 s
seed 42 n25 free_scaled stage 2 epoch 27/90    651 s
seed 42 n25 free_scaled stage 2 epoch 28/90    653 s
seed 42 n25 free_scaled stage 2 epoch 29/90    655 s
seed 42 n25 free_scaled stage 2 epoch 30/90    657 s
seed 42 n25 free_scaled stage 2 epoch 31/90    658 s
seed 42 n25 free_scaled stage 2 epoch 32/90    663 s
seed 42 n25 free_scaled stage 2 epoch 33/90    667 s
seed 42 n25 free_scaled stage 2 epoch 34/90    670 s
seed 42 n25 free_scaled stage 2 epoch 35/90    673 s
seed 42 n25 free_scaled stage 2 epoch 36/90    677 s
seed 42 n25 free_scaled stage 2 epoch 37/90    683 s
seed 42 n25 free_scaled stage 2 epoch 38/90    686 s
seed 42 n25 free_scaled stage 2 epoch 39/90    689 s
seed 42 n25 free_scaled stage 2 epoch 40/90    691 s
seed 42 n25 free_scaled stage 2 epoch 41/90    693 s
seed 42 n25 free_scaled stage 2 epoch 42/90    696 s
seed 42 n25 free_scaled stage 2 epoch 43/90    698 s
seed 42 n25 free_scaled stage 2 epoch 44/90    701 s
seed 42 n25 free_scaled stage 2 epoch 45/90    705 s
seed 42 n25 free_scaled stage 2 epoch 46/90    708 s
seed 42 n25 free_scaled stage 2 epoch 47/90    711 s
seed 42 n25 free_scaled stage 2 epoch 48/90    713 s
seed 42 n25 free_scaled stage 2 epoch 49/90    715 s
seed 42 n25 free_scaled stage 2 epoch 50/90    717 s
seed 42 n25 free_scaled stage 2 epoch 51/90    720 s
seed 42 n25 free_scaled stage 2 epoch 52/90    722 s
seed 42 n25 free_scaled stage 2 epoch 53/90    724 s
seed 42 n25 free_scaled stage 2 epoch 54/90    726 s
seed 42 n25 free_scaled stage 2 epoch 55/90    729 s
seed 42 n25 free_scaled stage 2 epoch 56/90    731 s
seed 42 n25 free_scaled stage 2 epoch 57/90    733 s
seed 42 n25 free_scaled stage 2 epoch 58/90    735 s
seed 42 n25 free_scaled stage 2 epoch 59/90    737 s
seed 42 n25 free_scaled stage 2 epoch 60/90    739 s
seed 42 n25 free_scaled stage 2 epoch 61/90    742 s
seed 42 n25 free_scaled stage 2 epoch 62/90    744 s
seed 42 n25 free_scaled stage 2 epoch 63/90    746 s
seed 42 n25 free_scaled stage 2 epoch 64/90    749 s
seed 42 n25 free_scaled stage 2 epoch 65/90    753 s
seed 42 n25 free_scaled stage 2 epoch 66/90    755 s
seed 42 n25 free_scaled stage 2 epoch 67/90    758 s
seed 42 n25 free_scaled stage 2 epoch 68/90    761 s
seed 42 n25 free_scaled stage 2 epoch 69/90    763 s
seed 42 n25 free_scaled stage 2 epoch 70/90    765 s
seed 42 n25 free_scaled stage 2 epoch 71/90    767 s
seed 42 n25 free_scaled stage 2 epoch 72/90    769 s
seed 42 n25 free_scaled stage 2 epoch 73/90    771 s
seed 42 n25 free_scaled stage 2 epoch 74/90    773 s
seed 42 n25 free_scaled stage 2 epoch 75/90    775 s
seed 42 n25 free_scaled stage 2 epoch 76/90    777 s
seed 42 n25 free_scaled stage 2 epoch 77/90    779 s
seed 42 n25 free_scaled stage 2 epoch 78/90    782 s
seed 42 n25 free_scaled stage 2 epoch 79/90    784 s
seed 42 n25 free_scaled stage 2 epoch 80/90    786 s
seed 42 n25 free_scaled stage 2 epoch 81/90    788 s
seed 42 n25 free_scaled stage 2 epoch 82/90    790 s
seed 42 n25 free_scaled stage 2 epoch 83/90    792 s
seed 42 n25 free_scaled stage 2 epoch 84/90    794 s
seed 42 n25 free_scaled stage 2 epoch 85/90    796 s
seed 42 n25 free_scaled stage 2 epoch 86/90    798 s
seed 42 n25 free_scaled stage 2 epoch 87/90    800 s
seed 42 n25 free_scaled stage 2 epoch 88/90    803 s
seed 42 n25 free_scaled stage 2 epoch 89/90    805 s
seed 42 n25 free_scaled stage 2 epoch 90/90    807 s
seed 42 n25 prescribed_std stage 2 epoch  1/90      2 s
seed 42 n25 prescribed_std stage 2 epoch  2/90      4 s
seed 42 n25 prescribed_std stage 2 epoch  3/90      5 s
seed 42 n25 prescribed_std stage 2 epoch  4/90      7 s
seed 42 n25 prescribed_std stage 2 epoch  5/90      9 s
seed 42 n25 prescribed_std stage 2 epoch  6/90     12 s
seed 42 n25 prescribed_std stage 2 epoch  7/90     15 s
seed 42 n25 prescribed_std stage 2 epoch  8/90     18 s
seed 42 n25 prescribed_std stage 2 epoch  9/90     20 s
seed 42 n25 prescribed_std stage 2 epoch 10/90     22 s
seed 42 n25 prescribed_std stage 2 epoch 11/90     24 s
seed 42 n25 prescribed_std stage 2 epoch 12/90     26 s
seed 42 n25 prescribed_std stage 2 epoch 13/90     28 s
seed 42 n25 prescribed_std stage 2 epoch 14/90     29 s
seed 42 n25 prescribed_std stage 2 epoch 15/90     32 s
seed 42 n25 prescribed_std stage 2 epoch 16/90     35 s
seed 42 n25 prescribed_std stage 2 epoch 17/90     37 s
seed 42 n25 prescribed_std stage 2 epoch 18/90     39 s
seed 42 n25 prescribed_std stage 2 epoch 19/90     41 s
seed 42 n25 prescribed_std stage 2 epoch 20/90     43 s
seed 42 n25 prescribed_std stage 2 epoch 21/90     45 s
seed 42 n25 prescribed_std stage 2 epoch 22/90     48 s
seed 42 n25 prescribed_std stage 2 epoch 23/90     50 s
seed 42 n25 prescribed_std stage 2 epoch 24/90     52 s
seed 42 n25 prescribed_std stage 2 epoch 25/90     55 s
seed 42 n25 prescribed_std stage 2 epoch 26/90     60 s
seed 42 n25 prescribed_std stage 2 epoch 27/90     63 s
seed 42 n25 prescribed_std stage 2 epoch 28/90     65 s
seed 42 n25 prescribed_std stage 2 epoch 29/90     67 s
seed 42 n25 prescribed_std stage 2 epoch 30/90     70 s
seed 42 n25 prescribed_std stage 2 epoch 31/90     73 s
seed 42 n25 prescribed_std stage 2 epoch 32/90     75 s
seed 42 n25 prescribed_std stage 2 epoch 33/90     76 s
seed 42 n25 prescribed_std stage 2 epoch 34/90     78 s
seed 42 n25 prescribed_std stage 2 epoch 35/90     80 s
seed 42 n25 prescribed_std stage 2 epoch 36/90     82 s
seed 42 n25 prescribed_std stage 2 epoch 37/90     84 s
seed 42 n25 prescribed_std stage 2 epoch 38/90     86 s
seed 42 n25 prescribed_std stage 2 epoch 39/90     88 s
seed 42 n25 prescribed_std stage 2 epoch 40/90     90 s
seed 42 n25 prescribed_std stage 2 epoch 41/90     92 s
seed 42 n25 prescribed_std stage 2 epoch 42/90     94 s
seed 42 n25 prescribed_std stage 2 epoch 43/90     96 s
seed 42 n25 prescribed_std stage 2 epoch 44/90     98 s
seed 42 n25 prescribed_std stage 2 epoch 45/90    100 s
seed 42 n25 prescribed_std stage 2 epoch 46/90    101 s
seed 42 n25 prescribed_std stage 2 epoch 47/90    104 s
seed 42 n25 prescribed_std stage 2 epoch 48/90    106 s
seed 42 n25 prescribed_std stage 2 epoch 49/90    107 s
seed 42 n25 prescribed_std stage 2 epoch 50/90    112 s
seed 42 n25 prescribed_std stage 2 epoch 51/90    115 s
seed 42 n25 prescribed_std stage 2 epoch 52/90    117 s
seed 42 n25 prescribed_std stage 2 epoch 53/90    119 s
seed 42 n25 prescribed_std stage 2 epoch 54/90    122 s
seed 42 n25 prescribed_std stage 2 epoch 55/90    124 s
seed 42 n25 prescribed_std stage 2 epoch 56/90    125 s
seed 42 n25 prescribed_std stage 2 epoch 57/90    128 s
seed 42 n25 prescribed_std stage 2 epoch 58/90    130 s
seed 42 n25 prescribed_std stage 2 epoch 59/90    132 s
seed 42 n25 prescribed_std stage 2 epoch 60/90    135 s
seed 42 n25 prescribed_std stage 2 epoch 61/90    137 s
seed 42 n25 prescribed_std stage 2 epoch 62/90    139 s
seed 42 n25 prescribed_std stage 2 epoch 63/90    141 s
seed 42 n25 prescribed_std stage 2 epoch 64/90    143 s
seed 42 n25 prescribed_std stage 2 epoch 65/90    146 s
seed 42 n25 prescribed_std stage 2 epoch 66/90    148 s
seed 42 n25 prescribed_std stage 2 epoch 67/90    150 s
seed 42 n25 prescribed_std stage 2 epoch 68/90    152 s
seed 42 n25 prescribed_std stage 2 epoch 69/90    154 s
seed 42 n25 prescribed_std stage 2 epoch 70/90    155 s
seed 42 n25 prescribed_std stage 2 epoch 71/90    157 s
seed 42 n25 prescribed_std stage 2 epoch 72/90    160 s
seed 42 n25 prescribed_std stage 2 epoch 73/90    162 s
seed 42 n25 prescribed_std stage 2 epoch 74/90    164 s
seed 42 n25 prescribed_std stage 2 epoch 75/90    167 s
seed 42 n25 prescribed_std stage 2 epoch 76/90    169 s
seed 42 n25 prescribed_std stage 2 epoch 77/90    171 s
seed 42 n25 prescribed_std stage 2 epoch 78/90    173 s
seed 42 n25 prescribed_std stage 2 epoch 79/90    175 s
seed 42 n25 prescribed_std stage 2 epoch 80/90    177 s
seed 42 n25 prescribed_std stage 2 epoch 81/90    179 s
seed 42 n25 prescribed_std stage 2 epoch 82/90    181 s
seed 42 n25 prescribed_std stage 2 epoch 83/90    183 s
seed 42 n25 prescribed_std stage 2 epoch 84/90    186 s
seed 42 n25 prescribed_std stage 2 epoch 85/90    188 s
seed 42 n25 prescribed_std stage 2 epoch 86/90    191 s
seed 42 n25 prescribed_std stage 2 epoch 87/90    193 s
seed 42 n25 prescribed_std stage 2 epoch 88/90    195 s
seed 42 n25 prescribed_std stage 2 epoch 89/90    197 s
seed 42 n25 prescribed_std stage 2 epoch 90/90    199 s
seed 42 n200 free_scaled stage 1 epoch  1/90     47 s
seed 42 n200 free_scaled stage 1 epoch  2/90     95 s
seed 42 n200 free_scaled stage 1 epoch  3/90    142 s
seed 42 n200 free_scaled stage 1 epoch  4/90    187 s
seed 42 n200 free_scaled stage 1 epoch  5/90    240 s
seed 42 n200 free_scaled stage 1 epoch  6/90    287 s
seed 42 n200 free_scaled stage 1 epoch  7/90    350 s
seed 42 n200 free_scaled stage 1 epoch  8/90    407 s
seed 42 n200 free_scaled stage 1 epoch  9/90    445 s
seed 42 n200 free_scaled stage 1 epoch 10/90    483 s
seed 42 n200 free_scaled stage 1 epoch 11/90    522 s
seed 42 n200 free_scaled stage 1 epoch 12/90    570 s
seed 42 n200 free_scaled stage 1 epoch 13/90    608 s
seed 42 n200 free_scaled stage 1 epoch 14/90    664 s
seed 42 n200 free_scaled stage 1 epoch 15/90    734 s
seed 42 n200 free_scaled stage 1 epoch 16/90    783 s
seed 42 n200 free_scaled stage 1 epoch 17/90    850 s
seed 42 n200 free_scaled stage 1 epoch 18/90    898 s
seed 42 n200 free_scaled stage 1 epoch 19/90    946 s
seed 42 n200 free_scaled stage 1 epoch 20/90    993 s
seed 42 n200 free_scaled stage 1 epoch 21/90   1041 s
seed 42 n200 free_scaled stage 1 epoch 22/90   1119 s
seed 42 n200 free_scaled stage 1 epoch 23/90   1174 s
seed 42 n200 free_scaled stage 1 epoch 24/90   1223 s
seed 42 n200 free_scaled stage 1 epoch 25/90   1277 s
seed 42 n200 free_scaled stage 1 epoch 26/90   1329 s
seed 42 n200 free_scaled stage 1 epoch 27/90   1372 s
seed 42 n200 free_scaled stage 1 epoch 28/90   1417 s
seed 42 n200 free_scaled stage 1 epoch 29/90   1489 s
seed 42 n200 free_scaled stage 1 epoch 30/90   1556 s
seed 42 n200 free_scaled stage 1 epoch 31/90   1606 s
seed 42 n200 free_scaled stage 1 epoch 32/90   1665 s
seed 42 n200 free_scaled stage 1 epoch 33/90   1722 s
seed 42 n200 free_scaled stage 1 epoch 34/90   1767 s
seed 42 n200 free_scaled stage 1 epoch 35/90   1814 s
seed 42 n200 free_scaled stage 1 epoch 36/90   1860 s
seed 42 n200 free_scaled stage 1 epoch 37/90   1906 s
seed 42 n200 free_scaled stage 1 epoch 38/90   1943 s
seed 42 n200 free_scaled stage 1 epoch 39/90   1980 s
seed 42 n200 free_scaled stage 1 epoch 40/90   2018 s
seed 42 n200 free_scaled stage 1 epoch 41/90   2057 s
seed 42 n200 free_scaled stage 1 epoch 42/90   2116 s
seed 42 n200 free_scaled stage 1 epoch 43/90   2219 s
seed 42 n200 free_scaled stage 1 epoch 44/90   2332 s
seed 42 n200 free_scaled stage 1 epoch 45/90   2443 s
seed 42 n200 free_scaled stage 1 epoch 46/90   2540 s
seed 42 n200 free_scaled stage 1 epoch 47/90   2644 s
seed 42 n200 free_scaled stage 1 epoch 48/90   2760 s
seed 42 n200 free_scaled stage 1 epoch 49/90   2867 s
seed 42 n200 free_scaled stage 1 epoch 50/90   2963 s
seed 42 n200 free_scaled stage 1 epoch 51/90   3060 s
seed 42 n200 free_scaled stage 1 epoch 52/90   3179 s
seed 42 n200 free_scaled stage 1 epoch 53/90   3293 s
seed 42 n200 free_scaled stage 1 epoch 54/90   3363 s
seed 42 n200 free_scaled stage 1 epoch 55/90   3410 s
seed 42 n200 free_scaled stage 1 epoch 56/90   3456 s
seed 42 n200 free_scaled stage 1 epoch 57/90   3503 s
seed 42 n200 free_scaled stage 1 epoch 58/90   3551 s
seed 42 n200 free_scaled stage 1 epoch 59/90   3603 s
seed 42 n200 free_scaled stage 1 epoch 60/90   3659 s
seed 42 n200 free_scaled stage 1 epoch 61/90   3708 s
seed 42 n200 free_scaled stage 1 epoch 62/90   3766 s
seed 42 n200 free_scaled stage 1 epoch 63/90   3821 s
seed 42 n200 free_scaled stage 1 epoch 64/90   3890 s
seed 42 n200 free_scaled stage 1 epoch 65/90   3958 s
seed 42 n200 free_scaled stage 1 epoch 66/90   4022 s
seed 42 n200 free_scaled stage 1 epoch 67/90   4080 s
seed 42 n200 free_scaled stage 1 epoch 68/90   4133 s
seed 42 n200 free_scaled stage 1 epoch 69/90   4183 s
seed 42 n200 free_scaled stage 1 epoch 70/90   4237 s
seed 42 n200 free_scaled stage 1 epoch 71/90   4304 s
seed 42 n200 free_scaled stage 1 epoch 72/90   4378 s
seed 42 n200 free_scaled stage 1 epoch 73/90   4437 s
seed 42 n200 free_scaled stage 1 epoch 74/90   4510 s
seed 42 n200 free_scaled stage 1 epoch 75/90   4578 s
seed 42 n200 free_scaled stage 1 epoch 76/90   4645 s
seed 42 n200 free_scaled stage 1 epoch 77/90   4714 s
seed 42 n200 free_scaled stage 1 epoch 78/90   4773 s
seed 42 n200 free_scaled stage 1 epoch 79/90   4828 s
seed 42 n200 free_scaled stage 1 epoch 80/90   4893 s
seed 42 n200 free_scaled stage 1 epoch 81/90   4965 s
seed 42 n200 free_scaled stage 1 epoch 82/90   5038 s
seed 42 n200 free_scaled stage 1 epoch 83/90   5111 s
seed 42 n200 free_scaled stage 1 epoch 84/90   5185 s
seed 42 n200 free_scaled stage 1 epoch 85/90   5259 s
seed 42 n200 free_scaled stage 1 epoch 86/90   5334 s
seed 42 n200 free_scaled stage 1 epoch 87/90   5407 s
seed 42 n200 free_scaled stage 1 epoch 88/90   5482 s
seed 42 n200 free_scaled stage 1 epoch 89/90   5558 s
seed 42 n200 free_scaled stage 1 epoch 90/90   5632 s
seed 42 n200 free_scaled stage 2 epoch  1/90   5663 s
seed 42 n200 free_scaled stage 2 epoch  2/90   5693 s
seed 42 n200 free_scaled stage 2 epoch  3/90   5723 s
seed 42 n200 free_scaled stage 2 epoch  4/90   5753 s
seed 42 n200 free_scaled stage 2 epoch  5/90   5783 s
seed 42 n200 free_scaled stage 2 epoch  6/90   5808 s
seed 42 n200 free_scaled stage 2 epoch  7/90   5834 s
seed 42 n200 free_scaled stage 2 epoch  8/90   5859 s
seed 42 n200 free_scaled stage 2 epoch  9/90   5884 s
seed 42 n200 free_scaled stage 2 epoch 10/90   5913 s
seed 42 n200 free_scaled stage 2 epoch 11/90   5947 s
seed 42 n200 free_scaled stage 2 epoch 12/90   5978 s
seed 42 n200 free_scaled stage 2 epoch 13/90   6008 s
seed 42 n200 free_scaled stage 2 epoch 14/90   6038 s
seed 42 n200 free_scaled stage 2 epoch 15/90   6069 s
seed 42 n200 free_scaled stage 2 epoch 16/90   6099 s
seed 42 n200 free_scaled stage 2 epoch 17/90   6129 s
seed 42 n200 free_scaled stage 2 epoch 18/90   6160 s
seed 42 n200 free_scaled stage 2 epoch 19/90   6190 s
seed 42 n200 free_scaled stage 2 epoch 20/90   6220 s
seed 42 n200 free_scaled stage 2 epoch 21/90   6250 s
seed 42 n200 free_scaled stage 2 epoch 22/90   6281 s
seed 42 n200 free_scaled stage 2 epoch 23/90   6312 s
seed 42 n200 free_scaled stage 2 epoch 24/90   6342 s
seed 42 n200 free_scaled stage 2 epoch 25/90   6372 s
seed 42 n200 free_scaled stage 2 epoch 26/90   6405 s
seed 42 n200 free_scaled stage 2 epoch 27/90   6436 s
seed 42 n200 free_scaled stage 2 epoch 28/90   6464 s
seed 42 n200 free_scaled stage 2 epoch 29/90   6493 s
seed 42 n200 free_scaled stage 2 epoch 30/90   6521 s
seed 42 n200 free_scaled stage 2 epoch 31/90   6547 s
seed 42 n200 free_scaled stage 2 epoch 32/90   6575 s
seed 42 n200 free_scaled stage 2 epoch 33/90   6614 s
seed 42 n200 free_scaled stage 2 epoch 34/90   6647 s
seed 42 n200 free_scaled stage 2 epoch 35/90   6674 s
seed 42 n200 free_scaled stage 2 epoch 36/90   6700 s
seed 42 n200 free_scaled stage 2 epoch 37/90   6727 s
seed 42 n200 free_scaled stage 2 epoch 38/90   6752 s
seed 42 n200 free_scaled stage 2 epoch 39/90   6781 s
seed 42 n200 free_scaled stage 2 epoch 40/90   6810 s
seed 42 n200 free_scaled stage 2 epoch 41/90   6842 s
seed 42 n200 free_scaled stage 2 epoch 42/90   6874 s
seed 42 n200 free_scaled stage 2 epoch 43/90   6917 s
seed 42 n200 free_scaled stage 2 epoch 44/90   6974 s
seed 42 n200 free_scaled stage 2 epoch 45/90   7008 s
seed 42 n200 free_scaled stage 2 epoch 46/90   7042 s
seed 42 n200 free_scaled stage 2 epoch 47/90   7076 s
seed 42 n200 free_scaled stage 2 epoch 48/90   7103 s
seed 42 n200 free_scaled stage 2 epoch 49/90   7133 s
seed 42 n200 free_scaled stage 2 epoch 50/90   7171 s
seed 42 n200 free_scaled stage 2 epoch 51/90   7201 s
seed 42 n200 free_scaled stage 2 epoch 52/90   7234 s
seed 42 n200 free_scaled stage 2 epoch 53/90   7264 s
seed 42 n200 free_scaled stage 2 epoch 54/90   7294 s
seed 42 n200 free_scaled stage 2 epoch 55/90   7325 s
seed 42 n200 free_scaled stage 2 epoch 56/90   7353 s
seed 42 n200 free_scaled stage 2 epoch 57/90   7386 s
seed 42 n200 free_scaled stage 2 epoch 58/90   7414 s
seed 42 n200 free_scaled stage 2 epoch 59/90   7446 s
seed 42 n200 free_scaled stage 2 epoch 60/90   7474 s
seed 42 n200 free_scaled stage 2 epoch 61/90   7506 s
seed 42 n200 free_scaled stage 2 epoch 62/90   7535 s
seed 42 n200 free_scaled stage 2 epoch 63/90   7558 s
seed 42 n200 free_scaled stage 2 epoch 64/90   7585 s
seed 42 n200 free_scaled stage 2 epoch 65/90   7608 s
seed 42 n200 free_scaled stage 2 epoch 66/90   7632 s
seed 42 n200 free_scaled stage 2 epoch 67/90   7654 s
seed 42 n200 free_scaled stage 2 epoch 68/90   7676 s
seed 42 n200 free_scaled stage 2 epoch 69/90   7706 s
seed 42 n200 free_scaled stage 2 epoch 70/90   7736 s
seed 42 n200 free_scaled stage 2 epoch 71/90   7769 s
seed 42 n200 free_scaled stage 2 epoch 72/90   7798 s
seed 42 n200 free_scaled stage 2 epoch 73/90   7832 s
seed 42 n200 free_scaled stage 2 epoch 74/90   7866 s
seed 42 n200 free_scaled stage 2 epoch 75/90   7894 s
seed 42 n200 free_scaled stage 2 epoch 76/90   7923 s
seed 42 n200 free_scaled stage 2 epoch 77/90   7953 s
seed 42 n200 free_scaled stage 2 epoch 78/90   7986 s
seed 42 n200 free_scaled stage 2 epoch 79/90   8017 s
seed 42 n200 free_scaled stage 2 epoch 80/90   8046 s
seed 42 n200 free_scaled stage 2 epoch 81/90   8101 s
seed 42 n200 free_scaled stage 2 epoch 82/90   8132 s
seed 42 n200 free_scaled stage 2 epoch 83/90   8164 s
seed 42 n200 free_scaled stage 2 epoch 84/90   8196 s
seed 42 n200 free_scaled stage 2 epoch 85/90   8227 s
seed 42 n200 free_scaled stage 2 epoch 86/90   8258 s
seed 42 n200 free_scaled stage 2 epoch 87/90   8293 s
seed 42 n200 free_scaled stage 2 epoch 88/90   8329 s
seed 42 n200 free_scaled stage 2 epoch 89/90   8371 s
seed 42 n200 free_scaled stage 2 epoch 90/90   8427 s
seed 42 n200 prescribed_std stage 2 epoch  1/90     37 s
seed 42 n200 prescribed_std stage 2 epoch  2/90     79 s
seed 42 n200 prescribed_std stage 2 epoch  3/90    118 s
seed 42 n200 prescribed_std stage 2 epoch  4/90    174 s
seed 42 n200 prescribed_std stage 2 epoch  5/90    225 s
seed 42 n200 prescribed_std stage 2 epoch  6/90    260 s
seed 42 n200 prescribed_std stage 2 epoch  7/90    296 s
seed 42 n200 prescribed_std stage 2 epoch  8/90    327 s
seed 42 n200 prescribed_std stage 2 epoch  9/90    363 s
seed 42 n200 prescribed_std stage 2 epoch 10/90    398 s
seed 42 n200 prescribed_std stage 2 epoch 11/90    457 s
seed 42 n200 prescribed_std stage 2 epoch 12/90    585 s
seed 42 n200 prescribed_std stage 2 epoch 13/90    667 s
seed 42 n200 prescribed_std stage 2 epoch 14/90    713 s
seed 42 n200 prescribed_std stage 2 epoch 15/90    762 s
seed 42 n200 prescribed_std stage 2 epoch 16/90    802 s
seed 42 n200 prescribed_std stage 2 epoch 17/90    908 s
seed 42 n200 prescribed_std stage 2 epoch 18/90    991 s
seed 42 n200 prescribed_std stage 2 epoch 19/90   1031 s
seed 42 n200 prescribed_std stage 2 epoch 20/90   1068 s
seed 42 n200 prescribed_std stage 2 epoch 21/90   1109 s
seed 42 n200 prescribed_std stage 2 epoch 22/90   1147 s
seed 42 n200 prescribed_std stage 2 epoch 23/90   1194 s
seed 42 n200 prescribed_std stage 2 epoch 24/90   1273 s
seed 42 n200 prescribed_std stage 2 epoch 25/90   1334 s
seed 42 n200 prescribed_std stage 2 epoch 26/90   1374 s
seed 42 n200 prescribed_std stage 2 epoch 27/90   1429 s
seed 42 n200 prescribed_std stage 2 epoch 28/90   1495 s
seed 42 n200 prescribed_std stage 2 epoch 29/90   1538 s
seed 42 n200 prescribed_std stage 2 epoch 30/90   1577 s
seed 42 n200 prescribed_std stage 2 epoch 31/90   1605 s
seed 42 n200 prescribed_std stage 2 epoch 32/90   1631 s
seed 42 n200 prescribed_std stage 2 epoch 33/90   1661 s
seed 42 n200 prescribed_std stage 2 epoch 34/90   1688 s
seed 42 n200 prescribed_std stage 2 epoch 35/90   1713 s
seed 42 n200 prescribed_std stage 2 epoch 36/90   1739 s
seed 42 n200 prescribed_std stage 2 epoch 37/90   1768 s
seed 42 n200 prescribed_std stage 2 epoch 38/90   1794 s
seed 42 n200 prescribed_std stage 2 epoch 39/90   1833 s
seed 42 n200 prescribed_std stage 2 epoch 40/90   1865 s
seed 42 n200 prescribed_std stage 2 epoch 41/90   1899 s
seed 42 n200 prescribed_std stage 2 epoch 42/90   1934 s
seed 42 n200 prescribed_std stage 2 epoch 43/90   1968 s
seed 42 n200 prescribed_std stage 2 epoch 44/90   2004 s
seed 42 n200 prescribed_std stage 2 epoch 45/90   2050 s
seed 42 n200 prescribed_std stage 2 epoch 46/90   2155 s
seed 42 n200 prescribed_std stage 2 epoch 47/90   2201 s
seed 42 n200 prescribed_std stage 2 epoch 48/90   2246 s
seed 42 n200 prescribed_std stage 2 epoch 49/90   2295 s
seed 42 n200 prescribed_std stage 2 epoch 50/90   2347 s
seed 42 n200 prescribed_std stage 2 epoch 51/90   2411 s
seed 42 n200 prescribed_std stage 2 epoch 52/90   2478 s
seed 42 n200 prescribed_std stage 2 epoch 53/90   2547 s
seed 42 n200 prescribed_std stage 2 epoch 54/90   2594 s
seed 42 n200 prescribed_std stage 2 epoch 55/90   2643 s
seed 42 n200 prescribed_std stage 2 epoch 56/90   2682 s
seed 42 n200 prescribed_std stage 2 epoch 57/90   2714 s
seed 42 n200 prescribed_std stage 2 epoch 58/90   2748 s
seed 42 n200 prescribed_std stage 2 epoch 59/90   2780 s
seed 42 n200 prescribed_std stage 2 epoch 60/90   2814 s
seed 42 n200 prescribed_std stage 2 epoch 61/90   2845 s
seed 42 n200 prescribed_std stage 2 epoch 62/90   2878 s
seed 42 n200 prescribed_std stage 2 epoch 63/90   2910 s
seed 42 n200 prescribed_std stage 2 epoch 64/90   2943 s
seed 42 n200 prescribed_std stage 2 epoch 65/90   2976 s
seed 42 n200 prescribed_std stage 2 epoch 66/90   3010 s
seed 42 n200 prescribed_std stage 2 epoch 67/90   3043 s
seed 42 n200 prescribed_std stage 2 epoch 68/90   3076 s
seed 42 n200 prescribed_std stage 2 epoch 69/90   3117 s
seed 42 n200 prescribed_std stage 2 epoch 70/90   3166 s
seed 42 n200 prescribed_std stage 2 epoch 71/90   3197 s
seed 42 n200 prescribed_std stage 2 epoch 72/90   3232 s
seed 42 n200 prescribed_std stage 2 epoch 73/90   3264 s
seed 42 n200 prescribed_std stage 2 epoch 74/90   3295 s
seed 42 n200 prescribed_std stage 2 epoch 75/90   3326 s
seed 42 n200 prescribed_std stage 2 epoch 76/90   3357 s
seed 42 n200 prescribed_std stage 2 epoch 77/90   3390 s
seed 42 n200 prescribed_std stage 2 epoch 78/90   3421 s
seed 42 n200 prescribed_std stage 2 epoch 79/90   3450 s
seed 42 n200 prescribed_std stage 2 epoch 80/90   3482 s
seed 42 n200 prescribed_std stage 2 epoch 81/90   3512 s
seed 42 n200 prescribed_std stage 2 epoch 82/90   3543 s
seed 42 n200 prescribed_std stage 2 epoch 83/90   3574 s
seed 42 n200 prescribed_std stage 2 epoch 84/90   3605 s
seed 42 n200 prescribed_std stage 2 epoch 85/90   3636 s
seed 42 n200 prescribed_std stage 2 epoch 86/90   3666 s
seed 42 n200 prescribed_std stage 2 epoch 87/90   3696 s
seed 42 n200 prescribed_std stage 2 epoch 88/90   3726 s
seed 42 n200 prescribed_std stage 2 epoch 89/90   3757 s
seed 42 n200 prescribed_std stage 2 epoch 90/90   3787 s
seed 42: written
seed 1001 n25 free_scaled stage 1 epoch  1/90     11 s
seed 1001 n25 free_scaled stage 1 epoch  2/90     21 s
seed 1001 n25 free_scaled stage 1 epoch  3/90     30 s
seed 1001 n25 free_scaled stage 1 epoch  4/90     41 s
seed 1001 n25 free_scaled stage 1 epoch  5/90     51 s
seed 1001 n25 free_scaled stage 1 epoch  6/90     60 s
seed 1001 n25 free_scaled stage 1 epoch  7/90     70 s
seed 1001 n25 free_scaled stage 1 epoch  8/90     81 s
seed 1001 n25 free_scaled stage 1 epoch  9/90     91 s
seed 1001 n25 free_scaled stage 1 epoch 10/90    101 s
seed 1001 n25 free_scaled stage 1 epoch 11/90    111 s
seed 1001 n25 free_scaled stage 1 epoch 12/90    121 s
seed 1001 n25 free_scaled stage 1 epoch 13/90    131 s
seed 1001 n25 free_scaled stage 1 epoch 14/90    142 s
seed 1001 n25 free_scaled stage 1 epoch 15/90    151 s
seed 1001 n25 free_scaled stage 1 epoch 16/90    161 s
seed 1001 n25 free_scaled stage 1 epoch 17/90    171 s
seed 1001 n25 free_scaled stage 1 epoch 18/90    182 s
seed 1001 n25 free_scaled stage 1 epoch 19/90    192 s
seed 1001 n25 free_scaled stage 1 epoch 20/90    202 s
seed 1001 n25 free_scaled stage 1 epoch 21/90    212 s
seed 1001 n25 free_scaled stage 1 epoch 22/90    222 s
seed 1001 n25 free_scaled stage 1 epoch 23/90    232 s
seed 1001 n25 free_scaled stage 1 epoch 24/90    241 s
seed 1001 n25 free_scaled stage 1 epoch 25/90    252 s
seed 1001 n25 free_scaled stage 1 epoch 26/90    262 s
seed 1001 n25 free_scaled stage 1 epoch 27/90    272 s
seed 1001 n25 free_scaled stage 1 epoch 28/90    282 s
seed 1001 n25 free_scaled stage 1 epoch 29/90    292 s
seed 1001 n25 free_scaled stage 1 epoch 30/90    302 s
seed 1001 n25 free_scaled stage 1 epoch 31/90    312 s
seed 1001 n25 free_scaled stage 1 epoch 32/90    322 s
seed 1001 n25 free_scaled stage 1 epoch 33/90    333 s
seed 1001 n25 free_scaled stage 1 epoch 34/90    343 s
seed 1001 n25 free_scaled stage 1 epoch 35/90    353 s
seed 1001 n25 free_scaled stage 1 epoch 36/90    363 s
seed 1001 n25 free_scaled stage 1 epoch 37/90    373 s
seed 1001 n25 free_scaled stage 1 epoch 38/90    384 s
seed 1001 n25 free_scaled stage 1 epoch 39/90    394 s
seed 1001 n25 free_scaled stage 1 epoch 40/90    404 s
seed 1001 n25 free_scaled stage 1 epoch 41/90    414 s
seed 1001 n25 free_scaled stage 1 epoch 42/90    425 s
seed 1001 n25 free_scaled stage 1 epoch 43/90    435 s
seed 1001 n25 free_scaled stage 1 epoch 44/90    445 s
seed 1001 n25 free_scaled stage 1 epoch 45/90    455 s
seed 1001 n25 free_scaled stage 1 epoch 46/90    464 s
seed 1001 n25 free_scaled stage 1 epoch 47/90    473 s
seed 1001 n25 free_scaled stage 1 epoch 48/90    483 s
seed 1001 n25 free_scaled stage 1 epoch 49/90    493 s
seed 1001 n25 free_scaled stage 1 epoch 50/90    505 s
seed 1001 n25 free_scaled stage 1 epoch 51/90    515 s
seed 1001 n25 free_scaled stage 1 epoch 52/90    528 s
seed 1001 n25 free_scaled stage 1 epoch 53/90    541 s
seed 1001 n25 free_scaled stage 1 epoch 54/90    549 s
seed 1001 n25 free_scaled stage 1 epoch 55/90    559 s
seed 1001 n25 free_scaled stage 1 epoch 56/90    569 s
seed 1001 n25 free_scaled stage 1 epoch 57/90    579 s
seed 1001 n25 free_scaled stage 1 epoch 58/90    589 s
seed 1001 n25 free_scaled stage 1 epoch 59/90    597 s
seed 1001 n25 free_scaled stage 1 epoch 60/90    605 s
seed 1001 n25 free_scaled stage 1 epoch 61/90    616 s
seed 1001 n25 free_scaled stage 1 epoch 62/90    625 s
seed 1001 n25 free_scaled stage 1 epoch 63/90    633 s
seed 1001 n25 free_scaled stage 1 epoch 64/90    641 s
seed 1001 n25 free_scaled stage 1 epoch 65/90    651 s
seed 1001 n25 free_scaled stage 1 epoch 66/90    660 s
seed 1001 n25 free_scaled stage 1 epoch 67/90    670 s
seed 1001 n25 free_scaled stage 1 epoch 68/90    679 s
seed 1001 n25 free_scaled stage 1 epoch 69/90    688 s
seed 1001 n25 free_scaled stage 1 epoch 70/90    698 s
seed 1001 n25 free_scaled stage 1 epoch 71/90    708 s
seed 1001 n25 free_scaled stage 1 epoch 72/90    716 s
seed 1001 n25 free_scaled stage 1 epoch 73/90    726 s
seed 1001 n25 free_scaled stage 1 epoch 74/90    736 s
seed 1001 n25 free_scaled stage 1 epoch 75/90    745 s
seed 1001 n25 free_scaled stage 1 epoch 76/90    754 s
seed 1001 n25 free_scaled stage 1 epoch 77/90    764 s
seed 1001 n25 free_scaled stage 1 epoch 78/90    772 s
seed 1001 n25 free_scaled stage 1 epoch 79/90    782 s
seed 1001 n25 free_scaled stage 1 epoch 80/90    792 s
seed 1001 n25 free_scaled stage 1 epoch 81/90    804 s
seed 1001 n25 free_scaled stage 1 epoch 82/90    816 s
seed 1001 n25 free_scaled stage 1 epoch 83/90    827 s
seed 1001 n25 free_scaled stage 1 epoch 84/90    837 s
seed 1001 n25 free_scaled stage 1 epoch 85/90    848 s
seed 1001 n25 free_scaled stage 1 epoch 86/90    858 s
seed 1001 n25 free_scaled stage 1 epoch 87/90    869 s
seed 1001 n25 free_scaled stage 1 epoch 88/90    880 s
seed 1001 n25 free_scaled stage 1 epoch 89/90    890 s
seed 1001 n25 free_scaled stage 1 epoch 90/90    901 s
seed 1001 n25 free_scaled stage 2 epoch  1/90    905 s
seed 1001 n25 free_scaled stage 2 epoch  2/90    909 s
seed 1001 n25 free_scaled stage 2 epoch  3/90    912 s
seed 1001 n25 free_scaled stage 2 epoch  4/90    917 s
seed 1001 n25 free_scaled stage 2 epoch  5/90    922 s
seed 1001 n25 free_scaled stage 2 epoch  6/90    925 s
seed 1001 n25 free_scaled stage 2 epoch  7/90    929 s
seed 1001 n25 free_scaled stage 2 epoch  8/90    934 s
seed 1001 n25 free_scaled stage 2 epoch  9/90    938 s
seed 1001 n25 free_scaled stage 2 epoch 10/90    941 s
seed 1001 n25 free_scaled stage 2 epoch 11/90    945 s
seed 1001 n25 free_scaled stage 2 epoch 12/90    949 s
seed 1001 n25 free_scaled stage 2 epoch 13/90    953 s
seed 1001 n25 free_scaled stage 2 epoch 14/90    957 s
seed 1001 n25 free_scaled stage 2 epoch 15/90    961 s
seed 1001 n25 free_scaled stage 2 epoch 16/90    965 s
seed 1001 n25 free_scaled stage 2 epoch 17/90    969 s
seed 1001 n25 free_scaled stage 2 epoch 18/90    973 s
seed 1001 n25 free_scaled stage 2 epoch 19/90    977 s
seed 1001 n25 free_scaled stage 2 epoch 20/90    981 s
seed 1001 n25 free_scaled stage 2 epoch 21/90    985 s
seed 1001 n25 free_scaled stage 2 epoch 22/90    989 s
seed 1001 n25 free_scaled stage 2 epoch 23/90    993 s
seed 1001 n25 free_scaled stage 2 epoch 24/90    997 s
seed 1001 n25 free_scaled stage 2 epoch 25/90   1001 s
seed 1001 n25 free_scaled stage 2 epoch 26/90   1005 s
seed 1001 n25 free_scaled stage 2 epoch 27/90   1009 s
seed 1001 n25 free_scaled stage 2 epoch 28/90   1013 s
seed 1001 n25 free_scaled stage 2 epoch 29/90   1017 s
seed 1001 n25 free_scaled stage 2 epoch 30/90   1021 s
seed 1001 n25 free_scaled stage 2 epoch 31/90   1025 s
seed 1001 n25 free_scaled stage 2 epoch 32/90   1029 s
seed 1001 n25 free_scaled stage 2 epoch 33/90   1033 s
seed 1001 n25 free_scaled stage 2 epoch 34/90   1037 s
seed 1001 n25 free_scaled stage 2 epoch 35/90   1041 s
seed 1001 n25 free_scaled stage 2 epoch 36/90   1045 s
seed 1001 n25 free_scaled stage 2 epoch 37/90   1049 s
seed 1001 n25 free_scaled stage 2 epoch 38/90   1053 s
seed 1001 n25 free_scaled stage 2 epoch 39/90   1057 s
seed 1001 n25 free_scaled stage 2 epoch 40/90   1061 s
seed 1001 n25 free_scaled stage 2 epoch 41/90   1065 s
seed 1001 n25 free_scaled stage 2 epoch 42/90   1069 s
seed 1001 n25 free_scaled stage 2 epoch 43/90   1073 s
seed 1001 n25 free_scaled stage 2 epoch 44/90   1077 s
seed 1001 n25 free_scaled stage 2 epoch 45/90   1081 s
seed 1001 n25 free_scaled stage 2 epoch 46/90   1085 s
seed 1001 n25 free_scaled stage 2 epoch 47/90   1088 s
seed 1001 n25 free_scaled stage 2 epoch 48/90   1092 s
seed 1001 n25 free_scaled stage 2 epoch 49/90   1096 s
seed 1001 n25 free_scaled stage 2 epoch 50/90   1100 s
seed 1001 n25 free_scaled stage 2 epoch 51/90   1104 s
seed 1001 n25 free_scaled stage 2 epoch 52/90   1108 s
seed 1001 n25 free_scaled stage 2 epoch 53/90   1112 s
seed 1001 n25 free_scaled stage 2 epoch 54/90   1116 s
seed 1001 n25 free_scaled stage 2 epoch 55/90   1120 s
seed 1001 n25 free_scaled stage 2 epoch 56/90   1124 s
seed 1001 n25 free_scaled stage 2 epoch 57/90   1128 s
seed 1001 n25 free_scaled stage 2 epoch 58/90   1132 s
seed 1001 n25 free_scaled stage 2 epoch 59/90   1136 s
seed 1001 n25 free_scaled stage 2 epoch 60/90   1139 s
seed 1001 n25 free_scaled stage 2 epoch 61/90   1143 s
seed 1001 n25 free_scaled stage 2 epoch 62/90   1147 s
seed 1001 n25 free_scaled stage 2 epoch 63/90   1151 s
seed 1001 n25 free_scaled stage 2 epoch 64/90   1155 s
seed 1001 n25 free_scaled stage 2 epoch 65/90   1159 s
seed 1001 n25 free_scaled stage 2 epoch 66/90   1163 s
seed 1001 n25 free_scaled stage 2 epoch 67/90   1167 s
seed 1001 n25 free_scaled stage 2 epoch 68/90   1171 s
seed 1001 n25 free_scaled stage 2 epoch 69/90   1175 s
seed 1001 n25 free_scaled stage 2 epoch 70/90   1179 s
seed 1001 n25 free_scaled stage 2 epoch 71/90   1183 s
seed 1001 n25 free_scaled stage 2 epoch 72/90   1188 s
seed 1001 n25 free_scaled stage 2 epoch 73/90   1192 s
seed 1001 n25 free_scaled stage 2 epoch 74/90   1196 s
seed 1001 n25 free_scaled stage 2 epoch 75/90   1200 s
seed 1001 n25 free_scaled stage 2 epoch 76/90   1204 s
seed 1001 n25 free_scaled stage 2 epoch 77/90   1208 s
seed 1001 n25 free_scaled stage 2 epoch 78/90   1212 s
seed 1001 n25 free_scaled stage 2 epoch 79/90   1216 s
seed 1001 n25 free_scaled stage 2 epoch 80/90   1219 s
seed 1001 n25 free_scaled stage 2 epoch 81/90   1223 s
seed 1001 n25 free_scaled stage 2 epoch 82/90   1227 s
seed 1001 n25 free_scaled stage 2 epoch 83/90   1231 s
seed 1001 n25 free_scaled stage 2 epoch 84/90   1235 s
seed 1001 n25 free_scaled stage 2 epoch 85/90   1239 s
seed 1001 n25 free_scaled stage 2 epoch 86/90   1243 s
seed 1001 n25 free_scaled stage 2 epoch 87/90   1247 s
seed 1001 n25 free_scaled stage 2 epoch 88/90   1251 s
seed 1001 n25 free_scaled stage 2 epoch 89/90   1256 s
seed 1001 n25 free_scaled stage 2 epoch 90/90   1259 s
seed 1001 n25 prescribed_std stage 2 epoch  1/90      4 s
seed 1001 n25 prescribed_std stage 2 epoch  2/90      8 s
seed 1001 n25 prescribed_std stage 2 epoch  3/90     12 s
seed 1001 n25 prescribed_std stage 2 epoch  4/90     16 s
seed 1001 n25 prescribed_std stage 2 epoch  5/90     20 s
seed 1001 n25 prescribed_std stage 2 epoch  6/90     23 s
seed 1001 n25 prescribed_std stage 2 epoch  7/90     27 s
seed 1001 n25 prescribed_std stage 2 epoch  8/90     32 s
seed 1001 n25 prescribed_std stage 2 epoch  9/90     36 s
seed 1001 n25 prescribed_std stage 2 epoch 10/90     40 s
seed 1001 n25 prescribed_std stage 2 epoch 11/90     44 s
seed 1001 n25 prescribed_std stage 2 epoch 12/90     47 s
seed 1001 n25 prescribed_std stage 2 epoch 13/90     51 s
seed 1001 n25 prescribed_std stage 2 epoch 14/90     55 s
seed 1001 n25 prescribed_std stage 2 epoch 15/90     59 s
seed 1001 n25 prescribed_std stage 2 epoch 16/90     63 s
seed 1001 n25 prescribed_std stage 2 epoch 17/90     67 s
seed 1001 n25 prescribed_std stage 2 epoch 18/90     71 s
seed 1001 n25 prescribed_std stage 2 epoch 19/90     74 s
seed 1001 n25 prescribed_std stage 2 epoch 20/90     78 s
seed 1001 n25 prescribed_std stage 2 epoch 21/90     82 s
seed 1001 n25 prescribed_std stage 2 epoch 22/90     86 s
seed 1001 n25 prescribed_std stage 2 epoch 23/90     90 s
seed 1001 n25 prescribed_std stage 2 epoch 24/90     93 s
seed 1001 n25 prescribed_std stage 2 epoch 25/90     97 s
seed 1001 n25 prescribed_std stage 2 epoch 26/90    101 s
seed 1001 n25 prescribed_std stage 2 epoch 27/90    104 s
seed 1001 n25 prescribed_std stage 2 epoch 28/90    108 s
seed 1001 n25 prescribed_std stage 2 epoch 29/90    112 s
seed 1001 n25 prescribed_std stage 2 epoch 30/90    116 s
seed 1001 n25 prescribed_std stage 2 epoch 31/90    119 s
seed 1001 n25 prescribed_std stage 2 epoch 32/90    123 s
seed 1001 n25 prescribed_std stage 2 epoch 33/90    126 s
seed 1001 n25 prescribed_std stage 2 epoch 34/90    130 s
seed 1001 n25 prescribed_std stage 2 epoch 35/90    134 s
seed 1001 n25 prescribed_std stage 2 epoch 36/90    137 s
seed 1001 n25 prescribed_std stage 2 epoch 37/90    141 s
seed 1001 n25 prescribed_std stage 2 epoch 38/90    146 s
seed 1001 n25 prescribed_std stage 2 epoch 39/90    149 s
seed 1001 n25 prescribed_std stage 2 epoch 40/90    153 s
seed 1001 n25 prescribed_std stage 2 epoch 41/90    155 s
seed 1001 n25 prescribed_std stage 2 epoch 42/90    159 s
seed 1001 n25 prescribed_std stage 2 epoch 43/90    163 s
seed 1001 n25 prescribed_std stage 2 epoch 44/90    165 s
seed 1001 n25 prescribed_std stage 2 epoch 45/90    169 s
seed 1001 n25 prescribed_std stage 2 epoch 46/90    173 s
seed 1001 n25 prescribed_std stage 2 epoch 47/90    177 s
seed 1001 n25 prescribed_std stage 2 epoch 48/90    180 s
seed 1001 n25 prescribed_std stage 2 epoch 49/90    184 s
seed 1001 n25 prescribed_std stage 2 epoch 50/90    187 s
seed 1001 n25 prescribed_std stage 2 epoch 51/90    191 s
seed 1001 n25 prescribed_std stage 2 epoch 52/90    195 s
seed 1001 n25 prescribed_std stage 2 epoch 53/90    198 s
seed 1001 n25 prescribed_std stage 2 epoch 54/90    201 s
seed 1001 n25 prescribed_std stage 2 epoch 55/90    204 s
seed 1001 n25 prescribed_std stage 2 epoch 56/90    208 s
seed 1001 n25 prescribed_std stage 2 epoch 57/90    211 s
seed 1001 n25 prescribed_std stage 2 epoch 58/90    213 s
seed 1001 n25 prescribed_std stage 2 epoch 59/90    217 s
seed 1001 n25 prescribed_std stage 2 epoch 60/90    221 s
seed 1001 n25 prescribed_std stage 2 epoch 61/90    225 s
seed 1001 n25 prescribed_std stage 2 epoch 62/90    228 s
seed 1001 n25 prescribed_std stage 2 epoch 63/90    232 s
seed 1001 n25 prescribed_std stage 2 epoch 64/90    236 s
seed 1001 n25 prescribed_std stage 2 epoch 65/90    239 s
seed 1001 n25 prescribed_std stage 2 epoch 66/90    243 s
seed 1001 n25 prescribed_std stage 2 epoch 67/90    247 s
seed 1001 n25 prescribed_std stage 2 epoch 68/90    251 s
seed 1001 n25 prescribed_std stage 2 epoch 69/90    255 s
seed 1001 n25 prescribed_std stage 2 epoch 70/90    259 s
seed 1001 n25 prescribed_std stage 2 epoch 71/90    262 s
seed 1001 n25 prescribed_std stage 2 epoch 72/90    265 s
seed 1001 n25 prescribed_std stage 2 epoch 73/90    269 s
seed 1001 n25 prescribed_std stage 2 epoch 74/90    272 s
seed 1001 n25 prescribed_std stage 2 epoch 75/90    276 s
seed 1001 n25 prescribed_std stage 2 epoch 76/90    279 s
seed 1001 n25 prescribed_std stage 2 epoch 77/90    283 s
seed 1001 n25 prescribed_std stage 2 epoch 78/90    287 s
seed 1001 n25 prescribed_std stage 2 epoch 79/90    291 s
seed 1001 n25 prescribed_std stage 2 epoch 80/90    295 s
seed 1001 n25 prescribed_std stage 2 epoch 81/90    298 s
seed 1001 n25 prescribed_std stage 2 epoch 82/90    302 s
seed 1001 n25 prescribed_std stage 2 epoch 83/90    305 s
seed 1001 n25 prescribed_std stage 2 epoch 84/90    309 s
seed 1001 n25 prescribed_std stage 2 epoch 85/90    313 s
seed 1001 n25 prescribed_std stage 2 epoch 86/90    316 s
seed 1001 n25 prescribed_std stage 2 epoch 87/90    319 s
seed 1001 n25 prescribed_std stage 2 epoch 88/90    322 s
seed 1001 n25 prescribed_std stage 2 epoch 89/90    326 s
seed 1001 n25 prescribed_std stage 2 epoch 90/90    329 s
seed 1001 n200 free_scaled stage 1 epoch  1/90     71 s
seed 1001 n200 free_scaled stage 1 epoch  2/90    138 s
seed 1001 n200 free_scaled stage 1 epoch  3/90    211 s
seed 1001 n200 free_scaled stage 1 epoch  4/90    286 s
seed 1001 n200 free_scaled stage 1 epoch  5/90    383 s
seed 1001 n200 free_scaled stage 1 epoch  6/90    464 s
seed 1001 n200 free_scaled stage 1 epoch  7/90    544 s
seed 1001 n200 free_scaled stage 1 epoch  8/90    621 s
seed 1001 n200 free_scaled stage 1 epoch  9/90    690 s
seed 1001 n200 free_scaled stage 1 epoch 10/90    760 s
seed 1001 n200 free_scaled stage 1 epoch 11/90    831 s
seed 1001 n200 free_scaled stage 1 epoch 12/90    910 s
seed 1001 n200 free_scaled stage 1 epoch 13/90    990 s
seed 1001 n200 free_scaled stage 1 epoch 14/90   1065 s
seed 1001 n200 free_scaled stage 1 epoch 15/90   1134 s
seed 1001 n200 free_scaled stage 1 epoch 16/90   1206 s
seed 1001 n200 free_scaled stage 1 epoch 17/90   1286 s
seed 1001 n200 free_scaled stage 1 epoch 18/90   1366 s
seed 1001 n200 free_scaled stage 1 epoch 19/90   1454 s
seed 1001 n200 free_scaled stage 1 epoch 20/90   1533 s
seed 1001 n200 free_scaled stage 1 epoch 21/90   1603 s
seed 1001 n200 free_scaled stage 1 epoch 22/90   1685 s
seed 1001 n200 free_scaled stage 1 epoch 23/90   1748 s
seed 1001 n200 free_scaled stage 1 epoch 24/90   1816 s
seed 1001 n200 free_scaled stage 1 epoch 25/90   1913 s
seed 1001 n200 free_scaled stage 1 epoch 26/90   1973 s
seed 1001 n200 free_scaled stage 1 epoch 27/90   2040 s
seed 1001 n200 free_scaled stage 1 epoch 28/90   2111 s
seed 1001 n200 free_scaled stage 1 epoch 29/90   2182 s
seed 1001 n200 free_scaled stage 1 epoch 30/90   2258 s
seed 1001 n200 free_scaled stage 1 epoch 31/90   2324 s
seed 1001 n200 free_scaled stage 1 epoch 32/90   2391 s
seed 1001 n200 free_scaled stage 1 epoch 33/90   2460 s
seed 1001 n200 free_scaled stage 1 epoch 34/90   2533 s
seed 1001 n200 free_scaled stage 1 epoch 35/90   2602 s
seed 1001 n200 free_scaled stage 1 epoch 36/90   2681 s
seed 1001 n200 free_scaled stage 1 epoch 37/90   2753 s
seed 1001 n200 free_scaled stage 1 epoch 38/90   2832 s
seed 1001 n200 free_scaled stage 1 epoch 39/90   2910 s
seed 1001 n200 free_scaled stage 1 epoch 40/90   2988 s
seed 1001 n200 free_scaled stage 1 epoch 41/90   3059 s
seed 1001 n200 free_scaled stage 1 epoch 42/90   3133 s
seed 1001 n200 free_scaled stage 1 epoch 43/90   3212 s
seed 1001 n200 free_scaled stage 1 epoch 44/90   3280 s
seed 1001 n200 free_scaled stage 1 epoch 45/90   3350 s
seed 1001 n200 free_scaled stage 1 epoch 46/90   3437 s
seed 1001 n200 free_scaled stage 1 epoch 47/90   3507 s
seed 1001 n200 free_scaled stage 1 epoch 48/90   3575 s
seed 1001 n200 free_scaled stage 1 epoch 49/90   3645 s
seed 1001 n200 free_scaled stage 1 epoch 50/90   3724 s
seed 1001 n200 free_scaled stage 1 epoch 51/90   3798 s
seed 1001 n200 free_scaled stage 1 epoch 52/90   3881 s
seed 1001 n200 free_scaled stage 1 epoch 53/90   3964 s
seed 1001 n200 free_scaled stage 1 epoch 54/90   4049 s
seed 1001 n200 free_scaled stage 1 epoch 55/90   4138 s
seed 1001 n200 free_scaled stage 1 epoch 56/90   4236 s
seed 1001 n200 free_scaled stage 1 epoch 57/90   4309 s
seed 1001 n200 free_scaled stage 1 epoch 58/90   4380 s
seed 1001 n200 free_scaled stage 1 epoch 59/90   4520 s
seed 1001 n200 free_scaled stage 1 epoch 60/90   4608 s
seed 1001 n200 free_scaled stage 1 epoch 61/90   4688 s
seed 1001 n200 free_scaled stage 1 epoch 62/90   4758 s
seed 1001 n200 free_scaled stage 1 epoch 63/90   4820 s
seed 1001 n200 free_scaled stage 1 epoch 64/90   4885 s
seed 1001 n200 free_scaled stage 1 epoch 65/90   4942 s
seed 1001 n200 free_scaled stage 1 epoch 66/90   4995 s
seed 1001 n200 free_scaled stage 1 epoch 67/90   5047 s
seed 1001 n200 free_scaled stage 1 epoch 68/90   5123 s
seed 1001 n200 free_scaled stage 1 epoch 69/90   5216 s
seed 1001 n200 free_scaled stage 1 epoch 70/90   5298 s
seed 1001 n200 free_scaled stage 1 epoch 71/90   5368 s
seed 1001 n200 free_scaled stage 1 epoch 72/90   5443 s
seed 1001 n200 free_scaled stage 1 epoch 73/90   5526 s
seed 1001 n200 free_scaled stage 1 epoch 74/90   5599 s
seed 1001 n200 free_scaled stage 1 epoch 75/90   5677 s
seed 1001 n200 free_scaled stage 1 epoch 76/90   5754 s
seed 1001 n200 free_scaled stage 1 epoch 77/90   5832 s
seed 1001 n200 free_scaled stage 1 epoch 78/90   5900 s
seed 1001 n200 free_scaled stage 1 epoch 79/90   5963 s
seed 1001 n200 free_scaled stage 1 epoch 80/90   6024 s
seed 1001 n200 free_scaled stage 1 epoch 81/90   6089 s
seed 1001 n200 free_scaled stage 1 epoch 82/90   6189 s
seed 1001 n200 free_scaled stage 1 epoch 83/90   6271 s
seed 1001 n200 free_scaled stage 1 epoch 84/90   6351 s
seed 1001 n200 free_scaled stage 1 epoch 85/90   6425 s
seed 1001 n200 free_scaled stage 1 epoch 86/90   6493 s
seed 1001 n200 free_scaled stage 1 epoch 87/90   6573 s
seed 1001 n200 free_scaled stage 1 epoch 88/90   6645 s
seed 1001 n200 free_scaled stage 1 epoch 89/90   6719 s
seed 1001 n200 free_scaled stage 1 epoch 90/90   6808 s
seed 1001 n200 free_scaled stage 2 epoch  1/90   6843 s
seed 1001 n200 free_scaled stage 2 epoch  2/90   6872 s
seed 1001 n200 free_scaled stage 2 epoch  3/90   6903 s
seed 1001 n200 free_scaled stage 2 epoch  4/90   6935 s
seed 1001 n200 free_scaled stage 2 epoch  5/90   6970 s
seed 1001 n200 free_scaled stage 2 epoch  6/90   7008 s
seed 1001 n200 free_scaled stage 2 epoch  7/90   7041 s
seed 1001 n200 free_scaled stage 2 epoch  8/90   7076 s
seed 1001 n200 free_scaled stage 2 epoch  9/90   7118 s
seed 1001 n200 free_scaled stage 2 epoch 10/90   7156 s
seed 1001 n200 free_scaled stage 2 epoch 11/90   7189 s
seed 1001 n200 free_scaled stage 2 epoch 12/90   7221 s
seed 1001 n200 free_scaled stage 2 epoch 13/90   7254 s
seed 1001 n200 free_scaled stage 2 epoch 14/90   7286 s
seed 1001 n200 free_scaled stage 2 epoch 15/90   7320 s
seed 1001 n200 free_scaled stage 2 epoch 16/90   7364 s
seed 1001 n200 free_scaled stage 2 epoch 17/90   7401 s
seed 1001 n200 free_scaled stage 2 epoch 18/90   7435 s
seed 1001 n200 free_scaled stage 2 epoch 19/90   7468 s
seed 1001 n200 free_scaled stage 2 epoch 20/90   7502 s
seed 1001 n200 free_scaled stage 2 epoch 21/90   7536 s
seed 1001 n200 free_scaled stage 2 epoch 22/90   7568 s
seed 1001 n200 free_scaled stage 2 epoch 23/90   7605 s
seed 1001 n200 free_scaled stage 2 epoch 24/90   7638 s
seed 1001 n200 free_scaled stage 2 epoch 25/90   7669 s
seed 1001 n200 free_scaled stage 2 epoch 26/90   7701 s
seed 1001 n200 free_scaled stage 2 epoch 27/90   7734 s
seed 1001 n200 free_scaled stage 2 epoch 28/90   7765 s
seed 1001 n200 free_scaled stage 2 epoch 29/90   7797 s
seed 1001 n200 free_scaled stage 2 epoch 30/90   7829 s
seed 1001 n200 free_scaled stage 2 epoch 31/90   7862 s
seed 1001 n200 free_scaled stage 2 epoch 32/90   7894 s
seed 1001 n200 free_scaled stage 2 epoch 33/90   7928 s
seed 1001 n200 free_scaled stage 2 epoch 34/90   7960 s
seed 1001 n200 free_scaled stage 2 epoch 35/90   7994 s
seed 1001 n200 free_scaled stage 2 epoch 36/90   8033 s
seed 1001 n200 free_scaled stage 2 epoch 37/90   8065 s
seed 1001 n200 free_scaled stage 2 epoch 38/90   8098 s
seed 1001 n200 free_scaled stage 2 epoch 39/90   8129 s
seed 1001 n200 free_scaled stage 2 epoch 40/90   8160 s
seed 1001 n200 free_scaled stage 2 epoch 41/90   8192 s
seed 1001 n200 free_scaled stage 2 epoch 42/90   8223 s
seed 1001 n200 free_scaled stage 2 epoch 43/90   8281 s
seed 1001 n200 free_scaled stage 2 epoch 44/90   8317 s
seed 1001 n200 free_scaled stage 2 epoch 45/90   8350 s
seed 1001 n200 free_scaled stage 2 epoch 46/90   8381 s
seed 1001 n200 free_scaled stage 2 epoch 47/90   8412 s
seed 1001 n200 free_scaled stage 2 epoch 48/90   8445 s
seed 1001 n200 free_scaled stage 2 epoch 49/90   8477 s
seed 1001 n200 free_scaled stage 2 epoch 50/90   8508 s
seed 1001 n200 free_scaled stage 2 epoch 51/90   8539 s
seed 1001 n200 free_scaled stage 2 epoch 52/90   8572 s
seed 1001 n200 free_scaled stage 2 epoch 53/90   8604 s
seed 1001 n200 free_scaled stage 2 epoch 54/90   8636 s
seed 1001 n200 free_scaled stage 2 epoch 55/90   8668 s
seed 1001 n200 free_scaled stage 2 epoch 56/90   8700 s
seed 1001 n200 free_scaled stage 2 epoch 57/90   8732 s
seed 1001 n200 free_scaled stage 2 epoch 58/90   8761 s
seed 1001 n200 free_scaled stage 2 epoch 59/90   8793 s
seed 1001 n200 free_scaled stage 2 epoch 60/90   8825 s
seed 1001 n200 free_scaled stage 2 epoch 61/90   8861 s
seed 1001 n200 free_scaled stage 2 epoch 62/90   8913 s
seed 1001 n200 free_scaled stage 2 epoch 63/90   8957 s
seed 1001 n200 free_scaled stage 2 epoch 64/90   8994 s
seed 1001 n200 free_scaled stage 2 epoch 65/90   9030 s
seed 1001 n200 free_scaled stage 2 epoch 66/90   9073 s
seed 1001 n200 free_scaled stage 2 epoch 67/90   9111 s
seed 1001 n200 free_scaled stage 2 epoch 68/90   9132 s
seed 1001 n200 free_scaled stage 2 epoch 69/90   9152 s
seed 1001 n200 free_scaled stage 2 epoch 70/90   9175 s
seed 1001 n200 free_scaled stage 2 epoch 71/90   9214 s
seed 1001 n200 free_scaled stage 2 epoch 72/90   9236 s
seed 1001 n200 free_scaled stage 2 epoch 73/90   9256 s
seed 1001 n200 free_scaled stage 2 epoch 74/90   9275 s
seed 1001 n200 free_scaled stage 2 epoch 75/90   9302 s
seed 1001 n200 free_scaled stage 2 epoch 76/90   9327 s
seed 1001 n200 free_scaled stage 2 epoch 77/90   9343 s
seed 1001 n200 free_scaled stage 2 epoch 78/90   9359 s
seed 1001 n200 free_scaled stage 2 epoch 79/90   9373 s
seed 1001 n200 free_scaled stage 2 epoch 80/90   9388 s
seed 1001 n200 free_scaled stage 2 epoch 81/90   9403 s
seed 1001 n200 free_scaled stage 2 epoch 82/90   9418 s
seed 1001 n200 free_scaled stage 2 epoch 83/90   9432 s
seed 1001 n200 free_scaled stage 2 epoch 84/90   9447 s
seed 1001 n200 free_scaled stage 2 epoch 85/90   9462 s
seed 1001 n200 free_scaled stage 2 epoch 86/90   9477 s
seed 1001 n200 free_scaled stage 2 epoch 87/90   9491 s
seed 1001 n200 free_scaled stage 2 epoch 88/90   9506 s
seed 1001 n200 free_scaled stage 2 epoch 89/90   9521 s
seed 1001 n200 free_scaled stage 2 epoch 90/90   9536 s
seed 1001 n200 prescribed_std stage 2 epoch  1/90     15 s
seed 1001 n200 prescribed_std stage 2 epoch  2/90     29 s
seed 1001 n200 prescribed_std stage 2 epoch  3/90     44 s
seed 1001 n200 prescribed_std stage 2 epoch  4/90     60 s
seed 1001 n200 prescribed_std stage 2 epoch  5/90     74 s
seed 1001 n200 prescribed_std stage 2 epoch  6/90     89 s
seed 1001 n200 prescribed_std stage 2 epoch  7/90    103 s
seed 1001 n200 prescribed_std stage 2 epoch  8/90    118 s
seed 1001 n200 prescribed_std stage 2 epoch  9/90    133 s
seed 1001 n200 prescribed_std stage 2 epoch 10/90    147 s
seed 1001 n200 prescribed_std stage 2 epoch 11/90    163 s
seed 1001 n200 prescribed_std stage 2 epoch 12/90    179 s
seed 1001 n200 prescribed_std stage 2 epoch 13/90    194 s
seed 1001 n200 prescribed_std stage 2 epoch 14/90    208 s
seed 1001 n200 prescribed_std stage 2 epoch 15/90    223 s
seed 1001 n200 prescribed_std stage 2 epoch 16/90    237 s
seed 1001 n200 prescribed_std stage 2 epoch 17/90    252 s
seed 1001 n200 prescribed_std stage 2 epoch 18/90    268 s
seed 1001 n200 prescribed_std stage 2 epoch 19/90    283 s
seed 1001 n200 prescribed_std stage 2 epoch 20/90    306 s
seed 1001 n200 prescribed_std stage 2 epoch 21/90    321 s
seed 1001 n200 prescribed_std stage 2 epoch 22/90    335 s
seed 1001 n200 prescribed_std stage 2 epoch 23/90    350 s
seed 1001 n200 prescribed_std stage 2 epoch 24/90    365 s
seed 1001 n200 prescribed_std stage 2 epoch 25/90    379 s
seed 1001 n200 prescribed_std stage 2 epoch 26/90    394 s
seed 1001 n200 prescribed_std stage 2 epoch 27/90    408 s
seed 1001 n200 prescribed_std stage 2 epoch 28/90    423 s
seed 1001 n200 prescribed_std stage 2 epoch 29/90    437 s
seed 1001 n200 prescribed_std stage 2 epoch 30/90    452 s
seed 1001 n200 prescribed_std stage 2 epoch 31/90    466 s
seed 1001 n200 prescribed_std stage 2 epoch 32/90    481 s
seed 1001 n200 prescribed_std stage 2 epoch 33/90    496 s
seed 1001 n200 prescribed_std stage 2 epoch 34/90    510 s
seed 1001 n200 prescribed_std stage 2 epoch 35/90    525 s
seed 1001 n200 prescribed_std stage 2 epoch 36/90    539 s
seed 1001 n200 prescribed_std stage 2 epoch 37/90    554 s
seed 1001 n200 prescribed_std stage 2 epoch 38/90    568 s
seed 1001 n200 prescribed_std stage 2 epoch 39/90    583 s
seed 1001 n200 prescribed_std stage 2 epoch 40/90    597 s
seed 1001 n200 prescribed_std stage 2 epoch 41/90    612 s
seed 1001 n200 prescribed_std stage 2 epoch 42/90    626 s
seed 1001 n200 prescribed_std stage 2 epoch 43/90    643 s
seed 1001 n200 prescribed_std stage 2 epoch 44/90    658 s
seed 1001 n200 prescribed_std stage 2 epoch 45/90    673 s
seed 1001 n200 prescribed_std stage 2 epoch 46/90    687 s
seed 1001 n200 prescribed_std stage 2 epoch 47/90    702 s
seed 1001 n200 prescribed_std stage 2 epoch 48/90    716 s
seed 1001 n200 prescribed_std stage 2 epoch 49/90    731 s
seed 1001 n200 prescribed_std stage 2 epoch 50/90    745 s
seed 1001 n200 prescribed_std stage 2 epoch 51/90    760 s
seed 1001 n200 prescribed_std stage 2 epoch 52/90    774 s
seed 1001 n200 prescribed_std stage 2 epoch 53/90    789 s
seed 1001 n200 prescribed_std stage 2 epoch 54/90    805 s
seed 1001 n200 prescribed_std stage 2 epoch 55/90    819 s
seed 1001 n200 prescribed_std stage 2 epoch 56/90    834 s
seed 1001 n200 prescribed_std stage 2 epoch 57/90    848 s
seed 1001 n200 prescribed_std stage 2 epoch 58/90    864 s
seed 1001 n200 prescribed_std stage 2 epoch 59/90    879 s
seed 1001 n200 prescribed_std stage 2 epoch 60/90    893 s
seed 1001 n200 prescribed_std stage 2 epoch 61/90    908 s
seed 1001 n200 prescribed_std stage 2 epoch 62/90    922 s
seed 1001 n200 prescribed_std stage 2 epoch 63/90    937 s
seed 1001 n200 prescribed_std stage 2 epoch 64/90    952 s
seed 1001 n200 prescribed_std stage 2 epoch 65/90    967 s
seed 1001 n200 prescribed_std stage 2 epoch 66/90    982 s
seed 1001 n200 prescribed_std stage 2 epoch 67/90    997 s
seed 1001 n200 prescribed_std stage 2 epoch 68/90   1023 s
seed 1001 n200 prescribed_std stage 2 epoch 69/90   1039 s
seed 1001 n200 prescribed_std stage 2 epoch 70/90   1055 s
seed 1001 n200 prescribed_std stage 2 epoch 71/90   1069 s
seed 1001 n200 prescribed_std stage 2 epoch 72/90   1084 s
seed 1001 n200 prescribed_std stage 2 epoch 73/90   1099 s
seed 1001 n200 prescribed_std stage 2 epoch 74/90   1114 s
seed 1001 n200 prescribed_std stage 2 epoch 75/90   1128 s
seed 1001 n200 prescribed_std stage 2 epoch 76/90   1143 s
seed 1001 n200 prescribed_std stage 2 epoch 77/90   1157 s
seed 1001 n200 prescribed_std stage 2 epoch 78/90   1173 s
seed 1001 n200 prescribed_std stage 2 epoch 79/90   1188 s
seed 1001 n200 prescribed_std stage 2 epoch 80/90   1202 s
seed 1001 n200 prescribed_std stage 2 epoch 81/90   1217 s
seed 1001 n200 prescribed_std stage 2 epoch 82/90   1232 s
seed 1001 n200 prescribed_std stage 2 epoch 83/90   1247 s
seed 1001 n200 prescribed_std stage 2 epoch 84/90   1263 s
seed 1001 n200 prescribed_std stage 2 epoch 85/90   1277 s
seed 1001 n200 prescribed_std stage 2 epoch 86/90   1292 s
seed 1001 n200 prescribed_std stage 2 epoch 87/90   1306 s
seed 1001 n200 prescribed_std stage 2 epoch 88/90   1321 s
seed 1001 n200 prescribed_std stage 2 epoch 89/90   1336 s
seed 1001 n200 prescribed_std stage 2 epoch 90/90   1351 s
seed 1001: written
seed 1005 n25 free_scaled stage 1 epoch  1/90      5 s
seed 1005 n25 free_scaled stage 1 epoch  2/90     10 s
seed 1005 n25 free_scaled stage 1 epoch  3/90     17 s
seed 1005 n25 free_scaled stage 1 epoch  4/90     23 s
seed 1005 n25 free_scaled stage 1 epoch  5/90     28 s
seed 1005 n25 free_scaled stage 1 epoch  6/90     32 s
seed 1005 n25 free_scaled stage 1 epoch  7/90     37 s
seed 1005 n25 free_scaled stage 1 epoch  8/90     42 s
seed 1005 n25 free_scaled stage 1 epoch  9/90     46 s
seed 1005 n25 free_scaled stage 1 epoch 10/90     51 s
seed 1005 n25 free_scaled stage 1 epoch 11/90     55 s
seed 1005 n25 free_scaled stage 1 epoch 12/90     60 s
seed 1005 n25 free_scaled stage 1 epoch 13/90     65 s
seed 1005 n25 free_scaled stage 1 epoch 14/90     69 s
seed 1005 n25 free_scaled stage 1 epoch 15/90     74 s
seed 1005 n25 free_scaled stage 1 epoch 16/90     79 s
seed 1005 n25 free_scaled stage 1 epoch 17/90     83 s
seed 1005 n25 free_scaled stage 1 epoch 18/90     88 s
seed 1005 n25 free_scaled stage 1 epoch 19/90     94 s
seed 1005 n25 free_scaled stage 1 epoch 20/90     99 s
seed 1005 n25 free_scaled stage 1 epoch 21/90    103 s
seed 1005 n25 free_scaled stage 1 epoch 22/90    108 s
seed 1005 n25 free_scaled stage 1 epoch 23/90    113 s
seed 1005 n25 free_scaled stage 1 epoch 24/90    117 s
seed 1005 n25 free_scaled stage 1 epoch 25/90    122 s
seed 1005 n25 free_scaled stage 1 epoch 26/90    127 s
seed 1005 n25 free_scaled stage 1 epoch 27/90    131 s
seed 1005 n25 free_scaled stage 1 epoch 28/90    136 s
seed 1005 n25 free_scaled stage 1 epoch 29/90    141 s
seed 1005 n25 free_scaled stage 1 epoch 30/90    145 s
seed 1005 n25 free_scaled stage 1 epoch 31/90    150 s
seed 1005 n25 free_scaled stage 1 epoch 32/90    155 s
seed 1005 n25 free_scaled stage 1 epoch 33/90    159 s
seed 1005 n25 free_scaled stage 1 epoch 34/90    164 s
seed 1005 n25 free_scaled stage 1 epoch 35/90    168 s
seed 1005 n25 free_scaled stage 1 epoch 36/90    173 s
seed 1005 n25 free_scaled stage 1 epoch 37/90    178 s
seed 1005 n25 free_scaled stage 1 epoch 38/90    182 s
seed 1005 n25 free_scaled stage 1 epoch 39/90    187 s
seed 1005 n25 free_scaled stage 1 epoch 40/90    191 s
seed 1005 n25 free_scaled stage 1 epoch 41/90    196 s
seed 1005 n25 free_scaled stage 1 epoch 42/90    201 s
seed 1005 n25 free_scaled stage 1 epoch 43/90    205 s
seed 1005 n25 free_scaled stage 1 epoch 44/90    210 s
seed 1005 n25 free_scaled stage 1 epoch 45/90    215 s
seed 1005 n25 free_scaled stage 1 epoch 46/90    219 s
seed 1005 n25 free_scaled stage 1 epoch 47/90    224 s
seed 1005 n25 free_scaled stage 1 epoch 48/90    229 s
seed 1005 n25 free_scaled stage 1 epoch 49/90    233 s
seed 1005 n25 free_scaled stage 1 epoch 50/90    238 s
seed 1005 n25 free_scaled stage 1 epoch 51/90    242 s
seed 1005 n25 free_scaled stage 1 epoch 52/90    248 s
seed 1005 n25 free_scaled stage 1 epoch 53/90    253 s
seed 1005 n25 free_scaled stage 1 epoch 54/90    258 s
seed 1005 n25 free_scaled stage 1 epoch 55/90    262 s
seed 1005 n25 free_scaled stage 1 epoch 56/90    267 s
seed 1005 n25 free_scaled stage 1 epoch 57/90    272 s
seed 1005 n25 free_scaled stage 1 epoch 58/90    276 s
seed 1005 n25 free_scaled stage 1 epoch 59/90    281 s
seed 1005 n25 free_scaled stage 1 epoch 60/90    285 s
seed 1005 n25 free_scaled stage 1 epoch 61/90    289 s
seed 1005 n25 free_scaled stage 1 epoch 62/90    294 s
seed 1005 n25 free_scaled stage 1 epoch 63/90    298 s
seed 1005 n25 free_scaled stage 1 epoch 64/90    304 s
seed 1005 n25 free_scaled stage 1 epoch 65/90    308 s
seed 1005 n25 free_scaled stage 1 epoch 66/90    313 s
seed 1005 n25 free_scaled stage 1 epoch 67/90    317 s
seed 1005 n25 free_scaled stage 1 epoch 68/90    321 s
seed 1005 n25 free_scaled stage 1 epoch 69/90    326 s
seed 1005 n25 free_scaled stage 1 epoch 70/90    330 s
seed 1005 n25 free_scaled stage 1 epoch 71/90    335 s
seed 1005 n25 free_scaled stage 1 epoch 72/90    339 s
seed 1005 n25 free_scaled stage 1 epoch 73/90    344 s
seed 1005 n25 free_scaled stage 1 epoch 74/90    348 s
seed 1005 n25 free_scaled stage 1 epoch 75/90    353 s
seed 1005 n25 free_scaled stage 1 epoch 76/90    357 s
seed 1005 n25 free_scaled stage 1 epoch 77/90    361 s
seed 1005 n25 free_scaled stage 1 epoch 78/90    366 s
seed 1005 n25 free_scaled stage 1 epoch 79/90    370 s
seed 1005 n25 free_scaled stage 1 epoch 80/90    375 s
seed 1005 n25 free_scaled stage 1 epoch 81/90    379 s
seed 1005 n25 free_scaled stage 1 epoch 82/90    384 s
seed 1005 n25 free_scaled stage 1 epoch 83/90    388 s
seed 1005 n25 free_scaled stage 1 epoch 84/90    392 s
seed 1005 n25 free_scaled stage 1 epoch 85/90    397 s
seed 1005 n25 free_scaled stage 1 epoch 86/90    401 s
seed 1005 n25 free_scaled stage 1 epoch 87/90    406 s
seed 1005 n25 free_scaled stage 1 epoch 88/90    410 s
seed 1005 n25 free_scaled stage 1 epoch 89/90    414 s
seed 1005 n25 free_scaled stage 1 epoch 90/90    419 s
seed 1005 n25 free_scaled stage 2 epoch  1/90    420 s
seed 1005 n25 free_scaled stage 2 epoch  2/90    422 s
seed 1005 n25 free_scaled stage 2 epoch  3/90    424 s
seed 1005 n25 free_scaled stage 2 epoch  4/90    426 s
seed 1005 n25 free_scaled stage 2 epoch  5/90    427 s
seed 1005 n25 free_scaled stage 2 epoch  6/90    429 s
seed 1005 n25 free_scaled stage 2 epoch  7/90    431 s
seed 1005 n25 free_scaled stage 2 epoch  8/90    432 s
seed 1005 n25 free_scaled stage 2 epoch  9/90    434 s
seed 1005 n25 free_scaled stage 2 epoch 10/90    436 s
seed 1005 n25 free_scaled stage 2 epoch 11/90    437 s
seed 1005 n25 free_scaled stage 2 epoch 12/90    439 s
seed 1005 n25 free_scaled stage 2 epoch 13/90    441 s
seed 1005 n25 free_scaled stage 2 epoch 14/90    442 s
seed 1005 n25 free_scaled stage 2 epoch 15/90    444 s
seed 1005 n25 free_scaled stage 2 epoch 16/90    446 s
seed 1005 n25 free_scaled stage 2 epoch 17/90    447 s
seed 1005 n25 free_scaled stage 2 epoch 18/90    449 s
seed 1005 n25 free_scaled stage 2 epoch 19/90    451 s
seed 1005 n25 free_scaled stage 2 epoch 20/90    453 s
seed 1005 n25 free_scaled stage 2 epoch 21/90    454 s
seed 1005 n25 free_scaled stage 2 epoch 22/90    456 s
seed 1005 n25 free_scaled stage 2 epoch 23/90    458 s
seed 1005 n25 free_scaled stage 2 epoch 24/90    459 s
seed 1005 n25 free_scaled stage 2 epoch 25/90    461 s
seed 1005 n25 free_scaled stage 2 epoch 26/90    463 s
seed 1005 n25 free_scaled stage 2 epoch 27/90    465 s
seed 1005 n25 free_scaled stage 2 epoch 28/90    467 s
seed 1005 n25 free_scaled stage 2 epoch 29/90    468 s
seed 1005 n25 free_scaled stage 2 epoch 30/90    470 s
seed 1005 n25 free_scaled stage 2 epoch 31/90    472 s
seed 1005 n25 free_scaled stage 2 epoch 32/90    473 s
seed 1005 n25 free_scaled stage 2 epoch 33/90    475 s
seed 1005 n25 free_scaled stage 2 epoch 34/90    477 s
seed 1005 n25 free_scaled stage 2 epoch 35/90    478 s
seed 1005 n25 free_scaled stage 2 epoch 36/90    480 s
seed 1005 n25 free_scaled stage 2 epoch 37/90    482 s
seed 1005 n25 free_scaled stage 2 epoch 38/90    483 s
seed 1005 n25 free_scaled stage 2 epoch 39/90    485 s
seed 1005 n25 free_scaled stage 2 epoch 40/90    487 s
seed 1005 n25 free_scaled stage 2 epoch 41/90    489 s
seed 1005 n25 free_scaled stage 2 epoch 42/90    490 s
seed 1005 n25 free_scaled stage 2 epoch 43/90    492 s
seed 1005 n25 free_scaled stage 2 epoch 44/90    494 s
seed 1005 n25 free_scaled stage 2 epoch 45/90    495 s
seed 1005 n25 free_scaled stage 2 epoch 46/90    497 s
seed 1005 n25 free_scaled stage 2 epoch 47/90    499 s
seed 1005 n25 free_scaled stage 2 epoch 48/90    500 s
seed 1005 n25 free_scaled stage 2 epoch 49/90    502 s
seed 1005 n25 free_scaled stage 2 epoch 50/90    504 s
seed 1005 n25 free_scaled stage 2 epoch 51/90    505 s
seed 1005 n25 free_scaled stage 2 epoch 52/90    507 s
seed 1005 n25 free_scaled stage 2 epoch 53/90    509 s
seed 1005 n25 free_scaled stage 2 epoch 54/90    510 s
seed 1005 n25 free_scaled stage 2 epoch 55/90    512 s
seed 1005 n25 free_scaled stage 2 epoch 56/90    514 s
seed 1005 n25 free_scaled stage 2 epoch 57/90    516 s
seed 1005 n25 free_scaled stage 2 epoch 58/90    517 s
seed 1005 n25 free_scaled stage 2 epoch 59/90    519 s
seed 1005 n25 free_scaled stage 2 epoch 60/90    521 s
seed 1005 n25 free_scaled stage 2 epoch 61/90    522 s
seed 1005 n25 free_scaled stage 2 epoch 62/90    524 s
seed 1005 n25 free_scaled stage 2 epoch 63/90    526 s
seed 1005 n25 free_scaled stage 2 epoch 64/90    527 s
seed 1005 n25 free_scaled stage 2 epoch 65/90    529 s
seed 1005 n25 free_scaled stage 2 epoch 66/90    531 s
seed 1005 n25 free_scaled stage 2 epoch 67/90    532 s
seed 1005 n25 free_scaled stage 2 epoch 68/90    534 s
seed 1005 n25 free_scaled stage 2 epoch 69/90    536 s
seed 1005 n25 free_scaled stage 2 epoch 70/90    537 s
seed 1005 n25 free_scaled stage 2 epoch 71/90    539 s
seed 1005 n25 free_scaled stage 2 epoch 72/90    541 s
seed 1005 n25 free_scaled stage 2 epoch 73/90    542 s
seed 1005 n25 free_scaled stage 2 epoch 74/90    544 s
seed 1005 n25 free_scaled stage 2 epoch 75/90    546 s
seed 1005 n25 free_scaled stage 2 epoch 76/90    548 s
seed 1005 n25 free_scaled stage 2 epoch 77/90    549 s
seed 1005 n25 free_scaled stage 2 epoch 78/90    551 s
seed 1005 n25 free_scaled stage 2 epoch 79/90    553 s
seed 1005 n25 free_scaled stage 2 epoch 80/90    554 s
seed 1005 n25 free_scaled stage 2 epoch 81/90    556 s
seed 1005 n25 free_scaled stage 2 epoch 82/90    558 s
seed 1005 n25 free_scaled stage 2 epoch 83/90    560 s
seed 1005 n25 free_scaled stage 2 epoch 84/90    561 s
seed 1005 n25 free_scaled stage 2 epoch 85/90    563 s
seed 1005 n25 free_scaled stage 2 epoch 86/90    565 s
seed 1005 n25 free_scaled stage 2 epoch 87/90    566 s
seed 1005 n25 free_scaled stage 2 epoch 88/90    568 s
seed 1005 n25 free_scaled stage 2 epoch 89/90    570 s
seed 1005 n25 free_scaled stage 2 epoch 90/90    572 s
seed 1005 n25 prescribed_std stage 2 epoch  1/90      2 s
seed 1005 n25 prescribed_std stage 2 epoch  2/90      3 s
seed 1005 n25 prescribed_std stage 2 epoch  3/90      5 s
seed 1005 n25 prescribed_std stage 2 epoch  4/90      7 s
seed 1005 n25 prescribed_std stage 2 epoch  5/90      8 s
seed 1005 n25 prescribed_std stage 2 epoch  6/90     10 s
seed 1005 n25 prescribed_std stage 2 epoch  7/90     12 s
seed 1005 n25 prescribed_std stage 2 epoch  8/90     13 s
seed 1005 n25 prescribed_std stage 2 epoch  9/90     15 s
seed 1005 n25 prescribed_std stage 2 epoch 10/90     17 s
seed 1005 n25 prescribed_std stage 2 epoch 11/90     18 s
seed 1005 n25 prescribed_std stage 2 epoch 12/90     20 s
seed 1005 n25 prescribed_std stage 2 epoch 13/90     22 s
seed 1005 n25 prescribed_std stage 2 epoch 14/90     23 s
seed 1005 n25 prescribed_std stage 2 epoch 15/90     25 s
seed 1005 n25 prescribed_std stage 2 epoch 16/90     27 s
seed 1005 n25 prescribed_std stage 2 epoch 17/90     28 s
seed 1005 n25 prescribed_std stage 2 epoch 18/90     30 s
seed 1005 n25 prescribed_std stage 2 epoch 19/90     32 s
seed 1005 n25 prescribed_std stage 2 epoch 20/90     34 s
seed 1005 n25 prescribed_std stage 2 epoch 21/90     36 s
seed 1005 n25 prescribed_std stage 2 epoch 22/90     37 s
seed 1005 n25 prescribed_std stage 2 epoch 23/90     39 s
seed 1005 n25 prescribed_std stage 2 epoch 24/90     41 s
seed 1005 n25 prescribed_std stage 2 epoch 25/90     43 s
seed 1005 n25 prescribed_std stage 2 epoch 26/90     44 s
seed 1005 n25 prescribed_std stage 2 epoch 27/90     46 s
seed 1005 n25 prescribed_std stage 2 epoch 28/90     48 s
seed 1005 n25 prescribed_std stage 2 epoch 29/90     49 s
seed 1005 n25 prescribed_std stage 2 epoch 30/90     51 s
seed 1005 n25 prescribed_std stage 2 epoch 31/90     53 s
seed 1005 n25 prescribed_std stage 2 epoch 32/90     54 s
seed 1005 n25 prescribed_std stage 2 epoch 33/90     56 s
seed 1005 n25 prescribed_std stage 2 epoch 34/90     58 s
seed 1005 n25 prescribed_std stage 2 epoch 35/90     59 s
seed 1005 n25 prescribed_std stage 2 epoch 36/90     61 s
seed 1005 n25 prescribed_std stage 2 epoch 37/90     63 s
seed 1005 n25 prescribed_std stage 2 epoch 38/90     65 s
seed 1005 n25 prescribed_std stage 2 epoch 39/90     66 s
seed 1005 n25 prescribed_std stage 2 epoch 40/90     68 s
seed 1005 n25 prescribed_std stage 2 epoch 41/90     70 s
seed 1005 n25 prescribed_std stage 2 epoch 42/90     71 s
seed 1005 n25 prescribed_std stage 2 epoch 43/90     73 s
seed 1005 n25 prescribed_std stage 2 epoch 44/90     75 s
seed 1005 n25 prescribed_std stage 2 epoch 45/90     76 s
seed 1005 n25 prescribed_std stage 2 epoch 46/90     78 s
seed 1005 n25 prescribed_std stage 2 epoch 47/90     80 s
seed 1005 n25 prescribed_std stage 2 epoch 48/90     81 s
seed 1005 n25 prescribed_std stage 2 epoch 49/90     83 s
seed 1005 n25 prescribed_std stage 2 epoch 50/90     85 s
seed 1005 n25 prescribed_std stage 2 epoch 51/90     86 s
seed 1005 n25 prescribed_std stage 2 epoch 52/90     88 s
seed 1005 n25 prescribed_std stage 2 epoch 53/90     90 s
seed 1005 n25 prescribed_std stage 2 epoch 54/90     91 s
seed 1005 n25 prescribed_std stage 2 epoch 55/90     93 s
seed 1005 n25 prescribed_std stage 2 epoch 56/90     95 s
seed 1005 n25 prescribed_std stage 2 epoch 57/90     96 s
seed 1005 n25 prescribed_std stage 2 epoch 58/90     98 s
seed 1005 n25 prescribed_std stage 2 epoch 59/90    100 s
seed 1005 n25 prescribed_std stage 2 epoch 60/90    101 s
seed 1005 n25 prescribed_std stage 2 epoch 61/90    103 s
seed 1005 n25 prescribed_std stage 2 epoch 62/90    105 s
seed 1005 n25 prescribed_std stage 2 epoch 63/90    106 s
seed 1005 n25 prescribed_std stage 2 epoch 64/90    108 s
seed 1005 n25 prescribed_std stage 2 epoch 65/90    110 s
seed 1005 n25 prescribed_std stage 2 epoch 66/90    111 s
seed 1005 n25 prescribed_std stage 2 epoch 67/90    113 s
seed 1005 n25 prescribed_std stage 2 epoch 68/90    115 s
seed 1005 n25 prescribed_std stage 2 epoch 69/90    116 s
seed 1005 n25 prescribed_std stage 2 epoch 70/90    118 s
seed 1005 n25 prescribed_std stage 2 epoch 71/90    120 s
seed 1005 n25 prescribed_std stage 2 epoch 72/90    121 s
seed 1005 n25 prescribed_std stage 2 epoch 73/90    123 s
seed 1005 n25 prescribed_std stage 2 epoch 74/90    125 s
seed 1005 n25 prescribed_std stage 2 epoch 75/90    126 s
seed 1005 n25 prescribed_std stage 2 epoch 76/90    128 s
seed 1005 n25 prescribed_std stage 2 epoch 77/90    130 s
seed 1005 n25 prescribed_std stage 2 epoch 78/90    131 s
seed 1005 n25 prescribed_std stage 2 epoch 79/90    133 s
seed 1005 n25 prescribed_std stage 2 epoch 80/90    135 s
seed 1005 n25 prescribed_std stage 2 epoch 81/90    136 s
seed 1005 n25 prescribed_std stage 2 epoch 82/90    138 s
seed 1005 n25 prescribed_std stage 2 epoch 83/90    140 s
seed 1005 n25 prescribed_std stage 2 epoch 84/90    141 s
seed 1005 n25 prescribed_std stage 2 epoch 85/90    143 s
seed 1005 n25 prescribed_std stage 2 epoch 86/90    145 s
seed 1005 n25 prescribed_std stage 2 epoch 87/90    147 s
seed 1005 n25 prescribed_std stage 2 epoch 88/90    148 s
seed 1005 n25 prescribed_std stage 2 epoch 89/90    150 s
seed 1005 n25 prescribed_std stage 2 epoch 90/90    152 s
seed 1005 n200 free_scaled stage 1 epoch  1/90     35 s
seed 1005 n200 free_scaled stage 1 epoch  2/90     70 s
seed 1005 n200 free_scaled stage 1 epoch  3/90    109 s
seed 1005 n200 free_scaled stage 1 epoch  4/90    144 s
seed 1005 n200 free_scaled stage 1 epoch  5/90    179 s
seed 1005 n200 free_scaled stage 1 epoch  6/90    215 s
seed 1005 n200 free_scaled stage 1 epoch  7/90    251 s
seed 1005 n200 free_scaled stage 1 epoch  8/90    286 s
seed 1005 n200 free_scaled stage 1 epoch  9/90    321 s
seed 1005 n200 free_scaled stage 1 epoch 10/90    357 s
seed 1005 n200 free_scaled stage 1 epoch 11/90    392 s
seed 1005 n200 free_scaled stage 1 epoch 12/90    428 s
seed 1005 n200 free_scaled stage 1 epoch 13/90    464 s
seed 1005 n200 free_scaled stage 1 epoch 14/90    501 s
seed 1005 n200 free_scaled stage 1 epoch 15/90    536 s
seed 1005 n200 free_scaled stage 1 epoch 16/90    572 s
seed 1005 n200 free_scaled stage 1 epoch 17/90    608 s
seed 1005 n200 free_scaled stage 1 epoch 18/90    655 s
seed 1005 n200 free_scaled stage 1 epoch 19/90    710 s
seed 1005 n200 free_scaled stage 1 epoch 20/90    759 s
seed 1005 n200 free_scaled stage 1 epoch 21/90    817 s
seed 1005 n200 free_scaled stage 1 epoch 22/90    859 s
seed 1005 n200 free_scaled stage 1 epoch 23/90    907 s
seed 1005 n200 free_scaled stage 1 epoch 24/90    945 s
seed 1005 n200 free_scaled stage 1 epoch 25/90    984 s
seed 1005 n200 free_scaled stage 1 epoch 26/90   1023 s
seed 1005 n200 free_scaled stage 1 epoch 27/90   1064 s
seed 1005 n200 free_scaled stage 1 epoch 28/90   1103 s
seed 1005 n200 free_scaled stage 1 epoch 29/90   1143 s
seed 1005 n200 free_scaled stage 1 epoch 30/90   1183 s
seed 1005 n200 free_scaled stage 1 epoch 31/90   1225 s
seed 1005 n200 free_scaled stage 1 epoch 32/90   1270 s
seed 1005 n200 free_scaled stage 1 epoch 33/90   1309 s
seed 1005 n200 free_scaled stage 1 epoch 34/90   1346 s
seed 1005 n200 free_scaled stage 1 epoch 35/90   1383 s
seed 1005 n200 free_scaled stage 1 epoch 36/90   1419 s
seed 1005 n200 free_scaled stage 1 epoch 37/90   1456 s
seed 1005 n200 free_scaled stage 1 epoch 38/90   1492 s
seed 1005 n200 free_scaled stage 1 epoch 39/90   1530 s
seed 1005 n200 free_scaled stage 1 epoch 40/90   1566 s
seed 1005 n200 free_scaled stage 1 epoch 41/90   1603 s
seed 1005 n200 free_scaled stage 1 epoch 42/90   1639 s
seed 1005 n200 free_scaled stage 1 epoch 43/90   1675 s
seed 1005 n200 free_scaled stage 1 epoch 44/90   1712 s
seed 1005 n200 free_scaled stage 1 epoch 45/90   1748 s
seed 1005 n200 free_scaled stage 1 epoch 46/90   1784 s
seed 1005 n200 free_scaled stage 1 epoch 47/90   1820 s
seed 1005 n200 free_scaled stage 1 epoch 48/90   1856 s
seed 1005 n200 free_scaled stage 1 epoch 49/90   1892 s
seed 1005 n200 free_scaled stage 1 epoch 50/90   1931 s
seed 1005 n200 free_scaled stage 1 epoch 51/90   1970 s
seed 1005 n200 free_scaled stage 1 epoch 52/90   2011 s
seed 1005 n200 free_scaled stage 1 epoch 53/90   2050 s
seed 1005 n200 free_scaled stage 1 epoch 54/90   2088 s
seed 1005 n200 free_scaled stage 1 epoch 55/90   2130 s
seed 1005 n200 free_scaled stage 1 epoch 56/90   2170 s
seed 1005 n200 free_scaled stage 1 epoch 57/90   2214 s
seed 1005 n200 free_scaled stage 1 epoch 58/90   2268 s
seed 1005 n200 free_scaled stage 1 epoch 59/90   2312 s
seed 1005 n200 free_scaled stage 1 epoch 60/90   2350 s
seed 1005 n200 free_scaled stage 1 epoch 61/90   2395 s
seed 1005 n200 free_scaled stage 1 epoch 62/90   2432 s
seed 1005 n200 free_scaled stage 1 epoch 63/90   2470 s
seed 1005 n200 free_scaled stage 1 epoch 64/90   2510 s
seed 1005 n200 free_scaled stage 1 epoch 65/90   2549 s
seed 1005 n200 free_scaled stage 1 epoch 66/90   2590 s
seed 1005 n200 free_scaled stage 1 epoch 67/90   2632 s
seed 1005 n200 free_scaled stage 1 epoch 68/90   2672 s
seed 1005 n200 free_scaled stage 1 epoch 69/90   2716 s
seed 1005 n200 free_scaled stage 1 epoch 70/90   2759 s
seed 1005 n200 free_scaled stage 1 epoch 71/90   2803 s
seed 1005 n200 free_scaled stage 1 epoch 72/90   2842 s
seed 1005 n200 free_scaled stage 1 epoch 73/90   2882 s
seed 1005 n200 free_scaled stage 1 epoch 74/90   2919 s
seed 1005 n200 free_scaled stage 1 epoch 75/90   2961 s
seed 1005 n200 free_scaled stage 1 epoch 76/90   3003 s
seed 1005 n200 free_scaled stage 1 epoch 77/90   3058 s
seed 1005 n200 free_scaled stage 1 epoch 78/90   3109 s
seed 1005 n200 free_scaled stage 1 epoch 79/90   3149 s
seed 1005 n200 free_scaled stage 1 epoch 80/90   3193 s
seed 1005 n200 free_scaled stage 1 epoch 81/90   3239 s
seed 1005 n200 free_scaled stage 1 epoch 82/90   3284 s
seed 1005 n200 free_scaled stage 1 epoch 83/90   3320 s
seed 1005 n200 free_scaled stage 1 epoch 84/90   3355 s
seed 1005 n200 free_scaled stage 1 epoch 85/90   3391 s
seed 1005 n200 free_scaled stage 1 epoch 86/90   3427 s
seed 1005 n200 free_scaled stage 1 epoch 87/90   3463 s
seed 1005 n200 free_scaled stage 1 epoch 88/90   3498 s
seed 1005 n200 free_scaled stage 1 epoch 89/90   3534 s
seed 1005 n200 free_scaled stage 1 epoch 90/90   3570 s
seed 1005 n200 free_scaled stage 2 epoch  1/90   3583 s
seed 1005 n200 free_scaled stage 2 epoch  2/90   3597 s
seed 1005 n200 free_scaled stage 2 epoch  3/90   3611 s
seed 1005 n200 free_scaled stage 2 epoch  4/90   3625 s
seed 1005 n200 free_scaled stage 2 epoch  5/90   3641 s
seed 1005 n200 free_scaled stage 2 epoch  6/90   3657 s
seed 1005 n200 free_scaled stage 2 epoch  7/90   3675 s
seed 1005 n200 free_scaled stage 2 epoch  8/90   3699 s
seed 1005 n200 free_scaled stage 2 epoch  9/90   3723 s
seed 1005 n200 free_scaled stage 2 epoch 10/90   3748 s
seed 1005 n200 free_scaled stage 2 epoch 11/90   3784 s
seed 1005 n200 free_scaled stage 2 epoch 12/90   3812 s
seed 1005 n200 free_scaled stage 2 epoch 13/90   3838 s
seed 1005 n200 free_scaled stage 2 epoch 14/90   3864 s
seed 1005 n200 free_scaled stage 2 epoch 15/90   3892 s
seed 1005 n200 free_scaled stage 2 epoch 16/90   3919 s
seed 1005 n200 free_scaled stage 2 epoch 17/90   3947 s
seed 1005 n200 free_scaled stage 2 epoch 18/90   3978 s
seed 1005 n200 free_scaled stage 2 epoch 19/90   4002 s
seed 1005 n200 free_scaled stage 2 epoch 20/90   4039 s
seed 1005 n200 free_scaled stage 2 epoch 21/90   4071 s
seed 1005 n200 free_scaled stage 2 epoch 22/90   4096 s
seed 1005 n200 free_scaled stage 2 epoch 23/90   4126 s
seed 1005 n200 free_scaled stage 2 epoch 24/90   4157 s
seed 1005 n200 free_scaled stage 2 epoch 25/90   4186 s
seed 1005 n200 free_scaled stage 2 epoch 26/90   4213 s
seed 1005 n200 free_scaled stage 2 epoch 27/90   4243 s
seed 1005 n200 free_scaled stage 2 epoch 28/90   4268 s
seed 1005 n200 free_scaled stage 2 epoch 29/90   4328 s
seed 1005 n200 free_scaled stage 2 epoch 30/90   4412 s
seed 1005 n200 free_scaled stage 2 epoch 31/90   4442 s
seed 1005 n200 free_scaled stage 2 epoch 32/90   4478 s
seed 1005 n200 free_scaled stage 2 epoch 33/90   4505 s
seed 1005 n200 free_scaled stage 2 epoch 34/90   4536 s
seed 1005 n200 free_scaled stage 2 epoch 35/90   4581 s
seed 1005 n200 free_scaled stage 2 epoch 36/90   4605 s
seed 1005 n200 free_scaled stage 2 epoch 37/90   4648 s
seed 1005 n200 free_scaled stage 2 epoch 38/90   4672 s
seed 1005 n200 free_scaled stage 2 epoch 39/90   4692 s
seed 1005 n200 free_scaled stage 2 epoch 40/90   4710 s
seed 1005 n200 free_scaled stage 2 epoch 41/90   4728 s
seed 1005 n200 free_scaled stage 2 epoch 42/90   4745 s
seed 1005 n200 free_scaled stage 2 epoch 43/90   4770 s
seed 1005 n200 free_scaled stage 2 epoch 44/90   4800 s
seed 1005 n200 free_scaled stage 2 epoch 45/90   4827 s
seed 1005 n200 free_scaled stage 2 epoch 46/90   4851 s
seed 1005 n200 free_scaled stage 2 epoch 47/90   4870 s
seed 1005 n200 free_scaled stage 2 epoch 48/90   4896 s
seed 1005 n200 free_scaled stage 2 epoch 49/90   4924 s
seed 1005 n200 free_scaled stage 2 epoch 50/90   4941 s
seed 1005 n200 free_scaled stage 2 epoch 51/90   4958 s
seed 1005 n200 free_scaled stage 2 epoch 52/90   4980 s
seed 1005 n200 free_scaled stage 2 epoch 53/90   5001 s
seed 1005 n200 free_scaled stage 2 epoch 54/90   5023 s
seed 1005 n200 free_scaled stage 2 epoch 55/90   5049 s
seed 1005 n200 free_scaled stage 2 epoch 56/90   5072 s
seed 1005 n200 free_scaled stage 2 epoch 57/90   5092 s
seed 1005 n200 free_scaled stage 2 epoch 58/90   5115 s
seed 1005 n200 free_scaled stage 2 epoch 59/90   5135 s
seed 1005 n200 free_scaled stage 2 epoch 60/90   5166 s
seed 1005 n200 free_scaled stage 2 epoch 61/90   5184 s
seed 1005 n200 free_scaled stage 2 epoch 62/90   5204 s
seed 1005 n200 free_scaled stage 2 epoch 63/90   5220 s
seed 1005 n200 free_scaled stage 2 epoch 64/90   5242 s
seed 1005 n200 free_scaled stage 2 epoch 65/90   5282 s
seed 1005 n200 free_scaled stage 2 epoch 66/90   5321 s
seed 1005 n200 free_scaled stage 2 epoch 67/90   5352 s
seed 1005 n200 free_scaled stage 2 epoch 68/90   5372 s
seed 1005 n200 free_scaled stage 2 epoch 69/90   5395 s
seed 1005 n200 free_scaled stage 2 epoch 70/90   5424 s
seed 1005 n200 free_scaled stage 2 epoch 71/90   5456 s
seed 1005 n200 free_scaled stage 2 epoch 72/90   5476 s
seed 1005 n200 free_scaled stage 2 epoch 73/90   5492 s
seed 1005 n200 free_scaled stage 2 epoch 74/90   5511 s
seed 1005 n200 free_scaled stage 2 epoch 75/90   5526 s
seed 1005 n200 free_scaled stage 2 epoch 76/90   5544 s
seed 1005 n200 free_scaled stage 2 epoch 77/90   5558 s
seed 1005 n200 free_scaled stage 2 epoch 78/90   5571 s
seed 1005 n200 free_scaled stage 2 epoch 79/90   5587 s
seed 1005 n200 free_scaled stage 2 epoch 80/90   5603 s
seed 1005 n200 free_scaled stage 2 epoch 81/90   5624 s
seed 1005 n200 free_scaled stage 2 epoch 82/90   5649 s
seed 1005 n200 free_scaled stage 2 epoch 83/90   5673 s
seed 1005 n200 free_scaled stage 2 epoch 84/90   5710 s
seed 1005 n200 free_scaled stage 2 epoch 85/90   5757 s
seed 1005 n200 free_scaled stage 2 epoch 86/90   5795 s
seed 1005 n200 free_scaled stage 2 epoch 87/90   5842 s
seed 1005 n200 free_scaled stage 2 epoch 88/90   5934 s
seed 1005 n200 free_scaled stage 2 epoch 89/90   5981 s
seed 1005 n200 free_scaled stage 2 epoch 90/90   6020 s
seed 1005 n200 prescribed_std stage 2 epoch  1/90     24 s
seed 1005 n200 prescribed_std stage 2 epoch  2/90     45 s
seed 1005 n200 prescribed_std stage 2 epoch  3/90     68 s
seed 1005 n200 prescribed_std stage 2 epoch  4/90     91 s
seed 1005 n200 prescribed_std stage 2 epoch  5/90    117 s
seed 1005 n200 prescribed_std stage 2 epoch  6/90    138 s
seed 1005 n200 prescribed_std stage 2 epoch  7/90    157 s
seed 1005 n200 prescribed_std stage 2 epoch  8/90    183 s
seed 1005 n200 prescribed_std stage 2 epoch  9/90    206 s
seed 1005 n200 prescribed_std stage 2 epoch 10/90    233 s
seed 1005 n200 prescribed_std stage 2 epoch 11/90    263 s
seed 1005 n200 prescribed_std stage 2 epoch 12/90    293 s
seed 1005 n200 prescribed_std stage 2 epoch 13/90    323 s
seed 1005 n200 prescribed_std stage 2 epoch 14/90    346 s
seed 1005 n200 prescribed_std stage 2 epoch 15/90    375 s
seed 1005 n200 prescribed_std stage 2 epoch 16/90    398 s
seed 1005 n200 prescribed_std stage 2 epoch 17/90    415 s
seed 1005 n200 prescribed_std stage 2 epoch 18/90    435 s
seed 1005 n200 prescribed_std stage 2 epoch 19/90    456 s
seed 1005 n200 prescribed_std stage 2 epoch 20/90    497 s
seed 1005 n200 prescribed_std stage 2 epoch 21/90    517 s
seed 1005 n200 prescribed_std stage 2 epoch 22/90    534 s
seed 1005 n200 prescribed_std stage 2 epoch 23/90    550 s
seed 1005 n200 prescribed_std stage 2 epoch 24/90    565 s
seed 1005 n200 prescribed_std stage 2 epoch 25/90    582 s
seed 1005 n200 prescribed_std stage 2 epoch 26/90    603 s
seed 1005 n200 prescribed_std stage 2 epoch 27/90    622 s
seed 1005 n200 prescribed_std stage 2 epoch 28/90    642 s
seed 1005 n200 prescribed_std stage 2 epoch 29/90    661 s
seed 1005 n200 prescribed_std stage 2 epoch 30/90    682 s
seed 1005 n200 prescribed_std stage 2 epoch 31/90    711 s
seed 1005 n200 prescribed_std stage 2 epoch 32/90    738 s
seed 1005 n200 prescribed_std stage 2 epoch 33/90    781 s
seed 1005 n200 prescribed_std stage 2 epoch 34/90    815 s
seed 1005 n200 prescribed_std stage 2 epoch 35/90    837 s
seed 1005 n200 prescribed_std stage 2 epoch 36/90    869 s
seed 1005 n200 prescribed_std stage 2 epoch 37/90    893 s
seed 1005 n200 prescribed_std stage 2 epoch 38/90    929 s
seed 1005 n200 prescribed_std stage 2 epoch 39/90    964 s
seed 1005 n200 prescribed_std stage 2 epoch 40/90    994 s
seed 1005 n200 prescribed_std stage 2 epoch 41/90   1024 s
seed 1005 n200 prescribed_std stage 2 epoch 42/90   1051 s
seed 1005 n200 prescribed_std stage 2 epoch 43/90   1086 s
seed 1005 n200 prescribed_std stage 2 epoch 44/90   1111 s
seed 1005 n200 prescribed_std stage 2 epoch 45/90   1132 s
seed 1005 n200 prescribed_std stage 2 epoch 46/90   1162 s
seed 1005 n200 prescribed_std stage 2 epoch 47/90   1197 s
seed 1005 n200 prescribed_std stage 2 epoch 48/90   1235 s
seed 1005 n200 prescribed_std stage 2 epoch 49/90   1273 s
seed 1005 n200 prescribed_std stage 2 epoch 50/90   1301 s
seed 1005 n200 prescribed_std stage 2 epoch 51/90   1321 s
seed 1005 n200 prescribed_std stage 2 epoch 52/90   1345 s
seed 1005 n200 prescribed_std stage 2 epoch 53/90   1367 s
seed 1005 n200 prescribed_std stage 2 epoch 54/90   1388 s
seed 1005 n200 prescribed_std stage 2 epoch 55/90   1431 s
seed 1005 n200 prescribed_std stage 2 epoch 56/90   1507 s
seed 1005 n200 prescribed_std stage 2 epoch 57/90   1545 s
seed 1005 n200 prescribed_std stage 2 epoch 58/90   1575 s
seed 1005 n200 prescribed_std stage 2 epoch 59/90   1621 s
seed 1005 n200 prescribed_std stage 2 epoch 60/90   1776 s
seed 1005 n200 prescribed_std stage 2 epoch 61/90   1845 s
seed 1005 n200 prescribed_std stage 2 epoch 62/90   1900 s
seed 1005 n200 prescribed_std stage 2 epoch 63/90   1949 s
seed 1005 n200 prescribed_std stage 2 epoch 64/90   1992 s
seed 1005 n200 prescribed_std stage 2 epoch 65/90   2045 s
seed 1005 n200 prescribed_std stage 2 epoch 66/90   2090 s
seed 1005 n200 prescribed_std stage 2 epoch 67/90   2138 s
seed 1005 n200 prescribed_std stage 2 epoch 68/90   2177 s
seed 1005 n200 prescribed_std stage 2 epoch 69/90   2258 s
seed 1005 n200 prescribed_std stage 2 epoch 70/90   2302 s
seed 1005 n200 prescribed_std stage 2 epoch 71/90   2325 s
seed 1005 n200 prescribed_std stage 2 epoch 72/90   2491 s
seed 1005 n200 prescribed_std stage 2 epoch 73/90   2554 s
seed 1005 n200 prescribed_std stage 2 epoch 74/90   2615 s
seed 1005 n200 prescribed_std stage 2 epoch 75/90   2682 s
seed 1005 n200 prescribed_std stage 2 epoch 76/90   2737 s
seed 1005 n200 prescribed_std stage 2 epoch 77/90   2790 s
seed 1005 n200 prescribed_std stage 2 epoch 78/90   2908 s
seed 1005 n200 prescribed_std stage 2 epoch 79/90   2964 s
seed 1005 n200 prescribed_std stage 2 epoch 80/90   3017 s
seed 1005 n200 prescribed_std stage 2 epoch 81/90   3062 s
seed 1005 n200 prescribed_std stage 2 epoch 82/90   3094 s
seed 1005 n200 prescribed_std stage 2 epoch 83/90   3125 s
seed 1005 n200 prescribed_std stage 2 epoch 84/90   3160 s
seed 1005 n200 prescribed_std stage 2 epoch 85/90   3192 s
seed 1005 n200 prescribed_std stage 2 epoch 86/90   3220 s
seed 1005 n200 prescribed_std stage 2 epoch 87/90   3261 s
seed 1005 n200 prescribed_std stage 2 epoch 88/90   3306 s
seed 1005 n200 prescribed_std stage 2 epoch 89/90   3350 s
seed 1005 n200 prescribed_std stage 2 epoch 90/90   3384 s
seed 1005: written
