nohup: ignoring input
seed 1004 n25 free_scaled stage 1 epoch  1/90     14 s
seed 1004 n25 free_scaled stage 1 epoch  2/90     19 s
seed 1004 n25 free_scaled stage 1 epoch  3/90     24 s
seed 1004 n25 free_scaled stage 1 epoch  4/90     30 s
seed 1004 n25 free_scaled stage 1 epoch  5/90     39 s
seed 1004 n25 free_scaled stage 1 epoch  6/90     46 s
seed 1004 n25 free_scaled stage 1 epoch  7/90     51 s
seed 1004 n25 free_scaled stage 1 epoch  8/90     58 s
seed 1004 n25 free_scaled stage 1 epoch  9/90     66 s
seed 1004 n25 free_scaled stage 1 epoch 10/90     73 s
seed 1004 n25 free_scaled stage 1 epoch 11/90     79 s
seed 1004 n25 free_scaled stage 1 epoch 12/90     84 s
seed 1004 n25 free_scaled stage 1 epoch 13/90     91 s
seed 1004 n25 free_scaled stage 1 epoch 14/90     97 s
seed 1004 n25 free_scaled stage 1 epoch 15/90    104 s
seed 1004 n25 free_scaled stage 1 epoch 16/90    110 s
seed 1004 n25 free_scaled stage 1 epoch 17/90    115 s
seed 1004 n25 free_scaled stage 1 epoch 18/90    119 s
seed 1004 n25 free_scaled stage 1 epoch 19/90    124 s
seed 1004 n25 free_scaled stage 1 epoch 20/90    130 s
seed 1004 n25 free_scaled stage 1 epoch 21/90    136 s
seed 1004 n25 free_scaled stage 1 epoch 22/90    141 s
seed 1004 n25 free_scaled stage 1 epoch 23/90    147 s
seed 1004 n25 free_scaled stage 1 epoch 24/90    153 s
seed 1004 n25 free_scaled stage 1 epoch 25/90    159 s
seed 1004 n25 free_scaled stage 1 epoch 26/90    165 s
seed 1004 n25 free_scaled stage 1 epoch 27/90    170 s
seed 1004 n25 free_scaled stage 1 epoch 28/90    177 s
seed 1004 n25 free_scaled stage 1 epoch 29/90    183 s
seed 1004 n25 free_scaled stage 1 epoch 30/90    188 s
seed 1004 n25 free_scaled stage 1 epoch 31/90    193 s
seed 1004 n25 free_scaled stage 1 epoch 32/90    198 s
seed 1004 n25 free_scaled stage 1 epoch 33/90    203 s
seed 1004 n25 free_scaled stage 1 epoch 34/90    208 s
seed 1004 n25 free_scaled stage 1 epoch 35/90    218 s
seed 1004 n25 free_scaled stage 1 epoch 36/90    224 s
seed 1004 n25 free_scaled stage 1 epoch 37/90    231 s
seed 1004 n25 free_scaled stage 1 epoch 38/90    237 s
seed 1004 n25 free_scaled stage 1 epoch 39/90    242 s
seed 1004 n25 free_scaled stage 1 epoch 40/90    249 s
seed 1004 n25 free_scaled stage 1 epoch 41/90    255 s
seed 1004 n25 free_scaled stage 1 epoch 42/90    260 s
seed 1004 n25 free_scaled stage 1 epoch 43/90    265 s
seed 1004 n25 free_scaled stage 1 epoch 44/90    270 s
seed 1004 n25 free_scaled stage 1 epoch 45/90    278 s
seed 1004 n25 free_scaled stage 1 epoch 46/90    285 s
seed 1004 n25 free_scaled stage 1 epoch 47/90    291 s
seed 1004 n25 free_scaled stage 1 epoch 48/90    298 s
seed 1004 n25 free_scaled stage 1 epoch 49/90    305 s
seed 1004 n25 free_scaled stage 1 epoch 50/90    310 s
seed 1004 n25 free_scaled stage 1 epoch 51/90    316 s
seed 1004 n25 free_scaled stage 1 epoch 52/90    326 s
seed 1004 n25 free_scaled stage 1 epoch 53/90    337 s
seed 1004 n25 free_scaled stage 1 epoch 54/90    345 s
seed 1004 n25 free_scaled stage 1 epoch 55/90    353 s
seed 1004 n25 free_scaled stage 1 epoch 56/90    359 s
seed 1004 n25 free_scaled stage 1 epoch 57/90    364 s
seed 1004 n25 free_scaled stage 1 epoch 58/90    370 s
seed 1004 n25 free_scaled stage 1 epoch 59/90    376 s
seed 1004 n25 free_scaled stage 1 epoch 60/90    383 s
seed 1004 n25 free_scaled stage 1 epoch 61/90    391 s
seed 1004 n25 free_scaled stage 1 epoch 62/90    399 s
seed 1004 n25 free_scaled stage 1 epoch 63/90    405 s
seed 1004 n25 free_scaled stage 1 epoch 64/90    411 s
seed 1004 n25 free_scaled stage 1 epoch 65/90    416 s
seed 1004 n25 free_scaled stage 1 epoch 66/90    422 s
seed 1004 n25 free_scaled stage 1 epoch 67/90    429 s
seed 1004 n25 free_scaled stage 1 epoch 68/90    436 s
seed 1004 n25 free_scaled stage 1 epoch 69/90    443 s
seed 1004 n25 free_scaled stage 1 epoch 70/90    455 s
seed 1004 n25 free_scaled stage 1 epoch 71/90    464 s
seed 1004 n25 free_scaled stage 1 epoch 72/90    472 s
seed 1004 n25 free_scaled stage 1 epoch 73/90    481 s
seed 1004 n25 free_scaled stage 1 epoch 74/90    490 s
seed 1004 n25 free_scaled stage 1 epoch 75/90    498 s
seed 1004 n25 free_scaled stage 1 epoch 76/90    507 s
seed 1004 n25 free_scaled stage 1 epoch 77/90    512 s
seed 1004 n25 free_scaled stage 1 epoch 78/90    517 s
seed 1004 n25 free_scaled stage 1 epoch 79/90    522 s
seed 1004 n25 free_scaled stage 1 epoch 80/90    527 s
seed 1004 n25 free_scaled stage 1 epoch 81/90    532 s
seed 1004 n25 free_scaled stage 1 epoch 82/90    536 s
seed 1004 n25 free_scaled stage 1 epoch 83/90    541 s
seed 1004 n25 free_scaled stage 1 epoch 84/90    546 s
seed 1004 n25 free_scaled stage 1 epoch 85/90    551 s
seed 1004 n25 free_scaled stage 1 epoch 86/90    555 s
seed 1004 n25 free_scaled stage 1 epoch 87/90    560 s
seed 1004 n25 free_scaled stage 1 epoch 88/90    565 s
seed 1004 n25 free_scaled stage 1 epoch 89/90    571 s
seed 1004 n25 free_scaled stage 1 epoch 90/90    576 s
seed 1004 n25 free_scaled stage 2 epoch  1/90    580 s
seed 1004 n25 free_scaled stage 2 epoch  2/90    582 s
seed 1004 n25 free_scaled stage 2 epoch  3/90    585 s
seed 1004 n25 free_scaled stage 2 epoch  4/90    587 s
seed 1004 n25 free_scaled stage 2 epoch  5/90    589 s
seed 1004 n25 free_scaled stage 2 epoch  6/90    591 s
seed 1004 n25 free_scaled stage 2 epoch  7/90    593 s
seed 1004 n25 free_scaled stage 2 epoch  8/90    595 s
seed 1004 n25 free_scaled stage 2 epoch  9/90    598 s
seed 1004 n25 free_scaled stage 2 epoch 10/90    600 s
seed 1004 n25 free_scaled stage 2 epoch 11/90    603 s
seed 1004 n25 free_scaled stage 2 epoch 12/90    605 s
seed 1004 n25 free_scaled stage 2 epoch 13/90    608 s
seed 1004 n25 free_scaled stage 2 epoch 14/90    610 s
seed 1004 n25 free_scaled stage 2 epoch 15/90    612 s
seed 1004 n25 free_scaled stage 2 epoch 16/90    617 s
seed 1004 n25 free_scaled stage 2 epoch 17/90    623 s
seed 1004 n25 free_scaled stage 2 epoch 18/90    626 s
seed 1004 n25 free_scaled stage 2 epoch 19/90    628 s
seed 1004 n25 free_scaled stage 2 epoch 20/90    630 s
seed 1004 n25 free_scaled stage 2 epoch 21/90    636 s
seed 1004 n25 free_scaled stage 2 epoch 22/90    642 s
seed 1004 n25 free_scaled stage 2 epoch 23/90    644 s
seed 1004 n25 free_scaled stage 2 epoch 24/90    646 s
seed 1004 n25 free_scaled stage 2 epoch 25/90    648 s
seed 1004 n25 free_scaled stage 2 epoch 26/90    650 s
seed 1004 n25 free_scaled stage 2 epoch 27/90    652 s
seed 1004 n25 free_scaled stage 2 epoch 28/90    654 s
seed 1004 n25 free_scaled stage 2 epoch 29/90    656 s
seed 1004 n25 free_scaled stage 2 epoch 30/90    658 s
seed 1004 n25 free_scaled stage 2 epoch 31/90    660 s
seed 1004 n25 free_scaled stage 2 epoch 32/90    665 s
seed 1004 n25 free_scaled stage 2 epoch 33/90    669 s
seed 1004 n25 free_scaled stage 2 epoch 34/90    672 s
seed 1004 n25 free_scaled stage 2 epoch 35/90    676 s
seed 1004 n25 free_scaled stage 2 epoch 36/90    681 s
seed 1004 n25 free_scaled stage 2 epoch 37/90    685 s
seed 1004 n25 free_scaled stage 2 epoch 38/90    688 s
seed 1004 n25 free_scaled stage 2 epoch 39/90    690 s
seed 1004 n25 free_scaled stage 2 epoch 40/90    692 s
seed 1004 n25 free_scaled stage 2 epoch 41/90    695 s
seed 1004 n25 free_scaled stage 2 epoch 42/90    697 s
seed 1004 n25 free_scaled stage 2 epoch 43/90    700 s
seed 1004 n25 free_scaled stage 2 epoch 44/90    702 s
seed 1004 n25 free_scaled stage 2 epoch 45/90    707 s
seed 1004 n25 free_scaled stage 2 epoch 46/90    710 s
seed 1004 n25 free_scaled stage 2 epoch 47/90    712 s
seed 1004 n25 free_scaled stage 2 epoch 48/90    714 s
seed 1004 n25 free_scaled stage 2 epoch 49/90    716 s
seed 1004 n25 free_scaled stage 2 epoch 50/90    718 s
seed 1004 n25 free_scaled stage 2 epoch 51/90    721 s
seed 1004 n25 free_scaled stage 2 epoch 52/90    723 s
seed 1004 n25 free_scaled stage 2 epoch 53/90    725 s
seed 1004 n25 free_scaled stage 2 epoch 54/90    727 s
seed 1004 n25 free_scaled stage 2 epoch 55/90    729 s
seed 1004 n25 free_scaled stage 2 epoch 56/90    731 s
seed 1004 n25 free_scaled stage 2 epoch 57/90    734 s
seed 1004 n25 free_scaled stage 2 epoch 58/90    736 s
seed 1004 n25 free_scaled stage 2 epoch 59/90    737 s
seed 1004 n25 free_scaled stage 2 epoch 60/90    740 s
seed 1004 n25 free_scaled stage 2 epoch 61/90    742 s
seed 1004 n25 free_scaled stage 2 epoch 62/90    745 s
seed 1004 n25 free_scaled stage 2 epoch 63/90    747 s
seed 1004 n25 free_scaled stage 2 epoch 64/90    751 s
seed 1004 n25 free_scaled stage 2 epoch 65/90    753 s
seed 1004 n25 free_scaled stage 2 epoch 66/90    756 s
seed 1004 n25 free_scaled stage 2 epoch 67/90    758 s
seed 1004 n25 free_scaled stage 2 epoch 68/90    761 s
seed 1004 n25 free_scaled stage 2 epoch 69/90    763 s
seed 1004 n25 free_scaled stage 2 epoch 70/90    765 s
seed 1004 n25 free_scaled stage 2 epoch 71/90    767 s
seed 1004 n25 free_scaled stage 2 epoch 72/90    769 s
seed 1004 n25 free_scaled stage 2 epoch 73/90    771 s
seed 1004 n25 free_scaled stage 2 epoch 74/90    773 s
seed 1004 n25 free_scaled stage 2 epoch 75/90    775 s
seed 1004 n25 free_scaled stage 2 epoch 76/90    777 s
seed 1004 n25 free_scaled stage 2 epoch 77/90    779 s
seed 1004 n25 free_scaled stage 2 epoch 78/90    782 s
seed 1004 n25 free_scaled stage 2 epoch 79/90    784 s
seed 1004 n25 free_scaled stage 2 epoch 80/90    786 s
seed 1004 n25 free_scaled stage 2 epoch 81/90    789 s
seed 1004 n25 free_scaled stage 2 epoch 82/90    790 s
seed 1004 n25 free_scaled stage 2 epoch 83/90    792 s
seed 1004 n25 free_scaled stage 2 epoch 84/90    794 s
seed 1004 n25 free_scaled stage 2 epoch 85/90    796 s
seed 1004 n25 free_scaled stage 2 epoch 86/90    798 s
seed 1004 n25 free_scaled stage 2 epoch 87/90    801 s
seed 1004 n25 free_scaled stage 2 epoch 88/90    803 s
seed 1004 n25 free_scaled stage 2 epoch 89/90    806 s
seed 1004 n25 free_scaled stage 2 epoch 90/90    807 s
seed 1004 n25 prescribed_std stage 2 epoch  1/90      2 s
seed 1004 n25 prescribed_std stage 2 epoch  2/90      4 s
seed 1004 n25 prescribed_std stage 2 epoch  3/90      5 s
seed 1004 n25 prescribed_std stage 2 epoch  4/90      7 s
seed 1004 n25 prescribed_std stage 2 epoch  5/90      9 s
seed 1004 n25 prescribed_std stage 2 epoch  6/90     12 s
seed 1004 n25 prescribed_std stage 2 epoch  7/90     15 s
seed 1004 n25 prescribed_std stage 2 epoch  8/90     18 s
seed 1004 n25 prescribed_std stage 2 epoch  9/90     20 s
seed 1004 n25 prescribed_std stage 2 epoch 10/90     22 s
seed 1004 n25 prescribed_std stage 2 epoch 11/90     24 s
seed 1004 n25 prescribed_std stage 2 epoch 12/90     26 s
seed 1004 n25 prescribed_std stage 2 epoch 13/90     28 s
seed 1004 n25 prescribed_std stage 2 epoch 14/90     30 s
seed 1004 n25 prescribed_std stage 2 epoch 15/90     33 s
seed 1004 n25 prescribed_std stage 2 epoch 16/90     35 s
seed 1004 n25 prescribed_std stage 2 epoch 17/90     37 s
seed 1004 n25 prescribed_std stage 2 epoch 18/90     39 s
seed 1004 n25 prescribed_std stage 2 epoch 19/90     41 s
seed 1004 n25 prescribed_std stage 2 epoch 20/90     43 s
seed 1004 n25 prescribed_std stage 2 epoch 21/90     45 s
seed 1004 n25 prescribed_std stage 2 epoch 22/90     48 s
seed 1004 n25 prescribed_std stage 2 epoch 23/90     50 s
seed 1004 n25 prescribed_std stage 2 epoch 24/90     52 s
seed 1004 n25 prescribed_std stage 2 epoch 25/90     57 s
seed 1004 n25 prescribed_std stage 2 epoch 26/90     61 s
seed 1004 n25 prescribed_std stage 2 epoch 27/90     63 s
seed 1004 n25 prescribed_std stage 2 epoch 28/90     65 s
seed 1004 n25 prescribed_std stage 2 epoch 29/90     67 s
seed 1004 n25 prescribed_std stage 2 epoch 30/90     70 s
seed 1004 n25 prescribed_std stage 2 epoch 31/90     73 s
seed 1004 n25 prescribed_std stage 2 epoch 32/90     75 s
seed 1004 n25 prescribed_std stage 2 epoch 33/90     77 s
seed 1004 n25 prescribed_std stage 2 epoch 34/90     79 s
seed 1004 n25 prescribed_std stage 2 epoch 35/90     81 s
seed 1004 n25 prescribed_std stage 2 epoch 36/90     83 s
seed 1004 n25 prescribed_std stage 2 epoch 37/90     84 s
seed 1004 n25 prescribed_std stage 2 epoch 38/90     87 s
seed 1004 n25 prescribed_std stage 2 epoch 39/90     89 s
seed 1004 n25 prescribed_std stage 2 epoch 40/90     91 s
seed 1004 n25 prescribed_std stage 2 epoch 41/90     93 s
seed 1004 n25 prescribed_std stage 2 epoch 42/90     95 s
seed 1004 n25 prescribed_std stage 2 epoch 43/90     97 s
seed 1004 n25 prescribed_std stage 2 epoch 44/90     98 s
seed 1004 n25 prescribed_std stage 2 epoch 45/90    100 s
seed 1004 n25 prescribed_std stage 2 epoch 46/90    102 s
seed 1004 n25 prescribed_std stage 2 epoch 47/90    104 s
seed 1004 n25 prescribed_std stage 2 epoch 48/90    106 s
seed 1004 n25 prescribed_std stage 2 epoch 49/90    110 s
seed 1004 n25 prescribed_std stage 2 epoch 50/90    114 s
seed 1004 n25 prescribed_std stage 2 epoch 51/90    116 s
seed 1004 n25 prescribed_std stage 2 epoch 52/90    118 s
seed 1004 n25 prescribed_std stage 2 epoch 53/90    121 s
seed 1004 n25 prescribed_std stage 2 epoch 54/90    123 s
seed 1004 n25 prescribed_std stage 2 epoch 55/90    125 s
seed 1004 n25 prescribed_std stage 2 epoch 56/90    127 s
seed 1004 n25 prescribed_std stage 2 epoch 57/90    129 s
seed 1004 n25 prescribed_std stage 2 epoch 58/90    132 s
seed 1004 n25 prescribed_std stage 2 epoch 59/90    134 s
seed 1004 n25 prescribed_std stage 2 epoch 60/90    136 s
seed 1004 n25 prescribed_std stage 2 epoch 61/90    138 s
seed 1004 n25 prescribed_std stage 2 epoch 62/90    140 s
seed 1004 n25 prescribed_std stage 2 epoch 63/90    143 s
seed 1004 n25 prescribed_std stage 2 epoch 64/90    145 s
seed 1004 n25 prescribed_std stage 2 epoch 65/90    147 s
seed 1004 n25 prescribed_std stage 2 epoch 66/90    149 s
seed 1004 n25 prescribed_std stage 2 epoch 67/90    151 s
seed 1004 n25 prescribed_std stage 2 epoch 68/90    153 s
seed 1004 n25 prescribed_std stage 2 epoch 69/90    155 s
seed 1004 n25 prescribed_std stage 2 epoch 70/90    157 s
seed 1004 n25 prescribed_std stage 2 epoch 71/90    160 s
seed 1004 n25 prescribed_std stage 2 epoch 72/90    162 s
seed 1004 n25 prescribed_std stage 2 epoch 73/90    164 s
seed 1004 n25 prescribed_std stage 2 epoch 74/90    166 s
seed 1004 n25 prescribed_std stage 2 epoch 75/90    169 s
seed 1004 n25 prescribed_std stage 2 epoch 76/90    171 s
seed 1004 n25 prescribed_std stage 2 epoch 77/90    173 s
seed 1004 n25 prescribed_std stage 2 epoch 78/90    175 s
seed 1004 n25 prescribed_std stage 2 epoch 79/90    177 s
seed 1004 n25 prescribed_std stage 2 epoch 80/90    179 s
seed 1004 n25 prescribed_std stage 2 epoch 81/90    181 s
seed 1004 n25 prescribed_std stage 2 epoch 82/90    184 s
seed 1004 n25 prescribed_std stage 2 epoch 83/90    187 s
seed 1004 n25 prescribed_std stage 2 epoch 84/90    189 s
seed 1004 n25 prescribed_std stage 2 epoch 85/90    191 s
seed 1004 n25 prescribed_std stage 2 epoch 86/90    193 s
seed 1004 n25 prescribed_std stage 2 epoch 87/90    195 s
seed 1004 n25 prescribed_std stage 2 epoch 88/90    198 s
seed 1004 n25 prescribed_std stage 2 epoch 89/90    200 s
seed 1004 n25 prescribed_std stage 2 epoch 90/90    202 s
seed 1004 n200 free_scaled stage 1 epoch  1/90     48 s
seed 1004 n200 free_scaled stage 1 epoch  2/90     96 s
seed 1004 n200 free_scaled stage 1 epoch  3/90    143 s
seed 1004 n200 free_scaled stage 1 epoch  4/90    189 s
seed 1004 n200 free_scaled stage 1 epoch  5/90    241 s
seed 1004 n200 free_scaled stage 1 epoch  6/90    292 s
seed 1004 n200 free_scaled stage 1 epoch  7/90    351 s
seed 1004 n200 free_scaled stage 1 epoch  8/90    408 s
seed 1004 n200 free_scaled stage 1 epoch  9/90    446 s
seed 1004 n200 free_scaled stage 1 epoch 10/90    485 s
seed 1004 n200 free_scaled stage 1 epoch 11/90    524 s
seed 1004 n200 free_scaled stage 1 epoch 12/90    571 s
seed 1004 n200 free_scaled stage 1 epoch 13/90    609 s
seed 1004 n200 free_scaled stage 1 epoch 14/90    672 s
seed 1004 n200 free_scaled stage 1 epoch 15/90    737 s
seed 1004 n200 free_scaled stage 1 epoch 16/90    792 s
seed 1004 n200 free_scaled stage 1 epoch 17/90    854 s
seed 1004 n200 free_scaled stage 1 epoch 18/90    900 s
seed 1004 n200 free_scaled stage 1 epoch 19/90    948 s
seed 1004 n200 free_scaled stage 1 epoch 20/90    995 s
seed 1004 n200 free_scaled stage 1 epoch 21/90   1045 s
seed 1004 n200 free_scaled stage 1 epoch 22/90   1122 s
seed 1004 n200 free_scaled stage 1 epoch 23/90   1176 s
seed 1004 n200 free_scaled stage 1 epoch 24/90   1223 s
seed 1004 n200 free_scaled stage 1 epoch 25/90   1277 s
seed 1004 n200 free_scaled stage 1 epoch 26/90   1329 s
seed 1004 n200 free_scaled stage 1 epoch 27/90   1372 s
seed 1004 n200 free_scaled stage 1 epoch 28/90   1416 s
seed 1004 n200 free_scaled stage 1 epoch 29/90   1488 s
seed 1004 n200 free_scaled stage 1 epoch 30/90   1555 s
seed 1004 n200 free_scaled stage 1 epoch 31/90   1605 s
seed 1004 n200 free_scaled stage 1 epoch 32/90   1664 s
seed 1004 n200 free_scaled stage 1 epoch 33/90   1721 s
seed 1004 n200 free_scaled stage 1 epoch 34/90   1765 s
seed 1004 n200 free_scaled stage 1 epoch 35/90   1812 s
seed 1004 n200 free_scaled stage 1 epoch 36/90   1859 s
seed 1004 n200 free_scaled stage 1 epoch 37/90   1904 s
seed 1004 n200 free_scaled stage 1 epoch 38/90   1942 s
seed 1004 n200 free_scaled stage 1 epoch 39/90   1979 s
seed 1004 n200 free_scaled stage 1 epoch 40/90   2017 s
seed 1004 n200 free_scaled stage 1 epoch 41/90   2056 s
seed 1004 n200 free_scaled stage 1 epoch 42/90   2119 s
seed 1004 n200 free_scaled stage 1 epoch 43/90   2218 s
seed 1004 n200 free_scaled stage 1 epoch 44/90   2334 s
seed 1004 n200 free_scaled stage 1 epoch 45/90   2440 s
seed 1004 n200 free_scaled stage 1 epoch 46/90   2539 s
seed 1004 n200 free_scaled stage 1 epoch 47/90   2643 s
seed 1004 n200 free_scaled stage 1 epoch 48/90   2756 s
seed 1004 n200 free_scaled stage 1 epoch 49/90   2860 s
seed 1004 n200 free_scaled stage 1 epoch 50/90   2961 s
seed 1004 n200 free_scaled stage 1 epoch 51/90   3061 s
seed 1004 n200 free_scaled stage 1 epoch 52/90   3180 s
seed 1004 n200 free_scaled stage 1 epoch 53/90   3295 s
seed 1004 n200 free_scaled stage 1 epoch 54/90   3363 s
seed 1004 n200 free_scaled stage 1 epoch 55/90   3410 s
seed 1004 n200 free_scaled stage 1 epoch 56/90   3455 s
seed 1004 n200 free_scaled stage 1 epoch 57/90   3502 s
seed 1004 n200 free_scaled stage 1 epoch 58/90   3551 s
seed 1004 n200 free_scaled stage 1 epoch 59/90   3606 s
seed 1004 n200 free_scaled stage 1 epoch 60/90   3664 s
seed 1004 n200 free_scaled stage 1 epoch 61/90   3714 s
seed 1004 n200 free_scaled stage 1 epoch 62/90   3770 s
seed 1004 n200 free_scaled stage 1 epoch 63/90   3829 s
seed 1004 n200 free_scaled stage 1 epoch 64/90   3894 s
seed 1004 n200 free_scaled stage 1 epoch 65/90   3965 s
seed 1004 n200 free_scaled stage 1 epoch 66/90   4028 s
seed 1004 n200 free_scaled stage 1 epoch 67/90   4086 s
seed 1004 n200 free_scaled stage 1 epoch 68/90   4143 s
seed 1004 n200 free_scaled stage 1 epoch 69/90   4193 s
seed 1004 n200 free_scaled stage 1 epoch 70/90   4253 s
seed 1004 n200 free_scaled stage 1 epoch 71/90   4325 s
seed 1004 n200 free_scaled stage 1 epoch 72/90   4398 s
seed 1004 n200 free_scaled stage 1 epoch 73/90   4463 s
seed 1004 n200 free_scaled stage 1 epoch 74/90   4534 s
seed 1004 n200 free_scaled stage 1 epoch 75/90   4599 s
seed 1004 n200 free_scaled stage 1 epoch 76/90   4670 s
seed 1004 n200 free_scaled stage 1 epoch 77/90   4737 s
seed 1004 n200 free_scaled stage 1 epoch 78/90   4792 s
seed 1004 n200 free_scaled stage 1 epoch 79/90   4854 s
seed 1004 n200 free_scaled stage 1 epoch 80/90   4923 s
seed 1004 n200 free_scaled stage 1 epoch 81/90   4997 s
seed 1004 n200 free_scaled stage 1 epoch 82/90   5070 s
seed 1004 n200 free_scaled stage 1 epoch 83/90   5144 s
seed 1004 n200 free_scaled stage 1 epoch 84/90   5217 s
seed 1004 n200 free_scaled stage 1 epoch 85/90   5292 s
seed 1004 n200 free_scaled stage 1 epoch 86/90   5366 s
seed 1004 n200 free_scaled stage 1 epoch 87/90   5439 s
seed 1004 n200 free_scaled stage 1 epoch 88/90   5516 s
seed 1004 n200 free_scaled stage 1 epoch 89/90   5591 s
seed 1004 n200 free_scaled stage 1 epoch 90/90   5666 s
seed 1004 n200 free_scaled stage 2 epoch  1/90   5696 s
seed 1004 n200 free_scaled stage 2 epoch  2/90   5727 s
seed 1004 n200 free_scaled stage 2 epoch  3/90   5757 s
seed 1004 n200 free_scaled stage 2 epoch  4/90   5786 s
seed 1004 n200 free_scaled stage 2 epoch  5/90   5814 s
seed 1004 n200 free_scaled stage 2 epoch  6/90   5840 s
seed 1004 n200 free_scaled stage 2 epoch  7/90   5866 s
seed 1004 n200 free_scaled stage 2 epoch  8/90   5891 s
seed 1004 n200 free_scaled stage 2 epoch  9/90   5923 s
seed 1004 n200 free_scaled stage 2 epoch 10/90   5955 s
seed 1004 n200 free_scaled stage 2 epoch 11/90   5985 s
seed 1004 n200 free_scaled stage 2 epoch 12/90   6015 s
seed 1004 n200 free_scaled stage 2 epoch 13/90   6046 s
seed 1004 n200 free_scaled stage 2 epoch 14/90   6077 s
seed 1004 n200 free_scaled stage 2 epoch 15/90   6107 s
seed 1004 n200 free_scaled stage 2 epoch 16/90   6138 s
seed 1004 n200 free_scaled stage 2 epoch 17/90   6168 s
seed 1004 n200 free_scaled stage 2 epoch 18/90   6199 s
seed 1004 n200 free_scaled stage 2 epoch 19/90   6229 s
seed 1004 n200 free_scaled stage 2 epoch 20/90   6260 s
seed 1004 n200 free_scaled stage 2 epoch 21/90   6290 s
seed 1004 n200 free_scaled stage 2 epoch 22/90   6321 s
seed 1004 n200 free_scaled stage 2 epoch 23/90   6351 s
seed 1004 n200 free_scaled stage 2 epoch 24/90   6383 s
seed 1004 n200 free_scaled stage 2 epoch 25/90   6414 s
seed 1004 n200 free_scaled stage 2 epoch 26/90   6443 s
seed 1004 n200 free_scaled stage 2 epoch 27/90   6469 s
seed 1004 n200 free_scaled stage 2 epoch 28/90   6498 s
seed 1004 n200 free_scaled stage 2 epoch 29/90   6526 s
seed 1004 n200 free_scaled stage 2 epoch 30/90   6556 s
seed 1004 n200 free_scaled stage 2 epoch 31/90   6582 s
seed 1004 n200 free_scaled stage 2 epoch 32/90   6626 s
seed 1004 n200 free_scaled stage 2 epoch 33/90   6653 s
seed 1004 n200 free_scaled stage 2 epoch 34/90   6678 s
seed 1004 n200 free_scaled stage 2 epoch 35/90   6704 s
seed 1004 n200 free_scaled stage 2 epoch 36/90   6731 s
seed 1004 n200 free_scaled stage 2 epoch 37/90   6758 s
seed 1004 n200 free_scaled stage 2 epoch 38/90   6786 s
seed 1004 n200 free_scaled stage 2 epoch 39/90   6814 s
seed 1004 n200 free_scaled stage 2 epoch 40/90   6852 s
seed 1004 n200 free_scaled stage 2 epoch 41/90   6887 s
seed 1004 n200 free_scaled stage 2 epoch 42/90   6926 s
seed 1004 n200 free_scaled stage 2 epoch 43/90   6984 s
seed 1004 n200 free_scaled stage 2 epoch 44/90   7016 s
seed 1004 n200 free_scaled stage 2 epoch 45/90   7050 s
seed 1004 n200 free_scaled stage 2 epoch 46/90   7081 s
seed 1004 n200 free_scaled stage 2 epoch 47/90   7108 s
seed 1004 n200 free_scaled stage 2 epoch 48/90   7143 s
seed 1004 n200 free_scaled stage 2 epoch 49/90   7178 s
seed 1004 n200 free_scaled stage 2 epoch 50/90   7209 s
seed 1004 n200 free_scaled stage 2 epoch 51/90   7240 s
seed 1004 n200 free_scaled stage 2 epoch 52/90   7271 s
seed 1004 n200 free_scaled stage 2 epoch 53/90   7299 s
seed 1004 n200 free_scaled stage 2 epoch 54/90   7328 s
seed 1004 n200 free_scaled stage 2 epoch 55/90   7357 s
seed 1004 n200 free_scaled stage 2 epoch 56/90   7388 s
seed 1004 n200 free_scaled stage 2 epoch 57/90   7417 s
seed 1004 n200 free_scaled stage 2 epoch 58/90   7444 s
seed 1004 n200 free_scaled stage 2 epoch 59/90   7473 s
seed 1004 n200 free_scaled stage 2 epoch 60/90   7504 s
seed 1004 n200 free_scaled stage 2 epoch 61/90   7531 s
seed 1004 n200 free_scaled stage 2 epoch 62/90   7556 s
seed 1004 n200 free_scaled stage 2 epoch 63/90   7583 s
seed 1004 n200 free_scaled stage 2 epoch 64/90   7606 s
seed 1004 n200 free_scaled stage 2 epoch 65/90   7631 s
seed 1004 n200 free_scaled stage 2 epoch 66/90   7653 s
seed 1004 n200 free_scaled stage 2 epoch 67/90   7678 s
seed 1004 n200 free_scaled stage 2 epoch 68/90   7706 s
seed 1004 n200 free_scaled stage 2 epoch 69/90   7735 s
seed 1004 n200 free_scaled stage 2 epoch 70/90   7768 s
seed 1004 n200 free_scaled stage 2 epoch 71/90   7796 s
seed 1004 n200 free_scaled stage 2 epoch 72/90   7828 s
seed 1004 n200 free_scaled stage 2 epoch 73/90   7864 s
seed 1004 n200 free_scaled stage 2 epoch 74/90   7892 s
seed 1004 n200 free_scaled stage 2 epoch 75/90   7922 s
seed 1004 n200 free_scaled stage 2 epoch 76/90   7950 s
seed 1004 n200 free_scaled stage 2 epoch 77/90   7986 s
seed 1004 n200 free_scaled stage 2 epoch 78/90   8016 s
seed 1004 n200 free_scaled stage 2 epoch 79/90   8047 s
seed 1004 n200 free_scaled stage 2 epoch 80/90   8106 s
seed 1004 n200 free_scaled stage 2 epoch 81/90   8137 s
seed 1004 n200 free_scaled stage 2 epoch 82/90   8171 s
seed 1004 n200 free_scaled stage 2 epoch 83/90   8202 s
seed 1004 n200 free_scaled stage 2 epoch 84/90   8235 s
seed 1004 n200 free_scaled stage 2 epoch 85/90   8268 s
seed 1004 n200 free_scaled stage 2 epoch 86/90   8303 s
seed 1004 n200 free_scaled stage 2 epoch 87/90   8339 s
seed 1004 n200 free_scaled stage 2 epoch 88/90   8384 s
seed 1004 n200 free_scaled stage 2 epoch 89/90   8439 s
seed 1004 n200 free_scaled stage 2 epoch 90/90   8477 s
seed 1004 n200 prescribed_std stage 2 epoch  1/90     43 s
seed 1004 n200 prescribed_std stage 2 epoch  2/90     79 s
seed 1004 n200 prescribed_std stage 2 epoch  3/90    138 s
seed 1004 n200 prescribed_std stage 2 epoch  4/90    183 s
seed 1004 n200 prescribed_std stage 2 epoch  5/90    218 s
seed 1004 n200 prescribed_std stage 2 epoch  6/90    257 s
seed 1004 n200 prescribed_std stage 2 epoch  7/90    294 s
seed 1004 n200 prescribed_std stage 2 epoch  8/90    324 s
seed 1004 n200 prescribed_std stage 2 epoch  9/90    360 s
seed 1004 n200 prescribed_std stage 2 epoch 10/90    440 s
seed 1004 n200 prescribed_std stage 2 epoch 11/90    578 s
seed 1004 n200 prescribed_std stage 2 epoch 12/90    633 s
seed 1004 n200 prescribed_std stage 2 epoch 13/90    678 s
seed 1004 n200 prescribed_std stage 2 epoch 14/90    726 s
seed 1004 n200 prescribed_std stage 2 epoch 15/90    791 s
seed 1004 n200 prescribed_std stage 2 epoch 16/90    899 s
seed 1004 n200 prescribed_std stage 2 epoch 17/90    955 s
seed 1004 n200 prescribed_std stage 2 epoch 18/90    994 s
seed 1004 n200 prescribed_std stage 2 epoch 19/90   1034 s
seed 1004 n200 prescribed_std stage 2 epoch 20/90   1070 s
seed 1004 n200 prescribed_std stage 2 epoch 21/90   1111 s
seed 1004 n200 prescribed_std stage 2 epoch 22/90   1175 s
seed 1004 n200 prescribed_std stage 2 epoch 23/90   1241 s
seed 1004 n200 prescribed_std stage 2 epoch 24/90   1294 s
seed 1004 n200 prescribed_std stage 2 epoch 25/90   1335 s
seed 1004 n200 prescribed_std stage 2 epoch 26/90   1394 s
seed 1004 n200 prescribed_std stage 2 epoch 27/90   1454 s
seed 1004 n200 prescribed_std stage 2 epoch 28/90   1499 s
seed 1004 n200 prescribed_std stage 2 epoch 29/90   1530 s
seed 1004 n200 prescribed_std stage 2 epoch 30/90   1557 s
seed 1004 n200 prescribed_std stage 2 epoch 31/90   1583 s
seed 1004 n200 prescribed_std stage 2 epoch 32/90   1610 s
seed 1004 n200 prescribed_std stage 2 epoch 33/90   1637 s
seed 1004 n200 prescribed_std stage 2 epoch 34/90   1664 s
seed 1004 n200 prescribed_std stage 2 epoch 35/90   1693 s
seed 1004 n200 prescribed_std stage 2 epoch 36/90   1723 s
seed 1004 n200 prescribed_std stage 2 epoch 37/90   1749 s
seed 1004 n200 prescribed_std stage 2 epoch 38/90   1787 s
seed 1004 n200 prescribed_std stage 2 epoch 39/90   1822 s
seed 1004 n200 prescribed_std stage 2 epoch 40/90   1855 s
seed 1004 n200 prescribed_std stage 2 epoch 41/90   1889 s
seed 1004 n200 prescribed_std stage 2 epoch 42/90   1925 s
seed 1004 n200 prescribed_std stage 2 epoch 43/90   1967 s
seed 1004 n200 prescribed_std stage 2 epoch 44/90   2047 s
seed 1004 n200 prescribed_std stage 2 epoch 45/90   2124 s
seed 1004 n200 prescribed_std stage 2 epoch 46/90   2168 s
seed 1004 n200 prescribed_std stage 2 epoch 47/90   2215 s
seed 1004 n200 prescribed_std stage 2 epoch 48/90   2267 s
seed 1004 n200 prescribed_std stage 2 epoch 49/90   2333 s
seed 1004 n200 prescribed_std stage 2 epoch 50/90   2378 s
seed 1004 n200 prescribed_std stage 2 epoch 51/90   2450 s
seed 1004 n200 prescribed_std stage 2 epoch 52/90   2521 s
seed 1004 n200 prescribed_std stage 2 epoch 53/90   2570 s
seed 1004 n200 prescribed_std stage 2 epoch 54/90   2610 s
seed 1004 n200 prescribed_std stage 2 epoch 55/90   2647 s
seed 1004 n200 prescribed_std stage 2 epoch 56/90   2678 s
seed 1004 n200 prescribed_std stage 2 epoch 57/90   2712 s
seed 1004 n200 prescribed_std stage 2 epoch 58/90   2744 s
seed 1004 n200 prescribed_std stage 2 epoch 59/90   2777 s
seed 1004 n200 prescribed_std stage 2 epoch 60/90   2807 s
seed 1004 n200 prescribed_std stage 2 epoch 61/90   2840 s
seed 1004 n200 prescribed_std stage 2 epoch 62/90   2873 s
seed 1004 n200 prescribed_std stage 2 epoch 63/90   2904 s
seed 1004 n200 prescribed_std stage 2 epoch 64/90   2938 s
seed 1004 n200 prescribed_std stage 2 epoch 65/90   2970 s
seed 1004 n200 prescribed_std stage 2 epoch 66/90   3003 s
seed 1004 n200 prescribed_std stage 2 epoch 67/90   3036 s
seed 1004 n200 prescribed_std stage 2 epoch 68/90   3080 s
seed 1004 n200 prescribed_std stage 2 epoch 69/90   3126 s
seed 1004 n200 prescribed_std stage 2 epoch 70/90   3158 s
seed 1004 n200 prescribed_std stage 2 epoch 71/90   3191 s
seed 1004 n200 prescribed_std stage 2 epoch 72/90   3222 s
seed 1004 n200 prescribed_std stage 2 epoch 73/90   3253 s
seed 1004 n200 prescribed_std stage 2 epoch 74/90   3283 s
seed 1004 n200 prescribed_std stage 2 epoch 75/90   3313 s
seed 1004 n200 prescribed_std stage 2 epoch 76/90   3347 s
seed 1004 n200 prescribed_std stage 2 epoch 77/90   3377 s
seed 1004 n200 prescribed_std stage 2 epoch 78/90   3406 s
seed 1004 n200 prescribed_std stage 2 epoch 79/90   3438 s
seed 1004 n200 prescribed_std stage 2 epoch 80/90   3470 s
seed 1004 n200 prescribed_std stage 2 epoch 81/90   3499 s
seed 1004 n200 prescribed_std stage 2 epoch 82/90   3530 s
seed 1004 n200 prescribed_std stage 2 epoch 83/90   3561 s
seed 1004 n200 prescribed_std stage 2 epoch 84/90   3592 s
seed 1004 n200 prescribed_std stage 2 epoch 85/90   3622 s
seed 1004 n200 prescribed_std stage 2 epoch 86/90   3652 s
seed 1004 n200 prescribed_std stage 2 epoch 87/90   3682 s
seed 1004 n200 prescribed_std stage 2 epoch 88/90   3713 s
seed 1004 n200 prescribed_std stage 2 epoch 89/90   3743 s
seed 1004 n200 prescribed_std stage 2 epoch 90/90   3773 s
seed 1004: written
seed 1007 n25 free_scaled stage 1 epoch  1/90     11 s
seed 1007 n25 free_scaled stage 1 epoch  2/90     21 s
seed 1007 n25 free_scaled stage 1 epoch  3/90     31 s
seed 1007 n25 free_scaled stage 1 epoch  4/90     41 s
seed 1007 n25 free_scaled stage 1 epoch  5/90     51 s
seed 1007 n25 free_scaled stage 1 epoch  6/90     61 s
seed 1007 n25 free_scaled stage 1 epoch  7/90     71 s
seed 1007 n25 free_scaled stage 1 epoch  8/90     82 s
seed 1007 n25 free_scaled stage 1 epoch  9/90     92 s
seed 1007 n25 free_scaled stage 1 epoch 10/90    102 s
seed 1007 n25 free_scaled stage 1 epoch 11/90    113 s
seed 1007 n25 free_scaled stage 1 epoch 12/90    122 s
seed 1007 n25 free_scaled stage 1 epoch 13/90    133 s
seed 1007 n25 free_scaled stage 1 epoch 14/90    143 s
seed 1007 n25 free_scaled stage 1 epoch 15/90    153 s
seed 1007 n25 free_scaled stage 1 epoch 16/90    163 s
seed 1007 n25 free_scaled stage 1 epoch 17/90    173 s
seed 1007 n25 free_scaled stage 1 epoch 18/90    183 s
seed 1007 n25 free_scaled stage 1 epoch 19/90    194 s
seed 1007 n25 free_scaled stage 1 epoch 20/90    203 s
seed 1007 n25 free_scaled stage 1 epoch 21/90    215 s
seed 1007 n25 free_scaled stage 1 epoch 22/90    225 s
seed 1007 n25 free_scaled stage 1 epoch 23/90    235 s
seed 1007 n25 free_scaled stage 1 epoch 24/90    245 s
seed 1007 n25 free_scaled stage 1 epoch 25/90    256 s
seed 1007 n25 free_scaled stage 1 epoch 26/90    266 s
seed 1007 n25 free_scaled stage 1 epoch 27/90    276 s
seed 1007 n25 free_scaled stage 1 epoch 28/90    286 s
seed 1007 n25 free_scaled stage 1 epoch 29/90    296 s
seed 1007 n25 free_scaled stage 1 epoch 30/90    306 s
seed 1007 n25 free_scaled stage 1 epoch 31/90    317 s
seed 1007 n25 free_scaled stage 1 epoch 32/90    327 s
seed 1007 n25 free_scaled stage 1 epoch 33/90    337 s
seed 1007 n25 free_scaled stage 1 epoch 34/90    347 s
seed 1007 n25 free_scaled stage 1 epoch 35/90    357 s
seed 1007 n25 free_scaled stage 1 epoch 36/90    367 s
seed 1007 n25 free_scaled stage 1 epoch 37/90    377 s
seed 1007 n25 free_scaled stage 1 epoch 38/90    388 s
seed 1007 n25 free_scaled stage 1 epoch 39/90    398 s
seed 1007 n25 free_scaled stage 1 epoch 40/90    408 s
seed 1007 n25 free_scaled stage 1 epoch 41/90    418 s
seed 1007 n25 free_scaled stage 1 epoch 42/90    427 s
seed 1007 n25 free_scaled stage 1 epoch 43/90    437 s
seed 1007 n25 free_scaled stage 1 epoch 44/90    447 s
seed 1007 n25 free_scaled stage 1 epoch 45/90    456 s
seed 1007 n25 free_scaled stage 1 epoch 46/90    468 s
seed 1007 n25 free_scaled stage 1 epoch 47/90    479 s
seed 1007 n25 free_scaled stage 1 epoch 48/90    489 s
seed 1007 n25 free_scaled stage 1 epoch 49/90    501 s
seed 1007 n25 free_scaled stage 1 epoch 50/90    511 s
seed 1007 n25 free_scaled stage 1 epoch 51/90    520 s
seed 1007 n25 free_scaled stage 1 epoch 52/90    531 s
seed 1007 n25 free_scaled stage 1 epoch 53/90    542 s
seed 1007 n25 free_scaled stage 1 epoch 54/90    552 s
seed 1007 n25 free_scaled stage 1 epoch 55/90    561 s
seed 1007 n25 free_scaled stage 1 epoch 56/90    570 s
seed 1007 n25 free_scaled stage 1 epoch 57/90    579 s
seed 1007 n25 free_scaled stage 1 epoch 58/90    588 s
seed 1007 n25 free_scaled stage 1 epoch 59/90    596 s
seed 1007 n25 free_scaled stage 1 epoch 60/90    605 s
seed 1007 n25 free_scaled stage 1 epoch 61/90    614 s
seed 1007 n25 free_scaled stage 1 epoch 62/90    624 s
seed 1007 n25 free_scaled stage 1 epoch 63/90    632 s
seed 1007 n25 free_scaled stage 1 epoch 64/90    641 s
seed 1007 n25 free_scaled stage 1 epoch 65/90    649 s
seed 1007 n25 free_scaled stage 1 epoch 66/90    657 s
seed 1007 n25 free_scaled stage 1 epoch 67/90    667 s
seed 1007 n25 free_scaled stage 1 epoch 68/90    677 s
seed 1007 n25 free_scaled stage 1 epoch 69/90    686 s
seed 1007 n25 free_scaled stage 1 epoch 70/90    695 s
seed 1007 n25 free_scaled stage 1 epoch 71/90    705 s
seed 1007 n25 free_scaled stage 1 epoch 72/90    713 s
seed 1007 n25 free_scaled stage 1 epoch 73/90    721 s
seed 1007 n25 free_scaled stage 1 epoch 74/90    732 s
seed 1007 n25 free_scaled stage 1 epoch 75/90    741 s
seed 1007 n25 free_scaled stage 1 epoch 76/90    752 s
seed 1007 n25 free_scaled stage 1 epoch 77/90    763 s
seed 1007 n25 free_scaled stage 1 epoch 78/90    775 s
seed 1007 n25 free_scaled stage 1 epoch 79/90    787 s
seed 1007 n25 free_scaled stage 1 epoch 80/90    797 s
seed 1007 n25 free_scaled stage 1 epoch 81/90    808 s
seed 1007 n25 free_scaled stage 1 epoch 82/90    818 s
seed 1007 n25 free_scaled stage 1 epoch 83/90    829 s
seed 1007 n25 free_scaled stage 1 epoch 84/90    839 s
seed 1007 n25 free_scaled stage 1 epoch 85/90    850 s
seed 1007 n25 free_scaled stage 1 epoch 86/90    860 s
seed 1007 n25 free_scaled stage 1 epoch 87/90    870 s
seed 1007 n25 free_scaled stage 1 epoch 88/90    882 s
seed 1007 n25 free_scaled stage 1 epoch 89/90    892 s
seed 1007 n25 free_scaled stage 1 epoch 90/90    902 s
seed 1007 n25 free_scaled stage 2 epoch  1/90    906 s
seed 1007 n25 free_scaled stage 2 epoch  2/90    911 s
seed 1007 n25 free_scaled stage 2 epoch  3/90    914 s
seed 1007 n25 free_scaled stage 2 epoch  4/90    918 s
seed 1007 n25 free_scaled stage 2 epoch  5/90    922 s
seed 1007 n25 free_scaled stage 2 epoch  6/90    926 s
seed 1007 n25 free_scaled stage 2 epoch  7/90    930 s
seed 1007 n25 free_scaled stage 2 epoch  8/90    934 s
seed 1007 n25 free_scaled stage 2 epoch  9/90    938 s
seed 1007 n25 free_scaled stage 2 epoch 10/90    942 s
seed 1007 n25 free_scaled stage 2 epoch 11/90    946 s
seed 1007 n25 free_scaled stage 2 epoch 12/90    950 s
seed 1007 n25 free_scaled stage 2 epoch 13/90    955 s
seed 1007 n25 free_scaled stage 2 epoch 14/90    959 s
seed 1007 n25 free_scaled stage 2 epoch 15/90    963 s
seed 1007 n25 free_scaled stage 2 epoch 16/90    967 s
seed 1007 n25 free_scaled stage 2 epoch 17/90    971 s
seed 1007 n25 free_scaled stage 2 epoch 18/90    975 s
seed 1007 n25 free_scaled stage 2 epoch 19/90    979 s
seed 1007 n25 free_scaled stage 2 epoch 20/90    983 s
seed 1007 n25 free_scaled stage 2 epoch 21/90    987 s
seed 1007 n25 free_scaled stage 2 epoch 22/90    991 s
seed 1007 n25 free_scaled stage 2 epoch 23/90    995 s
seed 1007 n25 free_scaled stage 2 epoch 24/90    999 s
seed 1007 n25 free_scaled stage 2 epoch 25/90   1003 s
seed 1007 n25 free_scaled stage 2 epoch 26/90   1007 s
seed 1007 n25 free_scaled stage 2 epoch 27/90   1011 s
seed 1007 n25 free_scaled stage 2 epoch 28/90   1015 s
seed 1007 n25 free_scaled stage 2 epoch 29/90   1019 s
seed 1007 n25 free_scaled stage 2 epoch 30/90   1023 s
seed 1007 n25 free_scaled stage 2 epoch 31/90   1027 s
seed 1007 n25 free_scaled stage 2 epoch 32/90   1030 s
seed 1007 n25 free_scaled stage 2 epoch 33/90   1035 s
seed 1007 n25 free_scaled stage 2 epoch 34/90   1038 s
seed 1007 n25 free_scaled stage 2 epoch 35/90   1042 s
seed 1007 n25 free_scaled stage 2 epoch 36/90   1046 s
seed 1007 n25 free_scaled stage 2 epoch 37/90   1050 s
seed 1007 n25 free_scaled stage 2 epoch 38/90   1054 s
seed 1007 n25 free_scaled stage 2 epoch 39/90   1058 s
seed 1007 n25 free_scaled stage 2 epoch 40/90   1062 s
seed 1007 n25 free_scaled stage 2 epoch 41/90   1066 s
seed 1007 n25 free_scaled stage 2 epoch 42/90   1070 s
seed 1007 n25 free_scaled stage 2 epoch 43/90   1074 s
seed 1007 n25 free_scaled stage 2 epoch 44/90   1078 s
seed 1007 n25 free_scaled stage 2 epoch 45/90   1082 s
seed 1007 n25 free_scaled stage 2 epoch 46/90   1086 s
seed 1007 n25 free_scaled stage 2 epoch 47/90   1090 s
seed 1007 n25 free_scaled stage 2 epoch 48/90   1094 s
seed 1007 n25 free_scaled stage 2 epoch 49/90   1098 s
seed 1007 n25 free_scaled stage 2 epoch 50/90   1101 s
seed 1007 n25 free_scaled stage 2 epoch 51/90   1105 s
seed 1007 n25 free_scaled stage 2 epoch 52/90   1109 s
seed 1007 n25 free_scaled stage 2 epoch 53/90   1113 s
seed 1007 n25 free_scaled stage 2 epoch 54/90   1117 s
seed 1007 n25 free_scaled stage 2 epoch 55/90   1121 s
seed 1007 n25 free_scaled stage 2 epoch 56/90   1125 s
seed 1007 n25 free_scaled stage 2 epoch 57/90   1128 s
seed 1007 n25 free_scaled stage 2 epoch 58/90   1133 s
seed 1007 n25 free_scaled stage 2 epoch 59/90   1136 s
seed 1007 n25 free_scaled stage 2 epoch 60/90   1140 s
seed 1007 n25 free_scaled stage 2 epoch 61/90   1144 s
seed 1007 n25 free_scaled stage 2 epoch 62/90   1148 s
seed 1007 n25 free_scaled stage 2 epoch 63/90   1153 s
seed 1007 n25 free_scaled stage 2 epoch 64/90   1157 s
seed 1007 n25 free_scaled stage 2 epoch 65/90   1161 s
seed 1007 n25 free_scaled stage 2 epoch 66/90   1165 s
seed 1007 n25 free_scaled stage 2 epoch 67/90   1169 s
seed 1007 n25 free_scaled stage 2 epoch 68/90   1173 s
seed 1007 n25 free_scaled stage 2 epoch 69/90   1177 s
seed 1007 n25 free_scaled stage 2 epoch 70/90   1181 s
seed 1007 n25 free_scaled stage 2 epoch 71/90   1185 s
seed 1007 n25 free_scaled stage 2 epoch 72/90   1189 s
seed 1007 n25 free_scaled stage 2 epoch 73/90   1193 s
seed 1007 n25 free_scaled stage 2 epoch 74/90   1196 s
seed 1007 n25 free_scaled stage 2 epoch 75/90   1200 s
seed 1007 n25 free_scaled stage 2 epoch 76/90   1204 s
seed 1007 n25 free_scaled stage 2 epoch 77/90   1208 s
seed 1007 n25 free_scaled stage 2 epoch 78/90   1212 s
seed 1007 n25 free_scaled stage 2 epoch 79/90   1217 s
seed 1007 n25 free_scaled stage 2 epoch 80/90   1221 s
seed 1007 n25 free_scaled stage 2 epoch 81/90   1225 s
seed 1007 n25 free_scaled stage 2 epoch 82/90   1229 s
seed 1007 n25 free_scaled stage 2 epoch 83/90   1233 s
seed 1007 n25 free_scaled stage 2 epoch 84/90   1237 s
seed 1007 n25 free_scaled stage 2 epoch 85/90   1240 s
seed 1007 n25 free_scaled stage 2 epoch 86/90   1244 s
seed 1007 n25 free_scaled stage 2 epoch 87/90   1248 s
seed 1007 n25 free_scaled stage 2 epoch 88/90   1252 s
seed 1007 n25 free_scaled stage 2 epoch 89/90   1257 s
seed 1007 n25 free_scaled stage 2 epoch 90/90   1261 s
seed 1007 n25 prescribed_std stage 2 epoch  1/90      4 s
seed 1007 n25 prescribed_std stage 2 epoch  2/90      8 s
seed 1007 n25 prescribed_std stage 2 epoch  3/90     12 s
seed 1007 n25 prescribed_std stage 2 epoch  4/90     15 s
seed 1007 n25 prescribed_std stage 2 epoch  5/90     19 s
seed 1007 n25 prescribed_std stage 2 epoch  6/90     23 s
seed 1007 n25 prescribed_std stage 2 epoch  7/90     27 s
seed 1007 n25 prescribed_std stage 2 epoch  8/90     31 s
seed 1007 n25 prescribed_std stage 2 epoch  9/90     35 s
seed 1007 n25 prescribed_std stage 2 epoch 10/90     39 s
seed 1007 n25 prescribed_std stage 2 epoch 11/90     43 s
seed 1007 n25 prescribed_std stage 2 epoch 12/90     46 s
seed 1007 n25 prescribed_std stage 2 epoch 13/90     51 s
seed 1007 n25 prescribed_std stage 2 epoch 14/90     55 s
seed 1007 n25 prescribed_std stage 2 epoch 15/90     59 s
seed 1007 n25 prescribed_std stage 2 epoch 16/90     63 s
seed 1007 n25 prescribed_std stage 2 epoch 17/90     66 s
seed 1007 n25 prescribed_std stage 2 epoch 18/90     70 s
seed 1007 n25 prescribed_std stage 2 epoch 19/90     74 s
seed 1007 n25 prescribed_std stage 2 epoch 20/90     78 s
seed 1007 n25 prescribed_std stage 2 epoch 21/90     81 s
seed 1007 n25 prescribed_std stage 2 epoch 22/90     85 s
seed 1007 n25 prescribed_std stage 2 epoch 23/90     89 s
seed 1007 n25 prescribed_std stage 2 epoch 24/90     93 s
seed 1007 n25 prescribed_std stage 2 epoch 25/90     96 s
seed 1007 n25 prescribed_std stage 2 epoch 26/90     99 s
seed 1007 n25 prescribed_std stage 2 epoch 27/90    103 s
seed 1007 n25 prescribed_std stage 2 epoch 28/90    107 s
seed 1007 n25 prescribed_std stage 2 epoch 29/90    111 s
seed 1007 n25 prescribed_std stage 2 epoch 30/90    114 s
seed 1007 n25 prescribed_std stage 2 epoch 31/90    117 s
seed 1007 n25 prescribed_std stage 2 epoch 32/90    121 s
seed 1007 n25 prescribed_std stage 2 epoch 33/90    124 s
seed 1007 n25 prescribed_std stage 2 epoch 34/90    127 s
seed 1007 n25 prescribed_std stage 2 epoch 35/90    130 s
seed 1007 n25 prescribed_std stage 2 epoch 36/90    134 s
seed 1007 n25 prescribed_std stage 2 epoch 37/90    138 s
seed 1007 n25 prescribed_std stage 2 epoch 38/90    142 s
seed 1007 n25 prescribed_std stage 2 epoch 39/90    146 s
seed 1007 n25 prescribed_std stage 2 epoch 40/90    149 s
seed 1007 n25 prescribed_std stage 2 epoch 41/90    153 s
seed 1007 n25 prescribed_std stage 2 epoch 42/90    156 s
seed 1007 n25 prescribed_std stage 2 epoch 43/90    159 s
seed 1007 n25 prescribed_std stage 2 epoch 44/90    163 s
seed 1007 n25 prescribed_std stage 2 epoch 45/90    166 s
seed 1007 n25 prescribed_std stage 2 epoch 46/90    169 s
seed 1007 n25 prescribed_std stage 2 epoch 47/90    172 s
seed 1007 n25 prescribed_std stage 2 epoch 48/90    176 s
seed 1007 n25 prescribed_std stage 2 epoch 49/90    179 s
seed 1007 n25 prescribed_std stage 2 epoch 50/90    183 s
seed 1007 n25 prescribed_std stage 2 epoch 51/90    186 s
seed 1007 n25 prescribed_std stage 2 epoch 52/90    190 s
seed 1007 n25 prescribed_std stage 2 epoch 53/90    194 s
seed 1007 n25 prescribed_std stage 2 epoch 54/90    197 s
seed 1007 n25 prescribed_std stage 2 epoch 55/90    200 s
seed 1007 n25 prescribed_std stage 2 epoch 56/90    203 s
seed 1007 n25 prescribed_std stage 2 epoch 57/90    206 s
seed 1007 n25 prescribed_std stage 2 epoch 58/90    210 s
seed 1007 n25 prescribed_std stage 2 epoch 59/90    214 s
seed 1007 n25 prescribed_std stage 2 epoch 60/90    217 s
seed 1007 n25 prescribed_std stage 2 epoch 61/90    220 s
seed 1007 n25 prescribed_std stage 2 epoch 62/90    223 s
seed 1007 n25 prescribed_std stage 2 epoch 63/90    226 s
seed 1007 n25 prescribed_std stage 2 epoch 64/90    230 s
seed 1007 n25 prescribed_std stage 2 epoch 65/90    233 s
seed 1007 n25 prescribed_std stage 2 epoch 66/90    237 s
seed 1007 n25 prescribed_std stage 2 epoch 67/90    240 s
seed 1007 n25 prescribed_std stage 2 epoch 68/90    243 s
seed 1007 n25 prescribed_std stage 2 epoch 69/90    247 s
seed 1007 n25 prescribed_std stage 2 epoch 70/90    251 s
seed 1007 n25 prescribed_std stage 2 epoch 71/90    255 s
seed 1007 n25 prescribed_std stage 2 epoch 72/90    259 s
seed 1007 n25 prescribed_std stage 2 epoch 73/90    263 s
seed 1007 n25 prescribed_std stage 2 epoch 74/90    266 s
seed 1007 n25 prescribed_std stage 2 epoch 75/90    270 s
seed 1007 n25 prescribed_std stage 2 epoch 76/90    274 s
seed 1007 n25 prescribed_std stage 2 epoch 77/90    277 s
seed 1007 n25 prescribed_std stage 2 epoch 78/90    281 s
seed 1007 n25 prescribed_std stage 2 epoch 79/90    285 s
seed 1007 n25 prescribed_std stage 2 epoch 80/90    287 s
seed 1007 n25 prescribed_std stage 2 epoch 81/90    291 s
seed 1007 n25 prescribed_std stage 2 epoch 82/90    294 s
seed 1007 n25 prescribed_std stage 2 epoch 83/90    298 s
seed 1007 n25 prescribed_std stage 2 epoch 84/90    302 s
seed 1007 n25 prescribed_std stage 2 epoch 85/90    305 s
seed 1007 n25 prescribed_std stage 2 epoch 86/90    308 s
seed 1007 n25 prescribed_std stage 2 epoch 87/90    312 s
seed 1007 n25 prescribed_std stage 2 epoch 88/90    315 s
seed 1007 n25 prescribed_std stage 2 epoch 89/90    319 s
seed 1007 n25 prescribed_std stage 2 epoch 90/90    323 s
seed 1007 n200 free_scaled stage 1 epoch  1/90     72 s
seed 1007 n200 free_scaled stage 1 epoch  2/90    145 s
seed 1007 n200 free_scaled stage 1 epoch  3/90    222 s
seed 1007 n200 free_scaled stage 1 epoch  4/90    312 s
seed 1007 n200 free_scaled stage 1 epoch  5/90    401 s
seed 1007 n200 free_scaled stage 1 epoch  6/90    477 s
seed 1007 n200 free_scaled stage 1 epoch  7/90    556 s
seed 1007 n200 free_scaled stage 1 epoch  8/90    625 s
seed 1007 n200 free_scaled stage 1 epoch  9/90    700 s
seed 1007 n200 free_scaled stage 1 epoch 10/90    769 s
seed 1007 n200 free_scaled stage 1 epoch 11/90    845 s
seed 1007 n200 free_scaled stage 1 epoch 12/90    925 s
seed 1007 n200 free_scaled stage 1 epoch 13/90   1002 s
seed 1007 n200 free_scaled stage 1 epoch 14/90   1073 s
seed 1007 n200 free_scaled stage 1 epoch 15/90   1143 s
seed 1007 n200 free_scaled stage 1 epoch 16/90   1215 s
seed 1007 n200 free_scaled stage 1 epoch 17/90   1295 s
seed 1007 n200 free_scaled stage 1 epoch 18/90   1380 s
seed 1007 n200 free_scaled stage 1 epoch 19/90   1462 s
seed 1007 n200 free_scaled stage 1 epoch 20/90   1535 s
seed 1007 n200 free_scaled stage 1 epoch 21/90   1609 s
seed 1007 n200 free_scaled stage 1 epoch 22/90   1681 s
seed 1007 n200 free_scaled stage 1 epoch 23/90   1747 s
seed 1007 n200 free_scaled stage 1 epoch 24/90   1849 s
seed 1007 n200 free_scaled stage 1 epoch 25/90   1915 s
seed 1007 n200 free_scaled stage 1 epoch 26/90   1978 s
seed 1007 n200 free_scaled stage 1 epoch 27/90   2050 s
seed 1007 n200 free_scaled stage 1 epoch 28/90   2118 s
seed 1007 n200 free_scaled stage 1 epoch 29/90   2194 s
seed 1007 n200 free_scaled stage 1 epoch 30/90   2268 s
seed 1007 n200 free_scaled stage 1 epoch 31/90   2334 s
seed 1007 n200 free_scaled stage 1 epoch 32/90   2401 s
seed 1007 n200 free_scaled stage 1 epoch 33/90   2470 s
seed 1007 n200 free_scaled stage 1 epoch 34/90   2537 s
seed 1007 n200 free_scaled stage 1 epoch 35/90   2615 s
seed 1007 n200 free_scaled stage 1 epoch 36/90   2687 s
seed 1007 n200 free_scaled stage 1 epoch 37/90   2759 s
seed 1007 n200 free_scaled stage 1 epoch 38/90   2838 s
seed 1007 n200 free_scaled stage 1 epoch 39/90   2922 s
seed 1007 n200 free_scaled stage 1 epoch 40/90   2997 s
seed 1007 n200 free_scaled stage 1 epoch 41/90   3067 s
seed 1007 n200 free_scaled stage 1 epoch 42/90   3146 s
seed 1007 n200 free_scaled stage 1 epoch 43/90   3214 s
seed 1007 n200 free_scaled stage 1 epoch 44/90   3283 s
seed 1007 n200 free_scaled stage 1 epoch 45/90   3364 s
seed 1007 n200 free_scaled stage 1 epoch 46/90   3445 s
seed 1007 n200 free_scaled stage 1 epoch 47/90   3512 s
seed 1007 n200 free_scaled stage 1 epoch 48/90   3585 s
seed 1007 n200 free_scaled stage 1 epoch 49/90   3659 s
seed 1007 n200 free_scaled stage 1 epoch 50/90   3731 s
seed 1007 n200 free_scaled stage 1 epoch 51/90   3813 s
seed 1007 n200 free_scaled stage 1 epoch 52/90   3897 s
seed 1007 n200 free_scaled stage 1 epoch 53/90   3983 s
seed 1007 n200 free_scaled stage 1 epoch 54/90   4059 s
seed 1007 n200 free_scaled stage 1 epoch 55/90   4169 s
seed 1007 n200 free_scaled stage 1 epoch 56/90   4243 s
seed 1007 n200 free_scaled stage 1 epoch 57/90   4306 s
seed 1007 n200 free_scaled stage 1 epoch 58/90   4447 s
seed 1007 n200 free_scaled stage 1 epoch 59/90   4521 s
seed 1007 n200 free_scaled stage 1 epoch 60/90   4607 s
seed 1007 n200 free_scaled stage 1 epoch 61/90   4685 s
seed 1007 n200 free_scaled stage 1 epoch 62/90   4754 s
seed 1007 n200 free_scaled stage 1 epoch 63/90   4812 s
seed 1007 n200 free_scaled stage 1 epoch 64/90   4877 s
seed 1007 n200 free_scaled stage 1 epoch 65/90   4933 s
seed 1007 n200 free_scaled stage 1 epoch 66/90   4984 s
seed 1007 n200 free_scaled stage 1 epoch 67/90   5056 s
seed 1007 n200 free_scaled stage 1 epoch 68/90   5128 s
seed 1007 n200 free_scaled stage 1 epoch 69/90   5222 s
seed 1007 n200 free_scaled stage 1 epoch 70/90   5304 s
seed 1007 n200 free_scaled stage 1 epoch 71/90   5377 s
seed 1007 n200 free_scaled stage 1 epoch 72/90   5455 s
seed 1007 n200 free_scaled stage 1 epoch 73/90   5532 s
seed 1007 n200 free_scaled stage 1 epoch 74/90   5612 s
seed 1007 n200 free_scaled stage 1 epoch 75/90   5691 s
seed 1007 n200 free_scaled stage 1 epoch 76/90   5768 s
seed 1007 n200 free_scaled stage 1 epoch 77/90   5845 s
seed 1007 n200 free_scaled stage 1 epoch 78/90   5907 s
seed 1007 n200 free_scaled stage 1 epoch 79/90   5967 s
seed 1007 n200 free_scaled stage 1 epoch 80/90   6027 s
seed 1007 n200 free_scaled stage 1 epoch 81/90   6103 s
seed 1007 n200 free_scaled stage 1 epoch 82/90   6201 s
seed 1007 n200 free_scaled stage 1 epoch 83/90   6283 s
seed 1007 n200 free_scaled stage 1 epoch 84/90   6362 s
seed 1007 n200 free_scaled stage 1 epoch 85/90   6428 s
seed 1007 n200 free_scaled stage 1 epoch 86/90   6508 s
seed 1007 n200 free_scaled stage 1 epoch 87/90   6583 s
seed 1007 n200 free_scaled stage 1 epoch 88/90   6656 s
seed 1007 n200 free_scaled stage 1 epoch 89/90   6741 s
seed 1007 n200 free_scaled stage 1 epoch 90/90   6817 s
seed 1007 n200 free_scaled stage 2 epoch  1/90   6853 s
seed 1007 n200 free_scaled stage 2 epoch  2/90   6885 s
seed 1007 n200 free_scaled stage 2 epoch  3/90   6922 s
seed 1007 n200 free_scaled stage 2 epoch  4/90   6957 s
seed 1007 n200 free_scaled stage 2 epoch  5/90   6990 s
seed 1007 n200 free_scaled stage 2 epoch  6/90   7023 s
seed 1007 n200 free_scaled stage 2 epoch  7/90   7063 s
seed 1007 n200 free_scaled stage 2 epoch  8/90   7101 s
seed 1007 n200 free_scaled stage 2 epoch  9/90   7138 s
seed 1007 n200 free_scaled stage 2 epoch 10/90   7170 s
seed 1007 n200 free_scaled stage 2 epoch 11/90   7202 s
seed 1007 n200 free_scaled stage 2 epoch 12/90   7235 s
seed 1007 n200 free_scaled stage 2 epoch 13/90   7266 s
seed 1007 n200 free_scaled stage 2 epoch 14/90   7300 s
seed 1007 n200 free_scaled stage 2 epoch 15/90   7345 s
seed 1007 n200 free_scaled stage 2 epoch 16/90   7381 s
seed 1007 n200 free_scaled stage 2 epoch 17/90   7414 s
seed 1007 n200 free_scaled stage 2 epoch 18/90   7446 s
seed 1007 n200 free_scaled stage 2 epoch 19/90   7480 s
seed 1007 n200 free_scaled stage 2 epoch 20/90   7513 s
seed 1007 n200 free_scaled stage 2 epoch 21/90   7546 s
seed 1007 n200 free_scaled stage 2 epoch 22/90   7584 s
seed 1007 n200 free_scaled stage 2 epoch 23/90   7615 s
seed 1007 n200 free_scaled stage 2 epoch 24/90   7647 s
seed 1007 n200 free_scaled stage 2 epoch 25/90   7679 s
seed 1007 n200 free_scaled stage 2 epoch 26/90   7713 s
seed 1007 n200 free_scaled stage 2 epoch 27/90   7744 s
seed 1007 n200 free_scaled stage 2 epoch 28/90   7776 s
seed 1007 n200 free_scaled stage 2 epoch 29/90   7808 s
seed 1007 n200 free_scaled stage 2 epoch 30/90   7840 s
seed 1007 n200 free_scaled stage 2 epoch 31/90   7874 s
seed 1007 n200 free_scaled stage 2 epoch 32/90   7906 s
seed 1007 n200 free_scaled stage 2 epoch 33/90   7939 s
seed 1007 n200 free_scaled stage 2 epoch 34/90   7972 s
seed 1007 n200 free_scaled stage 2 epoch 35/90   8011 s
seed 1007 n200 free_scaled stage 2 epoch 36/90   8045 s
seed 1007 n200 free_scaled stage 2 epoch 37/90   8076 s
seed 1007 n200 free_scaled stage 2 epoch 38/90   8107 s
seed 1007 n200 free_scaled stage 2 epoch 39/90   8139 s
seed 1007 n200 free_scaled stage 2 epoch 40/90   8171 s
seed 1007 n200 free_scaled stage 2 epoch 41/90   8201 s
seed 1007 n200 free_scaled stage 2 epoch 42/90   8262 s
seed 1007 n200 free_scaled stage 2 epoch 43/90   8296 s
seed 1007 n200 free_scaled stage 2 epoch 44/90   8327 s
seed 1007 n200 free_scaled stage 2 epoch 45/90   8358 s
seed 1007 n200 free_scaled stage 2 epoch 46/90   8391 s
seed 1007 n200 free_scaled stage 2 epoch 47/90   8423 s
seed 1007 n200 free_scaled stage 2 epoch 48/90   8456 s
seed 1007 n200 free_scaled stage 2 epoch 49/90   8487 s
seed 1007 n200 free_scaled stage 2 epoch 50/90   8518 s
seed 1007 n200 free_scaled stage 2 epoch 51/90   8550 s
seed 1007 n200 free_scaled stage 2 epoch 52/90   8583 s
seed 1007 n200 free_scaled stage 2 epoch 53/90   8614 s
seed 1007 n200 free_scaled stage 2 epoch 54/90   8647 s
seed 1007 n200 free_scaled stage 2 epoch 55/90   8679 s
seed 1007 n200 free_scaled stage 2 epoch 56/90   8707 s
seed 1007 n200 free_scaled stage 2 epoch 57/90   8731 s
seed 1007 n200 free_scaled stage 2 epoch 58/90   8763 s
seed 1007 n200 free_scaled stage 2 epoch 59/90   8794 s
seed 1007 n200 free_scaled stage 2 epoch 60/90   8832 s
seed 1007 n200 free_scaled stage 2 epoch 61/90   8881 s
seed 1007 n200 free_scaled stage 2 epoch 62/90   8927 s
seed 1007 n200 free_scaled stage 2 epoch 63/90   8962 s
seed 1007 n200 free_scaled stage 2 epoch 64/90   9004 s
seed 1007 n200 free_scaled stage 2 epoch 65/90   9041 s
seed 1007 n200 free_scaled stage 2 epoch 66/90   9073 s
seed 1007 n200 free_scaled stage 2 epoch 67/90   9094 s
seed 1007 n200 free_scaled stage 2 epoch 68/90   9115 s
seed 1007 n200 free_scaled stage 2 epoch 69/90   9137 s
seed 1007 n200 free_scaled stage 2 epoch 70/90   9176 s
seed 1007 n200 free_scaled stage 2 epoch 71/90   9198 s
seed 1007 n200 free_scaled stage 2 epoch 72/90   9219 s
seed 1007 n200 free_scaled stage 2 epoch 73/90   9237 s
seed 1007 n200 free_scaled stage 2 epoch 74/90   9261 s
seed 1007 n200 free_scaled stage 2 epoch 75/90   9289 s
seed 1007 n200 free_scaled stage 2 epoch 76/90   9305 s
seed 1007 n200 free_scaled stage 2 epoch 77/90   9321 s
seed 1007 n200 free_scaled stage 2 epoch 78/90   9336 s
seed 1007 n200 free_scaled stage 2 epoch 79/90   9351 s
seed 1007 n200 free_scaled stage 2 epoch 80/90   9365 s
seed 1007 n200 free_scaled stage 2 epoch 81/90   9380 s
seed 1007 n200 free_scaled stage 2 epoch 82/90   9395 s
seed 1007 n200 free_scaled stage 2 epoch 83/90   9410 s
seed 1007 n200 free_scaled stage 2 epoch 84/90   9425 s
seed 1007 n200 free_scaled stage 2 epoch 85/90   9440 s
seed 1007 n200 free_scaled stage 2 epoch 86/90   9454 s
seed 1007 n200 free_scaled stage 2 epoch 87/90   9469 s
seed 1007 n200 free_scaled stage 2 epoch 88/90   9484 s
seed 1007 n200 free_scaled stage 2 epoch 89/90   9499 s
seed 1007 n200 free_scaled stage 2 epoch 90/90   9514 s
seed 1007 n200 prescribed_std stage 2 epoch  1/90     15 s
seed 1007 n200 prescribed_std stage 2 epoch  2/90     29 s
seed 1007 n200 prescribed_std stage 2 epoch  3/90     45 s
seed 1007 n200 prescribed_std stage 2 epoch  4/90     60 s
seed 1007 n200 prescribed_std stage 2 epoch  5/90     74 s
seed 1007 n200 prescribed_std stage 2 epoch  6/90     88 s
seed 1007 n200 prescribed_std stage 2 epoch  7/90    103 s
seed 1007 n200 prescribed_std stage 2 epoch  8/90    117 s
seed 1007 n200 prescribed_std stage 2 epoch  9/90    133 s
seed 1007 n200 prescribed_std stage 2 epoch 10/90    147 s
seed 1007 n200 prescribed_std stage 2 epoch 11/90    164 s
seed 1007 n200 prescribed_std stage 2 epoch 12/90    179 s
seed 1007 n200 prescribed_std stage 2 epoch 13/90    193 s
seed 1007 n200 prescribed_std stage 2 epoch 14/90    208 s
seed 1007 n200 prescribed_std stage 2 epoch 15/90    222 s
seed 1007 n200 prescribed_std stage 2 epoch 16/90    237 s
seed 1007 n200 prescribed_std stage 2 epoch 17/90    253 s
seed 1007 n200 prescribed_std stage 2 epoch 18/90    268 s
seed 1007 n200 prescribed_std stage 2 epoch 19/90    288 s
seed 1007 n200 prescribed_std stage 2 epoch 20/90    306 s
seed 1007 n200 prescribed_std stage 2 epoch 21/90    321 s
seed 1007 n200 prescribed_std stage 2 epoch 22/90    335 s
seed 1007 n200 prescribed_std stage 2 epoch 23/90    350 s
seed 1007 n200 prescribed_std stage 2 epoch 24/90    364 s
seed 1007 n200 prescribed_std stage 2 epoch 25/90    379 s
seed 1007 n200 prescribed_std stage 2 epoch 26/90    393 s
seed 1007 n200 prescribed_std stage 2 epoch 27/90    408 s
seed 1007 n200 prescribed_std stage 2 epoch 28/90    422 s
seed 1007 n200 prescribed_std stage 2 epoch 29/90    437 s
seed 1007 n200 prescribed_std stage 2 epoch 30/90    451 s
seed 1007 n200 prescribed_std stage 2 epoch 31/90    466 s
seed 1007 n200 prescribed_std stage 2 epoch 32/90    480 s
seed 1007 n200 prescribed_std stage 2 epoch 33/90    495 s
seed 1007 n200 prescribed_std stage 2 epoch 34/90    510 s
seed 1007 n200 prescribed_std stage 2 epoch 35/90    524 s
seed 1007 n200 prescribed_std stage 2 epoch 36/90    539 s
seed 1007 n200 prescribed_std stage 2 epoch 37/90    553 s
seed 1007 n200 prescribed_std stage 2 epoch 38/90    568 s
seed 1007 n200 prescribed_std stage 2 epoch 39/90    582 s
seed 1007 n200 prescribed_std stage 2 epoch 40/90    597 s
seed 1007 n200 prescribed_std stage 2 epoch 41/90    611 s
seed 1007 n200 prescribed_std stage 2 epoch 42/90    626 s
seed 1007 n200 prescribed_std stage 2 epoch 43/90    643 s
seed 1007 n200 prescribed_std stage 2 epoch 44/90    657 s
seed 1007 n200 prescribed_std stage 2 epoch 45/90    671 s
seed 1007 n200 prescribed_std stage 2 epoch 46/90    686 s
seed 1007 n200 prescribed_std stage 2 epoch 47/90    700 s
seed 1007 n200 prescribed_std stage 2 epoch 48/90    715 s
seed 1007 n200 prescribed_std stage 2 epoch 49/90    729 s
seed 1007 n200 prescribed_std stage 2 epoch 50/90    744 s
seed 1007 n200 prescribed_std stage 2 epoch 51/90    759 s
seed 1007 n200 prescribed_std stage 2 epoch 52/90    773 s
seed 1007 n200 prescribed_std stage 2 epoch 53/90    789 s
seed 1007 n200 prescribed_std stage 2 epoch 54/90    804 s
seed 1007 n200 prescribed_std stage 2 epoch 55/90    818 s
seed 1007 n200 prescribed_std stage 2 epoch 56/90    832 s
seed 1007 n200 prescribed_std stage 2 epoch 57/90    847 s
seed 1007 n200 prescribed_std stage 2 epoch 58/90    863 s
seed 1007 n200 prescribed_std stage 2 epoch 59/90    878 s
seed 1007 n200 prescribed_std stage 2 epoch 60/90    892 s
seed 1007 n200 prescribed_std stage 2 epoch 61/90    906 s
seed 1007 n200 prescribed_std stage 2 epoch 62/90    921 s
seed 1007 n200 prescribed_std stage 2 epoch 63/90    935 s
seed 1007 n200 prescribed_std stage 2 epoch 64/90    951 s
seed 1007 n200 prescribed_std stage 2 epoch 65/90    966 s
seed 1007 n200 prescribed_std stage 2 epoch 66/90    980 s
seed 1007 n200 prescribed_std stage 2 epoch 67/90   1006 s
seed 1007 n200 prescribed_std stage 2 epoch 68/90   1023 s
seed 1007 n200 prescribed_std stage 2 epoch 69/90   1037 s
seed 1007 n200 prescribed_std stage 2 epoch 70/90   1052 s
seed 1007 n200 prescribed_std stage 2 epoch 71/90   1068 s
seed 1007 n200 prescribed_std stage 2 epoch 72/90   1083 s
seed 1007 n200 prescribed_std stage 2 epoch 73/90   1097 s
seed 1007 n200 prescribed_std stage 2 epoch 74/90   1112 s
seed 1007 n200 prescribed_std stage 2 epoch 75/90   1127 s
seed 1007 n200 prescribed_std stage 2 epoch 76/90   1141 s
seed 1007 n200 prescribed_std stage 2 epoch 77/90   1157 s
seed 1007 n200 prescribed_std stage 2 epoch 78/90   1172 s
seed 1007 n200 prescribed_std stage 2 epoch 79/90   1186 s
seed 1007 n200 prescribed_std stage 2 epoch 80/90   1201 s
seed 1007 n200 prescribed_std stage 2 epoch 81/90   1216 s
seed 1007 n200 prescribed_std stage 2 epoch 82/90   1231 s
seed 1007 n200 prescribed_std stage 2 epoch 83/90   1247 s
seed 1007 n200 prescribed_std stage 2 epoch 84/90   1261 s
seed 1007 n200 prescribed_std stage 2 epoch 85/90   1276 s
seed 1007 n200 prescribed_std stage 2 epoch 86/90   1291 s
seed 1007 n200 prescribed_std stage 2 epoch 87/90   1305 s
seed 1007 n200 prescribed_std stage 2 epoch 88/90   1320 s
seed 1007 n200 prescribed_std stage 2 epoch 89/90   1335 s
seed 1007 n200 prescribed_std stage 2 epoch 90/90   1350 s
seed 1007: written
