nohup: ignoring input
seed 777 n25 free_scaled stage 1 epoch  1/90     14 s
seed 777 n25 free_scaled stage 1 epoch  2/90     19 s
seed 777 n25 free_scaled stage 1 epoch  3/90     24 s
seed 777 n25 free_scaled stage 1 epoch  4/90     30 s
seed 777 n25 free_scaled stage 1 epoch  5/90     39 s
seed 777 n25 free_scaled stage 1 epoch  6/90     46 s
seed 777 n25 free_scaled stage 1 epoch  7/90     51 s
seed 777 n25 free_scaled stage 1 epoch  8/90     58 s
seed 777 n25 free_scaled stage 1 epoch  9/90     66 s
seed 777 n25 free_scaled stage 1 epoch 10/90     73 s
seed 777 n25 free_scaled stage 1 epoch 11/90     79 s
seed 777 n25 free_scaled stage 1 epoch 12/90     84 s
seed 777 n25 free_scaled stage 1 epoch 13/90     91 s
seed 777 n25 free_scaled stage 1 epoch 14/90     98 s
seed 777 n25 free_scaled stage 1 epoch 15/90    104 s
seed 777 n25 free_scaled stage 1 epoch 16/90    110 s
seed 777 n25 free_scaled stage 1 epoch 17/90    115 s
seed 777 n25 free_scaled stage 1 epoch 18/90    119 s
seed 777 n25 free_scaled stage 1 epoch 19/90    124 s
seed 777 n25 free_scaled stage 1 epoch 20/90    130 s
seed 777 n25 free_scaled stage 1 epoch 21/90    136 s
seed 777 n25 free_scaled stage 1 epoch 22/90    141 s
seed 777 n25 free_scaled stage 1 epoch 23/90    147 s
seed 777 n25 free_scaled stage 1 epoch 24/90    153 s
seed 777 n25 free_scaled stage 1 epoch 25/90    159 s
seed 777 n25 free_scaled stage 1 epoch 26/90    165 s
seed 777 n25 free_scaled stage 1 epoch 27/90    170 s
seed 777 n25 free_scaled stage 1 epoch 28/90    178 s
seed 777 n25 free_scaled stage 1 epoch 29/90    183 s
seed 777 n25 free_scaled stage 1 epoch 30/90    188 s
seed 777 n25 free_scaled stage 1 epoch 31/90    193 s
seed 777 n25 free_scaled stage 1 epoch 32/90    199 s
seed 777 n25 free_scaled stage 1 epoch 33/90    204 s
seed 777 n25 free_scaled stage 1 epoch 34/90    209 s
seed 777 n25 free_scaled stage 1 epoch 35/90    219 s
seed 777 n25 free_scaled stage 1 epoch 36/90    225 s
seed 777 n25 free_scaled stage 1 epoch 37/90    232 s
seed 777 n25 free_scaled stage 1 epoch 38/90    238 s
seed 777 n25 free_scaled stage 1 epoch 39/90    243 s
seed 777 n25 free_scaled stage 1 epoch 40/90    250 s
seed 777 n25 free_scaled stage 1 epoch 41/90    256 s
seed 777 n25 free_scaled stage 1 epoch 42/90    261 s
seed 777 n25 free_scaled stage 1 epoch 43/90    266 s
seed 777 n25 free_scaled stage 1 epoch 44/90    271 s
seed 777 n25 free_scaled stage 1 epoch 45/90    279 s
seed 777 n25 free_scaled stage 1 epoch 46/90    285 s
seed 777 n25 free_scaled stage 1 epoch 47/90    291 s
seed 777 n25 free_scaled stage 1 epoch 48/90    298 s
seed 777 n25 free_scaled stage 1 epoch 49/90    305 s
seed 777 n25 free_scaled stage 1 epoch 50/90    311 s
seed 777 n25 free_scaled stage 1 epoch 51/90    316 s
seed 777 n25 free_scaled stage 1 epoch 52/90    326 s
seed 777 n25 free_scaled stage 1 epoch 53/90    338 s
seed 777 n25 free_scaled stage 1 epoch 54/90    346 s
seed 777 n25 free_scaled stage 1 epoch 55/90    353 s
seed 777 n25 free_scaled stage 1 epoch 56/90    359 s
seed 777 n25 free_scaled stage 1 epoch 57/90    365 s
seed 777 n25 free_scaled stage 1 epoch 58/90    371 s
seed 777 n25 free_scaled stage 1 epoch 59/90    377 s
seed 777 n25 free_scaled stage 1 epoch 60/90    384 s
seed 777 n25 free_scaled stage 1 epoch 61/90    392 s
seed 777 n25 free_scaled stage 1 epoch 62/90    400 s
seed 777 n25 free_scaled stage 1 epoch 63/90    406 s
seed 777 n25 free_scaled stage 1 epoch 64/90    412 s
seed 777 n25 free_scaled stage 1 epoch 65/90    416 s
seed 777 n25 free_scaled stage 1 epoch 66/90    423 s
seed 777 n25 free_scaled stage 1 epoch 67/90    430 s
seed 777 n25 free_scaled stage 1 epoch 68/90    437 s
seed 777 n25 free_scaled stage 1 epoch 69/90    444 s
seed 777 n25 free_scaled stage 1 epoch 70/90    457 s
seed 777 n25 free_scaled stage 1 epoch 71/90    465 s
seed 777 n25 free_scaled stage 1 epoch 72/90    474 s
seed 777 n25 free_scaled stage 1 epoch 73/90    484 s
seed 777 n25 free_scaled stage 1 epoch 74/90    491 s
seed 777 n25 free_scaled stage 1 epoch 75/90    499 s
seed 777 n25 free_scaled stage 1 epoch 76/90    508 s
seed 777 n25 free_scaled stage 1 epoch 77/90    513 s
seed 777 n25 free_scaled stage 1 epoch 78/90    518 s
seed 777 n25 free_scaled stage 1 epoch 79/90    523 s
seed 777 n25 free_scaled stage 1 epoch 80/90    528 s
seed 777 n25 free_scaled stage 1 epoch 81/90    532 s
seed 777 n25 free_scaled stage 1 epoch 82/90    537 s
seed 777 n25 free_scaled stage 1 epoch 83/90    542 s
seed 777 n25 free_scaled stage 1 epoch 84/90    547 s
seed 777 n25 free_scaled stage 1 epoch 85/90    552 s
seed 777 n25 free_scaled stage 1 epoch 86/90    556 s
seed 777 n25 free_scaled stage 1 epoch 87/90    561 s
seed 777 n25 free_scaled stage 1 epoch 88/90    567 s
seed 777 n25 free_scaled stage 1 epoch 89/90    573 s
seed 777 n25 free_scaled stage 1 epoch 90/90    579 s
seed 777 n25 free_scaled stage 2 epoch  1/90    581 s
seed 777 n25 free_scaled stage 2 epoch  2/90    584 s
seed 777 n25 free_scaled stage 2 epoch  3/90    586 s
seed 777 n25 free_scaled stage 2 epoch  4/90    589 s
seed 777 n25 free_scaled stage 2 epoch  5/90    591 s
seed 777 n25 free_scaled stage 2 epoch  6/90    593 s
seed 777 n25 free_scaled stage 2 epoch  7/90    595 s
seed 777 n25 free_scaled stage 2 epoch  8/90    597 s
seed 777 n25 free_scaled stage 2 epoch  9/90    600 s
seed 777 n25 free_scaled stage 2 epoch 10/90    602 s
seed 777 n25 free_scaled stage 2 epoch 11/90    605 s
seed 777 n25 free_scaled stage 2 epoch 12/90    607 s
seed 777 n25 free_scaled stage 2 epoch 13/90    609 s
seed 777 n25 free_scaled stage 2 epoch 14/90    612 s
seed 777 n25 free_scaled stage 2 epoch 15/90    616 s
seed 777 n25 free_scaled stage 2 epoch 16/90    623 s
seed 777 n25 free_scaled stage 2 epoch 17/90    625 s
seed 777 n25 free_scaled stage 2 epoch 18/90    627 s
seed 777 n25 free_scaled stage 2 epoch 19/90    630 s
seed 777 n25 free_scaled stage 2 epoch 20/90    634 s
seed 777 n25 free_scaled stage 2 epoch 21/90    641 s
seed 777 n25 free_scaled stage 2 epoch 22/90    644 s
seed 777 n25 free_scaled stage 2 epoch 23/90    646 s
seed 777 n25 free_scaled stage 2 epoch 24/90    648 s
seed 777 n25 free_scaled stage 2 epoch 25/90    650 s
seed 777 n25 free_scaled stage 2 epoch 26/90    652 s
seed 777 n25 free_scaled stage 2 epoch 27/90    653 s
seed 777 n25 free_scaled stage 2 epoch 28/90    655 s
seed 777 n25 free_scaled stage 2 epoch 29/90    657 s
seed 777 n25 free_scaled stage 2 epoch 30/90    659 s
seed 777 n25 free_scaled stage 2 epoch 31/90    664 s
seed 777 n25 free_scaled stage 2 epoch 32/90    668 s
seed 777 n25 free_scaled stage 2 epoch 33/90    671 s
seed 777 n25 free_scaled stage 2 epoch 34/90    674 s
seed 777 n25 free_scaled stage 2 epoch 35/90    679 s
seed 777 n25 free_scaled stage 2 epoch 36/90    684 s
seed 777 n25 free_scaled stage 2 epoch 37/90    687 s
seed 777 n25 free_scaled stage 2 epoch 38/90    690 s
seed 777 n25 free_scaled stage 2 epoch 39/90    692 s
seed 777 n25 free_scaled stage 2 epoch 40/90    695 s
seed 777 n25 free_scaled stage 2 epoch 41/90    697 s
seed 777 n25 free_scaled stage 2 epoch 42/90    699 s
seed 777 n25 free_scaled stage 2 epoch 43/90    701 s
seed 777 n25 free_scaled stage 2 epoch 44/90    706 s
seed 777 n25 free_scaled stage 2 epoch 45/90    710 s
seed 777 n25 free_scaled stage 2 epoch 46/90    712 s
seed 777 n25 free_scaled stage 2 epoch 47/90    714 s
seed 777 n25 free_scaled stage 2 epoch 48/90    716 s
seed 777 n25 free_scaled stage 2 epoch 49/90    718 s
seed 777 n25 free_scaled stage 2 epoch 50/90    720 s
seed 777 n25 free_scaled stage 2 epoch 51/90    723 s
seed 777 n25 free_scaled stage 2 epoch 52/90    725 s
seed 777 n25 free_scaled stage 2 epoch 53/90    727 s
seed 777 n25 free_scaled stage 2 epoch 54/90    729 s
seed 777 n25 free_scaled stage 2 epoch 55/90    731 s
seed 777 n25 free_scaled stage 2 epoch 56/90    734 s
seed 777 n25 free_scaled stage 2 epoch 57/90    736 s
seed 777 n25 free_scaled stage 2 epoch 58/90    737 s
seed 777 n25 free_scaled stage 2 epoch 59/90    739 s
seed 777 n25 free_scaled stage 2 epoch 60/90    742 s
seed 777 n25 free_scaled stage 2 epoch 61/90    744 s
seed 777 n25 free_scaled stage 2 epoch 62/90    747 s
seed 777 n25 free_scaled stage 2 epoch 63/90    751 s
seed 777 n25 free_scaled stage 2 epoch 64/90    753 s
seed 777 n25 free_scaled stage 2 epoch 65/90    756 s
seed 777 n25 free_scaled stage 2 epoch 66/90    758 s
seed 777 n25 free_scaled stage 2 epoch 67/90    761 s
seed 777 n25 free_scaled stage 2 epoch 68/90    763 s
seed 777 n25 free_scaled stage 2 epoch 69/90    765 s
seed 777 n25 free_scaled stage 2 epoch 70/90    767 s
seed 777 n25 free_scaled stage 2 epoch 71/90    769 s
seed 777 n25 free_scaled stage 2 epoch 72/90    772 s
seed 777 n25 free_scaled stage 2 epoch 73/90    773 s
seed 777 n25 free_scaled stage 2 epoch 74/90    775 s
seed 777 n25 free_scaled stage 2 epoch 75/90    778 s
seed 777 n25 free_scaled stage 2 epoch 76/90    780 s
seed 777 n25 free_scaled stage 2 epoch 77/90    783 s
seed 777 n25 free_scaled stage 2 epoch 78/90    785 s
seed 777 n25 free_scaled stage 2 epoch 79/90    787 s
seed 777 n25 free_scaled stage 2 epoch 80/90    789 s
seed 777 n25 free_scaled stage 2 epoch 81/90    791 s
seed 777 n25 free_scaled stage 2 epoch 82/90    793 s
seed 777 n25 free_scaled stage 2 epoch 83/90    794 s
seed 777 n25 free_scaled stage 2 epoch 84/90    796 s
seed 777 n25 free_scaled stage 2 epoch 85/90    799 s
seed 777 n25 free_scaled stage 2 epoch 86/90    801 s
seed 777 n25 free_scaled stage 2 epoch 87/90    804 s
seed 777 n25 free_scaled stage 2 epoch 88/90    806 s
seed 777 n25 free_scaled stage 2 epoch 89/90    808 s
seed 777 n25 free_scaled stage 2 epoch 90/90    810 s
seed 777 n25 prescribed_std stage 2 epoch  1/90      2 s
seed 777 n25 prescribed_std stage 2 epoch  2/90      4 s
seed 777 n25 prescribed_std stage 2 epoch  3/90      6 s
seed 777 n25 prescribed_std stage 2 epoch  4/90      8 s
seed 777 n25 prescribed_std stage 2 epoch  5/90     10 s
seed 777 n25 prescribed_std stage 2 epoch  6/90     13 s
seed 777 n25 prescribed_std stage 2 epoch  7/90     16 s
seed 777 n25 prescribed_std stage 2 epoch  8/90     19 s
seed 777 n25 prescribed_std stage 2 epoch  9/90     20 s
seed 777 n25 prescribed_std stage 2 epoch 10/90     22 s
seed 777 n25 prescribed_std stage 2 epoch 11/90     24 s
seed 777 n25 prescribed_std stage 2 epoch 12/90     26 s
seed 777 n25 prescribed_std stage 2 epoch 13/90     28 s
seed 777 n25 prescribed_std stage 2 epoch 14/90     31 s
seed 777 n25 prescribed_std stage 2 epoch 15/90     33 s
seed 777 n25 prescribed_std stage 2 epoch 16/90     35 s
seed 777 n25 prescribed_std stage 2 epoch 17/90     37 s
seed 777 n25 prescribed_std stage 2 epoch 18/90     39 s
seed 777 n25 prescribed_std stage 2 epoch 19/90     41 s
seed 777 n25 prescribed_std stage 2 epoch 20/90     43 s
seed 777 n25 prescribed_std stage 2 epoch 21/90     46 s
seed 777 n25 prescribed_std stage 2 epoch 22/90     48 s
seed 777 n25 prescribed_std stage 2 epoch 23/90     50 s
seed 777 n25 prescribed_std stage 2 epoch 24/90     55 s
seed 777 n25 prescribed_std stage 2 epoch 25/90     59 s
seed 777 n25 prescribed_std stage 2 epoch 26/90     61 s
seed 777 n25 prescribed_std stage 2 epoch 27/90     63 s
seed 777 n25 prescribed_std stage 2 epoch 28/90     65 s
seed 777 n25 prescribed_std stage 2 epoch 29/90     68 s
seed 777 n25 prescribed_std stage 2 epoch 30/90     71 s
seed 777 n25 prescribed_std stage 2 epoch 31/90     73 s
seed 777 n25 prescribed_std stage 2 epoch 32/90     75 s
seed 777 n25 prescribed_std stage 2 epoch 33/90     77 s
seed 777 n25 prescribed_std stage 2 epoch 34/90     79 s
seed 777 n25 prescribed_std stage 2 epoch 35/90     81 s
seed 777 n25 prescribed_std stage 2 epoch 36/90     82 s
seed 777 n25 prescribed_std stage 2 epoch 37/90     85 s
seed 777 n25 prescribed_std stage 2 epoch 38/90     87 s
seed 777 n25 prescribed_std stage 2 epoch 39/90     89 s
seed 777 n25 prescribed_std stage 2 epoch 40/90     91 s
seed 777 n25 prescribed_std stage 2 epoch 41/90     92 s
seed 777 n25 prescribed_std stage 2 epoch 42/90     94 s
seed 777 n25 prescribed_std stage 2 epoch 43/90     96 s
seed 777 n25 prescribed_std stage 2 epoch 44/90     98 s
seed 777 n25 prescribed_std stage 2 epoch 45/90    100 s
seed 777 n25 prescribed_std stage 2 epoch 46/90    102 s
seed 777 n25 prescribed_std stage 2 epoch 47/90    104 s
seed 777 n25 prescribed_std stage 2 epoch 48/90    108 s
seed 777 n25 prescribed_std stage 2 epoch 49/90    111 s
seed 777 n25 prescribed_std stage 2 epoch 50/90    114 s
seed 777 n25 prescribed_std stage 2 epoch 51/90    116 s
seed 777 n25 prescribed_std stage 2 epoch 52/90    118 s
seed 777 n25 prescribed_std stage 2 epoch 53/90    121 s
seed 777 n25 prescribed_std stage 2 epoch 54/90    123 s
seed 777 n25 prescribed_std stage 2 epoch 55/90    124 s
seed 777 n25 prescribed_std stage 2 epoch 56/90    127 s
seed 777 n25 prescribed_std stage 2 epoch 57/90    129 s
seed 777 n25 prescribed_std stage 2 epoch 58/90    131 s
seed 777 n25 prescribed_std stage 2 epoch 59/90    133 s
seed 777 n25 prescribed_std stage 2 epoch 60/90    136 s
seed 777 n25 prescribed_std stage 2 epoch 61/90    138 s
seed 777 n25 prescribed_std stage 2 epoch 62/90    140 s
seed 777 n25 prescribed_std stage 2 epoch 63/90    143 s
seed 777 n25 prescribed_std stage 2 epoch 64/90    145 s
seed 777 n25 prescribed_std stage 2 epoch 65/90    147 s
seed 777 n25 prescribed_std stage 2 epoch 66/90    149 s
seed 777 n25 prescribed_std stage 2 epoch 67/90    151 s
seed 777 n25 prescribed_std stage 2 epoch 68/90    153 s
seed 777 n25 prescribed_std stage 2 epoch 69/90    154 s
seed 777 n25 prescribed_std stage 2 epoch 70/90    157 s
seed 777 n25 prescribed_std stage 2 epoch 71/90    159 s
seed 777 n25 prescribed_std stage 2 epoch 72/90    161 s
seed 777 n25 prescribed_std stage 2 epoch 73/90    164 s
seed 777 n25 prescribed_std stage 2 epoch 74/90    166 s
seed 777 n25 prescribed_std stage 2 epoch 75/90    168 s
seed 777 n25 prescribed_std stage 2 epoch 76/90    170 s
seed 777 n25 prescribed_std stage 2 epoch 77/90    172 s
seed 777 n25 prescribed_std stage 2 epoch 78/90    174 s
seed 777 n25 prescribed_std stage 2 epoch 79/90    176 s
seed 777 n25 prescribed_std stage 2 epoch 80/90    178 s
seed 777 n25 prescribed_std stage 2 epoch 81/90    180 s
seed 777 n25 prescribed_std stage 2 epoch 82/90    183 s
seed 777 n25 prescribed_std stage 2 epoch 83/90    186 s
seed 777 n25 prescribed_std stage 2 epoch 84/90    188 s
seed 777 n25 prescribed_std stage 2 epoch 85/90    190 s
seed 777 n25 prescribed_std stage 2 epoch 86/90    192 s
seed 777 n25 prescribed_std stage 2 epoch 87/90    195 s
seed 777 n25 prescribed_std stage 2 epoch 88/90    197 s
seed 777 n25 prescribed_std stage 2 epoch 89/90    199 s
seed 777 n25 prescribed_std stage 2 epoch 90/90    201 s
seed 777 n200 free_scaled stage 1 epoch  1/90     50 s
seed 777 n200 free_scaled stage 1 epoch  2/90     98 s
seed 777 n200 free_scaled stage 1 epoch  3/90    146 s
seed 777 n200 free_scaled stage 1 epoch  4/90    192 s
seed 777 n200 free_scaled stage 1 epoch  5/90    245 s
seed 777 n200 free_scaled stage 1 epoch  6/90    300 s
seed 777 n200 free_scaled stage 1 epoch  7/90    355 s
seed 777 n200 free_scaled stage 1 epoch  8/90    412 s
seed 777 n200 free_scaled stage 1 epoch  9/90    450 s
seed 777 n200 free_scaled stage 1 epoch 10/90    489 s
seed 777 n200 free_scaled stage 1 epoch 11/90    528 s
seed 777 n200 free_scaled stage 1 epoch 12/90    576 s
seed 777 n200 free_scaled stage 1 epoch 13/90    614 s
seed 777 n200 free_scaled stage 1 epoch 14/90    683 s
seed 777 n200 free_scaled stage 1 epoch 15/90    743 s
seed 777 n200 free_scaled stage 1 epoch 16/90    805 s
seed 777 n200 free_scaled stage 1 epoch 17/90    860 s
seed 777 n200 free_scaled stage 1 epoch 18/90    907 s
seed 777 n200 free_scaled stage 1 epoch 19/90    956 s
seed 777 n200 free_scaled stage 1 epoch 20/90   1005 s
seed 777 n200 free_scaled stage 1 epoch 21/90   1058 s
seed 777 n200 free_scaled stage 1 epoch 22/90   1133 s
seed 777 n200 free_scaled stage 1 epoch 23/90   1184 s
seed 777 n200 free_scaled stage 1 epoch 24/90   1231 s
seed 777 n200 free_scaled stage 1 epoch 25/90   1291 s
seed 777 n200 free_scaled stage 1 epoch 26/90   1336 s
seed 777 n200 free_scaled stage 1 epoch 27/90   1382 s
seed 777 n200 free_scaled stage 1 epoch 28/90   1429 s
seed 777 n200 free_scaled stage 1 epoch 29/90   1502 s
seed 777 n200 free_scaled stage 1 epoch 30/90   1565 s
seed 777 n200 free_scaled stage 1 epoch 31/90   1615 s
seed 777 n200 free_scaled stage 1 epoch 32/90   1673 s
seed 777 n200 free_scaled stage 1 epoch 33/90   1729 s
seed 777 n200 free_scaled stage 1 epoch 34/90   1773 s
seed 777 n200 free_scaled stage 1 epoch 35/90   1821 s
seed 777 n200 free_scaled stage 1 epoch 36/90   1871 s
seed 777 n200 free_scaled stage 1 epoch 37/90   1911 s
seed 777 n200 free_scaled stage 1 epoch 38/90   1949 s
seed 777 n200 free_scaled stage 1 epoch 39/90   1986 s
seed 777 n200 free_scaled stage 1 epoch 40/90   2026 s
seed 777 n200 free_scaled stage 1 epoch 41/90   2067 s
seed 777 n200 free_scaled stage 1 epoch 42/90   2150 s
seed 777 n200 free_scaled stage 1 epoch 43/90   2251 s
seed 777 n200 free_scaled stage 1 epoch 44/90   2369 s
seed 777 n200 free_scaled stage 1 epoch 45/90   2472 s
seed 777 n200 free_scaled stage 1 epoch 46/90   2571 s
seed 777 n200 free_scaled stage 1 epoch 47/90   2689 s
seed 777 n200 free_scaled stage 1 epoch 48/90   2802 s
seed 777 n200 free_scaled stage 1 epoch 49/90   2909 s
seed 777 n200 free_scaled stage 1 epoch 50/90   3006 s
seed 777 n200 free_scaled stage 1 epoch 51/90   3120 s
seed 777 n200 free_scaled stage 1 epoch 52/90   3232 s
seed 777 n200 free_scaled stage 1 epoch 53/90   3334 s
seed 777 n200 free_scaled stage 1 epoch 54/90   3384 s
seed 777 n200 free_scaled stage 1 epoch 55/90   3430 s
seed 777 n200 free_scaled stage 1 epoch 56/90   3476 s
seed 777 n200 free_scaled stage 1 epoch 57/90   3525 s
seed 777 n200 free_scaled stage 1 epoch 58/90   3578 s
seed 777 n200 free_scaled stage 1 epoch 59/90   3633 s
seed 777 n200 free_scaled stage 1 epoch 60/90   3688 s
seed 777 n200 free_scaled stage 1 epoch 61/90   3745 s
seed 777 n200 free_scaled stage 1 epoch 62/90   3796 s
seed 777 n200 free_scaled stage 1 epoch 63/90   3868 s
seed 777 n200 free_scaled stage 1 epoch 64/90   3936 s
seed 777 n200 free_scaled stage 1 epoch 65/90   4005 s
seed 777 n200 free_scaled stage 1 epoch 66/90   4067 s
seed 777 n200 free_scaled stage 1 epoch 67/90   4123 s
seed 777 n200 free_scaled stage 1 epoch 68/90   4175 s
seed 777 n200 free_scaled stage 1 epoch 69/90   4228 s
seed 777 n200 free_scaled stage 1 epoch 70/90   4296 s
seed 777 n200 free_scaled stage 1 epoch 71/90   4371 s
seed 777 n200 free_scaled stage 1 epoch 72/90   4436 s
seed 777 n200 free_scaled stage 1 epoch 73/90   4509 s
seed 777 n200 free_scaled stage 1 epoch 74/90   4580 s
seed 777 n200 free_scaled stage 1 epoch 75/90   4649 s
seed 777 n200 free_scaled stage 1 epoch 76/90   4718 s
seed 777 n200 free_scaled stage 1 epoch 77/90   4779 s
seed 777 n200 free_scaled stage 1 epoch 78/90   4833 s
seed 777 n200 free_scaled stage 1 epoch 79/90   4901 s
seed 777 n200 free_scaled stage 1 epoch 80/90   4974 s
seed 777 n200 free_scaled stage 1 epoch 81/90   5048 s
seed 777 n200 free_scaled stage 1 epoch 82/90   5122 s
seed 777 n200 free_scaled stage 1 epoch 83/90   5196 s
seed 777 n200 free_scaled stage 1 epoch 84/90   5271 s
seed 777 n200 free_scaled stage 1 epoch 85/90   5347 s
seed 777 n200 free_scaled stage 1 epoch 86/90   5421 s
seed 777 n200 free_scaled stage 1 epoch 87/90   5497 s
seed 777 n200 free_scaled stage 1 epoch 88/90   5573 s
seed 777 n200 free_scaled stage 1 epoch 89/90   5648 s
seed 777 n200 free_scaled stage 1 epoch 90/90   5721 s
seed 777 n200 free_scaled stage 2 epoch  1/90   5751 s
seed 777 n200 free_scaled stage 2 epoch  2/90   5781 s
seed 777 n200 free_scaled stage 2 epoch  3/90   5808 s
seed 777 n200 free_scaled stage 2 epoch  4/90   5835 s
seed 777 n200 free_scaled stage 2 epoch  5/90   5860 s
seed 777 n200 free_scaled stage 2 epoch  6/90   5890 s
seed 777 n200 free_scaled stage 2 epoch  7/90   5924 s
seed 777 n200 free_scaled stage 2 epoch  8/90   5954 s
seed 777 n200 free_scaled stage 2 epoch  9/90   5984 s
seed 777 n200 free_scaled stage 2 epoch 10/90   6015 s
seed 777 n200 free_scaled stage 2 epoch 11/90   6045 s
seed 777 n200 free_scaled stage 2 epoch 12/90   6076 s
seed 777 n200 free_scaled stage 2 epoch 13/90   6106 s
seed 777 n200 free_scaled stage 2 epoch 14/90   6137 s
seed 777 n200 free_scaled stage 2 epoch 15/90   6168 s
seed 777 n200 free_scaled stage 2 epoch 16/90   6198 s
seed 777 n200 free_scaled stage 2 epoch 17/90   6229 s
seed 777 n200 free_scaled stage 2 epoch 18/90   6259 s
seed 777 n200 free_scaled stage 2 epoch 19/90   6290 s
seed 777 n200 free_scaled stage 2 epoch 20/90   6321 s
seed 777 n200 free_scaled stage 2 epoch 21/90   6351 s
seed 777 n200 free_scaled stage 2 epoch 22/90   6383 s
seed 777 n200 free_scaled stage 2 epoch 23/90   6414 s
seed 777 n200 free_scaled stage 2 epoch 24/90   6445 s
seed 777 n200 free_scaled stage 2 epoch 25/90   6473 s
seed 777 n200 free_scaled stage 2 epoch 26/90   6501 s
seed 777 n200 free_scaled stage 2 epoch 27/90   6528 s
seed 777 n200 free_scaled stage 2 epoch 28/90   6559 s
seed 777 n200 free_scaled stage 2 epoch 29/90   6590 s
seed 777 n200 free_scaled stage 2 epoch 30/90   6631 s
seed 777 n200 free_scaled stage 2 epoch 31/90   6659 s
seed 777 n200 free_scaled stage 2 epoch 32/90   6686 s
seed 777 n200 free_scaled stage 2 epoch 33/90   6714 s
seed 777 n200 free_scaled stage 2 epoch 34/90   6742 s
seed 777 n200 free_scaled stage 2 epoch 35/90   6768 s
seed 777 n200 free_scaled stage 2 epoch 36/90   6796 s
seed 777 n200 free_scaled stage 2 epoch 37/90   6830 s
seed 777 n200 free_scaled stage 2 epoch 38/90   6862 s
seed 777 n200 free_scaled stage 2 epoch 39/90   6904 s
seed 777 n200 free_scaled stage 2 epoch 40/90   6957 s
seed 777 n200 free_scaled stage 2 epoch 41/90   6997 s
seed 777 n200 free_scaled stage 2 epoch 42/90   7029 s
seed 777 n200 free_scaled stage 2 epoch 43/90   7062 s
seed 777 n200 free_scaled stage 2 epoch 44/90   7089 s
seed 777 n200 free_scaled stage 2 epoch 45/90   7119 s
seed 777 n200 free_scaled stage 2 epoch 46/90   7155 s
seed 777 n200 free_scaled stage 2 epoch 47/90   7189 s
seed 777 n200 free_scaled stage 2 epoch 48/90   7220 s
seed 777 n200 free_scaled stage 2 epoch 49/90   7253 s
seed 777 n200 free_scaled stage 2 epoch 50/90   7282 s
seed 777 n200 free_scaled stage 2 epoch 51/90   7310 s
seed 777 n200 free_scaled stage 2 epoch 52/90   7341 s
seed 777 n200 free_scaled stage 2 epoch 53/90   7370 s
seed 777 n200 free_scaled stage 2 epoch 54/90   7399 s
seed 777 n200 free_scaled stage 2 epoch 55/90   7427 s
seed 777 n200 free_scaled stage 2 epoch 56/90   7459 s
seed 777 n200 free_scaled stage 2 epoch 57/90   7492 s
seed 777 n200 free_scaled stage 2 epoch 58/90   7522 s
seed 777 n200 free_scaled stage 2 epoch 59/90   7548 s
seed 777 n200 free_scaled stage 2 epoch 60/90   7575 s
seed 777 n200 free_scaled stage 2 epoch 61/90   7599 s
seed 777 n200 free_scaled stage 2 epoch 62/90   7624 s
seed 777 n200 free_scaled stage 2 epoch 63/90   7647 s
seed 777 n200 free_scaled stage 2 epoch 64/90   7670 s
seed 777 n200 free_scaled stage 2 epoch 65/90   7699 s
seed 777 n200 free_scaled stage 2 epoch 66/90   7729 s
seed 777 n200 free_scaled stage 2 epoch 67/90   7763 s
seed 777 n200 free_scaled stage 2 epoch 68/90   7792 s
seed 777 n200 free_scaled stage 2 epoch 69/90   7828 s
seed 777 n200 free_scaled stage 2 epoch 70/90   7863 s
seed 777 n200 free_scaled stage 2 epoch 71/90   7892 s
seed 777 n200 free_scaled stage 2 epoch 72/90   7923 s
seed 777 n200 free_scaled stage 2 epoch 73/90   7954 s
seed 777 n200 free_scaled stage 2 epoch 74/90   7988 s
seed 777 n200 free_scaled stage 2 epoch 75/90   8019 s
seed 777 n200 free_scaled stage 2 epoch 76/90   8063 s
seed 777 n200 free_scaled stage 2 epoch 77/90   8108 s
seed 777 n200 free_scaled stage 2 epoch 78/90   8142 s
seed 777 n200 free_scaled stage 2 epoch 79/90   8173 s
seed 777 n200 free_scaled stage 2 epoch 80/90   8204 s
seed 777 n200 free_scaled stage 2 epoch 81/90   8237 s
seed 777 n200 free_scaled stage 2 epoch 82/90   8269 s
seed 777 n200 free_scaled stage 2 epoch 83/90   8303 s
seed 777 n200 free_scaled stage 2 epoch 84/90   8339 s
seed 777 n200 free_scaled stage 2 epoch 85/90   8383 s
seed 777 n200 free_scaled stage 2 epoch 86/90   8440 s
seed 777 n200 free_scaled stage 2 epoch 87/90   8480 s
seed 777 n200 free_scaled stage 2 epoch 88/90   8523 s
seed 777 n200 free_scaled stage 2 epoch 89/90   8562 s
seed 777 n200 free_scaled stage 2 epoch 90/90   8619 s
seed 777 n200 prescribed_std stage 2 epoch  1/90     40 s
seed 777 n200 prescribed_std stage 2 epoch  2/90     76 s
seed 777 n200 prescribed_std stage 2 epoch  3/90    113 s
seed 777 n200 prescribed_std stage 2 epoch  4/90    147 s
seed 777 n200 prescribed_std stage 2 epoch  5/90    179 s
seed 777 n200 prescribed_std stage 2 epoch  6/90    215 s
seed 777 n200 prescribed_std stage 2 epoch  7/90    310 s
seed 777 n200 prescribed_std stage 2 epoch  8/90    429 s
seed 777 n200 prescribed_std stage 2 epoch  9/90    487 s
seed 777 n200 prescribed_std stage 2 epoch 10/90    534 s
seed 777 n200 prescribed_std stage 2 epoch 11/90    578 s
seed 777 n200 prescribed_std stage 2 epoch 12/90    649 s
seed 777 n200 prescribed_std stage 2 epoch 13/90    752 s
seed 777 n200 prescribed_std stage 2 epoch 14/90    808 s
seed 777 n200 prescribed_std stage 2 epoch 15/90    846 s
seed 777 n200 prescribed_std stage 2 epoch 16/90    886 s
seed 777 n200 prescribed_std stage 2 epoch 17/90    921 s
seed 777 n200 prescribed_std stage 2 epoch 18/90    960 s
seed 777 n200 prescribed_std stage 2 epoch 19/90   1012 s
seed 777 n200 prescribed_std stage 2 epoch 20/90   1079 s
seed 777 n200 prescribed_std stage 2 epoch 21/90   1139 s
seed 777 n200 prescribed_std stage 2 epoch 22/90   1184 s
seed 777 n200 prescribed_std stage 2 epoch 23/90   1236 s
seed 777 n200 prescribed_std stage 2 epoch 24/90   1299 s
seed 777 n200 prescribed_std stage 2 epoch 25/90   1343 s
seed 777 n200 prescribed_std stage 2 epoch 26/90   1380 s
seed 777 n200 prescribed_std stage 2 epoch 27/90   1409 s
seed 777 n200 prescribed_std stage 2 epoch 28/90   1435 s
seed 777 n200 prescribed_std stage 2 epoch 29/90   1464 s
seed 777 n200 prescribed_std stage 2 epoch 30/90   1492 s
seed 777 n200 prescribed_std stage 2 epoch 31/90   1520 s
seed 777 n200 prescribed_std stage 2 epoch 32/90   1549 s
seed 777 n200 prescribed_std stage 2 epoch 33/90   1577 s
seed 777 n200 prescribed_std stage 2 epoch 34/90   1607 s
seed 777 n200 prescribed_std stage 2 epoch 35/90   1643 s
seed 777 n200 prescribed_std stage 2 epoch 36/90   1679 s
seed 777 n200 prescribed_std stage 2 epoch 37/90   1712 s
seed 777 n200 prescribed_std stage 2 epoch 38/90   1747 s
seed 777 n200 prescribed_std stage 2 epoch 39/90   1785 s
seed 777 n200 prescribed_std stage 2 epoch 40/90   1829 s
seed 777 n200 prescribed_std stage 2 epoch 41/90   1912 s
seed 777 n200 prescribed_std stage 2 epoch 42/90   1980 s
seed 777 n200 prescribed_std stage 2 epoch 43/90   2022 s
seed 777 n200 prescribed_std stage 2 epoch 44/90   2066 s
seed 777 n200 prescribed_std stage 2 epoch 45/90   2109 s
seed 777 n200 prescribed_std stage 2 epoch 46/90   2180 s
seed 777 n200 prescribed_std stage 2 epoch 47/90   2227 s
seed 777 n200 prescribed_std stage 2 epoch 48/90   2298 s
seed 777 n200 prescribed_std stage 2 epoch 49/90   2370 s
seed 777 n200 prescribed_std stage 2 epoch 50/90   2420 s
seed 777 n200 prescribed_std stage 2 epoch 51/90   2460 s
seed 777 n200 prescribed_std stage 2 epoch 52/90   2497 s
seed 777 n200 prescribed_std stage 2 epoch 53/90   2528 s
seed 777 n200 prescribed_std stage 2 epoch 54/90   2563 s
seed 777 n200 prescribed_std stage 2 epoch 55/90   2596 s
seed 777 n200 prescribed_std stage 2 epoch 56/90   2627 s
seed 777 n200 prescribed_std stage 2 epoch 57/90   2658 s
seed 777 n200 prescribed_std stage 2 epoch 58/90   2691 s
seed 777 n200 prescribed_std stage 2 epoch 59/90   2725 s
seed 777 n200 prescribed_std stage 2 epoch 60/90   2756 s
seed 777 n200 prescribed_std stage 2 epoch 61/90   2790 s
seed 777 n200 prescribed_std stage 2 epoch 62/90   2823 s
seed 777 n200 prescribed_std stage 2 epoch 63/90   2856 s
seed 777 n200 prescribed_std stage 2 epoch 64/90   2890 s
seed 777 n200 prescribed_std stage 2 epoch 65/90   2932 s
seed 777 n200 prescribed_std stage 2 epoch 66/90   2978 s
seed 777 n200 prescribed_std stage 2 epoch 67/90   3010 s
seed 777 n200 prescribed_std stage 2 epoch 68/90   3044 s
seed 777 n200 prescribed_std stage 2 epoch 69/90   3075 s
seed 777 n200 prescribed_std stage 2 epoch 70/90   3105 s
seed 777 n200 prescribed_std stage 2 epoch 71/90   3135 s
seed 777 n200 prescribed_std stage 2 epoch 72/90   3166 s
seed 777 n200 prescribed_std stage 2 epoch 73/90   3199 s
seed 777 n200 prescribed_std stage 2 epoch 74/90   3229 s
seed 777 n200 prescribed_std stage 2 epoch 75/90   3259 s
seed 777 n200 prescribed_std stage 2 epoch 76/90   3291 s
seed 777 n200 prescribed_std stage 2 epoch 77/90   3323 s
seed 777 n200 prescribed_std stage 2 epoch 78/90   3352 s
seed 777 n200 prescribed_std stage 2 epoch 79/90   3383 s
seed 777 n200 prescribed_std stage 2 epoch 80/90   3414 s
seed 777 n200 prescribed_std stage 2 epoch 81/90   3445 s
seed 777 n200 prescribed_std stage 2 epoch 82/90   3476 s
seed 777 n200 prescribed_std stage 2 epoch 83/90   3506 s
seed 777 n200 prescribed_std stage 2 epoch 84/90   3535 s
seed 777 n200 prescribed_std stage 2 epoch 85/90   3566 s
seed 777 n200 prescribed_std stage 2 epoch 86/90   3596 s
seed 777 n200 prescribed_std stage 2 epoch 87/90   3627 s
seed 777 n200 prescribed_std stage 2 epoch 88/90   3657 s
seed 777 n200 prescribed_std stage 2 epoch 89/90   3688 s
seed 777 n200 prescribed_std stage 2 epoch 90/90   3718 s
seed 777: written
seed 1003 n25 free_scaled stage 1 epoch  1/90     11 s
seed 1003 n25 free_scaled stage 1 epoch  2/90     21 s
seed 1003 n25 free_scaled stage 1 epoch  3/90     30 s
seed 1003 n25 free_scaled stage 1 epoch  4/90     41 s
seed 1003 n25 free_scaled stage 1 epoch  5/90     50 s
seed 1003 n25 free_scaled stage 1 epoch  6/90     61 s
seed 1003 n25 free_scaled stage 1 epoch  7/90     71 s
seed 1003 n25 free_scaled stage 1 epoch  8/90     81 s
seed 1003 n25 free_scaled stage 1 epoch  9/90     91 s
seed 1003 n25 free_scaled stage 1 epoch 10/90    101 s
seed 1003 n25 free_scaled stage 1 epoch 11/90    111 s
seed 1003 n25 free_scaled stage 1 epoch 12/90    122 s
seed 1003 n25 free_scaled stage 1 epoch 13/90    132 s
seed 1003 n25 free_scaled stage 1 epoch 14/90    142 s
seed 1003 n25 free_scaled stage 1 epoch 15/90    152 s
seed 1003 n25 free_scaled stage 1 epoch 16/90    163 s
seed 1003 n25 free_scaled stage 1 epoch 17/90    173 s
seed 1003 n25 free_scaled stage 1 epoch 18/90    183 s
seed 1003 n25 free_scaled stage 1 epoch 19/90    193 s
seed 1003 n25 free_scaled stage 1 epoch 20/90    203 s
seed 1003 n25 free_scaled stage 1 epoch 21/90    213 s
seed 1003 n25 free_scaled stage 1 epoch 22/90    223 s
seed 1003 n25 free_scaled stage 1 epoch 23/90    234 s
seed 1003 n25 free_scaled stage 1 epoch 24/90    244 s
seed 1003 n25 free_scaled stage 1 epoch 25/90    254 s
seed 1003 n25 free_scaled stage 1 epoch 26/90    264 s
seed 1003 n25 free_scaled stage 1 epoch 27/90    274 s
seed 1003 n25 free_scaled stage 1 epoch 28/90    284 s
seed 1003 n25 free_scaled stage 1 epoch 29/90    295 s
seed 1003 n25 free_scaled stage 1 epoch 30/90    305 s
seed 1003 n25 free_scaled stage 1 epoch 31/90    315 s
seed 1003 n25 free_scaled stage 1 epoch 32/90    325 s
seed 1003 n25 free_scaled stage 1 epoch 33/90    335 s
seed 1003 n25 free_scaled stage 1 epoch 34/90    345 s
seed 1003 n25 free_scaled stage 1 epoch 35/90    355 s
seed 1003 n25 free_scaled stage 1 epoch 36/90    366 s
seed 1003 n25 free_scaled stage 1 epoch 37/90    379 s
seed 1003 n25 free_scaled stage 1 epoch 38/90    389 s
seed 1003 n25 free_scaled stage 1 epoch 39/90    401 s
seed 1003 n25 free_scaled stage 1 epoch 40/90    411 s
seed 1003 n25 free_scaled stage 1 epoch 41/90    421 s
seed 1003 n25 free_scaled stage 1 epoch 42/90    431 s
seed 1003 n25 free_scaled stage 1 epoch 43/90    442 s
seed 1003 n25 free_scaled stage 1 epoch 44/90    452 s
seed 1003 n25 free_scaled stage 1 epoch 45/90    462 s
seed 1003 n25 free_scaled stage 1 epoch 46/90    472 s
seed 1003 n25 free_scaled stage 1 epoch 47/90    480 s
seed 1003 n25 free_scaled stage 1 epoch 48/90    491 s
seed 1003 n25 free_scaled stage 1 epoch 49/90    500 s
seed 1003 n25 free_scaled stage 1 epoch 50/90    509 s
seed 1003 n25 free_scaled stage 1 epoch 51/90    518 s
seed 1003 n25 free_scaled stage 1 epoch 52/90    527 s
seed 1003 n25 free_scaled stage 1 epoch 53/90    535 s
seed 1003 n25 free_scaled stage 1 epoch 54/90    545 s
seed 1003 n25 free_scaled stage 1 epoch 55/90    555 s
seed 1003 n25 free_scaled stage 1 epoch 56/90    565 s
seed 1003 n25 free_scaled stage 1 epoch 57/90    575 s
seed 1003 n25 free_scaled stage 1 epoch 58/90    584 s
seed 1003 n25 free_scaled stage 1 epoch 59/90    593 s
seed 1003 n25 free_scaled stage 1 epoch 60/90    603 s
seed 1003 n25 free_scaled stage 1 epoch 61/90    612 s
seed 1003 n25 free_scaled stage 1 epoch 62/90    620 s
seed 1003 n25 free_scaled stage 1 epoch 63/90    628 s
seed 1003 n25 free_scaled stage 1 epoch 64/90    636 s
seed 1003 n25 free_scaled stage 1 epoch 65/90    646 s
seed 1003 n25 free_scaled stage 1 epoch 66/90    655 s
seed 1003 n25 free_scaled stage 1 epoch 67/90    666 s
seed 1003 n25 free_scaled stage 1 epoch 68/90    678 s
seed 1003 n25 free_scaled stage 1 epoch 69/90    690 s
seed 1003 n25 free_scaled stage 1 epoch 70/90    701 s
seed 1003 n25 free_scaled stage 1 epoch 71/90    711 s
seed 1003 n25 free_scaled stage 1 epoch 72/90    721 s
seed 1003 n25 free_scaled stage 1 epoch 73/90    732 s
seed 1003 n25 free_scaled stage 1 epoch 74/90    742 s
seed 1003 n25 free_scaled stage 1 epoch 75/90    752 s
seed 1003 n25 free_scaled stage 1 epoch 76/90    763 s
seed 1003 n25 free_scaled stage 1 epoch 77/90    773 s
seed 1003 n25 free_scaled stage 1 epoch 78/90    783 s
seed 1003 n25 free_scaled stage 1 epoch 79/90    795 s
seed 1003 n25 free_scaled stage 1 epoch 80/90    805 s
seed 1003 n25 free_scaled stage 1 epoch 81/90    816 s
seed 1003 n25 free_scaled stage 1 epoch 82/90    826 s
seed 1003 n25 free_scaled stage 1 epoch 83/90    836 s
seed 1003 n25 free_scaled stage 1 epoch 84/90    847 s
seed 1003 n25 free_scaled stage 1 epoch 85/90    857 s
seed 1003 n25 free_scaled stage 1 epoch 86/90    868 s
seed 1003 n25 free_scaled stage 1 epoch 87/90    878 s
seed 1003 n25 free_scaled stage 1 epoch 88/90    888 s
seed 1003 n25 free_scaled stage 1 epoch 89/90    898 s
seed 1003 n25 free_scaled stage 1 epoch 90/90    909 s
seed 1003 n25 free_scaled stage 2 epoch  1/90    913 s
seed 1003 n25 free_scaled stage 2 epoch  2/90    917 s
seed 1003 n25 free_scaled stage 2 epoch  3/90    921 s
seed 1003 n25 free_scaled stage 2 epoch  4/90    925 s
seed 1003 n25 free_scaled stage 2 epoch  5/90    929 s
seed 1003 n25 free_scaled stage 2 epoch  6/90    933 s
seed 1003 n25 free_scaled stage 2 epoch  7/90    937 s
seed 1003 n25 free_scaled stage 2 epoch  8/90    941 s
seed 1003 n25 free_scaled stage 2 epoch  9/90    945 s
seed 1003 n25 free_scaled stage 2 epoch 10/90    949 s
seed 1003 n25 free_scaled stage 2 epoch 11/90    953 s
seed 1003 n25 free_scaled stage 2 epoch 12/90    957 s
seed 1003 n25 free_scaled stage 2 epoch 13/90    961 s
seed 1003 n25 free_scaled stage 2 epoch 14/90    965 s
seed 1003 n25 free_scaled stage 2 epoch 15/90    969 s
seed 1003 n25 free_scaled stage 2 epoch 16/90    973 s
seed 1003 n25 free_scaled stage 2 epoch 17/90    977 s
seed 1003 n25 free_scaled stage 2 epoch 18/90    981 s
seed 1003 n25 free_scaled stage 2 epoch 19/90    985 s
seed 1003 n25 free_scaled stage 2 epoch 20/90    989 s
seed 1003 n25 free_scaled stage 2 epoch 21/90    993 s
seed 1003 n25 free_scaled stage 2 epoch 22/90    996 s
seed 1003 n25 free_scaled stage 2 epoch 23/90   1000 s
seed 1003 n25 free_scaled stage 2 epoch 24/90   1004 s
seed 1003 n25 free_scaled stage 2 epoch 25/90   1008 s
seed 1003 n25 free_scaled stage 2 epoch 26/90   1012 s
seed 1003 n25 free_scaled stage 2 epoch 27/90   1016 s
seed 1003 n25 free_scaled stage 2 epoch 28/90   1020 s
seed 1003 n25 free_scaled stage 2 epoch 29/90   1024 s
seed 1003 n25 free_scaled stage 2 epoch 30/90   1027 s
seed 1003 n25 free_scaled stage 2 epoch 31/90   1031 s
seed 1003 n25 free_scaled stage 2 epoch 32/90   1035 s
seed 1003 n25 free_scaled stage 2 epoch 33/90   1039 s
seed 1003 n25 free_scaled stage 2 epoch 34/90   1043 s
seed 1003 n25 free_scaled stage 2 epoch 35/90   1047 s
seed 1003 n25 free_scaled stage 2 epoch 36/90   1051 s
seed 1003 n25 free_scaled stage 2 epoch 37/90   1055 s
seed 1003 n25 free_scaled stage 2 epoch 38/90   1060 s
seed 1003 n25 free_scaled stage 2 epoch 39/90   1064 s
seed 1003 n25 free_scaled stage 2 epoch 40/90   1068 s
seed 1003 n25 free_scaled stage 2 epoch 41/90   1072 s
seed 1003 n25 free_scaled stage 2 epoch 42/90   1076 s
seed 1003 n25 free_scaled stage 2 epoch 43/90   1080 s
seed 1003 n25 free_scaled stage 2 epoch 44/90   1084 s
seed 1003 n25 free_scaled stage 2 epoch 45/90   1088 s
seed 1003 n25 free_scaled stage 2 epoch 46/90   1092 s
seed 1003 n25 free_scaled stage 2 epoch 47/90   1096 s
seed 1003 n25 free_scaled stage 2 epoch 48/90   1100 s
seed 1003 n25 free_scaled stage 2 epoch 49/90   1104 s
seed 1003 n25 free_scaled stage 2 epoch 50/90   1108 s
seed 1003 n25 free_scaled stage 2 epoch 51/90   1112 s
seed 1003 n25 free_scaled stage 2 epoch 52/90   1116 s
seed 1003 n25 free_scaled stage 2 epoch 53/90   1120 s
seed 1003 n25 free_scaled stage 2 epoch 54/90   1124 s
seed 1003 n25 free_scaled stage 2 epoch 55/90   1128 s
seed 1003 n25 free_scaled stage 2 epoch 56/90   1132 s
seed 1003 n25 free_scaled stage 2 epoch 57/90   1136 s
seed 1003 n25 free_scaled stage 2 epoch 58/90   1140 s
seed 1003 n25 free_scaled stage 2 epoch 59/90   1144 s
seed 1003 n25 free_scaled stage 2 epoch 60/90   1148 s
seed 1003 n25 free_scaled stage 2 epoch 61/90   1152 s
seed 1003 n25 free_scaled stage 2 epoch 62/90   1156 s
seed 1003 n25 free_scaled stage 2 epoch 63/90   1160 s
seed 1003 n25 free_scaled stage 2 epoch 64/90   1164 s
seed 1003 n25 free_scaled stage 2 epoch 65/90   1168 s
seed 1003 n25 free_scaled stage 2 epoch 66/90   1172 s
seed 1003 n25 free_scaled stage 2 epoch 67/90   1176 s
seed 1003 n25 free_scaled stage 2 epoch 68/90   1180 s
seed 1003 n25 free_scaled stage 2 epoch 69/90   1183 s
seed 1003 n25 free_scaled stage 2 epoch 70/90   1187 s
seed 1003 n25 free_scaled stage 2 epoch 71/90   1191 s
seed 1003 n25 free_scaled stage 2 epoch 72/90   1195 s
seed 1003 n25 free_scaled stage 2 epoch 73/90   1199 s
seed 1003 n25 free_scaled stage 2 epoch 74/90   1203 s
seed 1003 n25 free_scaled stage 2 epoch 75/90   1207 s
seed 1003 n25 free_scaled stage 2 epoch 76/90   1211 s
seed 1003 n25 free_scaled stage 2 epoch 77/90   1215 s
seed 1003 n25 free_scaled stage 2 epoch 78/90   1219 s
seed 1003 n25 free_scaled stage 2 epoch 79/90   1223 s
seed 1003 n25 free_scaled stage 2 epoch 80/90   1227 s
seed 1003 n25 free_scaled stage 2 epoch 81/90   1231 s
seed 1003 n25 free_scaled stage 2 epoch 82/90   1235 s
seed 1003 n25 free_scaled stage 2 epoch 83/90   1239 s
seed 1003 n25 free_scaled stage 2 epoch 84/90   1242 s
seed 1003 n25 free_scaled stage 2 epoch 85/90   1246 s
seed 1003 n25 free_scaled stage 2 epoch 86/90   1249 s
seed 1003 n25 free_scaled stage 2 epoch 87/90   1252 s
seed 1003 n25 free_scaled stage 2 epoch 88/90   1255 s
seed 1003 n25 free_scaled stage 2 epoch 89/90   1259 s
seed 1003 n25 free_scaled stage 2 epoch 90/90   1263 s
seed 1003 n25 prescribed_std stage 2 epoch  1/90      3 s
seed 1003 n25 prescribed_std stage 2 epoch  2/90      7 s
seed 1003 n25 prescribed_std stage 2 epoch  3/90     10 s
seed 1003 n25 prescribed_std stage 2 epoch  4/90     14 s
seed 1003 n25 prescribed_std stage 2 epoch  5/90     18 s
seed 1003 n25 prescribed_std stage 2 epoch  6/90     22 s
seed 1003 n25 prescribed_std stage 2 epoch  7/90     26 s
seed 1003 n25 prescribed_std stage 2 epoch  8/90     29 s
seed 1003 n25 prescribed_std stage 2 epoch  9/90     32 s
seed 1003 n25 prescribed_std stage 2 epoch 10/90     35 s
seed 1003 n25 prescribed_std stage 2 epoch 11/90     39 s
seed 1003 n25 prescribed_std stage 2 epoch 12/90     43 s
seed 1003 n25 prescribed_std stage 2 epoch 13/90     46 s
seed 1003 n25 prescribed_std stage 2 epoch 14/90     49 s
seed 1003 n25 prescribed_std stage 2 epoch 15/90     53 s
seed 1003 n25 prescribed_std stage 2 epoch 16/90     57 s
seed 1003 n25 prescribed_std stage 2 epoch 17/90     61 s
seed 1003 n25 prescribed_std stage 2 epoch 18/90     64 s
seed 1003 n25 prescribed_std stage 2 epoch 19/90     67 s
seed 1003 n25 prescribed_std stage 2 epoch 20/90     71 s
seed 1003 n25 prescribed_std stage 2 epoch 21/90     74 s
seed 1003 n25 prescribed_std stage 2 epoch 22/90     78 s
seed 1003 n25 prescribed_std stage 2 epoch 23/90     81 s
seed 1003 n25 prescribed_std stage 2 epoch 24/90     85 s
seed 1003 n25 prescribed_std stage 2 epoch 25/90     89 s
seed 1003 n25 prescribed_std stage 2 epoch 26/90     92 s
seed 1003 n25 prescribed_std stage 2 epoch 27/90     96 s
seed 1003 n25 prescribed_std stage 2 epoch 28/90     99 s
seed 1003 n25 prescribed_std stage 2 epoch 29/90    102 s
seed 1003 n25 prescribed_std stage 2 epoch 30/90    106 s
seed 1003 n25 prescribed_std stage 2 epoch 31/90    110 s
seed 1003 n25 prescribed_std stage 2 epoch 32/90    114 s
seed 1003 n25 prescribed_std stage 2 epoch 33/90    118 s
seed 1003 n25 prescribed_std stage 2 epoch 34/90    122 s
seed 1003 n25 prescribed_std stage 2 epoch 35/90    125 s
seed 1003 n25 prescribed_std stage 2 epoch 36/90    128 s
seed 1003 n25 prescribed_std stage 2 epoch 37/90    132 s
seed 1003 n25 prescribed_std stage 2 epoch 38/90    136 s
seed 1003 n25 prescribed_std stage 2 epoch 39/90    139 s
seed 1003 n25 prescribed_std stage 2 epoch 40/90    143 s
seed 1003 n25 prescribed_std stage 2 epoch 41/90    147 s
seed 1003 n25 prescribed_std stage 2 epoch 42/90    150 s
seed 1003 n25 prescribed_std stage 2 epoch 43/90    154 s
seed 1003 n25 prescribed_std stage 2 epoch 44/90    158 s
seed 1003 n25 prescribed_std stage 2 epoch 45/90    162 s
seed 1003 n25 prescribed_std stage 2 epoch 46/90    165 s
seed 1003 n25 prescribed_std stage 2 epoch 47/90    168 s
seed 1003 n25 prescribed_std stage 2 epoch 48/90    172 s
seed 1003 n25 prescribed_std stage 2 epoch 49/90    176 s
seed 1003 n25 prescribed_std stage 2 epoch 50/90    180 s
seed 1003 n25 prescribed_std stage 2 epoch 51/90    183 s
seed 1003 n25 prescribed_std stage 2 epoch 52/90    186 s
seed 1003 n25 prescribed_std stage 2 epoch 53/90    190 s
seed 1003 n25 prescribed_std stage 2 epoch 54/90    193 s
seed 1003 n25 prescribed_std stage 2 epoch 55/90    196 s
seed 1003 n25 prescribed_std stage 2 epoch 56/90    200 s
seed 1003 n25 prescribed_std stage 2 epoch 57/90    203 s
seed 1003 n25 prescribed_std stage 2 epoch 58/90    206 s
seed 1003 n25 prescribed_std stage 2 epoch 59/90    210 s
seed 1003 n25 prescribed_std stage 2 epoch 60/90    213 s
seed 1003 n25 prescribed_std stage 2 epoch 61/90    216 s
seed 1003 n25 prescribed_std stage 2 epoch 62/90    220 s
seed 1003 n25 prescribed_std stage 2 epoch 63/90    224 s
seed 1003 n25 prescribed_std stage 2 epoch 64/90    228 s
seed 1003 n25 prescribed_std stage 2 epoch 65/90    232 s
seed 1003 n25 prescribed_std stage 2 epoch 66/90    236 s
seed 1003 n25 prescribed_std stage 2 epoch 67/90    239 s
seed 1003 n25 prescribed_std stage 2 epoch 68/90    242 s
seed 1003 n25 prescribed_std stage 2 epoch 69/90    246 s
seed 1003 n25 prescribed_std stage 2 epoch 70/90    249 s
seed 1003 n25 prescribed_std stage 2 epoch 71/90    253 s
seed 1003 n25 prescribed_std stage 2 epoch 72/90    257 s
seed 1003 n25 prescribed_std stage 2 epoch 73/90    260 s
seed 1003 n25 prescribed_std stage 2 epoch 74/90    265 s
seed 1003 n25 prescribed_std stage 2 epoch 75/90    270 s
seed 1003 n25 prescribed_std stage 2 epoch 76/90    273 s
seed 1003 n25 prescribed_std stage 2 epoch 77/90    277 s
seed 1003 n25 prescribed_std stage 2 epoch 78/90    281 s
seed 1003 n25 prescribed_std stage 2 epoch 79/90    285 s
seed 1003 n25 prescribed_std stage 2 epoch 80/90    289 s
seed 1003 n25 prescribed_std stage 2 epoch 81/90    292 s
seed 1003 n25 prescribed_std stage 2 epoch 82/90    296 s
seed 1003 n25 prescribed_std stage 2 epoch 83/90    300 s
seed 1003 n25 prescribed_std stage 2 epoch 84/90    304 s
seed 1003 n25 prescribed_std stage 2 epoch 85/90    308 s
seed 1003 n25 prescribed_std stage 2 epoch 86/90    311 s
seed 1003 n25 prescribed_std stage 2 epoch 87/90    314 s
seed 1003 n25 prescribed_std stage 2 epoch 88/90    318 s
seed 1003 n25 prescribed_std stage 2 epoch 89/90    322 s
seed 1003 n25 prescribed_std stage 2 epoch 90/90    326 s
seed 1003 n200 free_scaled stage 1 epoch  1/90     79 s
seed 1003 n200 free_scaled stage 1 epoch  2/90    161 s
seed 1003 n200 free_scaled stage 1 epoch  3/90    263 s
seed 1003 n200 free_scaled stage 1 epoch  4/90    347 s
seed 1003 n200 free_scaled stage 1 epoch  5/90    434 s
seed 1003 n200 free_scaled stage 1 epoch  6/90    513 s
seed 1003 n200 free_scaled stage 1 epoch  7/90    591 s
seed 1003 n200 free_scaled stage 1 epoch  8/90    663 s
seed 1003 n200 free_scaled stage 1 epoch  9/90    745 s
seed 1003 n200 free_scaled stage 1 epoch 10/90    831 s
seed 1003 n200 free_scaled stage 1 epoch 11/90    912 s
seed 1003 n200 free_scaled stage 1 epoch 12/90    991 s
seed 1003 n200 free_scaled stage 1 epoch 13/90   1064 s
seed 1003 n200 free_scaled stage 1 epoch 14/90   1148 s
seed 1003 n200 free_scaled stage 1 epoch 15/90   1233 s
seed 1003 n200 free_scaled stage 1 epoch 16/90   1325 s
seed 1003 n200 free_scaled stage 1 epoch 17/90   1409 s
seed 1003 n200 free_scaled stage 1 epoch 18/90   1486 s
seed 1003 n200 free_scaled stage 1 epoch 19/90   1570 s
seed 1003 n200 free_scaled stage 1 epoch 20/90   1639 s
seed 1003 n200 free_scaled stage 1 epoch 21/90   1721 s
seed 1003 n200 free_scaled stage 1 epoch 22/90   1813 s
seed 1003 n200 free_scaled stage 1 epoch 23/90   1872 s
seed 1003 n200 free_scaled stage 1 epoch 24/90   1952 s
seed 1003 n200 free_scaled stage 1 epoch 25/90   2029 s
seed 1003 n200 free_scaled stage 1 epoch 26/90   2112 s
seed 1003 n200 free_scaled stage 1 epoch 27/90   2185 s
seed 1003 n200 free_scaled stage 1 epoch 28/90   2258 s
seed 1003 n200 free_scaled stage 1 epoch 29/90   2331 s
seed 1003 n200 free_scaled stage 1 epoch 30/90   2405 s
seed 1003 n200 free_scaled stage 1 epoch 31/90   2481 s
seed 1003 n200 free_scaled stage 1 epoch 32/90   2562 s
seed 1003 n200 free_scaled stage 1 epoch 33/90   2637 s
seed 1003 n200 free_scaled stage 1 epoch 34/90   2722 s
seed 1003 n200 free_scaled stage 1 epoch 35/90   2806 s
seed 1003 n200 free_scaled stage 1 epoch 36/90   2885 s
seed 1003 n200 free_scaled stage 1 epoch 37/90   2959 s
seed 1003 n200 free_scaled stage 1 epoch 38/90   3049 s
seed 1003 n200 free_scaled stage 1 epoch 39/90   3123 s
seed 1003 n200 free_scaled stage 1 epoch 40/90   3198 s
seed 1003 n200 free_scaled stage 1 epoch 41/90   3286 s
seed 1003 n200 free_scaled stage 1 epoch 42/90   3371 s
seed 1003 n200 free_scaled stage 1 epoch 43/90   3444 s
seed 1003 n200 free_scaled stage 1 epoch 44/90   3517 s
seed 1003 n200 free_scaled stage 1 epoch 45/90   3598 s
seed 1003 n200 free_scaled stage 1 epoch 46/90   3676 s
seed 1003 n200 free_scaled stage 1 epoch 47/90   3764 s
seed 1003 n200 free_scaled stage 1 epoch 48/90   3854 s
seed 1003 n200 free_scaled stage 1 epoch 49/90   3939 s
seed 1003 n200 free_scaled stage 1 epoch 50/90   4052 s
seed 1003 n200 free_scaled stage 1 epoch 51/90   4135 s
seed 1003 n200 free_scaled stage 1 epoch 52/90   4203 s
seed 1003 n200 free_scaled stage 1 epoch 53/90   4348 s
seed 1003 n200 free_scaled stage 1 epoch 54/90   4426 s
seed 1003 n200 free_scaled stage 1 epoch 55/90   4511 s
seed 1003 n200 free_scaled stage 1 epoch 56/90   4597 s
seed 1003 n200 free_scaled stage 1 epoch 57/90   4667 s
seed 1003 n200 free_scaled stage 1 epoch 58/90   4736 s
seed 1003 n200 free_scaled stage 1 epoch 59/90   4800 s
seed 1003 n200 free_scaled stage 1 epoch 60/90   4856 s
seed 1003 n200 free_scaled stage 1 epoch 61/90   4913 s
seed 1003 n200 free_scaled stage 1 epoch 62/90   4992 s
seed 1003 n200 free_scaled stage 1 epoch 63/90   5090 s
seed 1003 n200 free_scaled stage 1 epoch 64/90   5174 s
seed 1003 n200 free_scaled stage 1 epoch 65/90   5247 s
seed 1003 n200 free_scaled stage 1 epoch 66/90   5330 s
seed 1003 n200 free_scaled stage 1 epoch 67/90   5410 s
seed 1003 n200 free_scaled stage 1 epoch 68/90   5491 s
seed 1003 n200 free_scaled stage 1 epoch 69/90   5575 s
seed 1003 n200 free_scaled stage 1 epoch 70/90   5655 s
seed 1003 n200 free_scaled stage 1 epoch 71/90   5738 s
seed 1003 n200 free_scaled stage 1 epoch 72/90   5804 s
seed 1003 n200 free_scaled stage 1 epoch 73/90   5870 s
seed 1003 n200 free_scaled stage 1 epoch 74/90   5934 s
seed 1003 n200 free_scaled stage 1 epoch 75/90   6015 s
seed 1003 n200 free_scaled stage 1 epoch 76/90   6119 s
seed 1003 n200 free_scaled stage 1 epoch 77/90   6199 s
seed 1003 n200 free_scaled stage 1 epoch 78/90   6279 s
seed 1003 n200 free_scaled stage 1 epoch 79/90   6351 s
seed 1003 n200 free_scaled stage 1 epoch 80/90   6437 s
seed 1003 n200 free_scaled stage 1 epoch 81/90   6513 s
seed 1003 n200 free_scaled stage 1 epoch 82/90   6584 s
seed 1003 n200 free_scaled stage 1 epoch 83/90   6673 s
seed 1003 n200 free_scaled stage 1 epoch 84/90   6754 s
seed 1003 n200 free_scaled stage 1 epoch 85/90   6839 s
seed 1003 n200 free_scaled stage 1 epoch 86/90   6928 s
seed 1003 n200 free_scaled stage 1 epoch 87/90   7030 s
seed 1003 n200 free_scaled stage 1 epoch 88/90   7116 s
seed 1003 n200 free_scaled stage 1 epoch 89/90   7201 s
seed 1003 n200 free_scaled stage 1 epoch 90/90   7301 s
seed 1003 n200 free_scaled stage 2 epoch  1/90   7334 s
seed 1003 n200 free_scaled stage 2 epoch  2/90   7368 s
seed 1003 n200 free_scaled stage 2 epoch  3/90   7401 s
seed 1003 n200 free_scaled stage 2 epoch  4/90   7434 s
seed 1003 n200 free_scaled stage 2 epoch  5/90   7470 s
seed 1003 n200 free_scaled stage 2 epoch  6/90   7503 s
seed 1003 n200 free_scaled stage 2 epoch  7/90   7534 s
seed 1003 n200 free_scaled stage 2 epoch  8/90   7565 s
seed 1003 n200 free_scaled stage 2 epoch  9/90   7597 s
seed 1003 n200 free_scaled stage 2 epoch 10/90   7628 s
seed 1003 n200 free_scaled stage 2 epoch 11/90   7660 s
seed 1003 n200 free_scaled stage 2 epoch 12/90   7691 s
seed 1003 n200 free_scaled stage 2 epoch 13/90   7722 s
seed 1003 n200 free_scaled stage 2 epoch 14/90   7755 s
seed 1003 n200 free_scaled stage 2 epoch 15/90   7789 s
seed 1003 n200 free_scaled stage 2 epoch 16/90   7821 s
seed 1003 n200 free_scaled stage 2 epoch 17/90   7855 s
seed 1003 n200 free_scaled stage 2 epoch 18/90   7892 s
seed 1003 n200 free_scaled stage 2 epoch 19/90   7925 s
seed 1003 n200 free_scaled stage 2 epoch 20/90   7957 s
seed 1003 n200 free_scaled stage 2 epoch 21/90   7988 s
seed 1003 n200 free_scaled stage 2 epoch 22/90   8019 s
seed 1003 n200 free_scaled stage 2 epoch 23/90   8051 s
seed 1003 n200 free_scaled stage 2 epoch 24/90   8081 s
seed 1003 n200 free_scaled stage 2 epoch 25/90   8111 s
seed 1003 n200 free_scaled stage 2 epoch 26/90   8173 s
seed 1003 n200 free_scaled stage 2 epoch 27/90   8207 s
seed 1003 n200 free_scaled stage 2 epoch 28/90   8237 s
seed 1003 n200 free_scaled stage 2 epoch 29/90   8267 s
seed 1003 n200 free_scaled stage 2 epoch 30/90   8300 s
seed 1003 n200 free_scaled stage 2 epoch 31/90   8332 s
seed 1003 n200 free_scaled stage 2 epoch 32/90   8363 s
seed 1003 n200 free_scaled stage 2 epoch 33/90   8395 s
seed 1003 n200 free_scaled stage 2 epoch 34/90   8426 s
seed 1003 n200 free_scaled stage 2 epoch 35/90   8457 s
seed 1003 n200 free_scaled stage 2 epoch 36/90   8488 s
seed 1003 n200 free_scaled stage 2 epoch 37/90   8520 s
seed 1003 n200 free_scaled stage 2 epoch 38/90   8553 s
seed 1003 n200 free_scaled stage 2 epoch 39/90   8586 s
seed 1003 n200 free_scaled stage 2 epoch 40/90   8615 s
seed 1003 n200 free_scaled stage 2 epoch 41/90   8643 s
seed 1003 n200 free_scaled stage 2 epoch 42/90   8675 s
seed 1003 n200 free_scaled stage 2 epoch 43/90   8706 s
seed 1003 n200 free_scaled stage 2 epoch 44/90   8748 s
seed 1003 n200 free_scaled stage 2 epoch 45/90   8794 s
seed 1003 n200 free_scaled stage 2 epoch 46/90   8834 s
seed 1003 n200 free_scaled stage 2 epoch 47/90   8868 s
seed 1003 n200 free_scaled stage 2 epoch 48/90   8900 s
seed 1003 n200 free_scaled stage 2 epoch 49/90   8935 s
seed 1003 n200 free_scaled stage 2 epoch 50/90   8965 s
seed 1003 n200 free_scaled stage 2 epoch 51/90   8988 s
seed 1003 n200 free_scaled stage 2 epoch 52/90   9008 s
seed 1003 n200 free_scaled stage 2 epoch 53/90   9028 s
seed 1003 n200 free_scaled stage 2 epoch 54/90   9057 s
seed 1003 n200 free_scaled stage 2 epoch 55/90   9091 s
seed 1003 n200 free_scaled stage 2 epoch 56/90   9112 s
seed 1003 n200 free_scaled stage 2 epoch 57/90   9132 s
seed 1003 n200 free_scaled stage 2 epoch 58/90   9152 s
seed 1003 n200 free_scaled stage 2 epoch 59/90   9181 s
seed 1003 n200 free_scaled stage 2 epoch 60/90   9202 s
seed 1003 n200 free_scaled stage 2 epoch 61/90   9218 s
seed 1003 n200 free_scaled stage 2 epoch 62/90   9233 s
seed 1003 n200 free_scaled stage 2 epoch 63/90   9248 s
seed 1003 n200 free_scaled stage 2 epoch 64/90   9263 s
seed 1003 n200 free_scaled stage 2 epoch 65/90   9278 s
seed 1003 n200 free_scaled stage 2 epoch 66/90   9293 s
seed 1003 n200 free_scaled stage 2 epoch 67/90   9307 s
seed 1003 n200 free_scaled stage 2 epoch 68/90   9322 s
seed 1003 n200 free_scaled stage 2 epoch 69/90   9337 s
seed 1003 n200 free_scaled stage 2 epoch 70/90   9351 s
seed 1003 n200 free_scaled stage 2 epoch 71/90   9366 s
seed 1003 n200 free_scaled stage 2 epoch 72/90   9381 s
seed 1003 n200 free_scaled stage 2 epoch 73/90   9395 s
seed 1003 n200 free_scaled stage 2 epoch 74/90   9410 s
seed 1003 n200 free_scaled stage 2 epoch 75/90   9425 s
seed 1003 n200 free_scaled stage 2 epoch 76/90   9440 s
seed 1003 n200 free_scaled stage 2 epoch 77/90   9454 s
seed 1003 n200 free_scaled stage 2 epoch 78/90   9470 s
seed 1003 n200 free_scaled stage 2 epoch 79/90   9485 s
seed 1003 n200 free_scaled stage 2 epoch 80/90   9499 s
seed 1003 n200 free_scaled stage 2 epoch 81/90   9514 s
seed 1003 n200 free_scaled stage 2 epoch 82/90   9528 s
seed 1003 n200 free_scaled stage 2 epoch 83/90   9543 s
seed 1003 n200 free_scaled stage 2 epoch 84/90   9558 s
seed 1003 n200 free_scaled stage 2 epoch 85/90   9574 s
seed 1003 n200 free_scaled stage 2 epoch 86/90   9590 s
seed 1003 n200 free_scaled stage 2 epoch 87/90   9605 s
seed 1003 n200 free_scaled stage 2 epoch 88/90   9619 s
seed 1003 n200 free_scaled stage 2 epoch 89/90   9634 s
seed 1003 n200 free_scaled stage 2 epoch 90/90   9649 s
seed 1003 n200 prescribed_std stage 2 epoch  1/90     16 s
seed 1003 n200 prescribed_std stage 2 epoch  2/90     31 s
seed 1003 n200 prescribed_std stage 2 epoch  3/90     47 s
seed 1003 n200 prescribed_std stage 2 epoch  4/90     69 s
seed 1003 n200 prescribed_std stage 2 epoch  5/90     84 s
seed 1003 n200 prescribed_std stage 2 epoch  6/90     98 s
seed 1003 n200 prescribed_std stage 2 epoch  7/90    113 s
seed 1003 n200 prescribed_std stage 2 epoch  8/90    128 s
seed 1003 n200 prescribed_std stage 2 epoch  9/90    142 s
seed 1003 n200 prescribed_std stage 2 epoch 10/90    157 s
seed 1003 n200 prescribed_std stage 2 epoch 11/90    171 s
seed 1003 n200 prescribed_std stage 2 epoch 12/90    186 s
seed 1003 n200 prescribed_std stage 2 epoch 13/90    200 s
seed 1003 n200 prescribed_std stage 2 epoch 14/90    215 s
seed 1003 n200 prescribed_std stage 2 epoch 15/90    229 s
seed 1003 n200 prescribed_std stage 2 epoch 16/90    244 s
seed 1003 n200 prescribed_std stage 2 epoch 17/90    258 s
seed 1003 n200 prescribed_std stage 2 epoch 18/90    273 s
seed 1003 n200 prescribed_std stage 2 epoch 19/90    287 s
seed 1003 n200 prescribed_std stage 2 epoch 20/90    302 s
seed 1003 n200 prescribed_std stage 2 epoch 21/90    317 s
seed 1003 n200 prescribed_std stage 2 epoch 22/90    331 s
seed 1003 n200 prescribed_std stage 2 epoch 23/90    345 s
seed 1003 n200 prescribed_std stage 2 epoch 24/90    360 s
seed 1003 n200 prescribed_std stage 2 epoch 25/90    374 s
seed 1003 n200 prescribed_std stage 2 epoch 26/90    389 s
seed 1003 n200 prescribed_std stage 2 epoch 27/90    405 s
seed 1003 n200 prescribed_std stage 2 epoch 28/90    420 s
seed 1003 n200 prescribed_std stage 2 epoch 29/90    434 s
seed 1003 n200 prescribed_std stage 2 epoch 30/90    449 s
seed 1003 n200 prescribed_std stage 2 epoch 31/90    463 s
seed 1003 n200 prescribed_std stage 2 epoch 32/90    478 s
seed 1003 n200 prescribed_std stage 2 epoch 33/90    492 s
seed 1003 n200 prescribed_std stage 2 epoch 34/90    507 s
seed 1003 n200 prescribed_std stage 2 epoch 35/90    521 s
seed 1003 n200 prescribed_std stage 2 epoch 36/90    536 s
seed 1003 n200 prescribed_std stage 2 epoch 37/90    551 s
seed 1003 n200 prescribed_std stage 2 epoch 38/90    566 s
seed 1003 n200 prescribed_std stage 2 epoch 39/90    581 s
seed 1003 n200 prescribed_std stage 2 epoch 40/90    595 s
seed 1003 n200 prescribed_std stage 2 epoch 41/90    610 s
seed 1003 n200 prescribed_std stage 2 epoch 42/90    626 s
seed 1003 n200 prescribed_std stage 2 epoch 43/90    640 s
seed 1003 n200 prescribed_std stage 2 epoch 44/90    655 s
seed 1003 n200 prescribed_std stage 2 epoch 45/90    669 s
seed 1003 n200 prescribed_std stage 2 epoch 46/90    684 s
seed 1003 n200 prescribed_std stage 2 epoch 47/90    698 s
seed 1003 n200 prescribed_std stage 2 epoch 48/90    714 s
seed 1003 n200 prescribed_std stage 2 epoch 49/90    729 s
seed 1003 n200 prescribed_std stage 2 epoch 50/90    743 s
seed 1003 n200 prescribed_std stage 2 epoch 51/90    759 s
seed 1003 n200 prescribed_std stage 2 epoch 52/90    784 s
seed 1003 n200 prescribed_std stage 2 epoch 53/90    799 s
seed 1003 n200 prescribed_std stage 2 epoch 54/90    814 s
seed 1003 n200 prescribed_std stage 2 epoch 55/90    829 s
seed 1003 n200 prescribed_std stage 2 epoch 56/90    844 s
seed 1003 n200 prescribed_std stage 2 epoch 57/90    859 s
seed 1003 n200 prescribed_std stage 2 epoch 58/90    873 s
seed 1003 n200 prescribed_std stage 2 epoch 59/90    888 s
seed 1003 n200 prescribed_std stage 2 epoch 60/90    903 s
seed 1003 n200 prescribed_std stage 2 epoch 61/90    918 s
seed 1003 n200 prescribed_std stage 2 epoch 62/90    933 s
seed 1003 n200 prescribed_std stage 2 epoch 63/90    947 s
seed 1003 n200 prescribed_std stage 2 epoch 64/90    962 s
seed 1003 n200 prescribed_std stage 2 epoch 65/90    976 s
seed 1003 n200 prescribed_std stage 2 epoch 66/90    992 s
seed 1003 n200 prescribed_std stage 2 epoch 67/90   1006 s
seed 1003 n200 prescribed_std stage 2 epoch 68/90   1022 s
seed 1003 n200 prescribed_std stage 2 epoch 69/90   1037 s
seed 1003 n200 prescribed_std stage 2 epoch 70/90   1051 s
seed 1003 n200 prescribed_std stage 2 epoch 71/90   1066 s
seed 1003 n200 prescribed_std stage 2 epoch 72/90   1080 s
seed 1003 n200 prescribed_std stage 2 epoch 73/90   1095 s
seed 1003 n200 prescribed_std stage 2 epoch 74/90   1110 s
seed 1003 n200 prescribed_std stage 2 epoch 75/90   1127 s
seed 1003 n200 prescribed_std stage 2 epoch 76/90   1142 s
seed 1003 n200 prescribed_std stage 2 epoch 77/90   1156 s
seed 1003 n200 prescribed_std stage 2 epoch 78/90   1170 s
seed 1003 n200 prescribed_std stage 2 epoch 79/90   1184 s
seed 1003 n200 prescribed_std stage 2 epoch 80/90   1198 s
seed 1003 n200 prescribed_std stage 2 epoch 81/90   1213 s
seed 1003 n200 prescribed_std stage 2 epoch 82/90   1228 s
seed 1003 n200 prescribed_std stage 2 epoch 83/90   1242 s
seed 1003 n200 prescribed_std stage 2 epoch 84/90   1256 s
seed 1003 n200 prescribed_std stage 2 epoch 85/90   1270 s
seed 1003 n200 prescribed_std stage 2 epoch 86/90   1284 s
seed 1003 n200 prescribed_std stage 2 epoch 87/90   1298 s
seed 1003 n200 prescribed_std stage 2 epoch 88/90   1312 s
seed 1003 n200 prescribed_std stage 2 epoch 89/90   1326 s
seed 1003 n200 prescribed_std stage 2 epoch 90/90   1340 s
seed 1003: written
