seed 42 prescribed stage 1 epoch  1/90     24 s
seed 42 prescribed stage 1 epoch  2/90     38 s
seed 42 prescribed stage 1 epoch  3/90     57 s
seed 42 prescribed stage 1 epoch  4/90     75 s
seed 42 prescribed stage 1 epoch  5/90     96 s
seed 42 prescribed stage 1 epoch  6/90    119 s
seed 42 prescribed stage 1 epoch  7/90    136 s
seed 42 prescribed stage 1 epoch  8/90    160 s
seed 42 prescribed stage 1 epoch  9/90    181 s
seed 42 prescribed stage 1 epoch 10/90    204 s
seed 42 prescribed stage 1 epoch 11/90    227 s
seed 42 prescribed stage 1 epoch 12/90    243 s
seed 42 prescribed stage 1 epoch 13/90    260 s
seed 42 prescribed stage 1 epoch 14/90    278 s
seed 42 prescribed stage 1 epoch 15/90    293 s
seed 42 prescribed stage 1 epoch 16/90    311 s
seed 42 prescribed stage 1 epoch 17/90    331 s
seed 42 prescribed stage 1 epoch 18/90    349 s
seed 42 prescribed stage 1 epoch 19/90    365 s
seed 42 prescribed stage 1 epoch 20/90    379 s
seed 42 prescribed stage 1 epoch 21/90    393 s
seed 42 prescribed stage 1 epoch 22/90    413 s
seed 42 prescribed stage 1 epoch 23/90    429 s
seed 42 prescribed stage 1 epoch 24/90    443 s
seed 42 prescribed stage 1 epoch 25/90    458 s
seed 42 prescribed stage 1 epoch 26/90    473 s
seed 42 prescribed stage 1 epoch 27/90    490 s
seed 42 prescribed stage 1 epoch 28/90    505 s
seed 42 prescribed stage 1 epoch 29/90    521 s
seed 42 prescribed stage 1 epoch 30/90    536 s
seed 42 prescribed stage 1 epoch 31/90    554 s
seed 42 prescribed stage 1 epoch 32/90    569 s
seed 42 prescribed stage 1 epoch 33/90    584 s
seed 42 prescribed stage 1 epoch 34/90    599 s
seed 42 prescribed stage 1 epoch 35/90    617 s
seed 42 prescribed stage 1 epoch 36/90    636 s
seed 42 prescribed stage 1 epoch 37/90    653 s
seed 42 prescribed stage 1 epoch 38/90    668 s
seed 42 prescribed stage 1 epoch 39/90    682 s
seed 42 prescribed stage 1 epoch 40/90    700 s
seed 42 prescribed stage 1 epoch 41/90    717 s
seed 42 prescribed stage 1 epoch 42/90    732 s
seed 42 prescribed stage 1 epoch 43/90    746 s
seed 42 prescribed stage 1 epoch 44/90    760 s
seed 42 prescribed stage 1 epoch 45/90    774 s
seed 42 prescribed stage 1 epoch 46/90    789 s
seed 42 prescribed stage 1 epoch 47/90    803 s
seed 42 prescribed stage 1 epoch 48/90    817 s
seed 42 prescribed stage 1 epoch 49/90    831 s
seed 42 prescribed stage 1 epoch 50/90    845 s
seed 42 prescribed stage 1 epoch 51/90    859 s
seed 42 prescribed stage 1 epoch 52/90    874 s
seed 42 prescribed stage 1 epoch 53/90    888 s
seed 42 prescribed stage 1 epoch 54/90    902 s
seed 42 prescribed stage 1 epoch 55/90    920 s
seed 42 prescribed stage 1 epoch 56/90    937 s
seed 42 prescribed stage 1 epoch 57/90    952 s
seed 42 prescribed stage 1 epoch 58/90    968 s
seed 42 prescribed stage 1 epoch 59/90    984 s
seed 42 prescribed stage 1 epoch 60/90    997 s
seed 42 prescribed stage 1 epoch 61/90   1015 s
seed 42 prescribed stage 1 epoch 62/90   1030 s
seed 42 prescribed stage 1 epoch 63/90   1046 s
seed 42 prescribed stage 1 epoch 64/90   1067 s
seed 42 prescribed stage 1 epoch 65/90   1084 s
seed 42 prescribed stage 1 epoch 66/90   1098 s
seed 42 prescribed stage 1 epoch 67/90   1116 s
seed 42 prescribed stage 1 epoch 68/90   1134 s
seed 42 prescribed stage 1 epoch 69/90   1150 s
seed 42 prescribed stage 1 epoch 70/90   1167 s
seed 42 prescribed stage 1 epoch 71/90   1187 s
seed 42 prescribed stage 1 epoch 72/90   1202 s
seed 42 prescribed stage 1 epoch 73/90   1217 s
seed 42 prescribed stage 1 epoch 74/90   1235 s
seed 42 prescribed stage 1 epoch 75/90   1256 s
seed 42 prescribed stage 1 epoch 76/90   1272 s
seed 42 prescribed stage 1 epoch 77/90   1294 s
seed 42 prescribed stage 1 epoch 78/90   1310 s
seed 42 prescribed stage 1 epoch 79/90   1326 s
seed 42 prescribed stage 1 epoch 80/90   1341 s
seed 42 prescribed stage 1 epoch 81/90   1354 s
seed 42 prescribed stage 1 epoch 82/90   1369 s
seed 42 prescribed stage 1 epoch 83/90   1386 s
seed 42 prescribed stage 1 epoch 84/90   1400 s
seed 42 prescribed stage 1 epoch 85/90   1415 s
seed 42 prescribed stage 1 epoch 86/90   1434 s
seed 42 prescribed stage 1 epoch 87/90   1452 s
seed 42 prescribed stage 1 epoch 88/90   1469 s
seed 42 prescribed stage 1 epoch 89/90   1489 s
seed 42 prescribed stage 1 epoch 90/90   1510 s
seed 42 prescribed stage 2 epoch  1/90   1527 s
seed 42 prescribed stage 2 epoch  2/90   1550 s
seed 42 prescribed stage 2 epoch  3/90   1567 s
seed 42 prescribed stage 2 epoch  4/90   1581 s
seed 42 prescribed stage 2 epoch  5/90   1597 s
seed 42 prescribed stage 2 epoch  6/90   1615 s
seed 42 prescribed stage 2 epoch  7/90   1633 s
seed 42 prescribed stage 2 epoch  8/90   1651 s
seed 42 prescribed stage 2 epoch  9/90   1674 s
seed 42 prescribed stage 2 epoch 10/90   1693 s
seed 42 prescribed stage 2 epoch 11/90   1712 s
seed 42 prescribed stage 2 epoch 12/90   1726 s
seed 42 prescribed stage 2 epoch 13/90   1741 s
seed 42 prescribed stage 2 epoch 14/90   1755 s
seed 42 prescribed stage 2 epoch 15/90   1772 s
seed 42 prescribed stage 2 epoch 16/90   1786 s
seed 42 prescribed stage 2 epoch 17/90   1801 s
seed 42 prescribed stage 2 epoch 18/90   1816 s
seed 42 prescribed stage 2 epoch 19/90   1836 s
seed 42 prescribed stage 2 epoch 20/90   1853 s
seed 42 prescribed stage 2 epoch 21/90   1871 s
seed 42 prescribed stage 2 epoch 22/90   1889 s
seed 42 prescribed stage 2 epoch 23/90   1907 s
seed 42 prescribed stage 2 epoch 24/90   1924 s
seed 42 prescribed stage 2 epoch 25/90   1941 s
seed 42 prescribed stage 2 epoch 26/90   1963 s
seed 42 prescribed stage 2 epoch 27/90   1987 s
seed 42 prescribed stage 2 epoch 28/90   2008 s
seed 42 prescribed stage 2 epoch 29/90   2025 s
seed 42 prescribed stage 2 epoch 30/90   2040 s
seed 42 prescribed stage 2 epoch 31/90   2055 s
seed 42 prescribed stage 2 epoch 32/90   2069 s
seed 42 prescribed stage 2 epoch 33/90   2087 s
seed 42 prescribed stage 2 epoch 34/90   2103 s
seed 42 prescribed stage 2 epoch 35/90   2121 s
seed 42 prescribed stage 2 epoch 36/90   2136 s
seed 42 prescribed stage 2 epoch 37/90   2151 s
seed 42 prescribed stage 2 epoch 38/90   2165 s
seed 42 prescribed stage 2 epoch 39/90   2184 s
seed 42 prescribed stage 2 epoch 40/90   2202 s
seed 42 prescribed stage 2 epoch 41/90   2218 s
seed 42 prescribed stage 2 epoch 42/90   2233 s
seed 42 prescribed stage 2 epoch 43/90   2247 s
seed 42 prescribed stage 2 epoch 44/90   2262 s
seed 42 prescribed stage 2 epoch 45/90   2279 s
seed 42 prescribed stage 2 epoch 46/90   2296 s
seed 42 prescribed stage 2 epoch 47/90   2311 s
seed 42 prescribed stage 2 epoch 48/90   2326 s
seed 42 prescribed stage 2 epoch 49/90   2340 s
seed 42 prescribed stage 2 epoch 50/90   2356 s
seed 42 prescribed stage 2 epoch 51/90   2374 s
seed 42 prescribed stage 2 epoch 52/90   2388 s
seed 42 prescribed stage 2 epoch 53/90   2403 s
seed 42 prescribed stage 2 epoch 54/90   2418 s
seed 42 prescribed stage 2 epoch 55/90   2436 s
seed 42 prescribed stage 2 epoch 56/90   2451 s
seed 42 prescribed stage 2 epoch 57/90   2465 s
seed 42 prescribed stage 2 epoch 58/90   2480 s
seed 42 prescribed stage 2 epoch 59/90   2494 s
seed 42 prescribed stage 2 epoch 60/90   2512 s
seed 42 prescribed stage 2 epoch 61/90   2530 s
seed 42 prescribed stage 2 epoch 62/90   2549 s
seed 42 prescribed stage 2 epoch 63/90   2564 s
seed 42 prescribed stage 2 epoch 64/90   2580 s
seed 42 prescribed stage 2 epoch 65/90   2596 s
seed 42 prescribed stage 2 epoch 66/90   2614 s
seed 42 prescribed stage 2 epoch 67/90   2637 s
seed 42 prescribed stage 2 epoch 68/90   2656 s
seed 42 prescribed stage 2 epoch 69/90   2683 s
seed 42 prescribed stage 2 epoch 70/90   2714 s
seed 42 prescribed stage 2 epoch 71/90   2739 s
seed 42 prescribed stage 2 epoch 72/90   2755 s
seed 42 prescribed stage 2 epoch 73/90   2773 s
seed 42 prescribed stage 2 epoch 74/90   2793 s
seed 42 prescribed stage 2 epoch 75/90   2811 s
seed 42 prescribed stage 2 epoch 76/90   2826 s
seed 42 prescribed stage 2 epoch 77/90   2843 s
seed 42 prescribed stage 2 epoch 78/90   2859 s
seed 42 prescribed stage 2 epoch 79/90   2876 s
seed 42 prescribed stage 2 epoch 80/90   2900 s
seed 42 prescribed stage 2 epoch 81/90   2915 s
seed 42 prescribed stage 2 epoch 82/90   2933 s
seed 42 prescribed stage 2 epoch 83/90   2953 s
seed 42 prescribed stage 2 epoch 84/90   2971 s
seed 42 prescribed stage 2 epoch 85/90   2988 s
seed 42 prescribed stage 2 epoch 86/90   3003 s
seed 42 prescribed stage 2 epoch 87/90   3018 s
seed 42 prescribed stage 2 epoch 88/90   3033 s
seed 42 prescribed stage 2 epoch 89/90   3050 s
seed 42 prescribed stage 2 epoch 90/90   3068 s
seed 42 prescribed: 3068.1 s
seed 42 free_scaled stage 1 epoch  1/90     59 s
seed 42 free_scaled stage 1 epoch  2/90    107 s
seed 42 free_scaled stage 1 epoch  3/90    152 s
seed 42 free_scaled stage 1 epoch  4/90    196 s
seed 42 free_scaled stage 1 epoch  5/90    249 s
seed 42 free_scaled stage 1 epoch  6/90    297 s
seed 42 free_scaled stage 1 epoch  7/90    340 s
seed 42 free_scaled stage 1 epoch  8/90    388 s
seed 42 free_scaled stage 1 epoch  9/90    433 s
seed 42 free_scaled stage 1 epoch 10/90    477 s
seed 42 free_scaled stage 1 epoch 11/90    516 s
seed 42 free_scaled stage 1 epoch 12/90    569 s
seed 42 free_scaled stage 1 epoch 13/90    612 s
seed 42 free_scaled stage 1 epoch 14/90    654 s
seed 42 free_scaled stage 1 epoch 15/90    700 s
seed 42 free_scaled stage 1 epoch 16/90    752 s
seed 42 free_scaled stage 1 epoch 17/90    792 s
seed 42 free_scaled stage 1 epoch 18/90    840 s
seed 42 free_scaled stage 1 epoch 19/90    882 s
seed 42 free_scaled stage 1 epoch 20/90    924 s
seed 42 free_scaled stage 1 epoch 21/90    970 s
seed 42 free_scaled stage 1 epoch 22/90   1035 s
seed 42 free_scaled stage 1 epoch 23/90   1087 s
seed 42 free_scaled stage 1 epoch 24/90   1151 s
seed 42 free_scaled stage 1 epoch 25/90   1233 s
seed 42 free_scaled stage 1 epoch 26/90   1358 s
seed 42 free_scaled stage 1 epoch 27/90   1411 s
seed 42 free_scaled stage 1 epoch 28/90   1463 s
seed 42 free_scaled stage 1 epoch 29/90   1517 s
seed 42 free_scaled stage 1 epoch 30/90   1567 s
seed 42 free_scaled stage 1 epoch 31/90   1613 s
seed 42 free_scaled stage 1 epoch 32/90   1654 s
seed 42 free_scaled stage 1 epoch 33/90   1701 s
seed 42 free_scaled stage 1 epoch 34/90   1748 s
seed 42 free_scaled stage 1 epoch 35/90   1797 s
seed 42 free_scaled stage 1 epoch 36/90   1843 s
seed 42 free_scaled stage 1 epoch 37/90   1887 s
seed 42 free_scaled stage 1 epoch 38/90   1974 s
seed 42 free_scaled stage 1 epoch 39/90   2032 s
seed 42 free_scaled stage 1 epoch 40/90   2073 s
seed 42 free_scaled stage 1 epoch 41/90   2129 s
seed 42 free_scaled stage 1 epoch 42/90   2178 s
seed 42 free_scaled stage 1 epoch 43/90   2227 s
seed 42 free_scaled stage 1 epoch 44/90   2280 s
seed 42 free_scaled stage 1 epoch 45/90   2325 s
seed 42 free_scaled stage 1 epoch 46/90   2379 s
seed 42 free_scaled stage 1 epoch 47/90   2426 s
seed 42 free_scaled stage 1 epoch 48/90   2468 s
seed 42 free_scaled stage 1 epoch 49/90   2520 s
seed 42 free_scaled stage 1 epoch 50/90   2571 s
seed 42 free_scaled stage 1 epoch 51/90   2620 s
seed 42 free_scaled stage 1 epoch 52/90   2689 s
seed 42 free_scaled stage 1 epoch 53/90   2741 s
seed 42 free_scaled stage 1 epoch 54/90   2796 s
seed 42 free_scaled stage 1 epoch 55/90   2843 s
seed 42 free_scaled stage 1 epoch 56/90   2888 s
seed 42 free_scaled stage 1 epoch 57/90   2930 s
seed 42 free_scaled stage 1 epoch 58/90   2972 s
seed 42 free_scaled stage 1 epoch 59/90   3019 s
seed 42 free_scaled stage 1 epoch 60/90   3067 s
seed 42 free_scaled stage 1 epoch 61/90   3110 s
seed 42 free_scaled stage 1 epoch 62/90   3158 s
seed 42 free_scaled stage 1 epoch 63/90   3204 s
seed 42 free_scaled stage 1 epoch 64/90   3254 s
seed 42 free_scaled stage 1 epoch 65/90   3298 s
seed 42 free_scaled stage 1 epoch 66/90   3344 s
seed 42 free_scaled stage 1 epoch 67/90   3389 s
seed 42 free_scaled stage 1 epoch 68/90   3435 s
seed 42 free_scaled stage 1 epoch 69/90   3478 s
seed 42 free_scaled stage 1 epoch 70/90   3529 s
seed 42 free_scaled stage 1 epoch 71/90   3590 s
seed 42 free_scaled stage 1 epoch 72/90   3654 s
seed 42 free_scaled stage 1 epoch 73/90   3696 s
seed 42 free_scaled stage 1 epoch 74/90   3738 s
seed 42 free_scaled stage 1 epoch 75/90   3781 s
seed 42 free_scaled stage 1 epoch 76/90   3826 s
seed 42 free_scaled stage 1 epoch 77/90   3871 s
seed 42 free_scaled stage 1 epoch 78/90   3915 s
seed 42 free_scaled stage 1 epoch 79/90   3960 s
seed 42 free_scaled stage 1 epoch 80/90   4003 s
seed 42 free_scaled stage 1 epoch 81/90   4062 s
seed 42 free_scaled stage 1 epoch 82/90   4117 s
seed 42 free_scaled stage 1 epoch 83/90   4167 s
seed 42 free_scaled stage 1 epoch 84/90   4212 s
seed 42 free_scaled stage 1 epoch 85/90   4262 s
seed 42 free_scaled stage 1 epoch 86/90   4318 s
seed 42 free_scaled stage 1 epoch 87/90   4381 s
seed 42 free_scaled stage 1 epoch 88/90   4427 s
seed 42 free_scaled stage 1 epoch 89/90   4505 s
seed 42 free_scaled stage 1 epoch 90/90   4554 s
seed 42 free_scaled stage 2 epoch  1/90   4574 s
seed 42 free_scaled stage 2 epoch  2/90   4592 s
seed 42 free_scaled stage 2 epoch  3/90   4611 s
seed 42 free_scaled stage 2 epoch  4/90   4628 s
seed 42 free_scaled stage 2 epoch  5/90   4648 s
seed 42 free_scaled stage 2 epoch  6/90   4668 s
seed 42 free_scaled stage 2 epoch  7/90   4685 s
seed 42 free_scaled stage 2 epoch  8/90   4702 s
seed 42 free_scaled stage 2 epoch  9/90   4719 s
seed 42 free_scaled stage 2 epoch 10/90   4734 s
seed 42 free_scaled stage 2 epoch 11/90   4749 s
seed 42 free_scaled stage 2 epoch 12/90   4766 s
seed 42 free_scaled stage 2 epoch 13/90   4781 s
seed 42 free_scaled stage 2 epoch 14/90   4797 s
seed 42 free_scaled stage 2 epoch 15/90   4811 s
seed 42 free_scaled stage 2 epoch 16/90   4829 s
seed 42 free_scaled stage 2 epoch 17/90   4848 s
seed 42 free_scaled stage 2 epoch 18/90   4865 s
seed 42 free_scaled stage 2 epoch 19/90   4884 s
seed 42 free_scaled stage 2 epoch 20/90   4902 s
seed 42 free_scaled stage 2 epoch 21/90   4923 s
seed 42 free_scaled stage 2 epoch 22/90   4943 s
seed 42 free_scaled stage 2 epoch 23/90   4960 s
seed 42 free_scaled stage 2 epoch 24/90   4978 s
seed 42 free_scaled stage 2 epoch 25/90   4997 s
seed 42 free_scaled stage 2 epoch 26/90   5012 s
seed 42 free_scaled stage 2 epoch 27/90   5026 s
seed 42 free_scaled stage 2 epoch 28/90   5041 s
seed 42 free_scaled stage 2 epoch 29/90   5056 s
seed 42 free_scaled stage 2 epoch 30/90   5076 s
seed 42 free_scaled stage 2 epoch 31/90   5094 s
seed 42 free_scaled stage 2 epoch 32/90   5112 s
seed 42 free_scaled stage 2 epoch 33/90   5132 s
seed 42 free_scaled stage 2 epoch 34/90   5150 s
seed 42 free_scaled stage 2 epoch 35/90   5173 s
seed 42 free_scaled stage 2 epoch 36/90   5197 s
seed 42 free_scaled stage 2 epoch 37/90   5220 s
seed 42 free_scaled stage 2 epoch 38/90   5242 s
seed 42 free_scaled stage 2 epoch 39/90   5262 s
seed 42 free_scaled stage 2 epoch 40/90   5299 s
seed 42 free_scaled stage 2 epoch 41/90   5330 s
seed 42 free_scaled stage 2 epoch 42/90   5358 s
seed 42 free_scaled stage 2 epoch 43/90   5394 s
seed 42 free_scaled stage 2 epoch 44/90   5420 s
seed 42 free_scaled stage 2 epoch 45/90   5446 s
seed 42 free_scaled stage 2 epoch 46/90   5480 s
seed 42 free_scaled stage 2 epoch 47/90   5504 s
seed 42 free_scaled stage 2 epoch 48/90   5541 s
seed 42 free_scaled stage 2 epoch 49/90   5563 s
seed 42 free_scaled stage 2 epoch 50/90   5592 s
seed 42 free_scaled stage 2 epoch 51/90   5617 s
seed 42 free_scaled stage 2 epoch 52/90   5642 s
seed 42 free_scaled stage 2 epoch 53/90   5666 s
seed 42 free_scaled stage 2 epoch 54/90   5686 s
seed 42 free_scaled stage 2 epoch 55/90   5708 s
seed 42 free_scaled stage 2 epoch 56/90   5730 s
seed 42 free_scaled stage 2 epoch 57/90   5757 s
seed 42 free_scaled stage 2 epoch 58/90   5787 s
seed 42 free_scaled stage 2 epoch 59/90   5816 s
seed 42 free_scaled stage 2 epoch 60/90   5846 s
seed 42 free_scaled stage 2 epoch 61/90   5873 s
seed 42 free_scaled stage 2 epoch 62/90   5900 s
seed 42 free_scaled stage 2 epoch 63/90   5919 s
seed 42 free_scaled stage 2 epoch 64/90   5938 s
seed 42 free_scaled stage 2 epoch 65/90   5962 s
seed 42 free_scaled stage 2 epoch 66/90   5979 s
seed 42 free_scaled stage 2 epoch 67/90   5999 s
seed 42 free_scaled stage 2 epoch 68/90   6019 s
seed 42 free_scaled stage 2 epoch 69/90   6037 s
seed 42 free_scaled stage 2 epoch 70/90   6057 s
seed 42 free_scaled stage 2 epoch 71/90   6082 s
seed 42 free_scaled stage 2 epoch 72/90   6106 s
seed 42 free_scaled stage 2 epoch 73/90   6140 s
seed 42 free_scaled stage 2 epoch 74/90   6163 s
seed 42 free_scaled stage 2 epoch 75/90   6184 s
seed 42 free_scaled stage 2 epoch 76/90   6206 s
seed 42 free_scaled stage 2 epoch 77/90   6226 s
seed 42 free_scaled stage 2 epoch 78/90   6247 s
seed 42 free_scaled stage 2 epoch 79/90   6267 s
seed 42 free_scaled stage 2 epoch 80/90   6287 s
seed 42 free_scaled stage 2 epoch 81/90   6311 s
seed 42 free_scaled stage 2 epoch 82/90   6330 s
seed 42 free_scaled stage 2 epoch 83/90   6352 s
seed 42 free_scaled stage 2 epoch 84/90   6371 s
seed 42 free_scaled stage 2 epoch 85/90   6390 s
seed 42 free_scaled stage 2 epoch 86/90   6412 s
seed 42 free_scaled stage 2 epoch 87/90   6432 s
seed 42 free_scaled stage 2 epoch 88/90   6454 s
seed 42 free_scaled stage 2 epoch 89/90   6478 s
seed 42 free_scaled stage 2 epoch 90/90   6501 s
seed 42 free_scaled: 6501.3 s
seed 42: written
seed 1001 prescribed stage 1 epoch  1/90     28 s
seed 1001 prescribed stage 1 epoch  2/90     51 s
seed 1001 prescribed stage 1 epoch  3/90     73 s
seed 1001 prescribed stage 1 epoch  4/90     92 s
seed 1001 prescribed stage 1 epoch  5/90    111 s
seed 1001 prescribed stage 1 epoch  6/90    129 s
seed 1001 prescribed stage 1 epoch  7/90    148 s
seed 1001 prescribed stage 1 epoch  8/90    167 s
seed 1001 prescribed stage 1 epoch  9/90    187 s
seed 1001 prescribed stage 1 epoch 10/90    207 s
seed 1001 prescribed stage 1 epoch 11/90    227 s
seed 1001 prescribed stage 1 epoch 12/90    246 s
seed 1001 prescribed stage 1 epoch 13/90    268 s
seed 1001 prescribed stage 1 epoch 14/90    287 s
seed 1001 prescribed stage 1 epoch 15/90    306 s
seed 1001 prescribed stage 1 epoch 16/90    327 s
seed 1001 prescribed stage 1 epoch 17/90    348 s
seed 1001 prescribed stage 1 epoch 18/90    371 s
seed 1001 prescribed stage 1 epoch 19/90    401 s
seed 1001 prescribed stage 1 epoch 20/90    437 s
seed 1001 prescribed stage 1 epoch 21/90    475 s
seed 1001 prescribed stage 1 epoch 22/90    522 s
seed 1001 prescribed stage 1 epoch 23/90    573 s
seed 1001 prescribed stage 1 epoch 24/90    610 s
seed 1001 prescribed stage 1 epoch 25/90    828 s
seed 1001 prescribed stage 1 epoch 26/90    876 s
seed 1001 prescribed stage 1 epoch 27/90    912 s
seed 1001 prescribed stage 1 epoch 28/90    940 s
seed 1001 prescribed stage 1 epoch 29/90    972 s
seed 1001 prescribed stage 1 epoch 30/90   1010 s
seed 1001 prescribed stage 1 epoch 31/90   1044 s
seed 1001 prescribed stage 1 epoch 32/90   1072 s
seed 1001 prescribed stage 1 epoch 33/90   1091 s
seed 1001 prescribed stage 1 epoch 34/90   1117 s
seed 1001 prescribed stage 1 epoch 35/90   1165 s
seed 1001 prescribed stage 1 epoch 36/90   1219 s
seed 1001 prescribed stage 1 epoch 37/90   1246 s
seed 1001 prescribed stage 1 epoch 38/90   1269 s
seed 1001 prescribed stage 1 epoch 39/90   1293 s
seed 1001 prescribed stage 1 epoch 40/90   1322 s
seed 1001 prescribed stage 1 epoch 41/90   1346 s
seed 1001 prescribed stage 1 epoch 42/90   1369 s
seed 1001 prescribed stage 1 epoch 43/90   1391 s
seed 1001 prescribed stage 1 epoch 44/90   1411 s
seed 1001 prescribed stage 1 epoch 45/90   1431 s
seed 1001 prescribed stage 1 epoch 46/90   1455 s
seed 1001 prescribed stage 1 epoch 47/90   1477 s
seed 1001 prescribed stage 1 epoch 48/90   1498 s
seed 1001 prescribed stage 1 epoch 49/90   1517 s
seed 1001 prescribed stage 1 epoch 50/90   1539 s
seed 1001 prescribed stage 1 epoch 51/90   1561 s
seed 1001 prescribed stage 1 epoch 52/90   1588 s
seed 1001 prescribed stage 1 epoch 53/90   1611 s
seed 1001 prescribed stage 1 epoch 54/90   1630 s
seed 1001 prescribed stage 1 epoch 55/90   1650 s
seed 1001 prescribed stage 1 epoch 56/90   1673 s
seed 1001 prescribed stage 1 epoch 57/90   1691 s
seed 1001 prescribed stage 1 epoch 58/90   1709 s
seed 1001 prescribed stage 1 epoch 59/90   1729 s
seed 1001 prescribed stage 1 epoch 60/90   1748 s
seed 1001 prescribed stage 1 epoch 61/90   1771 s
seed 1001 prescribed stage 1 epoch 62/90   1794 s
seed 1001 prescribed stage 1 epoch 63/90   1817 s
seed 1001 prescribed stage 1 epoch 64/90   1840 s
seed 1001 prescribed stage 1 epoch 65/90   1861 s
seed 1001 prescribed stage 1 epoch 66/90   1881 s
seed 1001 prescribed stage 1 epoch 67/90   1901 s
seed 1001 prescribed stage 1 epoch 68/90   1921 s
seed 1001 prescribed stage 1 epoch 69/90   1950 s
seed 1001 prescribed stage 1 epoch 70/90   1972 s
seed 1001 prescribed stage 1 epoch 71/90   1990 s
seed 1001 prescribed stage 1 epoch 72/90   2010 s
seed 1001 prescribed stage 1 epoch 73/90   2028 s
seed 1001 prescribed stage 1 epoch 74/90   2047 s
seed 1001 prescribed stage 1 epoch 75/90   2068 s
seed 1001 prescribed stage 1 epoch 76/90   2090 s
seed 1001 prescribed stage 1 epoch 77/90   2114 s
seed 1001 prescribed stage 1 epoch 78/90   2136 s
seed 1001 prescribed stage 1 epoch 79/90   2155 s
seed 1001 prescribed stage 1 epoch 80/90   2177 s
seed 1001 prescribed stage 1 epoch 81/90   2202 s
seed 1001 prescribed stage 1 epoch 82/90   2227 s
seed 1001 prescribed stage 1 epoch 83/90   2246 s
seed 1001 prescribed stage 1 epoch 84/90   2262 s
seed 1001 prescribed stage 1 epoch 85/90   2279 s
seed 1001 prescribed stage 1 epoch 86/90   2298 s
seed 1001 prescribed stage 1 epoch 87/90   2313 s
seed 1001 prescribed stage 1 epoch 88/90   2333 s
seed 1001 prescribed stage 1 epoch 89/90   2350 s
seed 1001 prescribed stage 1 epoch 90/90   2367 s
seed 1001 prescribed stage 2 epoch  1/90   2386 s
seed 1001 prescribed stage 2 epoch  2/90   2406 s
seed 1001 prescribed stage 2 epoch  3/90   2425 s
seed 1001 prescribed stage 2 epoch  4/90   2443 s
seed 1001 prescribed stage 2 epoch  5/90   2464 s
seed 1001 prescribed stage 2 epoch  6/90   2481 s
seed 1001 prescribed stage 2 epoch  7/90   2501 s
seed 1001 prescribed stage 2 epoch  8/90   2520 s
seed 1001 prescribed stage 2 epoch  9/90   2537 s
seed 1001 prescribed stage 2 epoch 10/90   2556 s
seed 1001 prescribed stage 2 epoch 11/90   2572 s
seed 1001 prescribed stage 2 epoch 12/90   2591 s
seed 1001 prescribed stage 2 epoch 13/90   2608 s
seed 1001 prescribed stage 2 epoch 14/90   2626 s
seed 1001 prescribed stage 2 epoch 15/90   2648 s
seed 1001 prescribed stage 2 epoch 16/90   2668 s
seed 1001 prescribed stage 2 epoch 17/90   2688 s
seed 1001 prescribed stage 2 epoch 18/90   2709 s
seed 1001 prescribed stage 2 epoch 19/90   2725 s
seed 1001 prescribed stage 2 epoch 20/90   2743 s
seed 1001 prescribed stage 2 epoch 21/90   2760 s
seed 1001 prescribed stage 2 epoch 22/90   2777 s
seed 1001 prescribed stage 2 epoch 23/90   2798 s
seed 1001 prescribed stage 2 epoch 24/90   2819 s
seed 1001 prescribed stage 2 epoch 25/90   2844 s
seed 1001 prescribed stage 2 epoch 26/90   2866 s
seed 1001 prescribed stage 2 epoch 27/90   2883 s
seed 1001 prescribed stage 2 epoch 28/90   2900 s
seed 1001 prescribed stage 2 epoch 29/90   2921 s
seed 1001 prescribed stage 2 epoch 30/90   2946 s
seed 1001 prescribed stage 2 epoch 31/90   2966 s
seed 1001 prescribed stage 2 epoch 32/90   2985 s
seed 1001 prescribed stage 2 epoch 33/90   3002 s
seed 1001 prescribed stage 2 epoch 34/90   3021 s
seed 1001 prescribed stage 2 epoch 35/90   3038 s
seed 1001 prescribed stage 2 epoch 36/90   3054 s
seed 1001 prescribed stage 2 epoch 37/90   3074 s
seed 1001 prescribed stage 2 epoch 38/90   3093 s
seed 1001 prescribed stage 2 epoch 39/90   3114 s
seed 1001 prescribed stage 2 epoch 40/90   3136 s
seed 1001 prescribed stage 2 epoch 41/90   3159 s
seed 1001 prescribed stage 2 epoch 42/90   3184 s
seed 1001 prescribed stage 2 epoch 43/90   3204 s
seed 1001 prescribed stage 2 epoch 44/90   3230 s
seed 1001 prescribed stage 2 epoch 45/90   3250 s
seed 1001 prescribed stage 2 epoch 46/90   3270 s
seed 1001 prescribed stage 2 epoch 47/90   3295 s
seed 1001 prescribed stage 2 epoch 48/90   3316 s
seed 1001 prescribed stage 2 epoch 49/90   3335 s
seed 1001 prescribed stage 2 epoch 50/90   3350 s
seed 1001 prescribed stage 2 epoch 51/90   3364 s
seed 1001 prescribed stage 2 epoch 52/90   3378 s
seed 1001 prescribed stage 2 epoch 53/90   3392 s
seed 1001 prescribed stage 2 epoch 54/90   3406 s
seed 1001 prescribed stage 2 epoch 55/90   3425 s
seed 1001 prescribed stage 2 epoch 56/90   3445 s
seed 1001 prescribed stage 2 epoch 57/90   3466 s
seed 1001 prescribed stage 2 epoch 58/90   3485 s
seed 1001 prescribed stage 2 epoch 59/90   3505 s
seed 1001 prescribed stage 2 epoch 60/90   3525 s
seed 1001 prescribed stage 2 epoch 61/90   3545 s
seed 1001 prescribed stage 2 epoch 62/90   3561 s
seed 1001 prescribed stage 2 epoch 63/90   3577 s
seed 1001 prescribed stage 2 epoch 64/90   3592 s
seed 1001 prescribed stage 2 epoch 65/90   3606 s
seed 1001 prescribed stage 2 epoch 66/90   3620 s
seed 1001 prescribed stage 2 epoch 67/90   3633 s
seed 1001 prescribed stage 2 epoch 68/90   3647 s
seed 1001 prescribed stage 2 epoch 69/90   3661 s
seed 1001 prescribed stage 2 epoch 70/90   3675 s
seed 1001 prescribed stage 2 epoch 71/90   3689 s
seed 1001 prescribed stage 2 epoch 72/90   3702 s
seed 1001 prescribed stage 2 epoch 73/90   3716 s
seed 1001 prescribed stage 2 epoch 74/90   3733 s
seed 1001 prescribed stage 2 epoch 75/90   3747 s
seed 1001 prescribed stage 2 epoch 76/90   3762 s
seed 1001 prescribed stage 2 epoch 77/90   3776 s
seed 1001 prescribed stage 2 epoch 78/90   3790 s
seed 1001 prescribed stage 2 epoch 79/90   3804 s
seed 1001 prescribed stage 2 epoch 80/90   3819 s
seed 1001 prescribed stage 2 epoch 81/90   3834 s
seed 1001 prescribed stage 2 epoch 82/90   3850 s
seed 1001 prescribed stage 2 epoch 83/90   3866 s
seed 1001 prescribed stage 2 epoch 84/90   3882 s
seed 1001 prescribed stage 2 epoch 85/90   3900 s
seed 1001 prescribed stage 2 epoch 86/90   3920 s
seed 1001 prescribed stage 2 epoch 87/90   3936 s
seed 1001 prescribed stage 2 epoch 88/90   3950 s
seed 1001 prescribed stage 2 epoch 89/90   3965 s
seed 1001 prescribed stage 2 epoch 90/90   3980 s
seed 1001 prescribed: 3980.8 s
seed 1001 free_scaled stage 1 epoch  1/90     46 s
seed 1001 free_scaled stage 1 epoch  2/90     84 s
seed 1001 free_scaled stage 1 epoch  3/90    122 s
seed 1001 free_scaled stage 1 epoch  4/90    160 s
seed 1001 free_scaled stage 1 epoch  5/90    209 s
seed 1001 free_scaled stage 1 epoch  6/90    259 s
seed 1001 free_scaled stage 1 epoch  7/90    309 s
seed 1001 free_scaled stage 1 epoch  8/90    351 s
seed 1001 free_scaled stage 1 epoch  9/90    392 s
seed 1001 free_scaled stage 1 epoch 10/90    439 s
seed 1001 free_scaled stage 1 epoch 11/90    503 s
seed 1001 free_scaled stage 1 epoch 12/90    551 s
seed 1001 free_scaled stage 1 epoch 13/90    605 s
seed 1001 free_scaled stage 1 epoch 14/90    652 s
seed 1001 free_scaled stage 1 epoch 15/90    699 s
seed 1001 free_scaled stage 1 epoch 16/90    742 s
seed 1001 free_scaled stage 1 epoch 17/90    790 s
seed 1001 free_scaled stage 1 epoch 18/90    843 s
seed 1001 free_scaled stage 1 epoch 19/90    894 s
seed 1001 free_scaled stage 1 epoch 20/90    946 s
seed 1001 free_scaled stage 1 epoch 21/90    996 s
seed 1001 free_scaled stage 1 epoch 22/90   1040 s
seed 1001 free_scaled stage 1 epoch 23/90   1083 s
seed 1001 free_scaled stage 1 epoch 24/90   1126 s
seed 1001 free_scaled stage 1 epoch 25/90   1168 s
seed 1001 free_scaled stage 1 epoch 26/90   1208 s
seed 1001 free_scaled stage 1 epoch 27/90   1250 s
seed 1001 free_scaled stage 1 epoch 28/90   1291 s
seed 1001 free_scaled stage 1 epoch 29/90   1329 s
seed 1001 free_scaled stage 1 epoch 30/90   1367 s
seed 1001 free_scaled stage 1 epoch 31/90   1409 s
seed 1001 free_scaled stage 1 epoch 32/90   1449 s
seed 1001 free_scaled stage 1 epoch 33/90   1489 s
seed 1001 free_scaled stage 1 epoch 34/90   1530 s
seed 1001 free_scaled stage 1 epoch 35/90   1571 s
seed 1001 free_scaled stage 1 epoch 36/90   1609 s
seed 1001 free_scaled stage 1 epoch 37/90   1647 s
seed 1001 free_scaled stage 1 epoch 38/90   1688 s
seed 1001 free_scaled stage 1 epoch 39/90   1730 s
seed 1001 free_scaled stage 1 epoch 40/90   1770 s
seed 1001 free_scaled stage 1 epoch 41/90   1817 s
seed 1001 free_scaled stage 1 epoch 42/90   1863 s
seed 1001 free_scaled stage 1 epoch 43/90   1917 s
seed 1001 free_scaled stage 1 epoch 44/90   1968 s
seed 1001 free_scaled stage 1 epoch 45/90   2018 s
seed 1001 free_scaled stage 1 epoch 46/90   2081 s
seed 1001 free_scaled stage 1 epoch 47/90   2131 s
seed 1001 free_scaled stage 1 epoch 48/90   2194 s
seed 1001 free_scaled stage 1 epoch 49/90   2261 s
seed 1001 free_scaled stage 1 epoch 50/90   2325 s
seed 1001 free_scaled stage 1 epoch 51/90   2378 s
seed 1001 free_scaled stage 1 epoch 52/90   2426 s
seed 1001 free_scaled stage 1 epoch 53/90   2475 s
seed 1001 free_scaled stage 1 epoch 54/90   2521 s
seed 1001 free_scaled stage 1 epoch 55/90   2572 s
seed 1001 free_scaled stage 1 epoch 56/90   2617 s
seed 1001 free_scaled stage 1 epoch 57/90   2664 s
seed 1001 free_scaled stage 1 epoch 58/90   2704 s
seed 1001 free_scaled stage 1 epoch 59/90   2742 s
seed 1001 free_scaled stage 1 epoch 60/90   2790 s
seed 1001 free_scaled stage 1 epoch 61/90   2838 s
seed 1001 free_scaled stage 1 epoch 62/90   2887 s
seed 1001 free_scaled stage 1 epoch 63/90   2939 s
seed 1001 free_scaled stage 1 epoch 64/90   2988 s
seed 1001 free_scaled stage 1 epoch 65/90   3039 s
seed 1001 free_scaled stage 1 epoch 66/90   3086 s
seed 1001 free_scaled stage 1 epoch 67/90   3140 s
seed 1001 free_scaled stage 1 epoch 68/90   3193 s
seed 1001 free_scaled stage 1 epoch 69/90   3233 s
seed 1001 free_scaled stage 1 epoch 70/90   3282 s
seed 1001 free_scaled stage 1 epoch 71/90   3331 s
seed 1001 free_scaled stage 1 epoch 72/90   3383 s
seed 1001 free_scaled stage 1 epoch 73/90   3430 s
seed 1001 free_scaled stage 1 epoch 74/90   3483 s
seed 1001 free_scaled stage 1 epoch 75/90   3530 s
seed 1001 free_scaled stage 1 epoch 76/90   3605 s
seed 1001 free_scaled stage 1 epoch 77/90   3692 s
seed 1001 free_scaled stage 1 epoch 78/90   3735 s
seed 1001 free_scaled stage 1 epoch 79/90   3776 s
seed 1001 free_scaled stage 1 epoch 80/90   3816 s
seed 1001 free_scaled stage 1 epoch 81/90   3856 s
seed 1001 free_scaled stage 1 epoch 82/90   3896 s
seed 1001 free_scaled stage 1 epoch 83/90   3946 s
seed 1001 free_scaled stage 1 epoch 84/90   3993 s
seed 1001 free_scaled stage 1 epoch 85/90   4037 s
seed 1001 free_scaled stage 1 epoch 86/90   4081 s
seed 1001 free_scaled stage 1 epoch 87/90   4125 s
seed 1001 free_scaled stage 1 epoch 88/90   4169 s
seed 1001 free_scaled stage 1 epoch 89/90   4212 s
seed 1001 free_scaled stage 1 epoch 90/90   4256 s
seed 1001 free_scaled stage 2 epoch  1/90   4273 s
seed 1001 free_scaled stage 2 epoch  2/90   4291 s
seed 1001 free_scaled stage 2 epoch  3/90   4311 s
seed 1001 free_scaled stage 2 epoch  4/90   4336 s
seed 1001 free_scaled stage 2 epoch  5/90   4355 s
seed 1001 free_scaled stage 2 epoch  6/90   4377 s
seed 1001 free_scaled stage 2 epoch  7/90   4393 s
seed 1001 free_scaled stage 2 epoch  8/90   4408 s
seed 1001 free_scaled stage 2 epoch  9/90   4426 s
seed 1001 free_scaled stage 2 epoch 10/90   4442 s
seed 1001 free_scaled stage 2 epoch 11/90   4463 s
seed 1001 free_scaled stage 2 epoch 12/90   4483 s
seed 1001 free_scaled stage 2 epoch 13/90   4501 s
seed 1001 free_scaled stage 2 epoch 14/90   4517 s
seed 1001 free_scaled stage 2 epoch 15/90   4533 s
seed 1001 free_scaled stage 2 epoch 16/90   4551 s
seed 1001 free_scaled stage 2 epoch 17/90   4571 s
seed 1001 free_scaled stage 2 epoch 18/90   4590 s
seed 1001 free_scaled stage 2 epoch 19/90   4610 s
seed 1001 free_scaled stage 2 epoch 20/90   4630 s
seed 1001 free_scaled stage 2 epoch 21/90   4648 s
seed 1001 free_scaled stage 2 epoch 22/90   4666 s
seed 1001 free_scaled stage 2 epoch 23/90   4682 s
seed 1001 free_scaled stage 2 epoch 24/90   4697 s
seed 1001 free_scaled stage 2 epoch 25/90   4711 s
seed 1001 free_scaled stage 2 epoch 26/90   4727 s
seed 1001 free_scaled stage 2 epoch 27/90   4743 s
seed 1001 free_scaled stage 2 epoch 28/90   4761 s
seed 1001 free_scaled stage 2 epoch 29/90   4778 s
seed 1001 free_scaled stage 2 epoch 30/90   4793 s
seed 1001 free_scaled stage 2 epoch 31/90   4808 s
seed 1001 free_scaled stage 2 epoch 32/90   4824 s
seed 1001 free_scaled stage 2 epoch 33/90   4841 s
seed 1001 free_scaled stage 2 epoch 34/90   4859 s
seed 1001 free_scaled stage 2 epoch 35/90   4877 s
seed 1001 free_scaled stage 2 epoch 36/90   4895 s
seed 1001 free_scaled stage 2 epoch 37/90   4910 s
seed 1001 free_scaled stage 2 epoch 38/90   4925 s
seed 1001 free_scaled stage 2 epoch 39/90   4946 s
seed 1001 free_scaled stage 2 epoch 40/90   4964 s
seed 1001 free_scaled stage 2 epoch 41/90   4983 s
seed 1001 free_scaled stage 2 epoch 42/90   5001 s
seed 1001 free_scaled stage 2 epoch 43/90   5023 s
seed 1001 free_scaled stage 2 epoch 44/90   5048 s
seed 1001 free_scaled stage 2 epoch 45/90   5067 s
seed 1001 free_scaled stage 2 epoch 46/90   5085 s
seed 1001 free_scaled stage 2 epoch 47/90   5101 s
seed 1001 free_scaled stage 2 epoch 48/90   5116 s
seed 1001 free_scaled stage 2 epoch 49/90   5133 s
seed 1001 free_scaled stage 2 epoch 50/90   5148 s
seed 1001 free_scaled stage 2 epoch 51/90   5168 s
seed 1001 free_scaled stage 2 epoch 52/90   5186 s
seed 1001 free_scaled stage 2 epoch 53/90   5201 s
seed 1001 free_scaled stage 2 epoch 54/90   5217 s
seed 1001 free_scaled stage 2 epoch 55/90   5234 s
seed 1001 free_scaled stage 2 epoch 56/90   5249 s
seed 1001 free_scaled stage 2 epoch 57/90   5267 s
seed 1001 free_scaled stage 2 epoch 58/90   5282 s
seed 1001 free_scaled stage 2 epoch 59/90   5301 s
seed 1001 free_scaled stage 2 epoch 60/90   5321 s
seed 1001 free_scaled stage 2 epoch 61/90   5349 s
seed 1001 free_scaled stage 2 epoch 62/90   5377 s
seed 1001 free_scaled stage 2 epoch 63/90   5396 s
seed 1001 free_scaled stage 2 epoch 64/90   5419 s
seed 1001 free_scaled stage 2 epoch 65/90   5447 s
seed 1001 free_scaled stage 2 epoch 66/90   5468 s
seed 1001 free_scaled stage 2 epoch 67/90   5488 s
seed 1001 free_scaled stage 2 epoch 68/90   5510 s
seed 1001 free_scaled stage 2 epoch 69/90   5535 s
seed 1001 free_scaled stage 2 epoch 70/90   5556 s
seed 1001 free_scaled stage 2 epoch 71/90   5581 s
seed 1001 free_scaled stage 2 epoch 72/90   5604 s
seed 1001 free_scaled stage 2 epoch 73/90   5625 s
seed 1001 free_scaled stage 2 epoch 74/90   5646 s
seed 1001 free_scaled stage 2 epoch 75/90   5664 s
seed 1001 free_scaled stage 2 epoch 76/90   5686 s
seed 1001 free_scaled stage 2 epoch 77/90   5705 s
seed 1001 free_scaled stage 2 epoch 78/90   5727 s
seed 1001 free_scaled stage 2 epoch 79/90   5748 s
seed 1001 free_scaled stage 2 epoch 80/90   5770 s
seed 1001 free_scaled stage 2 epoch 81/90   5789 s
seed 1001 free_scaled stage 2 epoch 82/90   5810 s
seed 1001 free_scaled stage 2 epoch 83/90   5830 s
seed 1001 free_scaled stage 2 epoch 84/90   5848 s
seed 1001 free_scaled stage 2 epoch 85/90   5866 s
seed 1001 free_scaled stage 2 epoch 86/90   5903 s
seed 1001 free_scaled stage 2 epoch 87/90   5927 s
seed 1001 free_scaled stage 2 epoch 88/90   5944 s
seed 1001 free_scaled stage 2 epoch 89/90   5972 s
seed 1001 free_scaled stage 2 epoch 90/90   6002 s
seed 1001 free_scaled: 6001.6 s
seed 1001: written
seed 1005 prescribed stage 1 epoch  1/90     28 s
seed 1005 prescribed stage 1 epoch  2/90     59 s
seed 1005 prescribed stage 1 epoch  3/90     80 s
seed 1005 prescribed stage 1 epoch  4/90     97 s
seed 1005 prescribed stage 1 epoch  5/90    115 s
seed 1005 prescribed stage 1 epoch  6/90    129 s
seed 1005 prescribed stage 1 epoch  7/90    144 s
seed 1005 prescribed stage 1 epoch  8/90    158 s
seed 1005 prescribed stage 1 epoch  9/90    172 s
seed 1005 prescribed stage 1 epoch 10/90    189 s
seed 1005 prescribed stage 1 epoch 11/90    205 s
seed 1005 prescribed stage 1 epoch 12/90    221 s
seed 1005 prescribed stage 1 epoch 13/90    236 s
seed 1005 prescribed stage 1 epoch 14/90    251 s
seed 1005 prescribed stage 1 epoch 15/90    265 s
seed 1005 prescribed stage 1 epoch 16/90    282 s
seed 1005 prescribed stage 1 epoch 17/90    298 s
seed 1005 prescribed stage 1 epoch 18/90    314 s
seed 1005 prescribed stage 1 epoch 19/90    328 s
seed 1005 prescribed stage 1 epoch 20/90    343 s
seed 1005 prescribed stage 1 epoch 21/90    358 s
seed 1005 prescribed stage 1 epoch 22/90    373 s
seed 1005 prescribed stage 1 epoch 23/90    387 s
seed 1005 prescribed stage 1 epoch 24/90    400 s
seed 1005 prescribed stage 1 epoch 25/90    413 s
seed 1005 prescribed stage 1 epoch 26/90    426 s
seed 1005 prescribed stage 1 epoch 27/90    440 s
seed 1005 prescribed stage 1 epoch 28/90    453 s
seed 1005 prescribed stage 1 epoch 29/90    466 s
seed 1005 prescribed stage 1 epoch 30/90    480 s
seed 1005 prescribed stage 1 epoch 31/90    494 s
seed 1005 prescribed stage 1 epoch 32/90    507 s
seed 1005 prescribed stage 1 epoch 33/90    520 s
seed 1005 prescribed stage 1 epoch 34/90    533 s
seed 1005 prescribed stage 1 epoch 35/90    547 s
seed 1005 prescribed stage 1 epoch 36/90    560 s
seed 1005 prescribed stage 1 epoch 37/90    573 s
seed 1005 prescribed stage 1 epoch 38/90    587 s
seed 1005 prescribed stage 1 epoch 39/90    600 s
seed 1005 prescribed stage 1 epoch 40/90    614 s
seed 1005 prescribed stage 1 epoch 41/90    627 s
seed 1005 prescribed stage 1 epoch 42/90    640 s
seed 1005 prescribed stage 1 epoch 43/90    654 s
seed 1005 prescribed stage 1 epoch 44/90    667 s
seed 1005 prescribed stage 1 epoch 45/90    680 s
seed 1005 prescribed stage 1 epoch 46/90    693 s
seed 1005 prescribed stage 1 epoch 47/90    707 s
seed 1005 prescribed stage 1 epoch 48/90    720 s
seed 1005 prescribed stage 1 epoch 49/90    734 s
seed 1005 prescribed stage 1 epoch 50/90    747 s
seed 1005 prescribed stage 1 epoch 51/90    760 s
seed 1005 prescribed stage 1 epoch 52/90    773 s
seed 1005 prescribed stage 1 epoch 53/90    786 s
seed 1005 prescribed stage 1 epoch 54/90    800 s
seed 1005 prescribed stage 1 epoch 55/90    813 s
seed 1005 prescribed stage 1 epoch 56/90    826 s
seed 1005 prescribed stage 1 epoch 57/90    840 s
seed 1005 prescribed stage 1 epoch 58/90    853 s
seed 1005 prescribed stage 1 epoch 59/90    867 s
seed 1005 prescribed stage 1 epoch 60/90    884 s
seed 1005 prescribed stage 1 epoch 61/90    901 s
seed 1005 prescribed stage 1 epoch 62/90    914 s
seed 1005 prescribed stage 1 epoch 63/90    928 s
seed 1005 prescribed stage 1 epoch 64/90    941 s
seed 1005 prescribed stage 1 epoch 65/90    954 s
seed 1005 prescribed stage 1 epoch 66/90    967 s
seed 1005 prescribed stage 1 epoch 67/90    980 s
seed 1005 prescribed stage 1 epoch 68/90    993 s
seed 1005 prescribed stage 1 epoch 69/90   1007 s
seed 1005 prescribed stage 1 epoch 70/90   1020 s
seed 1005 prescribed stage 1 epoch 71/90   1033 s
seed 1005 prescribed stage 1 epoch 72/90   1046 s
seed 1005 prescribed stage 1 epoch 73/90   1059 s
seed 1005 prescribed stage 1 epoch 74/90   1073 s
seed 1005 prescribed stage 1 epoch 75/90   1086 s
seed 1005 prescribed stage 1 epoch 76/90   1099 s
seed 1005 prescribed stage 1 epoch 77/90   1112 s
seed 1005 prescribed stage 1 epoch 78/90   1125 s
seed 1005 prescribed stage 1 epoch 79/90   1139 s
seed 1005 prescribed stage 1 epoch 80/90   1152 s
seed 1005 prescribed stage 1 epoch 81/90   1165 s
seed 1005 prescribed stage 1 epoch 82/90   1178 s
seed 1005 prescribed stage 1 epoch 83/90   1191 s
seed 1005 prescribed stage 1 epoch 84/90   1205 s
seed 1005 prescribed stage 1 epoch 85/90   1218 s
seed 1005 prescribed stage 1 epoch 86/90   1231 s
seed 1005 prescribed stage 1 epoch 87/90   1244 s
seed 1005 prescribed stage 1 epoch 88/90   1257 s
seed 1005 prescribed stage 1 epoch 89/90   1270 s
seed 1005 prescribed stage 1 epoch 90/90   1283 s
seed 1005 prescribed stage 2 epoch  1/90   1297 s
seed 1005 prescribed stage 2 epoch  2/90   1310 s
seed 1005 prescribed stage 2 epoch  3/90   1323 s
seed 1005 prescribed stage 2 epoch  4/90   1336 s
seed 1005 prescribed stage 2 epoch  5/90   1349 s
seed 1005 prescribed stage 2 epoch  6/90   1362 s
seed 1005 prescribed stage 2 epoch  7/90   1376 s
seed 1005 prescribed stage 2 epoch  8/90   1389 s
seed 1005 prescribed stage 2 epoch  9/90   1402 s
seed 1005 prescribed stage 2 epoch 10/90   1415 s
seed 1005 prescribed stage 2 epoch 11/90   1428 s
seed 1005 prescribed stage 2 epoch 12/90   1442 s
seed 1005 prescribed stage 2 epoch 13/90   1455 s
seed 1005 prescribed stage 2 epoch 14/90   1468 s
seed 1005 prescribed stage 2 epoch 15/90   1482 s
seed 1005 prescribed stage 2 epoch 16/90   1495 s
seed 1005 prescribed stage 2 epoch 17/90   1508 s
seed 1005 prescribed stage 2 epoch 18/90   1521 s
seed 1005 prescribed stage 2 epoch 19/90   1534 s
seed 1005 prescribed stage 2 epoch 20/90   1547 s
seed 1005 prescribed stage 2 epoch 21/90   1561 s
seed 1005 prescribed stage 2 epoch 22/90   1574 s
seed 1005 prescribed stage 2 epoch 23/90   1587 s
seed 1005 prescribed stage 2 epoch 24/90   1600 s
seed 1005 prescribed stage 2 epoch 25/90   1613 s
seed 1005 prescribed stage 2 epoch 26/90   1627 s
seed 1005 prescribed stage 2 epoch 27/90   1640 s
seed 1005 prescribed stage 2 epoch 28/90   1653 s
seed 1005 prescribed stage 2 epoch 29/90   1666 s
seed 1005 prescribed stage 2 epoch 30/90   1679 s
seed 1005 prescribed stage 2 epoch 31/90   1693 s
seed 1005 prescribed stage 2 epoch 32/90   1706 s
seed 1005 prescribed stage 2 epoch 33/90   1719 s
seed 1005 prescribed stage 2 epoch 34/90   1732 s
seed 1005 prescribed stage 2 epoch 35/90   1745 s
seed 1005 prescribed stage 2 epoch 36/90   1759 s
seed 1005 prescribed stage 2 epoch 37/90   1772 s
seed 1005 prescribed stage 2 epoch 38/90   1785 s
seed 1005 prescribed stage 2 epoch 39/90   1798 s
seed 1005 prescribed stage 2 epoch 40/90   1812 s
seed 1005 prescribed stage 2 epoch 41/90   1825 s
seed 1005 prescribed stage 2 epoch 42/90   1838 s
seed 1005 prescribed stage 2 epoch 43/90   1851 s
seed 1005 prescribed stage 2 epoch 44/90   1865 s
seed 1005 prescribed stage 2 epoch 45/90   1878 s
seed 1005 prescribed stage 2 epoch 46/90   1891 s
seed 1005 prescribed stage 2 epoch 47/90   1904 s
seed 1005 prescribed stage 2 epoch 48/90   1917 s
seed 1005 prescribed stage 2 epoch 49/90   1931 s
seed 1005 prescribed stage 2 epoch 50/90   1944 s
seed 1005 prescribed stage 2 epoch 51/90   1957 s
seed 1005 prescribed stage 2 epoch 52/90   1970 s
seed 1005 prescribed stage 2 epoch 53/90   1984 s
seed 1005 prescribed stage 2 epoch 54/90   1997 s
seed 1005 prescribed stage 2 epoch 55/90   2010 s
seed 1005 prescribed stage 2 epoch 56/90   2023 s
seed 1005 prescribed stage 2 epoch 57/90   2036 s
seed 1005 prescribed stage 2 epoch 58/90   2050 s
seed 1005 prescribed stage 2 epoch 59/90   2063 s
seed 1005 prescribed stage 2 epoch 60/90   2076 s
seed 1005 prescribed stage 2 epoch 61/90   2089 s
seed 1005 prescribed stage 2 epoch 62/90   2103 s
seed 1005 prescribed stage 2 epoch 63/90   2116 s
seed 1005 prescribed stage 2 epoch 64/90   2129 s
seed 1005 prescribed stage 2 epoch 65/90   2142 s
seed 1005 prescribed stage 2 epoch 66/90   2155 s
seed 1005 prescribed stage 2 epoch 67/90   2168 s
seed 1005 prescribed stage 2 epoch 68/90   2182 s
seed 1005 prescribed stage 2 epoch 69/90   2195 s
seed 1005 prescribed stage 2 epoch 70/90   2208 s
seed 1005 prescribed stage 2 epoch 71/90   2221 s
seed 1005 prescribed stage 2 epoch 72/90   2234 s
seed 1005 prescribed stage 2 epoch 73/90   2247 s
seed 1005 prescribed stage 2 epoch 74/90   2260 s
seed 1005 prescribed stage 2 epoch 75/90   2274 s
seed 1005 prescribed stage 2 epoch 76/90   2287 s
seed 1005 prescribed stage 2 epoch 77/90   2300 s
seed 1005 prescribed stage 2 epoch 78/90   2313 s
seed 1005 prescribed stage 2 epoch 79/90   2326 s
seed 1005 prescribed stage 2 epoch 80/90   2339 s
seed 1005 prescribed stage 2 epoch 81/90   2353 s
seed 1005 prescribed stage 2 epoch 82/90   2366 s
seed 1005 prescribed stage 2 epoch 83/90   2379 s
seed 1005 prescribed stage 2 epoch 84/90   2392 s
seed 1005 prescribed stage 2 epoch 85/90   2405 s
seed 1005 prescribed stage 2 epoch 86/90   2418 s
seed 1005 prescribed stage 2 epoch 87/90   2431 s
seed 1005 prescribed stage 2 epoch 88/90   2444 s
seed 1005 prescribed stage 2 epoch 89/90   2457 s
seed 1005 prescribed stage 2 epoch 90/90   2470 s
seed 1005 prescribed: 2470.5 s
seed 1005 free_scaled stage 1 epoch  1/90     37 s
seed 1005 free_scaled stage 1 epoch  2/90     71 s
seed 1005 free_scaled stage 1 epoch  3/90    105 s
seed 1005 free_scaled stage 1 epoch  4/90    139 s
seed 1005 free_scaled stage 1 epoch  5/90    173 s
seed 1005 free_scaled stage 1 epoch  6/90    206 s
seed 1005 free_scaled stage 1 epoch  7/90    240 s
seed 1005 free_scaled stage 1 epoch  8/90    274 s
seed 1005 free_scaled stage 1 epoch  9/90    308 s
seed 1005 free_scaled stage 1 epoch 10/90    342 s
seed 1005 free_scaled stage 1 epoch 11/90    376 s
seed 1005 free_scaled stage 1 epoch 12/90    411 s
seed 1005 free_scaled stage 1 epoch 13/90    444 s
seed 1005 free_scaled stage 1 epoch 14/90    478 s
seed 1005 free_scaled stage 1 epoch 15/90    511 s
seed 1005 free_scaled stage 1 epoch 16/90    546 s
seed 1005 free_scaled stage 1 epoch 17/90    580 s
seed 1005 free_scaled stage 1 epoch 18/90    613 s
seed 1005 free_scaled stage 1 epoch 19/90    647 s
seed 1005 free_scaled stage 1 epoch 20/90    681 s
seed 1005 free_scaled stage 1 epoch 21/90    714 s
seed 1005 free_scaled stage 1 epoch 22/90    748 s
seed 1005 free_scaled stage 1 epoch 23/90    782 s
seed 1005 free_scaled stage 1 epoch 24/90    816 s
seed 1005 free_scaled stage 1 epoch 25/90    851 s
seed 1005 free_scaled stage 1 epoch 26/90    884 s
seed 1005 free_scaled stage 1 epoch 27/90    918 s
seed 1005 free_scaled stage 1 epoch 28/90    952 s
seed 1005 free_scaled stage 1 epoch 29/90    986 s
seed 1005 free_scaled stage 1 epoch 30/90   1020 s
seed 1005 free_scaled stage 1 epoch 31/90   1054 s
seed 1005 free_scaled stage 1 epoch 32/90   1088 s
seed 1005 free_scaled stage 1 epoch 33/90   1122 s
seed 1005 free_scaled stage 1 epoch 34/90   1156 s
seed 1005 free_scaled stage 1 epoch 35/90   1190 s
seed 1005 free_scaled stage 1 epoch 36/90   1224 s
seed 1005 free_scaled stage 1 epoch 37/90   1257 s
seed 1005 free_scaled stage 1 epoch 38/90   1291 s
seed 1005 free_scaled stage 1 epoch 39/90   1324 s
seed 1005 free_scaled stage 1 epoch 40/90   1358 s
seed 1005 free_scaled stage 1 epoch 41/90   1392 s
seed 1005 free_scaled stage 1 epoch 42/90   1426 s
seed 1005 free_scaled stage 1 epoch 43/90   1460 s
seed 1005 free_scaled stage 1 epoch 44/90   1494 s
seed 1005 free_scaled stage 1 epoch 45/90   1528 s
seed 1005 free_scaled stage 1 epoch 46/90   1562 s
seed 1005 free_scaled stage 1 epoch 47/90   1595 s
seed 1005 free_scaled stage 1 epoch 48/90   1630 s
seed 1005 free_scaled stage 1 epoch 49/90   1664 s
seed 1005 free_scaled stage 1 epoch 50/90   1698 s
seed 1005 free_scaled stage 1 epoch 51/90   1732 s
seed 1005 free_scaled stage 1 epoch 52/90   1765 s
seed 1005 free_scaled stage 1 epoch 53/90   1800 s
seed 1005 free_scaled stage 1 epoch 54/90   1834 s
seed 1005 free_scaled stage 1 epoch 55/90   1868 s
seed 1005 free_scaled stage 1 epoch 56/90   1902 s
seed 1005 free_scaled stage 1 epoch 57/90   1936 s
seed 1005 free_scaled stage 1 epoch 58/90   1970 s
seed 1005 free_scaled stage 1 epoch 59/90   2004 s
seed 1005 free_scaled stage 1 epoch 60/90   2037 s
seed 1005 free_scaled stage 1 epoch 61/90   2071 s
seed 1005 free_scaled stage 1 epoch 62/90   2105 s
seed 1005 free_scaled stage 1 epoch 63/90   2139 s
seed 1005 free_scaled stage 1 epoch 64/90   2173 s
seed 1005 free_scaled stage 1 epoch 65/90   2206 s
seed 1005 free_scaled stage 1 epoch 66/90   2240 s
seed 1005 free_scaled stage 1 epoch 67/90   2274 s
seed 1005 free_scaled stage 1 epoch 68/90   2307 s
seed 1005 free_scaled stage 1 epoch 69/90   2341 s
seed 1005 free_scaled stage 1 epoch 70/90   2375 s
seed 1005 free_scaled stage 1 epoch 71/90   2408 s
seed 1005 free_scaled stage 1 epoch 72/90   2441 s
seed 1005 free_scaled stage 1 epoch 73/90   2475 s
seed 1005 free_scaled stage 1 epoch 74/90   2508 s
seed 1005 free_scaled stage 1 epoch 75/90   2542 s
seed 1005 free_scaled stage 1 epoch 76/90   2575 s
seed 1005 free_scaled stage 1 epoch 77/90   2608 s
seed 1005 free_scaled stage 1 epoch 78/90   2642 s
seed 1005 free_scaled stage 1 epoch 79/90   2676 s
seed 1005 free_scaled stage 1 epoch 80/90   2710 s
seed 1005 free_scaled stage 1 epoch 81/90   2744 s
seed 1005 free_scaled stage 1 epoch 82/90   2777 s
seed 1005 free_scaled stage 1 epoch 83/90   2811 s
seed 1005 free_scaled stage 1 epoch 84/90   2844 s
seed 1005 free_scaled stage 1 epoch 85/90   2877 s
seed 1005 free_scaled stage 1 epoch 86/90   2911 s
seed 1005 free_scaled stage 1 epoch 87/90   2944 s
seed 1005 free_scaled stage 1 epoch 88/90   2978 s
seed 1005 free_scaled stage 1 epoch 89/90   3012 s
seed 1005 free_scaled stage 1 epoch 90/90   3046 s
seed 1005 free_scaled stage 2 epoch  1/90   3060 s
seed 1005 free_scaled stage 2 epoch  2/90   3073 s
seed 1005 free_scaled stage 2 epoch  3/90   3086 s
seed 1005 free_scaled stage 2 epoch  4/90   3099 s
seed 1005 free_scaled stage 2 epoch  5/90   3116 s
seed 1005 free_scaled stage 2 epoch  6/90   3130 s
seed 1005 free_scaled stage 2 epoch  7/90   3145 s
seed 1005 free_scaled stage 2 epoch  8/90   3160 s
seed 1005 free_scaled stage 2 epoch  9/90   3174 s
seed 1005 free_scaled stage 2 epoch 10/90   3188 s
seed 1005 free_scaled stage 2 epoch 11/90   3203 s
seed 1005 free_scaled stage 2 epoch 12/90   3217 s
seed 1005 free_scaled stage 2 epoch 13/90   3231 s
seed 1005 free_scaled stage 2 epoch 14/90   3246 s
seed 1005 free_scaled stage 2 epoch 15/90   3260 s
seed 1005 free_scaled stage 2 epoch 16/90   3274 s
seed 1005 free_scaled stage 2 epoch 17/90   3289 s
seed 1005 free_scaled stage 2 epoch 18/90   3303 s
seed 1005 free_scaled stage 2 epoch 19/90   3321 s
seed 1005 free_scaled stage 2 epoch 20/90   3336 s
seed 1005 free_scaled stage 2 epoch 21/90   3358 s
seed 1005 free_scaled stage 2 epoch 22/90   3386 s
seed 1005 free_scaled stage 2 epoch 23/90   3428 s
seed 1005 free_scaled stage 2 epoch 24/90   3458 s
seed 1005 free_scaled stage 2 epoch 25/90   3486 s
seed 1005 free_scaled stage 2 epoch 26/90   3509 s
seed 1005 free_scaled stage 2 epoch 27/90   3532 s
seed 1005 free_scaled stage 2 epoch 28/90   3549 s
seed 1005 free_scaled stage 2 epoch 29/90   3564 s
seed 1005 free_scaled stage 2 epoch 30/90   3579 s
seed 1005 free_scaled stage 2 epoch 31/90   3593 s
seed 1005 free_scaled stage 2 epoch 32/90   3607 s
seed 1005 free_scaled stage 2 epoch 33/90   3621 s
seed 1005 free_scaled stage 2 epoch 34/90   3635 s
seed 1005 free_scaled stage 2 epoch 35/90   3648 s
seed 1005 free_scaled stage 2 epoch 36/90   3663 s
seed 1005 free_scaled stage 2 epoch 37/90   3678 s
seed 1005 free_scaled stage 2 epoch 38/90   3695 s
seed 1005 free_scaled stage 2 epoch 39/90   3712 s
seed 1005 free_scaled stage 2 epoch 40/90   3726 s
seed 1005 free_scaled stage 2 epoch 41/90   3740 s
seed 1005 free_scaled stage 2 epoch 42/90   3753 s
seed 1005 free_scaled stage 2 epoch 43/90   3768 s
seed 1005 free_scaled stage 2 epoch 44/90   3781 s
seed 1005 free_scaled stage 2 epoch 45/90   3798 s
seed 1005 free_scaled stage 2 epoch 46/90   3813 s
seed 1005 free_scaled stage 2 epoch 47/90   3830 s
seed 1005 free_scaled stage 2 epoch 48/90   3846 s
seed 1005 free_scaled stage 2 epoch 49/90   3861 s
seed 1005 free_scaled stage 2 epoch 50/90   3878 s
seed 1005 free_scaled stage 2 epoch 51/90   3895 s
seed 1005 free_scaled stage 2 epoch 52/90   3934 s
seed 1005 free_scaled stage 2 epoch 53/90   3960 s
seed 1005 free_scaled stage 2 epoch 54/90   3979 s
seed 1005 free_scaled stage 2 epoch 55/90   3997 s
seed 1005 free_scaled stage 2 epoch 56/90   4014 s
seed 1005 free_scaled stage 2 epoch 57/90   4031 s
seed 1005 free_scaled stage 2 epoch 58/90   4047 s
seed 1005 free_scaled stage 2 epoch 59/90   4065 s
seed 1005 free_scaled stage 2 epoch 60/90   4081 s
seed 1005 free_scaled stage 2 epoch 61/90   4099 s
seed 1005 free_scaled stage 2 epoch 62/90   4121 s
seed 1005 free_scaled stage 2 epoch 63/90   4145 s
seed 1005 free_scaled stage 2 epoch 64/90   4178 s
seed 1005 free_scaled stage 2 epoch 65/90   4193 s
seed 1005 free_scaled stage 2 epoch 66/90   4208 s
seed 1005 free_scaled stage 2 epoch 67/90   4226 s
seed 1005 free_scaled stage 2 epoch 68/90   4240 s
seed 1005 free_scaled stage 2 epoch 69/90   4258 s
seed 1005 free_scaled stage 2 epoch 70/90   4272 s
seed 1005 free_scaled stage 2 epoch 71/90   4286 s
seed 1005 free_scaled stage 2 epoch 72/90   4300 s
seed 1005 free_scaled stage 2 epoch 73/90   4314 s
seed 1005 free_scaled stage 2 epoch 74/90   4328 s
seed 1005 free_scaled stage 2 epoch 75/90   4341 s
seed 1005 free_scaled stage 2 epoch 76/90   4354 s
seed 1005 free_scaled stage 2 epoch 77/90   4368 s
seed 1005 free_scaled stage 2 epoch 78/90   4390 s
seed 1005 free_scaled stage 2 epoch 79/90   4409 s
seed 1005 free_scaled stage 2 epoch 80/90   4430 s
seed 1005 free_scaled stage 2 epoch 81/90   4445 s
seed 1005 free_scaled stage 2 epoch 82/90   4461 s
seed 1005 free_scaled stage 2 epoch 83/90   4475 s
seed 1005 free_scaled stage 2 epoch 84/90   4491 s
seed 1005 free_scaled stage 2 epoch 85/90   4507 s
seed 1005 free_scaled stage 2 epoch 86/90   4522 s
seed 1005 free_scaled stage 2 epoch 87/90   4537 s
seed 1005 free_scaled stage 2 epoch 88/90   4553 s
seed 1005 free_scaled stage 2 epoch 89/90   4567 s
seed 1005 free_scaled stage 2 epoch 90/90   4582 s
seed 1005 free_scaled: 4582.3 s
seed 1005: written
