seed 777 prescribed stage 1 epoch  1/90     24 s
seed 777 prescribed stage 1 epoch  2/90     38 s
seed 777 prescribed stage 1 epoch  3/90     57 s
seed 777 prescribed stage 1 epoch  4/90     74 s
seed 777 prescribed stage 1 epoch  5/90     95 s
seed 777 prescribed stage 1 epoch  6/90    117 s
seed 777 prescribed stage 1 epoch  7/90    135 s
seed 777 prescribed stage 1 epoch  8/90    158 s
seed 777 prescribed stage 1 epoch  9/90    179 s
seed 777 prescribed stage 1 epoch 10/90    202 s
seed 777 prescribed stage 1 epoch 11/90    225 s
seed 777 prescribed stage 1 epoch 12/90    242 s
seed 777 prescribed stage 1 epoch 13/90    259 s
seed 777 prescribed stage 1 epoch 14/90    277 s
seed 777 prescribed stage 1 epoch 15/90    292 s
seed 777 prescribed stage 1 epoch 16/90    310 s
seed 777 prescribed stage 1 epoch 17/90    330 s
seed 777 prescribed stage 1 epoch 18/90    347 s
seed 777 prescribed stage 1 epoch 19/90    363 s
seed 777 prescribed stage 1 epoch 20/90    378 s
seed 777 prescribed stage 1 epoch 21/90    392 s
seed 777 prescribed stage 1 epoch 22/90    411 s
seed 777 prescribed stage 1 epoch 23/90    428 s
seed 777 prescribed stage 1 epoch 24/90    442 s
seed 777 prescribed stage 1 epoch 25/90    457 s
seed 777 prescribed stage 1 epoch 26/90    473 s
seed 777 prescribed stage 1 epoch 27/90    489 s
seed 777 prescribed stage 1 epoch 28/90    504 s
seed 777 prescribed stage 1 epoch 29/90    520 s
seed 777 prescribed stage 1 epoch 30/90    534 s
seed 777 prescribed stage 1 epoch 31/90    553 s
seed 777 prescribed stage 1 epoch 32/90    569 s
seed 777 prescribed stage 1 epoch 33/90    583 s
seed 777 prescribed stage 1 epoch 34/90    598 s
seed 777 prescribed stage 1 epoch 35/90    616 s
seed 777 prescribed stage 1 epoch 36/90    635 s
seed 777 prescribed stage 1 epoch 37/90    652 s
seed 777 prescribed stage 1 epoch 38/90    667 s
seed 777 prescribed stage 1 epoch 39/90    681 s
seed 777 prescribed stage 1 epoch 40/90    699 s
seed 777 prescribed stage 1 epoch 41/90    716 s
seed 777 prescribed stage 1 epoch 42/90    731 s
seed 777 prescribed stage 1 epoch 43/90    745 s
seed 777 prescribed stage 1 epoch 44/90    759 s
seed 777 prescribed stage 1 epoch 45/90    773 s
seed 777 prescribed stage 1 epoch 46/90    787 s
seed 777 prescribed stage 1 epoch 47/90    802 s
seed 777 prescribed stage 1 epoch 48/90    816 s
seed 777 prescribed stage 1 epoch 49/90    830 s
seed 777 prescribed stage 1 epoch 50/90    845 s
seed 777 prescribed stage 1 epoch 51/90    858 s
seed 777 prescribed stage 1 epoch 52/90    873 s
seed 777 prescribed stage 1 epoch 53/90    887 s
seed 777 prescribed stage 1 epoch 54/90    901 s
seed 777 prescribed stage 1 epoch 55/90    919 s
seed 777 prescribed stage 1 epoch 56/90    935 s
seed 777 prescribed stage 1 epoch 57/90    951 s
seed 777 prescribed stage 1 epoch 58/90    966 s
seed 777 prescribed stage 1 epoch 59/90    982 s
seed 777 prescribed stage 1 epoch 60/90    996 s
seed 777 prescribed stage 1 epoch 61/90   1013 s
seed 777 prescribed stage 1 epoch 62/90   1029 s
seed 777 prescribed stage 1 epoch 63/90   1045 s
seed 777 prescribed stage 1 epoch 64/90   1065 s
seed 777 prescribed stage 1 epoch 65/90   1084 s
seed 777 prescribed stage 1 epoch 66/90   1098 s
seed 777 prescribed stage 1 epoch 67/90   1116 s
seed 777 prescribed stage 1 epoch 68/90   1133 s
seed 777 prescribed stage 1 epoch 69/90   1150 s
seed 777 prescribed stage 1 epoch 70/90   1167 s
seed 777 prescribed stage 1 epoch 71/90   1188 s
seed 777 prescribed stage 1 epoch 72/90   1203 s
seed 777 prescribed stage 1 epoch 73/90   1217 s
seed 777 prescribed stage 1 epoch 74/90   1236 s
seed 777 prescribed stage 1 epoch 75/90   1256 s
seed 777 prescribed stage 1 epoch 76/90   1273 s
seed 777 prescribed stage 1 epoch 77/90   1294 s
seed 777 prescribed stage 1 epoch 78/90   1311 s
seed 777 prescribed stage 1 epoch 79/90   1327 s
seed 777 prescribed stage 1 epoch 80/90   1342 s
seed 777 prescribed stage 1 epoch 81/90   1355 s
seed 777 prescribed stage 1 epoch 82/90   1370 s
seed 777 prescribed stage 1 epoch 83/90   1387 s
seed 777 prescribed stage 1 epoch 84/90   1401 s
seed 777 prescribed stage 1 epoch 85/90   1417 s
seed 777 prescribed stage 1 epoch 86/90   1435 s
seed 777 prescribed stage 1 epoch 87/90   1454 s
seed 777 prescribed stage 1 epoch 88/90   1471 s
seed 777 prescribed stage 1 epoch 89/90   1491 s
seed 777 prescribed stage 1 epoch 90/90   1513 s
seed 777 prescribed stage 2 epoch  1/90   1533 s
seed 777 prescribed stage 2 epoch  2/90   1553 s
seed 777 prescribed stage 2 epoch  3/90   1570 s
seed 777 prescribed stage 2 epoch  4/90   1585 s
seed 777 prescribed stage 2 epoch  5/90   1600 s
seed 777 prescribed stage 2 epoch  6/90   1619 s
seed 777 prescribed stage 2 epoch  7/90   1636 s
seed 777 prescribed stage 2 epoch  8/90   1656 s
seed 777 prescribed stage 2 epoch  9/90   1677 s
seed 777 prescribed stage 2 epoch 10/90   1696 s
seed 777 prescribed stage 2 epoch 11/90   1714 s
seed 777 prescribed stage 2 epoch 12/90   1728 s
seed 777 prescribed stage 2 epoch 13/90   1743 s
seed 777 prescribed stage 2 epoch 14/90   1758 s
seed 777 prescribed stage 2 epoch 15/90   1774 s
seed 777 prescribed stage 2 epoch 16/90   1788 s
seed 777 prescribed stage 2 epoch 17/90   1803 s
seed 777 prescribed stage 2 epoch 18/90   1818 s
seed 777 prescribed stage 2 epoch 19/90   1838 s
seed 777 prescribed stage 2 epoch 20/90   1856 s
seed 777 prescribed stage 2 epoch 21/90   1873 s
seed 777 prescribed stage 2 epoch 22/90   1892 s
seed 777 prescribed stage 2 epoch 23/90   1909 s
seed 777 prescribed stage 2 epoch 24/90   1925 s
seed 777 prescribed stage 2 epoch 25/90   1943 s
seed 777 prescribed stage 2 epoch 26/90   1965 s
seed 777 prescribed stage 2 epoch 27/90   1988 s
seed 777 prescribed stage 2 epoch 28/90   2009 s
seed 777 prescribed stage 2 epoch 29/90   2026 s
seed 777 prescribed stage 2 epoch 30/90   2041 s
seed 777 prescribed stage 2 epoch 31/90   2056 s
seed 777 prescribed stage 2 epoch 32/90   2070 s
seed 777 prescribed stage 2 epoch 33/90   2088 s
seed 777 prescribed stage 2 epoch 34/90   2104 s
seed 777 prescribed stage 2 epoch 35/90   2122 s
seed 777 prescribed stage 2 epoch 36/90   2137 s
seed 777 prescribed stage 2 epoch 37/90   2152 s
seed 777 prescribed stage 2 epoch 38/90   2166 s
seed 777 prescribed stage 2 epoch 39/90   2185 s
seed 777 prescribed stage 2 epoch 40/90   2203 s
seed 777 prescribed stage 2 epoch 41/90   2219 s
seed 777 prescribed stage 2 epoch 42/90   2234 s
seed 777 prescribed stage 2 epoch 43/90   2248 s
seed 777 prescribed stage 2 epoch 44/90   2262 s
seed 777 prescribed stage 2 epoch 45/90   2279 s
seed 777 prescribed stage 2 epoch 46/90   2296 s
seed 777 prescribed stage 2 epoch 47/90   2311 s
seed 777 prescribed stage 2 epoch 48/90   2325 s
seed 777 prescribed stage 2 epoch 49/90   2340 s
seed 777 prescribed stage 2 epoch 50/90   2356 s
seed 777 prescribed stage 2 epoch 51/90   2374 s
seed 777 prescribed stage 2 epoch 52/90   2388 s
seed 777 prescribed stage 2 epoch 53/90   2403 s
seed 777 prescribed stage 2 epoch 54/90   2418 s
seed 777 prescribed stage 2 epoch 55/90   2436 s
seed 777 prescribed stage 2 epoch 56/90   2451 s
seed 777 prescribed stage 2 epoch 57/90   2465 s
seed 777 prescribed stage 2 epoch 58/90   2480 s
seed 777 prescribed stage 2 epoch 59/90   2494 s
seed 777 prescribed stage 2 epoch 60/90   2513 s
seed 777 prescribed stage 2 epoch 61/90   2533 s
seed 777 prescribed stage 2 epoch 62/90   2551 s
seed 777 prescribed stage 2 epoch 63/90   2566 s
seed 777 prescribed stage 2 epoch 64/90   2584 s
seed 777 prescribed stage 2 epoch 65/90   2599 s
seed 777 prescribed stage 2 epoch 66/90   2623 s
seed 777 prescribed stage 2 epoch 67/90   2644 s
seed 777 prescribed stage 2 epoch 68/90   2665 s
seed 777 prescribed stage 2 epoch 69/90   2702 s
seed 777 prescribed stage 2 epoch 70/90   2730 s
seed 777 prescribed stage 2 epoch 71/90   2748 s
seed 777 prescribed stage 2 epoch 72/90   2765 s
seed 777 prescribed stage 2 epoch 73/90   2785 s
seed 777 prescribed stage 2 epoch 74/90   2803 s
seed 777 prescribed stage 2 epoch 75/90   2819 s
seed 777 prescribed stage 2 epoch 76/90   2835 s
seed 777 prescribed stage 2 epoch 77/90   2852 s
seed 777 prescribed stage 2 epoch 78/90   2867 s
seed 777 prescribed stage 2 epoch 79/90   2885 s
seed 777 prescribed stage 2 epoch 80/90   2908 s
seed 777 prescribed stage 2 epoch 81/90   2925 s
seed 777 prescribed stage 2 epoch 82/90   2945 s
seed 777 prescribed stage 2 epoch 83/90   2964 s
seed 777 prescribed stage 2 epoch 84/90   2982 s
seed 777 prescribed stage 2 epoch 85/90   2999 s
seed 777 prescribed stage 2 epoch 86/90   3013 s
seed 777 prescribed stage 2 epoch 87/90   3028 s
seed 777 prescribed stage 2 epoch 88/90   3043 s
seed 777 prescribed stage 2 epoch 89/90   3063 s
seed 777 prescribed stage 2 epoch 90/90   3081 s
seed 777 prescribed: 3080.7 s
seed 777 free_scaled stage 1 epoch  1/90     59 s
seed 777 free_scaled stage 1 epoch  2/90    109 s
seed 777 free_scaled stage 1 epoch  3/90    153 s
seed 777 free_scaled stage 1 epoch  4/90    198 s
seed 777 free_scaled stage 1 epoch  5/90    247 s
seed 777 free_scaled stage 1 epoch  6/90    296 s
seed 777 free_scaled stage 1 epoch  7/90    341 s
seed 777 free_scaled stage 1 epoch  8/90    387 s
seed 777 free_scaled stage 1 epoch  9/90    433 s
seed 777 free_scaled stage 1 epoch 10/90    474 s
seed 777 free_scaled stage 1 epoch 11/90    521 s
seed 777 free_scaled stage 1 epoch 12/90    568 s
seed 777 free_scaled stage 1 epoch 13/90    609 s
seed 777 free_scaled stage 1 epoch 14/90    651 s
seed 777 free_scaled stage 1 epoch 15/90    701 s
seed 777 free_scaled stage 1 epoch 16/90    747 s
seed 777 free_scaled stage 1 epoch 17/90    787 s
seed 777 free_scaled stage 1 epoch 18/90    837 s
seed 777 free_scaled stage 1 epoch 19/90    876 s
seed 777 free_scaled stage 1 epoch 20/90    919 s
seed 777 free_scaled stage 1 epoch 21/90    966 s
seed 777 free_scaled stage 1 epoch 22/90   1028 s
seed 777 free_scaled stage 1 epoch 23/90   1081 s
seed 777 free_scaled stage 1 epoch 24/90   1145 s
seed 777 free_scaled stage 1 epoch 25/90   1229 s
seed 777 free_scaled stage 1 epoch 26/90   1351 s
seed 777 free_scaled stage 1 epoch 27/90   1405 s
seed 777 free_scaled stage 1 epoch 28/90   1458 s
seed 777 free_scaled stage 1 epoch 29/90   1514 s
seed 777 free_scaled stage 1 epoch 30/90   1562 s
seed 777 free_scaled stage 1 epoch 31/90   1605 s
seed 777 free_scaled stage 1 epoch 32/90   1648 s
seed 777 free_scaled stage 1 epoch 33/90   1693 s
seed 777 free_scaled stage 1 epoch 34/90   1741 s
seed 777 free_scaled stage 1 epoch 35/90   1790 s
seed 777 free_scaled stage 1 epoch 36/90   1837 s
seed 777 free_scaled stage 1 epoch 37/90   1882 s
seed 777 free_scaled stage 1 epoch 38/90   1969 s
seed 777 free_scaled stage 1 epoch 39/90   2025 s
seed 777 free_scaled stage 1 epoch 40/90   2071 s
seed 777 free_scaled stage 1 epoch 41/90   2124 s
seed 777 free_scaled stage 1 epoch 42/90   2173 s
seed 777 free_scaled stage 1 epoch 43/90   2222 s
seed 777 free_scaled stage 1 epoch 44/90   2274 s
seed 777 free_scaled stage 1 epoch 45/90   2320 s
seed 777 free_scaled stage 1 epoch 46/90   2374 s
seed 777 free_scaled stage 1 epoch 47/90   2419 s
seed 777 free_scaled stage 1 epoch 48/90   2465 s
seed 777 free_scaled stage 1 epoch 49/90   2516 s
seed 777 free_scaled stage 1 epoch 50/90   2568 s
seed 777 free_scaled stage 1 epoch 51/90   2621 s
seed 777 free_scaled stage 1 epoch 52/90   2687 s
seed 777 free_scaled stage 1 epoch 53/90   2737 s
seed 777 free_scaled stage 1 epoch 54/90   2795 s
seed 777 free_scaled stage 1 epoch 55/90   2839 s
seed 777 free_scaled stage 1 epoch 56/90   2885 s
seed 777 free_scaled stage 1 epoch 57/90   2925 s
seed 777 free_scaled stage 1 epoch 58/90   2968 s
seed 777 free_scaled stage 1 epoch 59/90   3016 s
seed 777 free_scaled stage 1 epoch 60/90   3063 s
seed 777 free_scaled stage 1 epoch 61/90   3106 s
seed 777 free_scaled stage 1 epoch 62/90   3154 s
seed 777 free_scaled stage 1 epoch 63/90   3199 s
seed 777 free_scaled stage 1 epoch 64/90   3248 s
seed 777 free_scaled stage 1 epoch 65/90   3291 s
seed 777 free_scaled stage 1 epoch 66/90   3337 s
seed 777 free_scaled stage 1 epoch 67/90   3381 s
seed 777 free_scaled stage 1 epoch 68/90   3426 s
seed 777 free_scaled stage 1 epoch 69/90   3469 s
seed 777 free_scaled stage 1 epoch 70/90   3521 s
seed 777 free_scaled stage 1 epoch 71/90   3589 s
seed 777 free_scaled stage 1 epoch 72/90   3644 s
seed 777 free_scaled stage 1 epoch 73/90   3686 s
seed 777 free_scaled stage 1 epoch 74/90   3728 s
seed 777 free_scaled stage 1 epoch 75/90   3770 s
seed 777 free_scaled stage 1 epoch 76/90   3815 s
seed 777 free_scaled stage 1 epoch 77/90   3860 s
seed 777 free_scaled stage 1 epoch 78/90   3904 s
seed 777 free_scaled stage 1 epoch 79/90   3948 s
seed 777 free_scaled stage 1 epoch 80/90   3991 s
seed 777 free_scaled stage 1 epoch 81/90   4050 s
seed 777 free_scaled stage 1 epoch 82/90   4104 s
seed 777 free_scaled stage 1 epoch 83/90   4154 s
seed 777 free_scaled stage 1 epoch 84/90   4199 s
seed 777 free_scaled stage 1 epoch 85/90   4248 s
seed 777 free_scaled stage 1 epoch 86/90   4304 s
seed 777 free_scaled stage 1 epoch 87/90   4366 s
seed 777 free_scaled stage 1 epoch 88/90   4412 s
seed 777 free_scaled stage 1 epoch 89/90   4484 s
seed 777 free_scaled stage 1 epoch 90/90   4537 s
seed 777 free_scaled stage 2 epoch  1/90   4558 s
seed 777 free_scaled stage 2 epoch  2/90   4576 s
seed 777 free_scaled stage 2 epoch  3/90   4594 s
seed 777 free_scaled stage 2 epoch  4/90   4612 s
seed 777 free_scaled stage 2 epoch  5/90   4631 s
seed 777 free_scaled stage 2 epoch  6/90   4651 s
seed 777 free_scaled stage 2 epoch  7/90   4668 s
seed 777 free_scaled stage 2 epoch  8/90   4684 s
seed 777 free_scaled stage 2 epoch  9/90   4702 s
seed 777 free_scaled stage 2 epoch 10/90   4717 s
seed 777 free_scaled stage 2 epoch 11/90   4733 s
seed 777 free_scaled stage 2 epoch 12/90   4749 s
seed 777 free_scaled stage 2 epoch 13/90   4764 s
seed 777 free_scaled stage 2 epoch 14/90   4779 s
seed 777 free_scaled stage 2 epoch 15/90   4794 s
seed 777 free_scaled stage 2 epoch 16/90   4809 s
seed 777 free_scaled stage 2 epoch 17/90   4830 s
seed 777 free_scaled stage 2 epoch 18/90   4847 s
seed 777 free_scaled stage 2 epoch 19/90   4865 s
seed 777 free_scaled stage 2 epoch 20/90   4884 s
seed 777 free_scaled stage 2 epoch 21/90   4906 s
seed 777 free_scaled stage 2 epoch 22/90   4926 s
seed 777 free_scaled stage 2 epoch 23/90   4943 s
seed 777 free_scaled stage 2 epoch 24/90   4962 s
seed 777 free_scaled stage 2 epoch 25/90   4980 s
seed 777 free_scaled stage 2 epoch 26/90   4997 s
seed 777 free_scaled stage 2 epoch 27/90   5011 s
seed 777 free_scaled stage 2 epoch 28/90   5025 s
seed 777 free_scaled stage 2 epoch 29/90   5040 s
seed 777 free_scaled stage 2 epoch 30/90   5060 s
seed 777 free_scaled stage 2 epoch 31/90   5076 s
seed 777 free_scaled stage 2 epoch 32/90   5095 s
seed 777 free_scaled stage 2 epoch 33/90   5116 s
seed 777 free_scaled stage 2 epoch 34/90   5133 s
seed 777 free_scaled stage 2 epoch 35/90   5154 s
seed 777 free_scaled stage 2 epoch 36/90   5178 s
seed 777 free_scaled stage 2 epoch 37/90   5200 s
seed 777 free_scaled stage 2 epoch 38/90   5222 s
seed 777 free_scaled stage 2 epoch 39/90   5244 s
seed 777 free_scaled stage 2 epoch 40/90   5275 s
seed 777 free_scaled stage 2 epoch 41/90   5309 s
seed 777 free_scaled stage 2 epoch 42/90   5335 s
seed 777 free_scaled stage 2 epoch 43/90   5360 s
seed 777 free_scaled stage 2 epoch 44/90   5391 s
seed 777 free_scaled stage 2 epoch 45/90   5413 s
seed 777 free_scaled stage 2 epoch 46/90   5442 s
seed 777 free_scaled stage 2 epoch 47/90   5469 s
seed 777 free_scaled stage 2 epoch 48/90   5495 s
seed 777 free_scaled stage 2 epoch 49/90   5531 s
seed 777 free_scaled stage 2 epoch 50/90   5552 s
seed 777 free_scaled stage 2 epoch 51/90   5581 s
seed 777 free_scaled stage 2 epoch 52/90   5604 s
seed 777 free_scaled stage 2 epoch 53/90   5632 s
seed 777 free_scaled stage 2 epoch 54/90   5655 s
seed 777 free_scaled stage 2 epoch 55/90   5675 s
seed 777 free_scaled stage 2 epoch 56/90   5698 s
seed 777 free_scaled stage 2 epoch 57/90   5718 s
seed 777 free_scaled stage 2 epoch 58/90   5747 s
seed 777 free_scaled stage 2 epoch 59/90   5777 s
seed 777 free_scaled stage 2 epoch 60/90   5804 s
seed 777 free_scaled stage 2 epoch 61/90   5833 s
seed 777 free_scaled stage 2 epoch 62/90   5856 s
seed 777 free_scaled stage 2 epoch 63/90   5884 s
seed 777 free_scaled stage 2 epoch 64/90   5904 s
seed 777 free_scaled stage 2 epoch 65/90   5922 s
seed 777 free_scaled stage 2 epoch 66/90   5943 s
seed 777 free_scaled stage 2 epoch 67/90   5963 s
seed 777 free_scaled stage 2 epoch 68/90   5982 s
seed 777 free_scaled stage 2 epoch 69/90   6004 s
seed 777 free_scaled stage 2 epoch 70/90   6024 s
seed 777 free_scaled stage 2 epoch 71/90   6042 s
seed 777 free_scaled stage 2 epoch 72/90   6067 s
seed 777 free_scaled stage 2 epoch 73/90   6090 s
seed 777 free_scaled stage 2 epoch 74/90   6122 s
seed 777 free_scaled stage 2 epoch 75/90   6148 s
seed 777 free_scaled stage 2 epoch 76/90   6169 s
seed 777 free_scaled stage 2 epoch 77/90   6190 s
seed 777 free_scaled stage 2 epoch 78/90   6213 s
seed 777 free_scaled stage 2 epoch 79/90   6233 s
seed 777 free_scaled stage 2 epoch 80/90   6251 s
seed 777 free_scaled stage 2 epoch 81/90   6271 s
seed 777 free_scaled stage 2 epoch 82/90   6295 s
seed 777 free_scaled stage 2 epoch 83/90   6314 s
seed 777 free_scaled stage 2 epoch 84/90   6335 s
seed 777 free_scaled stage 2 epoch 85/90   6354 s
seed 777 free_scaled stage 2 epoch 86/90   6374 s
seed 777 free_scaled stage 2 epoch 87/90   6395 s
seed 777 free_scaled stage 2 epoch 88/90   6415 s
seed 777 free_scaled stage 2 epoch 89/90   6436 s
seed 777 free_scaled stage 2 epoch 90/90   6456 s
seed 777 free_scaled: 6456.1 s
seed 777: written
seed 1003 prescribed stage 1 epoch  1/90     33 s
seed 1003 prescribed stage 1 epoch  2/90     55 s
seed 1003 prescribed stage 1 epoch  3/90     80 s
seed 1003 prescribed stage 1 epoch  4/90    102 s
seed 1003 prescribed stage 1 epoch  5/90    121 s
seed 1003 prescribed stage 1 epoch  6/90    140 s
seed 1003 prescribed stage 1 epoch  7/90    159 s
seed 1003 prescribed stage 1 epoch  8/90    177 s
seed 1003 prescribed stage 1 epoch  9/90    195 s
seed 1003 prescribed stage 1 epoch 10/90    215 s
seed 1003 prescribed stage 1 epoch 11/90    234 s
seed 1003 prescribed stage 1 epoch 12/90    253 s
seed 1003 prescribed stage 1 epoch 13/90    271 s
seed 1003 prescribed stage 1 epoch 14/90    290 s
seed 1003 prescribed stage 1 epoch 15/90    310 s
seed 1003 prescribed stage 1 epoch 16/90    329 s
seed 1003 prescribed stage 1 epoch 17/90    349 s
seed 1003 prescribed stage 1 epoch 18/90    370 s
seed 1003 prescribed stage 1 epoch 19/90    391 s
seed 1003 prescribed stage 1 epoch 20/90    415 s
seed 1003 prescribed stage 1 epoch 21/90    452 s
seed 1003 prescribed stage 1 epoch 22/90    483 s
seed 1003 prescribed stage 1 epoch 23/90    535 s
seed 1003 prescribed stage 1 epoch 24/90    588 s
seed 1003 prescribed stage 1 epoch 25/90    626 s
seed 1003 prescribed stage 1 epoch 26/90    813 s
seed 1003 prescribed stage 1 epoch 27/90    885 s
seed 1003 prescribed stage 1 epoch 28/90    928 s
seed 1003 prescribed stage 1 epoch 29/90    957 s
seed 1003 prescribed stage 1 epoch 30/90    987 s
seed 1003 prescribed stage 1 epoch 31/90   1021 s
seed 1003 prescribed stage 1 epoch 32/90   1063 s
seed 1003 prescribed stage 1 epoch 33/90   1091 s
seed 1003 prescribed stage 1 epoch 34/90   1112 s
seed 1003 prescribed stage 1 epoch 35/90   1134 s
seed 1003 prescribed stage 1 epoch 36/90   1167 s
seed 1003 prescribed stage 1 epoch 37/90   1228 s
seed 1003 prescribed stage 1 epoch 38/90   1263 s
seed 1003 prescribed stage 1 epoch 39/90   1288 s
seed 1003 prescribed stage 1 epoch 40/90   1310 s
seed 1003 prescribed stage 1 epoch 41/90   1340 s
seed 1003 prescribed stage 1 epoch 42/90   1367 s
seed 1003 prescribed stage 1 epoch 43/90   1388 s
seed 1003 prescribed stage 1 epoch 44/90   1413 s
seed 1003 prescribed stage 1 epoch 45/90   1431 s
seed 1003 prescribed stage 1 epoch 46/90   1451 s
seed 1003 prescribed stage 1 epoch 47/90   1470 s
seed 1003 prescribed stage 1 epoch 48/90   1493 s
seed 1003 prescribed stage 1 epoch 49/90   1515 s
seed 1003 prescribed stage 1 epoch 50/90   1535 s
seed 1003 prescribed stage 1 epoch 51/90   1557 s
seed 1003 prescribed stage 1 epoch 52/90   1577 s
seed 1003 prescribed stage 1 epoch 53/90   1601 s
seed 1003 prescribed stage 1 epoch 54/90   1627 s
seed 1003 prescribed stage 1 epoch 55/90   1648 s
seed 1003 prescribed stage 1 epoch 56/90   1667 s
seed 1003 prescribed stage 1 epoch 57/90   1686 s
seed 1003 prescribed stage 1 epoch 58/90   1709 s
seed 1003 prescribed stage 1 epoch 59/90   1727 s
seed 1003 prescribed stage 1 epoch 60/90   1745 s
seed 1003 prescribed stage 1 epoch 61/90   1765 s
seed 1003 prescribed stage 1 epoch 62/90   1784 s
seed 1003 prescribed stage 1 epoch 63/90   1808 s
seed 1003 prescribed stage 1 epoch 64/90   1831 s
seed 1003 prescribed stage 1 epoch 65/90   1853 s
seed 1003 prescribed stage 1 epoch 66/90   1875 s
seed 1003 prescribed stage 1 epoch 67/90   1895 s
seed 1003 prescribed stage 1 epoch 68/90   1915 s
seed 1003 prescribed stage 1 epoch 69/90   1934 s
seed 1003 prescribed stage 1 epoch 70/90   1953 s
seed 1003 prescribed stage 1 epoch 71/90   1980 s
seed 1003 prescribed stage 1 epoch 72/90   2003 s
seed 1003 prescribed stage 1 epoch 73/90   2020 s
seed 1003 prescribed stage 1 epoch 74/90   2039 s
seed 1003 prescribed stage 1 epoch 75/90   2058 s
seed 1003 prescribed stage 1 epoch 76/90   2076 s
seed 1003 prescribed stage 1 epoch 77/90   2097 s
seed 1003 prescribed stage 1 epoch 78/90   2119 s
seed 1003 prescribed stage 1 epoch 79/90   2141 s
seed 1003 prescribed stage 1 epoch 80/90   2165 s
seed 1003 prescribed stage 1 epoch 81/90   2184 s
seed 1003 prescribed stage 1 epoch 82/90   2204 s
seed 1003 prescribed stage 1 epoch 83/90   2229 s
seed 1003 prescribed stage 1 epoch 84/90   2255 s
seed 1003 prescribed stage 1 epoch 85/90   2274 s
seed 1003 prescribed stage 1 epoch 86/90   2291 s
seed 1003 prescribed stage 1 epoch 87/90   2307 s
seed 1003 prescribed stage 1 epoch 88/90   2325 s
seed 1003 prescribed stage 1 epoch 89/90   2341 s
seed 1003 prescribed stage 1 epoch 90/90   2358 s
seed 1003 prescribed stage 2 epoch  1/90   2377 s
seed 1003 prescribed stage 2 epoch  2/90   2395 s
seed 1003 prescribed stage 2 epoch  3/90   2412 s
seed 1003 prescribed stage 2 epoch  4/90   2431 s
seed 1003 prescribed stage 2 epoch  5/90   2451 s
seed 1003 prescribed stage 2 epoch  6/90   2469 s
seed 1003 prescribed stage 2 epoch  7/90   2486 s
seed 1003 prescribed stage 2 epoch  8/90   2507 s
seed 1003 prescribed stage 2 epoch  9/90   2525 s
seed 1003 prescribed stage 2 epoch 10/90   2546 s
seed 1003 prescribed stage 2 epoch 11/90   2563 s
seed 1003 prescribed stage 2 epoch 12/90   2580 s
seed 1003 prescribed stage 2 epoch 13/90   2598 s
seed 1003 prescribed stage 2 epoch 14/90   2615 s
seed 1003 prescribed stage 2 epoch 15/90   2634 s
seed 1003 prescribed stage 2 epoch 16/90   2651 s
seed 1003 prescribed stage 2 epoch 17/90   2670 s
seed 1003 prescribed stage 2 epoch 18/90   2691 s
seed 1003 prescribed stage 2 epoch 19/90   2712 s
seed 1003 prescribed stage 2 epoch 20/90   2732 s
seed 1003 prescribed stage 2 epoch 21/90   2750 s
seed 1003 prescribed stage 2 epoch 22/90   2766 s
seed 1003 prescribed stage 2 epoch 23/90   2785 s
seed 1003 prescribed stage 2 epoch 24/90   2800 s
seed 1003 prescribed stage 2 epoch 25/90   2818 s
seed 1003 prescribed stage 2 epoch 26/90   2839 s
seed 1003 prescribed stage 2 epoch 27/90   2866 s
seed 1003 prescribed stage 2 epoch 28/90   2884 s
seed 1003 prescribed stage 2 epoch 29/90   2907 s
seed 1003 prescribed stage 2 epoch 30/90   2922 s
seed 1003 prescribed stage 2 epoch 31/90   2943 s
seed 1003 prescribed stage 2 epoch 32/90   2968 s
seed 1003 prescribed stage 2 epoch 33/90   2986 s
seed 1003 prescribed stage 2 epoch 34/90   3007 s
seed 1003 prescribed stage 2 epoch 35/90   3023 s
seed 1003 prescribed stage 2 epoch 36/90   3040 s
seed 1003 prescribed stage 2 epoch 37/90   3061 s
seed 1003 prescribed stage 2 epoch 38/90   3077 s
seed 1003 prescribed stage 2 epoch 39/90   3094 s
seed 1003 prescribed stage 2 epoch 40/90   3112 s
seed 1003 prescribed stage 2 epoch 41/90   3134 s
seed 1003 prescribed stage 2 epoch 42/90   3153 s
seed 1003 prescribed stage 2 epoch 43/90   3176 s
seed 1003 prescribed stage 2 epoch 44/90   3197 s
seed 1003 prescribed stage 2 epoch 45/90   3221 s
seed 1003 prescribed stage 2 epoch 46/90   3243 s
seed 1003 prescribed stage 2 epoch 47/90   3264 s
seed 1003 prescribed stage 2 epoch 48/90   3284 s
seed 1003 prescribed stage 2 epoch 49/90   3304 s
seed 1003 prescribed stage 2 epoch 50/90   3324 s
seed 1003 prescribed stage 2 epoch 51/90   3342 s
seed 1003 prescribed stage 2 epoch 52/90   3362 s
seed 1003 prescribed stage 2 epoch 53/90   3378 s
seed 1003 prescribed stage 2 epoch 54/90   3392 s
seed 1003 prescribed stage 2 epoch 55/90   3406 s
seed 1003 prescribed stage 2 epoch 56/90   3420 s
seed 1003 prescribed stage 2 epoch 57/90   3434 s
seed 1003 prescribed stage 2 epoch 58/90   3448 s
seed 1003 prescribed stage 2 epoch 59/90   3473 s
seed 1003 prescribed stage 2 epoch 60/90   3492 s
seed 1003 prescribed stage 2 epoch 61/90   3511 s
seed 1003 prescribed stage 2 epoch 62/90   3531 s
seed 1003 prescribed stage 2 epoch 63/90   3551 s
seed 1003 prescribed stage 2 epoch 64/90   3571 s
seed 1003 prescribed stage 2 epoch 65/90   3588 s
seed 1003 prescribed stage 2 epoch 66/90   3605 s
seed 1003 prescribed stage 2 epoch 67/90   3619 s
seed 1003 prescribed stage 2 epoch 68/90   3633 s
seed 1003 prescribed stage 2 epoch 69/90   3647 s
seed 1003 prescribed stage 2 epoch 70/90   3661 s
seed 1003 prescribed stage 2 epoch 71/90   3674 s
seed 1003 prescribed stage 2 epoch 72/90   3688 s
seed 1003 prescribed stage 2 epoch 73/90   3702 s
seed 1003 prescribed stage 2 epoch 74/90   3715 s
seed 1003 prescribed stage 2 epoch 75/90   3729 s
seed 1003 prescribed stage 2 epoch 76/90   3743 s
seed 1003 prescribed stage 2 epoch 77/90   3760 s
seed 1003 prescribed stage 2 epoch 78/90   3774 s
seed 1003 prescribed stage 2 epoch 79/90   3788 s
seed 1003 prescribed stage 2 epoch 80/90   3802 s
seed 1003 prescribed stage 2 epoch 81/90   3816 s
seed 1003 prescribed stage 2 epoch 82/90   3830 s
seed 1003 prescribed stage 2 epoch 83/90   3845 s
seed 1003 prescribed stage 2 epoch 84/90   3859 s
seed 1003 prescribed stage 2 epoch 85/90   3874 s
seed 1003 prescribed stage 2 epoch 86/90   3891 s
seed 1003 prescribed stage 2 epoch 87/90   3905 s
seed 1003 prescribed stage 2 epoch 88/90   3924 s
seed 1003 prescribed stage 2 epoch 89/90   3941 s
seed 1003 prescribed stage 2 epoch 90/90   3961 s
seed 1003 prescribed: 3964.2 s
seed 1003 free_scaled stage 1 epoch  1/90     55 s
seed 1003 free_scaled stage 1 epoch  2/90     94 s
seed 1003 free_scaled stage 1 epoch  3/90    131 s
seed 1003 free_scaled stage 1 epoch  4/90    168 s
seed 1003 free_scaled stage 1 epoch  5/90    206 s
seed 1003 free_scaled stage 1 epoch  6/90    252 s
seed 1003 free_scaled stage 1 epoch  7/90    301 s
seed 1003 free_scaled stage 1 epoch  8/90    351 s
seed 1003 free_scaled stage 1 epoch  9/90    392 s
seed 1003 free_scaled stage 1 epoch 10/90    432 s
seed 1003 free_scaled stage 1 epoch 11/90    477 s
seed 1003 free_scaled stage 1 epoch 12/90    538 s
seed 1003 free_scaled stage 1 epoch 13/90    588 s
seed 1003 free_scaled stage 1 epoch 14/90    638 s
seed 1003 free_scaled stage 1 epoch 15/90    685 s
seed 1003 free_scaled stage 1 epoch 16/90    734 s
seed 1003 free_scaled stage 1 epoch 17/90    776 s
seed 1003 free_scaled stage 1 epoch 18/90    822 s
seed 1003 free_scaled stage 1 epoch 19/90    872 s
seed 1003 free_scaled stage 1 epoch 20/90    921 s
seed 1003 free_scaled stage 1 epoch 21/90    972 s
seed 1003 free_scaled stage 1 epoch 22/90   1022 s
seed 1003 free_scaled stage 1 epoch 23/90   1070 s
seed 1003 free_scaled stage 1 epoch 24/90   1115 s
seed 1003 free_scaled stage 1 epoch 25/90   1157 s
seed 1003 free_scaled stage 1 epoch 26/90   1199 s
seed 1003 free_scaled stage 1 epoch 27/90   1237 s
seed 1003 free_scaled stage 1 epoch 28/90   1278 s
seed 1003 free_scaled stage 1 epoch 29/90   1321 s
seed 1003 free_scaled stage 1 epoch 30/90   1360 s
seed 1003 free_scaled stage 1 epoch 31/90   1398 s
seed 1003 free_scaled stage 1 epoch 32/90   1438 s
seed 1003 free_scaled stage 1 epoch 33/90   1478 s
seed 1003 free_scaled stage 1 epoch 34/90   1518 s
seed 1003 free_scaled stage 1 epoch 35/90   1560 s
seed 1003 free_scaled stage 1 epoch 36/90   1600 s
seed 1003 free_scaled stage 1 epoch 37/90   1638 s
seed 1003 free_scaled stage 1 epoch 38/90   1676 s
seed 1003 free_scaled stage 1 epoch 39/90   1715 s
seed 1003 free_scaled stage 1 epoch 40/90   1755 s
seed 1003 free_scaled stage 1 epoch 41/90   1797 s
seed 1003 free_scaled stage 1 epoch 42/90   1838 s
seed 1003 free_scaled stage 1 epoch 43/90   1883 s
seed 1003 free_scaled stage 1 epoch 44/90   1935 s
seed 1003 free_scaled stage 1 epoch 45/90   1985 s
seed 1003 free_scaled stage 1 epoch 46/90   2034 s
seed 1003 free_scaled stage 1 epoch 47/90   2094 s
seed 1003 free_scaled stage 1 epoch 48/90   2153 s
seed 1003 free_scaled stage 1 epoch 49/90   2199 s
seed 1003 free_scaled stage 1 epoch 50/90   2277 s
seed 1003 free_scaled stage 1 epoch 51/90   2327 s
seed 1003 free_scaled stage 1 epoch 52/90   2391 s
seed 1003 free_scaled stage 1 epoch 53/90   2446 s
seed 1003 free_scaled stage 1 epoch 54/90   2489 s
seed 1003 free_scaled stage 1 epoch 55/90   2538 s
seed 1003 free_scaled stage 1 epoch 56/90   2588 s
seed 1003 free_scaled stage 1 epoch 57/90   2633 s
seed 1003 free_scaled stage 1 epoch 58/90   2678 s
seed 1003 free_scaled stage 1 epoch 59/90   2722 s
seed 1003 free_scaled stage 1 epoch 60/90   2762 s
seed 1003 free_scaled stage 1 epoch 61/90   2799 s
seed 1003 free_scaled stage 1 epoch 62/90   2849 s
seed 1003 free_scaled stage 1 epoch 63/90   2897 s
seed 1003 free_scaled stage 1 epoch 64/90   2946 s
seed 1003 free_scaled stage 1 epoch 65/90   2995 s
seed 1003 free_scaled stage 1 epoch 66/90   3044 s
seed 1003 free_scaled stage 1 epoch 67/90   3093 s
seed 1003 free_scaled stage 1 epoch 68/90   3140 s
seed 1003 free_scaled stage 1 epoch 69/90   3194 s
seed 1003 free_scaled stage 1 epoch 70/90   3246 s
seed 1003 free_scaled stage 1 epoch 71/90   3285 s
seed 1003 free_scaled stage 1 epoch 72/90   3334 s
seed 1003 free_scaled stage 1 epoch 73/90   3383 s
seed 1003 free_scaled stage 1 epoch 74/90   3434 s
seed 1003 free_scaled stage 1 epoch 75/90   3483 s
seed 1003 free_scaled stage 1 epoch 76/90   3534 s
seed 1003 free_scaled stage 1 epoch 77/90   3579 s
seed 1003 free_scaled stage 1 epoch 78/90   3653 s
seed 1003 free_scaled stage 1 epoch 79/90   3740 s
seed 1003 free_scaled stage 1 epoch 80/90   3783 s
seed 1003 free_scaled stage 1 epoch 81/90   3823 s
seed 1003 free_scaled stage 1 epoch 82/90   3863 s
seed 1003 free_scaled stage 1 epoch 83/90   3902 s
seed 1003 free_scaled stage 1 epoch 84/90   3942 s
seed 1003 free_scaled stage 1 epoch 85/90   3990 s
seed 1003 free_scaled stage 1 epoch 86/90   4035 s
seed 1003 free_scaled stage 1 epoch 87/90   4080 s
seed 1003 free_scaled stage 1 epoch 88/90   4124 s
seed 1003 free_scaled stage 1 epoch 89/90   4167 s
seed 1003 free_scaled stage 1 epoch 90/90   4210 s
seed 1003 free_scaled stage 2 epoch  1/90   4227 s
seed 1003 free_scaled stage 2 epoch  2/90   4243 s
seed 1003 free_scaled stage 2 epoch  3/90   4259 s
seed 1003 free_scaled stage 2 epoch  4/90   4276 s
seed 1003 free_scaled stage 2 epoch  5/90   4291 s
seed 1003 free_scaled stage 2 epoch  6/90   4309 s
seed 1003 free_scaled stage 2 epoch  7/90   4325 s
seed 1003 free_scaled stage 2 epoch  8/90   4343 s
seed 1003 free_scaled stage 2 epoch  9/90   4363 s
seed 1003 free_scaled stage 2 epoch 10/90   4387 s
seed 1003 free_scaled stage 2 epoch 11/90   4407 s
seed 1003 free_scaled stage 2 epoch 12/90   4429 s
seed 1003 free_scaled stage 2 epoch 13/90   4444 s
seed 1003 free_scaled stage 2 epoch 14/90   4459 s
seed 1003 free_scaled stage 2 epoch 15/90   4476 s
seed 1003 free_scaled stage 2 epoch 16/90   4492 s
seed 1003 free_scaled stage 2 epoch 17/90   4514 s
seed 1003 free_scaled stage 2 epoch 18/90   4533 s
seed 1003 free_scaled stage 2 epoch 19/90   4551 s
seed 1003 free_scaled stage 2 epoch 20/90   4566 s
seed 1003 free_scaled stage 2 epoch 21/90   4582 s
seed 1003 free_scaled stage 2 epoch 22/90   4600 s
seed 1003 free_scaled stage 2 epoch 23/90   4620 s
seed 1003 free_scaled stage 2 epoch 24/90   4639 s
seed 1003 free_scaled stage 2 epoch 25/90   4658 s
seed 1003 free_scaled stage 2 epoch 26/90   4678 s
seed 1003 free_scaled stage 2 epoch 27/90   4696 s
seed 1003 free_scaled stage 2 epoch 28/90   4714 s
seed 1003 free_scaled stage 2 epoch 29/90   4730 s
seed 1003 free_scaled stage 2 epoch 30/90   4745 s
seed 1003 free_scaled stage 2 epoch 31/90   4759 s
seed 1003 free_scaled stage 2 epoch 32/90   4774 s
seed 1003 free_scaled stage 2 epoch 33/90   4790 s
seed 1003 free_scaled stage 2 epoch 34/90   4808 s
seed 1003 free_scaled stage 2 epoch 35/90   4825 s
seed 1003 free_scaled stage 2 epoch 36/90   4840 s
seed 1003 free_scaled stage 2 epoch 37/90   4855 s
seed 1003 free_scaled stage 2 epoch 38/90   4871 s
seed 1003 free_scaled stage 2 epoch 39/90   4887 s
seed 1003 free_scaled stage 2 epoch 40/90   4905 s
seed 1003 free_scaled stage 2 epoch 41/90   4923 s
seed 1003 free_scaled stage 2 epoch 42/90   4939 s
seed 1003 free_scaled stage 2 epoch 43/90   4956 s
seed 1003 free_scaled stage 2 epoch 44/90   4971 s
seed 1003 free_scaled stage 2 epoch 45/90   4990 s
seed 1003 free_scaled stage 2 epoch 46/90   5009 s
seed 1003 free_scaled stage 2 epoch 47/90   5027 s
seed 1003 free_scaled stage 2 epoch 48/90   5045 s
seed 1003 free_scaled stage 2 epoch 49/90   5065 s
seed 1003 free_scaled stage 2 epoch 50/90   5089 s
seed 1003 free_scaled stage 2 epoch 51/90   5110 s
seed 1003 free_scaled stage 2 epoch 52/90   5129 s
seed 1003 free_scaled stage 2 epoch 53/90   5145 s
seed 1003 free_scaled stage 2 epoch 54/90   5160 s
seed 1003 free_scaled stage 2 epoch 55/90   5176 s
seed 1003 free_scaled stage 2 epoch 56/90   5192 s
seed 1003 free_scaled stage 2 epoch 57/90   5209 s
seed 1003 free_scaled stage 2 epoch 58/90   5229 s
seed 1003 free_scaled stage 2 epoch 59/90   5244 s
seed 1003 free_scaled stage 2 epoch 60/90   5260 s
seed 1003 free_scaled stage 2 epoch 61/90   5276 s
seed 1003 free_scaled stage 2 epoch 62/90   5292 s
seed 1003 free_scaled stage 2 epoch 63/90   5308 s
seed 1003 free_scaled stage 2 epoch 64/90   5324 s
seed 1003 free_scaled stage 2 epoch 65/90   5341 s
seed 1003 free_scaled stage 2 epoch 66/90   5362 s
seed 1003 free_scaled stage 2 epoch 67/90   5381 s
seed 1003 free_scaled stage 2 epoch 68/90   5411 s
seed 1003 free_scaled stage 2 epoch 69/90   5433 s
seed 1003 free_scaled stage 2 epoch 70/90   5452 s
seed 1003 free_scaled stage 2 epoch 71/90   5474 s
seed 1003 free_scaled stage 2 epoch 72/90   5498 s
seed 1003 free_scaled stage 2 epoch 73/90   5518 s
seed 1003 free_scaled stage 2 epoch 74/90   5537 s
seed 1003 free_scaled stage 2 epoch 75/90   5556 s
seed 1003 free_scaled stage 2 epoch 76/90   5580 s
seed 1003 free_scaled stage 2 epoch 77/90   5603 s
seed 1003 free_scaled stage 2 epoch 78/90   5625 s
seed 1003 free_scaled stage 2 epoch 79/90   5647 s
seed 1003 free_scaled stage 2 epoch 80/90   5669 s
seed 1003 free_scaled stage 2 epoch 81/90   5691 s
seed 1003 free_scaled stage 2 epoch 82/90   5709 s
seed 1003 free_scaled stage 2 epoch 83/90   5730 s
seed 1003 free_scaled stage 2 epoch 84/90   5750 s
seed 1003 free_scaled stage 2 epoch 85/90   5769 s
seed 1003 free_scaled stage 2 epoch 86/90   5789 s
seed 1003 free_scaled stage 2 epoch 87/90   5811 s
seed 1003 free_scaled stage 2 epoch 88/90   5831 s
seed 1003 free_scaled stage 2 epoch 89/90   5850 s
seed 1003 free_scaled stage 2 epoch 90/90   5872 s
seed 1003 free_scaled: 5871.9 s
seed 1003: written
