seed 123 prescribed stage 1 epoch  1/90     24 s
seed 123 prescribed stage 1 epoch  2/90     38 s
seed 123 prescribed stage 1 epoch  3/90     57 s
seed 123 prescribed stage 1 epoch  4/90     75 s
seed 123 prescribed stage 1 epoch  5/90     96 s
seed 123 prescribed stage 1 epoch  6/90    119 s
seed 123 prescribed stage 1 epoch  7/90    136 s
seed 123 prescribed stage 1 epoch  8/90    159 s
seed 123 prescribed stage 1 epoch  9/90    180 s
seed 123 prescribed stage 1 epoch 10/90    203 s
seed 123 prescribed stage 1 epoch 11/90    225 s
seed 123 prescribed stage 1 epoch 12/90    242 s
seed 123 prescribed stage 1 epoch 13/90    259 s
seed 123 prescribed stage 1 epoch 14/90    277 s
seed 123 prescribed stage 1 epoch 15/90    291 s
seed 123 prescribed stage 1 epoch 16/90    310 s
seed 123 prescribed stage 1 epoch 17/90    329 s
seed 123 prescribed stage 1 epoch 18/90    347 s
seed 123 prescribed stage 1 epoch 19/90    363 s
seed 123 prescribed stage 1 epoch 20/90    377 s
seed 123 prescribed stage 1 epoch 21/90    391 s
seed 123 prescribed stage 1 epoch 22/90    410 s
seed 123 prescribed stage 1 epoch 23/90    427 s
seed 123 prescribed stage 1 epoch 24/90    441 s
seed 123 prescribed stage 1 epoch 25/90    457 s
seed 123 prescribed stage 1 epoch 26/90    471 s
seed 123 prescribed stage 1 epoch 27/90    488 s
seed 123 prescribed stage 1 epoch 28/90    503 s
seed 123 prescribed stage 1 epoch 29/90    519 s
seed 123 prescribed stage 1 epoch 30/90    533 s
seed 123 prescribed stage 1 epoch 31/90    552 s
seed 123 prescribed stage 1 epoch 32/90    568 s
seed 123 prescribed stage 1 epoch 33/90    582 s
seed 123 prescribed stage 1 epoch 34/90    597 s
seed 123 prescribed stage 1 epoch 35/90    615 s
seed 123 prescribed stage 1 epoch 36/90    634 s
seed 123 prescribed stage 1 epoch 37/90    651 s
seed 123 prescribed stage 1 epoch 38/90    666 s
seed 123 prescribed stage 1 epoch 39/90    681 s
seed 123 prescribed stage 1 epoch 40/90    698 s
seed 123 prescribed stage 1 epoch 41/90    716 s
seed 123 prescribed stage 1 epoch 42/90    731 s
seed 123 prescribed stage 1 epoch 43/90    744 s
seed 123 prescribed stage 1 epoch 44/90    759 s
seed 123 prescribed stage 1 epoch 45/90    773 s
seed 123 prescribed stage 1 epoch 46/90    787 s
seed 123 prescribed stage 1 epoch 47/90    802 s
seed 123 prescribed stage 1 epoch 48/90    816 s
seed 123 prescribed stage 1 epoch 49/90    830 s
seed 123 prescribed stage 1 epoch 50/90    844 s
seed 123 prescribed stage 1 epoch 51/90    858 s
seed 123 prescribed stage 1 epoch 52/90    873 s
seed 123 prescribed stage 1 epoch 53/90    887 s
seed 123 prescribed stage 1 epoch 54/90    901 s
seed 123 prescribed stage 1 epoch 55/90    919 s
seed 123 prescribed stage 1 epoch 56/90    935 s
seed 123 prescribed stage 1 epoch 57/90    951 s
seed 123 prescribed stage 1 epoch 58/90    967 s
seed 123 prescribed stage 1 epoch 59/90    982 s
seed 123 prescribed stage 1 epoch 60/90    996 s
seed 123 prescribed stage 1 epoch 61/90   1013 s
seed 123 prescribed stage 1 epoch 62/90   1029 s
seed 123 prescribed stage 1 epoch 63/90   1045 s
seed 123 prescribed stage 1 epoch 64/90   1065 s
seed 123 prescribed stage 1 epoch 65/90   1083 s
seed 123 prescribed stage 1 epoch 66/90   1097 s
seed 123 prescribed stage 1 epoch 67/90   1115 s
seed 123 prescribed stage 1 epoch 68/90   1132 s
seed 123 prescribed stage 1 epoch 69/90   1147 s
seed 123 prescribed stage 1 epoch 70/90   1165 s
seed 123 prescribed stage 1 epoch 71/90   1186 s
seed 123 prescribed stage 1 epoch 72/90   1201 s
seed 123 prescribed stage 1 epoch 73/90   1215 s
seed 123 prescribed stage 1 epoch 74/90   1233 s
seed 123 prescribed stage 1 epoch 75/90   1253 s
seed 123 prescribed stage 1 epoch 76/90   1270 s
seed 123 prescribed stage 1 epoch 77/90   1292 s
seed 123 prescribed stage 1 epoch 78/90   1308 s
seed 123 prescribed stage 1 epoch 79/90   1324 s
seed 123 prescribed stage 1 epoch 80/90   1339 s
seed 123 prescribed stage 1 epoch 81/90   1352 s
seed 123 prescribed stage 1 epoch 82/90   1366 s
seed 123 prescribed stage 1 epoch 83/90   1384 s
seed 123 prescribed stage 1 epoch 84/90   1398 s
seed 123 prescribed stage 1 epoch 85/90   1413 s
seed 123 prescribed stage 1 epoch 86/90   1431 s
seed 123 prescribed stage 1 epoch 87/90   1450 s
seed 123 prescribed stage 1 epoch 88/90   1467 s
seed 123 prescribed stage 1 epoch 89/90   1486 s
seed 123 prescribed stage 1 epoch 90/90   1508 s
seed 123 prescribed stage 2 epoch  1/90   1525 s
seed 123 prescribed stage 2 epoch  2/90   1547 s
seed 123 prescribed stage 2 epoch  3/90   1565 s
seed 123 prescribed stage 2 epoch  4/90   1579 s
seed 123 prescribed stage 2 epoch  5/90   1595 s
seed 123 prescribed stage 2 epoch  6/90   1613 s
seed 123 prescribed stage 2 epoch  7/90   1630 s
seed 123 prescribed stage 2 epoch  8/90   1648 s
seed 123 prescribed stage 2 epoch  9/90   1668 s
seed 123 prescribed stage 2 epoch 10/90   1689 s
seed 123 prescribed stage 2 epoch 11/90   1708 s
seed 123 prescribed stage 2 epoch 12/90   1723 s
seed 123 prescribed stage 2 epoch 13/90   1737 s
seed 123 prescribed stage 2 epoch 14/90   1752 s
seed 123 prescribed stage 2 epoch 15/90   1766 s
seed 123 prescribed stage 2 epoch 16/90   1782 s
seed 123 prescribed stage 2 epoch 17/90   1797 s
seed 123 prescribed stage 2 epoch 18/90   1811 s
seed 123 prescribed stage 2 epoch 19/90   1829 s
seed 123 prescribed stage 2 epoch 20/90   1848 s
seed 123 prescribed stage 2 epoch 21/90   1866 s
seed 123 prescribed stage 2 epoch 22/90   1884 s
seed 123 prescribed stage 2 epoch 23/90   1903 s
seed 123 prescribed stage 2 epoch 24/90   1919 s
seed 123 prescribed stage 2 epoch 25/90   1935 s
seed 123 prescribed stage 2 epoch 26/90   1954 s
seed 123 prescribed stage 2 epoch 27/90   1981 s
seed 123 prescribed stage 2 epoch 28/90   2000 s
seed 123 prescribed stage 2 epoch 29/90   2021 s
seed 123 prescribed stage 2 epoch 30/90   2035 s
seed 123 prescribed stage 2 epoch 31/90   2050 s
seed 123 prescribed stage 2 epoch 32/90   2064 s
seed 123 prescribed stage 2 epoch 33/90   2080 s
seed 123 prescribed stage 2 epoch 34/90   2098 s
seed 123 prescribed stage 2 epoch 35/90   2116 s
seed 123 prescribed stage 2 epoch 36/90   2130 s
seed 123 prescribed stage 2 epoch 37/90   2145 s
seed 123 prescribed stage 2 epoch 38/90   2160 s
seed 123 prescribed stage 2 epoch 39/90   2176 s
seed 123 prescribed stage 2 epoch 40/90   2195 s
seed 123 prescribed stage 2 epoch 41/90   2213 s
seed 123 prescribed stage 2 epoch 42/90   2228 s
seed 123 prescribed stage 2 epoch 43/90   2242 s
seed 123 prescribed stage 2 epoch 44/90   2256 s
seed 123 prescribed stage 2 epoch 45/90   2273 s
seed 123 prescribed stage 2 epoch 46/90   2289 s
seed 123 prescribed stage 2 epoch 47/90   2305 s
seed 123 prescribed stage 2 epoch 48/90   2320 s
seed 123 prescribed stage 2 epoch 49/90   2334 s
seed 123 prescribed stage 2 epoch 50/90   2350 s
seed 123 prescribed stage 2 epoch 51/90   2366 s
seed 123 prescribed stage 2 epoch 52/90   2382 s
seed 123 prescribed stage 2 epoch 53/90   2396 s
seed 123 prescribed stage 2 epoch 54/90   2412 s
seed 123 prescribed stage 2 epoch 55/90   2427 s
seed 123 prescribed stage 2 epoch 56/90   2444 s
seed 123 prescribed stage 2 epoch 57/90   2460 s
seed 123 prescribed stage 2 epoch 58/90   2474 s
seed 123 prescribed stage 2 epoch 59/90   2488 s
seed 123 prescribed stage 2 epoch 60/90   2504 s
seed 123 prescribed stage 2 epoch 61/90   2523 s
seed 123 prescribed stage 2 epoch 62/90   2541 s
seed 123 prescribed stage 2 epoch 63/90   2558 s
seed 123 prescribed stage 2 epoch 64/90   2573 s
seed 123 prescribed stage 2 epoch 65/90   2590 s
seed 123 prescribed stage 2 epoch 66/90   2606 s
seed 123 prescribed stage 2 epoch 67/90   2628 s
seed 123 prescribed stage 2 epoch 68/90   2653 s
seed 123 prescribed stage 2 epoch 69/90   2678 s
seed 123 prescribed stage 2 epoch 70/90   2710 s
seed 123 prescribed stage 2 epoch 71/90   2734 s
seed 123 prescribed stage 2 epoch 72/90   2751 s
seed 123 prescribed stage 2 epoch 73/90   2769 s
seed 123 prescribed stage 2 epoch 74/90   2790 s
seed 123 prescribed stage 2 epoch 75/90   2806 s
seed 123 prescribed stage 2 epoch 76/90   2823 s
seed 123 prescribed stage 2 epoch 77/90   2840 s
seed 123 prescribed stage 2 epoch 78/90   2856 s
seed 123 prescribed stage 2 epoch 79/90   2871 s
seed 123 prescribed stage 2 epoch 80/90   2892 s
seed 123 prescribed stage 2 epoch 81/90   2912 s
seed 123 prescribed stage 2 epoch 82/90   2929 s
seed 123 prescribed stage 2 epoch 83/90   2953 s
seed 123 prescribed stage 2 epoch 84/90   2971 s
seed 123 prescribed stage 2 epoch 85/90   2987 s
seed 123 prescribed stage 2 epoch 86/90   3003 s
seed 123 prescribed stage 2 epoch 87/90   3018 s
seed 123 prescribed stage 2 epoch 88/90   3032 s
seed 123 prescribed stage 2 epoch 89/90   3048 s
seed 123 prescribed stage 2 epoch 90/90   3067 s
seed 123 prescribed: 3067.5 s
seed 123 free_scaled stage 1 epoch  1/90     58 s
seed 123 free_scaled stage 1 epoch  2/90    106 s
seed 123 free_scaled stage 1 epoch  3/90    151 s
seed 123 free_scaled stage 1 epoch  4/90    194 s
seed 123 free_scaled stage 1 epoch  5/90    247 s
seed 123 free_scaled stage 1 epoch  6/90    295 s
seed 123 free_scaled stage 1 epoch  7/90    336 s
seed 123 free_scaled stage 1 epoch  8/90    384 s
seed 123 free_scaled stage 1 epoch  9/90    428 s
seed 123 free_scaled stage 1 epoch 10/90    473 s
seed 123 free_scaled stage 1 epoch 11/90    512 s
seed 123 free_scaled stage 1 epoch 12/90    565 s
seed 123 free_scaled stage 1 epoch 13/90    607 s
seed 123 free_scaled stage 1 epoch 14/90    648 s
seed 123 free_scaled stage 1 epoch 15/90    691 s
seed 123 free_scaled stage 1 epoch 16/90    744 s
seed 123 free_scaled stage 1 epoch 17/90    785 s
seed 123 free_scaled stage 1 epoch 18/90    832 s
seed 123 free_scaled stage 1 epoch 19/90    876 s
seed 123 free_scaled stage 1 epoch 20/90    915 s
seed 123 free_scaled stage 1 epoch 21/90    960 s
seed 123 free_scaled stage 1 epoch 22/90   1026 s
seed 123 free_scaled stage 1 epoch 23/90   1075 s
seed 123 free_scaled stage 1 epoch 24/90   1136 s
seed 123 free_scaled stage 1 epoch 25/90   1206 s
seed 123 free_scaled stage 1 epoch 26/90   1329 s
seed 123 free_scaled stage 1 epoch 27/90   1401 s
seed 123 free_scaled stage 1 epoch 28/90   1453 s
seed 123 free_scaled stage 1 epoch 29/90   1507 s
seed 123 free_scaled stage 1 epoch 30/90   1557 s
seed 123 free_scaled stage 1 epoch 31/90   1604 s
seed 123 free_scaled stage 1 epoch 32/90   1646 s
seed 123 free_scaled stage 1 epoch 33/90   1692 s
seed 123 free_scaled stage 1 epoch 34/90   1738 s
seed 123 free_scaled stage 1 epoch 35/90   1788 s
seed 123 free_scaled stage 1 epoch 36/90   1834 s
seed 123 free_scaled stage 1 epoch 37/90   1878 s
seed 123 free_scaled stage 1 epoch 38/90   1955 s
seed 123 free_scaled stage 1 epoch 39/90   2022 s
seed 123 free_scaled stage 1 epoch 40/90   2066 s
seed 123 free_scaled stage 1 epoch 41/90   2119 s
seed 123 free_scaled stage 1 epoch 42/90   2169 s
seed 123 free_scaled stage 1 epoch 43/90   2217 s
seed 123 free_scaled stage 1 epoch 44/90   2271 s
seed 123 free_scaled stage 1 epoch 45/90   2317 s
seed 123 free_scaled stage 1 epoch 46/90   2368 s
seed 123 free_scaled stage 1 epoch 47/90   2419 s
seed 123 free_scaled stage 1 epoch 48/90   2460 s
seed 123 free_scaled stage 1 epoch 49/90   2511 s
seed 123 free_scaled stage 1 epoch 50/90   2560 s
seed 123 free_scaled stage 1 epoch 51/90   2611 s
seed 123 free_scaled stage 1 epoch 52/90   2676 s
seed 123 free_scaled stage 1 epoch 53/90   2728 s
seed 123 free_scaled stage 1 epoch 54/90   2789 s
seed 123 free_scaled stage 1 epoch 55/90   2836 s
seed 123 free_scaled stage 1 epoch 56/90   2882 s
seed 123 free_scaled stage 1 epoch 57/90   2923 s
seed 123 free_scaled stage 1 epoch 58/90   2966 s
seed 123 free_scaled stage 1 epoch 59/90   3012 s
seed 123 free_scaled stage 1 epoch 60/90   3061 s
seed 123 free_scaled stage 1 epoch 61/90   3104 s
seed 123 free_scaled stage 1 epoch 62/90   3150 s
seed 123 free_scaled stage 1 epoch 63/90   3199 s
seed 123 free_scaled stage 1 epoch 64/90   3248 s
seed 123 free_scaled stage 1 epoch 65/90   3292 s
seed 123 free_scaled stage 1 epoch 66/90   3338 s
seed 123 free_scaled stage 1 epoch 67/90   3382 s
seed 123 free_scaled stage 1 epoch 68/90   3427 s
seed 123 free_scaled stage 1 epoch 69/90   3471 s
seed 123 free_scaled stage 1 epoch 70/90   3522 s
seed 123 free_scaled stage 1 epoch 71/90   3570 s
seed 123 free_scaled stage 1 epoch 72/90   3647 s
seed 123 free_scaled stage 1 epoch 73/90   3690 s
seed 123 free_scaled stage 1 epoch 74/90   3731 s
seed 123 free_scaled stage 1 epoch 75/90   3774 s
seed 123 free_scaled stage 1 epoch 76/90   3817 s
seed 123 free_scaled stage 1 epoch 77/90   3863 s
seed 123 free_scaled stage 1 epoch 78/90   3907 s
seed 123 free_scaled stage 1 epoch 79/90   3953 s
seed 123 free_scaled stage 1 epoch 80/90   3995 s
seed 123 free_scaled stage 1 epoch 81/90   4054 s
seed 123 free_scaled stage 1 epoch 82/90   4111 s
seed 123 free_scaled stage 1 epoch 83/90   4157 s
seed 123 free_scaled stage 1 epoch 84/90   4205 s
seed 123 free_scaled stage 1 epoch 85/90   4253 s
seed 123 free_scaled stage 1 epoch 86/90   4308 s
seed 123 free_scaled stage 1 epoch 87/90   4373 s
seed 123 free_scaled stage 1 epoch 88/90   4419 s
seed 123 free_scaled stage 1 epoch 89/90   4489 s
seed 123 free_scaled stage 1 epoch 90/90   4543 s
seed 123 free_scaled stage 2 epoch  1/90   4566 s
seed 123 free_scaled stage 2 epoch  2/90   4584 s
seed 123 free_scaled stage 2 epoch  3/90   4602 s
seed 123 free_scaled stage 2 epoch  4/90   4621 s
seed 123 free_scaled stage 2 epoch  5/90   4637 s
seed 123 free_scaled stage 2 epoch  6/90   4658 s
seed 123 free_scaled stage 2 epoch  7/90   4677 s
seed 123 free_scaled stage 2 epoch  8/90   4693 s
seed 123 free_scaled stage 2 epoch  9/90   4709 s
seed 123 free_scaled stage 2 epoch 10/90   4726 s
seed 123 free_scaled stage 2 epoch 11/90   4741 s
seed 123 free_scaled stage 2 epoch 12/90   4756 s
seed 123 free_scaled stage 2 epoch 13/90   4773 s
seed 123 free_scaled stage 2 epoch 14/90   4788 s
seed 123 free_scaled stage 2 epoch 15/90   4803 s
seed 123 free_scaled stage 2 epoch 16/90   4818 s
seed 123 free_scaled stage 2 epoch 17/90   4837 s
seed 123 free_scaled stage 2 epoch 18/90   4856 s
seed 123 free_scaled stage 2 epoch 19/90   4871 s
seed 123 free_scaled stage 2 epoch 20/90   4891 s
seed 123 free_scaled stage 2 epoch 21/90   4910 s
seed 123 free_scaled stage 2 epoch 22/90   4930 s
seed 123 free_scaled stage 2 epoch 23/90   4950 s
seed 123 free_scaled stage 2 epoch 24/90   4967 s
seed 123 free_scaled stage 2 epoch 25/90   4985 s
seed 123 free_scaled stage 2 epoch 26/90   5003 s
seed 123 free_scaled stage 2 epoch 27/90   5018 s
seed 123 free_scaled stage 2 epoch 28/90   5032 s
seed 123 free_scaled stage 2 epoch 29/90   5046 s
seed 123 free_scaled stage 2 epoch 30/90   5064 s
seed 123 free_scaled stage 2 epoch 31/90   5083 s
seed 123 free_scaled stage 2 epoch 32/90   5101 s
seed 123 free_scaled stage 2 epoch 33/90   5119 s
seed 123 free_scaled stage 2 epoch 34/90   5137 s
seed 123 free_scaled stage 2 epoch 35/90   5155 s
seed 123 free_scaled stage 2 epoch 36/90   5181 s
seed 123 free_scaled stage 2 epoch 37/90   5204 s
seed 123 free_scaled stage 2 epoch 38/90   5225 s
seed 123 free_scaled stage 2 epoch 39/90   5250 s
seed 123 free_scaled stage 2 epoch 40/90   5272 s
seed 123 free_scaled stage 2 epoch 41/90   5314 s
seed 123 free_scaled stage 2 epoch 42/90   5341 s
seed 123 free_scaled stage 2 epoch 43/90   5363 s
seed 123 free_scaled stage 2 epoch 44/90   5396 s
seed 123 free_scaled stage 2 epoch 45/90   5422 s
seed 123 free_scaled stage 2 epoch 46/90   5444 s
seed 123 free_scaled stage 2 epoch 47/90   5480 s
seed 123 free_scaled stage 2 epoch 48/90   5502 s
seed 123 free_scaled stage 2 epoch 49/90   5541 s
seed 123 free_scaled stage 2 epoch 50/90   5564 s
seed 123 free_scaled stage 2 epoch 51/90   5590 s
seed 123 free_scaled stage 2 epoch 52/90   5614 s
seed 123 free_scaled stage 2 epoch 53/90   5640 s
seed 123 free_scaled stage 2 epoch 54/90   5664 s
seed 123 free_scaled stage 2 epoch 55/90   5684 s
seed 123 free_scaled stage 2 epoch 56/90   5705 s
seed 123 free_scaled stage 2 epoch 57/90   5726 s
seed 123 free_scaled stage 2 epoch 58/90   5754 s
seed 123 free_scaled stage 2 epoch 59/90   5781 s
seed 123 free_scaled stage 2 epoch 60/90   5810 s
seed 123 free_scaled stage 2 epoch 61/90   5841 s
seed 123 free_scaled stage 2 epoch 62/90   5866 s
seed 123 free_scaled stage 2 epoch 63/90   5893 s
seed 123 free_scaled stage 2 epoch 64/90   5914 s
seed 123 free_scaled stage 2 epoch 65/90   5932 s
seed 123 free_scaled stage 2 epoch 66/90   5952 s
seed 123 free_scaled stage 2 epoch 67/90   5972 s
seed 123 free_scaled stage 2 epoch 68/90   5991 s
seed 123 free_scaled stage 2 epoch 69/90   6012 s
seed 123 free_scaled stage 2 epoch 70/90   6031 s
seed 123 free_scaled stage 2 epoch 71/90   6050 s
seed 123 free_scaled stage 2 epoch 72/90   6075 s
seed 123 free_scaled stage 2 epoch 73/90   6096 s
seed 123 free_scaled stage 2 epoch 74/90   6124 s
seed 123 free_scaled stage 2 epoch 75/90   6153 s
seed 123 free_scaled stage 2 epoch 76/90   6173 s
seed 123 free_scaled stage 2 epoch 77/90   6194 s
seed 123 free_scaled stage 2 epoch 78/90   6217 s
seed 123 free_scaled stage 2 epoch 79/90   6237 s
seed 123 free_scaled stage 2 epoch 80/90   6256 s
seed 123 free_scaled stage 2 epoch 81/90   6276 s
seed 123 free_scaled stage 2 epoch 82/90   6294 s
seed 123 free_scaled stage 2 epoch 83/90   6318 s
seed 123 free_scaled stage 2 epoch 84/90   6339 s
seed 123 free_scaled stage 2 epoch 85/90   6359 s
seed 123 free_scaled stage 2 epoch 86/90   6380 s
seed 123 free_scaled stage 2 epoch 87/90   6402 s
seed 123 free_scaled stage 2 epoch 88/90   6422 s
seed 123 free_scaled stage 2 epoch 89/90   6443 s
seed 123 free_scaled stage 2 epoch 90/90   6465 s
seed 123 free_scaled: 6464.9 s
seed 123: written
seed 1002 prescribed stage 1 epoch  1/90     30 s
seed 1002 prescribed stage 1 epoch  2/90     52 s
seed 1002 prescribed stage 1 epoch  3/90     75 s
seed 1002 prescribed stage 1 epoch  4/90     97 s
seed 1002 prescribed stage 1 epoch  5/90    116 s
seed 1002 prescribed stage 1 epoch  6/90    135 s
seed 1002 prescribed stage 1 epoch  7/90    154 s
seed 1002 prescribed stage 1 epoch  8/90    173 s
seed 1002 prescribed stage 1 epoch  9/90    192 s
seed 1002 prescribed stage 1 epoch 10/90    210 s
seed 1002 prescribed stage 1 epoch 11/90    230 s
seed 1002 prescribed stage 1 epoch 12/90    249 s
seed 1002 prescribed stage 1 epoch 13/90    268 s
seed 1002 prescribed stage 1 epoch 14/90    287 s
seed 1002 prescribed stage 1 epoch 15/90    307 s
seed 1002 prescribed stage 1 epoch 16/90    327 s
seed 1002 prescribed stage 1 epoch 17/90    347 s
seed 1002 prescribed stage 1 epoch 18/90    370 s
seed 1002 prescribed stage 1 epoch 19/90    389 s
seed 1002 prescribed stage 1 epoch 20/90    414 s
seed 1002 prescribed stage 1 epoch 21/90    450 s
seed 1002 prescribed stage 1 epoch 22/90    484 s
seed 1002 prescribed stage 1 epoch 23/90    527 s
seed 1002 prescribed stage 1 epoch 24/90    575 s
seed 1002 prescribed stage 1 epoch 25/90    617 s
seed 1002 prescribed stage 1 epoch 26/90    653 s
seed 1002 prescribed stage 1 epoch 27/90    871 s
seed 1002 prescribed stage 1 epoch 28/90    914 s
seed 1002 prescribed stage 1 epoch 29/90    950 s
seed 1002 prescribed stage 1 epoch 30/90    977 s
seed 1002 prescribed stage 1 epoch 31/90   1008 s
seed 1002 prescribed stage 1 epoch 32/90   1047 s
seed 1002 prescribed stage 1 epoch 33/90   1083 s
seed 1002 prescribed stage 1 epoch 34/90   1110 s
seed 1002 prescribed stage 1 epoch 35/90   1129 s
seed 1002 prescribed stage 1 epoch 36/90   1155 s
seed 1002 prescribed stage 1 epoch 37/90   1197 s
seed 1002 prescribed stage 1 epoch 38/90   1255 s
seed 1002 prescribed stage 1 epoch 39/90   1283 s
seed 1002 prescribed stage 1 epoch 40/90   1306 s
seed 1002 prescribed stage 1 epoch 41/90   1333 s
seed 1002 prescribed stage 1 epoch 42/90   1362 s
seed 1002 prescribed stage 1 epoch 43/90   1385 s
seed 1002 prescribed stage 1 epoch 44/90   1408 s
seed 1002 prescribed stage 1 epoch 45/90   1429 s
seed 1002 prescribed stage 1 epoch 46/90   1448 s
seed 1002 prescribed stage 1 epoch 47/90   1466 s
seed 1002 prescribed stage 1 epoch 48/90   1488 s
seed 1002 prescribed stage 1 epoch 49/90   1511 s
seed 1002 prescribed stage 1 epoch 50/90   1532 s
seed 1002 prescribed stage 1 epoch 51/90   1551 s
seed 1002 prescribed stage 1 epoch 52/90   1572 s
seed 1002 prescribed stage 1 epoch 53/90   1592 s
seed 1002 prescribed stage 1 epoch 54/90   1619 s
seed 1002 prescribed stage 1 epoch 55/90   1643 s
seed 1002 prescribed stage 1 epoch 56/90   1662 s
seed 1002 prescribed stage 1 epoch 57/90   1681 s
seed 1002 prescribed stage 1 epoch 58/90   1703 s
seed 1002 prescribed stage 1 epoch 59/90   1722 s
seed 1002 prescribed stage 1 epoch 60/90   1740 s
seed 1002 prescribed stage 1 epoch 61/90   1759 s
seed 1002 prescribed stage 1 epoch 62/90   1780 s
seed 1002 prescribed stage 1 epoch 63/90   1800 s
seed 1002 prescribed stage 1 epoch 64/90   1824 s
seed 1002 prescribed stage 1 epoch 65/90   1846 s
seed 1002 prescribed stage 1 epoch 66/90   1869 s
seed 1002 prescribed stage 1 epoch 67/90   1891 s
seed 1002 prescribed stage 1 epoch 68/90   1910 s
seed 1002 prescribed stage 1 epoch 69/90   1930 s
seed 1002 prescribed stage 1 epoch 70/90   1948 s
seed 1002 prescribed stage 1 epoch 71/90   1973 s
seed 1002 prescribed stage 1 epoch 72/90   2000 s
seed 1002 prescribed stage 1 epoch 73/90   2018 s
seed 1002 prescribed stage 1 epoch 74/90   2035 s
seed 1002 prescribed stage 1 epoch 75/90   2055 s
seed 1002 prescribed stage 1 epoch 76/90   2073 s
seed 1002 prescribed stage 1 epoch 77/90   2094 s
seed 1002 prescribed stage 1 epoch 78/90   2116 s
seed 1002 prescribed stage 1 epoch 79/90   2135 s
seed 1002 prescribed stage 1 epoch 80/90   2160 s
seed 1002 prescribed stage 1 epoch 81/90   2182 s
seed 1002 prescribed stage 1 epoch 82/90   2199 s
seed 1002 prescribed stage 1 epoch 83/90   2224 s
seed 1002 prescribed stage 1 epoch 84/90   2248 s
seed 1002 prescribed stage 1 epoch 85/90   2269 s
seed 1002 prescribed stage 1 epoch 86/90   2289 s
seed 1002 prescribed stage 1 epoch 87/90   2306 s
seed 1002 prescribed stage 1 epoch 88/90   2323 s
seed 1002 prescribed stage 1 epoch 89/90   2340 s
seed 1002 prescribed stage 1 epoch 90/90   2356 s
seed 1002 prescribed stage 2 epoch  1/90   2376 s
seed 1002 prescribed stage 2 epoch  2/90   2393 s
seed 1002 prescribed stage 2 epoch  3/90   2410 s
seed 1002 prescribed stage 2 epoch  4/90   2429 s
seed 1002 prescribed stage 2 epoch  5/90   2449 s
seed 1002 prescribed stage 2 epoch  6/90   2468 s
seed 1002 prescribed stage 2 epoch  7/90   2485 s
seed 1002 prescribed stage 2 epoch  8/90   2506 s
seed 1002 prescribed stage 2 epoch  9/90   2524 s
seed 1002 prescribed stage 2 epoch 10/90   2544 s
seed 1002 prescribed stage 2 epoch 11/90   2562 s
seed 1002 prescribed stage 2 epoch 12/90   2579 s
seed 1002 prescribed stage 2 epoch 13/90   2597 s
seed 1002 prescribed stage 2 epoch 14/90   2614 s
seed 1002 prescribed stage 2 epoch 15/90   2633 s
seed 1002 prescribed stage 2 epoch 16/90   2651 s
seed 1002 prescribed stage 2 epoch 17/90   2668 s
seed 1002 prescribed stage 2 epoch 18/90   2691 s
seed 1002 prescribed stage 2 epoch 19/90   2710 s
seed 1002 prescribed stage 2 epoch 20/90   2730 s
seed 1002 prescribed stage 2 epoch 21/90   2750 s
seed 1002 prescribed stage 2 epoch 22/90   2766 s
seed 1002 prescribed stage 2 epoch 23/90   2784 s
seed 1002 prescribed stage 2 epoch 24/90   2800 s
seed 1002 prescribed stage 2 epoch 25/90   2817 s
seed 1002 prescribed stage 2 epoch 26/90   2839 s
seed 1002 prescribed stage 2 epoch 27/90   2863 s
seed 1002 prescribed stage 2 epoch 28/90   2884 s
seed 1002 prescribed stage 2 epoch 29/90   2906 s
seed 1002 prescribed stage 2 epoch 30/90   2923 s
seed 1002 prescribed stage 2 epoch 31/90   2942 s
seed 1002 prescribed stage 2 epoch 32/90   2964 s
seed 1002 prescribed stage 2 epoch 33/90   2986 s
seed 1002 prescribed stage 2 epoch 34/90   3007 s
seed 1002 prescribed stage 2 epoch 35/90   3024 s
seed 1002 prescribed stage 2 epoch 36/90   3041 s
seed 1002 prescribed stage 2 epoch 37/90   3060 s
seed 1002 prescribed stage 2 epoch 38/90   3078 s
seed 1002 prescribed stage 2 epoch 39/90   3095 s
seed 1002 prescribed stage 2 epoch 40/90   3114 s
seed 1002 prescribed stage 2 epoch 41/90   3133 s
seed 1002 prescribed stage 2 epoch 42/90   3153 s
seed 1002 prescribed stage 2 epoch 43/90   3176 s
seed 1002 prescribed stage 2 epoch 44/90   3198 s
seed 1002 prescribed stage 2 epoch 45/90   3223 s
seed 1002 prescribed stage 2 epoch 46/90   3243 s
seed 1002 prescribed stage 2 epoch 47/90   3264 s
seed 1002 prescribed stage 2 epoch 48/90   3285 s
seed 1002 prescribed stage 2 epoch 49/90   3305 s
seed 1002 prescribed stage 2 epoch 50/90   3325 s
seed 1002 prescribed stage 2 epoch 51/90   3343 s
seed 1002 prescribed stage 2 epoch 52/90   3362 s
seed 1002 prescribed stage 2 epoch 53/90   3379 s
seed 1002 prescribed stage 2 epoch 54/90   3393 s
seed 1002 prescribed stage 2 epoch 55/90   3407 s
seed 1002 prescribed stage 2 epoch 56/90   3421 s
seed 1002 prescribed stage 2 epoch 57/90   3435 s
seed 1002 prescribed stage 2 epoch 58/90   3449 s
seed 1002 prescribed stage 2 epoch 59/90   3472 s
seed 1002 prescribed stage 2 epoch 60/90   3491 s
seed 1002 prescribed stage 2 epoch 61/90   3511 s
seed 1002 prescribed stage 2 epoch 62/90   3531 s
seed 1002 prescribed stage 2 epoch 63/90   3550 s
seed 1002 prescribed stage 2 epoch 64/90   3571 s
seed 1002 prescribed stage 2 epoch 65/90   3589 s
seed 1002 prescribed stage 2 epoch 66/90   3606 s
seed 1002 prescribed stage 2 epoch 67/90   3620 s
seed 1002 prescribed stage 2 epoch 68/90   3634 s
seed 1002 prescribed stage 2 epoch 69/90   3647 s
seed 1002 prescribed stage 2 epoch 70/90   3661 s
seed 1002 prescribed stage 2 epoch 71/90   3675 s
seed 1002 prescribed stage 2 epoch 72/90   3689 s
seed 1002 prescribed stage 2 epoch 73/90   3702 s
seed 1002 prescribed stage 2 epoch 74/90   3716 s
seed 1002 prescribed stage 2 epoch 75/90   3730 s
seed 1002 prescribed stage 2 epoch 76/90   3743 s
seed 1002 prescribed stage 2 epoch 77/90   3758 s
seed 1002 prescribed stage 2 epoch 78/90   3774 s
seed 1002 prescribed stage 2 epoch 79/90   3788 s
seed 1002 prescribed stage 2 epoch 80/90   3802 s
seed 1002 prescribed stage 2 epoch 81/90   3817 s
seed 1002 prescribed stage 2 epoch 82/90   3830 s
seed 1002 prescribed stage 2 epoch 83/90   3845 s
seed 1002 prescribed stage 2 epoch 84/90   3859 s
seed 1002 prescribed stage 2 epoch 85/90   3875 s
seed 1002 prescribed stage 2 epoch 86/90   3891 s
seed 1002 prescribed stage 2 epoch 87/90   3906 s
seed 1002 prescribed stage 2 epoch 88/90   3923 s
seed 1002 prescribed stage 2 epoch 89/90   3940 s
seed 1002 prescribed stage 2 epoch 90/90   3961 s
seed 1002 prescribed: 3966.9 s
seed 1002 free_scaled stage 1 epoch  1/90     57 s
seed 1002 free_scaled stage 1 epoch  2/90     96 s
seed 1002 free_scaled stage 1 epoch  3/90    133 s
seed 1002 free_scaled stage 1 epoch  4/90    171 s
seed 1002 free_scaled stage 1 epoch  5/90    208 s
seed 1002 free_scaled stage 1 epoch  6/90    255 s
seed 1002 free_scaled stage 1 epoch  7/90    306 s
seed 1002 free_scaled stage 1 epoch  8/90    356 s
seed 1002 free_scaled stage 1 epoch  9/90    397 s
seed 1002 free_scaled stage 1 epoch 10/90    437 s
seed 1002 free_scaled stage 1 epoch 11/90    483 s
seed 1002 free_scaled stage 1 epoch 12/90    544 s
seed 1002 free_scaled stage 1 epoch 13/90    594 s
seed 1002 free_scaled stage 1 epoch 14/90    646 s
seed 1002 free_scaled stage 1 epoch 15/90    692 s
seed 1002 free_scaled stage 1 epoch 16/90    743 s
seed 1002 free_scaled stage 1 epoch 17/90    785 s
seed 1002 free_scaled stage 1 epoch 18/90    831 s
seed 1002 free_scaled stage 1 epoch 19/90    882 s
seed 1002 free_scaled stage 1 epoch 20/90    932 s
seed 1002 free_scaled stage 1 epoch 21/90    984 s
seed 1002 free_scaled stage 1 epoch 22/90   1035 s
seed 1002 free_scaled stage 1 epoch 23/90   1082 s
seed 1002 free_scaled stage 1 epoch 24/90   1126 s
seed 1002 free_scaled stage 1 epoch 25/90   1167 s
seed 1002 free_scaled stage 1 epoch 26/90   1210 s
seed 1002 free_scaled stage 1 epoch 27/90   1249 s
seed 1002 free_scaled stage 1 epoch 28/90   1291 s
seed 1002 free_scaled stage 1 epoch 29/90   1333 s
seed 1002 free_scaled stage 1 epoch 30/90   1371 s
seed 1002 free_scaled stage 1 epoch 31/90   1410 s
seed 1002 free_scaled stage 1 epoch 32/90   1451 s
seed 1002 free_scaled stage 1 epoch 33/90   1492 s
seed 1002 free_scaled stage 1 epoch 34/90   1532 s
seed 1002 free_scaled stage 1 epoch 35/90   1573 s
seed 1002 free_scaled stage 1 epoch 36/90   1613 s
seed 1002 free_scaled stage 1 epoch 37/90   1652 s
seed 1002 free_scaled stage 1 epoch 38/90   1690 s
seed 1002 free_scaled stage 1 epoch 39/90   1730 s
seed 1002 free_scaled stage 1 epoch 40/90   1772 s
seed 1002 free_scaled stage 1 epoch 41/90   1813 s
seed 1002 free_scaled stage 1 epoch 42/90   1858 s
seed 1002 free_scaled stage 1 epoch 43/90   1902 s
seed 1002 free_scaled stage 1 epoch 44/90   1958 s
seed 1002 free_scaled stage 1 epoch 45/90   2007 s
seed 1002 free_scaled stage 1 epoch 46/90   2056 s
seed 1002 free_scaled stage 1 epoch 47/90   2116 s
seed 1002 free_scaled stage 1 epoch 48/90   2172 s
seed 1002 free_scaled stage 1 epoch 49/90   2230 s
seed 1002 free_scaled stage 1 epoch 50/90   2299 s
seed 1002 free_scaled stage 1 epoch 51/90   2358 s
seed 1002 free_scaled stage 1 epoch 52/90   2415 s
seed 1002 free_scaled stage 1 epoch 53/90   2466 s
seed 1002 free_scaled stage 1 epoch 54/90   2514 s
seed 1002 free_scaled stage 1 epoch 55/90   2560 s
seed 1002 free_scaled stage 1 epoch 56/90   2612 s
seed 1002 free_scaled stage 1 epoch 57/90   2656 s
seed 1002 free_scaled stage 1 epoch 58/90   2704 s
seed 1002 free_scaled stage 1 epoch 59/90   2744 s
seed 1002 free_scaled stage 1 epoch 60/90   2783 s
seed 1002 free_scaled stage 1 epoch 61/90   2822 s
seed 1002 free_scaled stage 1 epoch 62/90   2879 s
seed 1002 free_scaled stage 1 epoch 63/90   2924 s
seed 1002 free_scaled stage 1 epoch 64/90   2979 s
seed 1002 free_scaled stage 1 epoch 65/90   3024 s
seed 1002 free_scaled stage 1 epoch 66/90   3076 s
seed 1002 free_scaled stage 1 epoch 67/90   3122 s
seed 1002 free_scaled stage 1 epoch 68/90   3175 s
seed 1002 free_scaled stage 1 epoch 69/90   3231 s
seed 1002 free_scaled stage 1 epoch 70/90   3271 s
seed 1002 free_scaled stage 1 epoch 71/90   3320 s
seed 1002 free_scaled stage 1 epoch 72/90   3368 s
seed 1002 free_scaled stage 1 epoch 73/90   3421 s
seed 1002 free_scaled stage 1 epoch 74/90   3469 s
seed 1002 free_scaled stage 1 epoch 75/90   3523 s
seed 1002 free_scaled stage 1 epoch 76/90   3568 s
seed 1002 free_scaled stage 1 epoch 77/90   3640 s
seed 1002 free_scaled stage 1 epoch 78/90   3722 s
seed 1002 free_scaled stage 1 epoch 79/90   3776 s
seed 1002 free_scaled stage 1 epoch 80/90   3816 s
seed 1002 free_scaled stage 1 epoch 81/90   3855 s
seed 1002 free_scaled stage 1 epoch 82/90   3895 s
seed 1002 free_scaled stage 1 epoch 83/90   3935 s
seed 1002 free_scaled stage 1 epoch 84/90   3983 s
seed 1002 free_scaled stage 1 epoch 85/90   4028 s
seed 1002 free_scaled stage 1 epoch 86/90   4072 s
seed 1002 free_scaled stage 1 epoch 87/90   4116 s
seed 1002 free_scaled stage 1 epoch 88/90   4159 s
seed 1002 free_scaled stage 1 epoch 89/90   4202 s
seed 1002 free_scaled stage 1 epoch 90/90   4246 s
seed 1002 free_scaled stage 2 epoch  1/90   4262 s
seed 1002 free_scaled stage 2 epoch  2/90   4278 s
seed 1002 free_scaled stage 2 epoch  3/90   4294 s
seed 1002 free_scaled stage 2 epoch  4/90   4312 s
seed 1002 free_scaled stage 2 epoch  5/90   4329 s
seed 1002 free_scaled stage 2 epoch  6/90   4346 s
seed 1002 free_scaled stage 2 epoch  7/90   4367 s
seed 1002 free_scaled stage 2 epoch  8/90   4390 s
seed 1002 free_scaled stage 2 epoch  9/90   4411 s
seed 1002 free_scaled stage 2 epoch 10/90   4432 s
seed 1002 free_scaled stage 2 epoch 11/90   4447 s
seed 1002 free_scaled stage 2 epoch 12/90   4463 s
seed 1002 free_scaled stage 2 epoch 13/90   4481 s
seed 1002 free_scaled stage 2 epoch 14/90   4497 s
seed 1002 free_scaled stage 2 epoch 15/90   4518 s
seed 1002 free_scaled stage 2 epoch 16/90   4538 s
seed 1002 free_scaled stage 2 epoch 17/90   4554 s
seed 1002 free_scaled stage 2 epoch 18/90   4570 s
seed 1002 free_scaled stage 2 epoch 19/90   4587 s
seed 1002 free_scaled stage 2 epoch 20/90   4603 s
seed 1002 free_scaled stage 2 epoch 21/90   4624 s
seed 1002 free_scaled stage 2 epoch 22/90   4643 s
seed 1002 free_scaled stage 2 epoch 23/90   4662 s
seed 1002 free_scaled stage 2 epoch 24/90   4682 s
seed 1002 free_scaled stage 2 epoch 25/90   4700 s
seed 1002 free_scaled stage 2 epoch 26/90   4719 s
seed 1002 free_scaled stage 2 epoch 27/90   4733 s
seed 1002 free_scaled stage 2 epoch 28/90   4748 s
seed 1002 free_scaled stage 2 epoch 29/90   4763 s
seed 1002 free_scaled stage 2 epoch 30/90   4778 s
seed 1002 free_scaled stage 2 epoch 31/90   4794 s
seed 1002 free_scaled stage 2 epoch 32/90   4812 s
seed 1002 free_scaled stage 2 epoch 33/90   4829 s
seed 1002 free_scaled stage 2 epoch 34/90   4844 s
seed 1002 free_scaled stage 2 epoch 35/90   4859 s
seed 1002 free_scaled stage 2 epoch 36/90   4874 s
seed 1002 free_scaled stage 2 epoch 37/90   4891 s
seed 1002 free_scaled stage 2 epoch 38/90   4909 s
seed 1002 free_scaled stage 2 epoch 39/90   4926 s
seed 1002 free_scaled stage 2 epoch 40/90   4944 s
seed 1002 free_scaled stage 2 epoch 41/90   4959 s
seed 1002 free_scaled stage 2 epoch 42/90   4974 s
seed 1002 free_scaled stage 2 epoch 43/90   4994 s
seed 1002 free_scaled stage 2 epoch 44/90   5013 s
seed 1002 free_scaled stage 2 epoch 45/90   5032 s
seed 1002 free_scaled stage 2 epoch 46/90   5048 s
seed 1002 free_scaled stage 2 epoch 47/90   5070 s
seed 1002 free_scaled stage 2 epoch 48/90   5093 s
seed 1002 free_scaled stage 2 epoch 49/90   5114 s
seed 1002 free_scaled stage 2 epoch 50/90   5133 s
seed 1002 free_scaled stage 2 epoch 51/90   5149 s
seed 1002 free_scaled stage 2 epoch 52/90   5164 s
seed 1002 free_scaled stage 2 epoch 53/90   5180 s
seed 1002 free_scaled stage 2 epoch 54/90   5196 s
seed 1002 free_scaled stage 2 epoch 55/90   5214 s
seed 1002 free_scaled stage 2 epoch 56/90   5233 s
seed 1002 free_scaled stage 2 epoch 57/90   5248 s
seed 1002 free_scaled stage 2 epoch 58/90   5264 s
seed 1002 free_scaled stage 2 epoch 59/90   5281 s
seed 1002 free_scaled stage 2 epoch 60/90   5296 s
seed 1002 free_scaled stage 2 epoch 61/90   5313 s
seed 1002 free_scaled stage 2 epoch 62/90   5328 s
seed 1002 free_scaled stage 2 epoch 63/90   5346 s
seed 1002 free_scaled stage 2 epoch 64/90   5365 s
seed 1002 free_scaled stage 2 epoch 65/90   5389 s
seed 1002 free_scaled stage 2 epoch 66/90   5415 s
seed 1002 free_scaled stage 2 epoch 67/90   5436 s
seed 1002 free_scaled stage 2 epoch 68/90   5455 s
seed 1002 free_scaled stage 2 epoch 69/90   5477 s
seed 1002 free_scaled stage 2 epoch 70/90   5501 s
seed 1002 free_scaled stage 2 epoch 71/90   5522 s
seed 1002 free_scaled stage 2 epoch 72/90   5542 s
seed 1002 free_scaled stage 2 epoch 73/90   5562 s
seed 1002 free_scaled stage 2 epoch 74/90   5584 s
seed 1002 free_scaled stage 2 epoch 75/90   5604 s
seed 1002 free_scaled stage 2 epoch 76/90   5630 s
seed 1002 free_scaled stage 2 epoch 77/90   5654 s
seed 1002 free_scaled stage 2 epoch 78/90   5675 s
seed 1002 free_scaled stage 2 epoch 79/90   5696 s
seed 1002 free_scaled stage 2 epoch 80/90   5714 s
seed 1002 free_scaled stage 2 epoch 81/90   5735 s
seed 1002 free_scaled stage 2 epoch 82/90   5754 s
seed 1002 free_scaled stage 2 epoch 83/90   5774 s
seed 1002 free_scaled stage 2 epoch 84/90   5795 s
seed 1002 free_scaled stage 2 epoch 85/90   5817 s
seed 1002 free_scaled stage 2 epoch 86/90   5835 s
seed 1002 free_scaled stage 2 epoch 87/90   5854 s
seed 1002 free_scaled stage 2 epoch 88/90   5874 s
seed 1002 free_scaled stage 2 epoch 89/90   5891 s
seed 1002 free_scaled stage 2 epoch 90/90   5910 s
seed 1002 free_scaled: 5910.2 s
seed 1002: written
seed 1006 prescribed stage 1 epoch  1/90     48 s
seed 1006 prescribed stage 1 epoch  2/90     68 s
seed 1006 prescribed stage 1 epoch  3/90     85 s
seed 1006 prescribed stage 1 epoch  4/90    112 s
seed 1006 prescribed stage 1 epoch  5/90    141 s
seed 1006 prescribed stage 1 epoch  6/90    162 s
seed 1006 prescribed stage 1 epoch  7/90    190 s
seed 1006 prescribed stage 1 epoch  8/90    215 s
seed 1006 prescribed stage 1 epoch  9/90    233 s
seed 1006 prescribed stage 1 epoch 10/90    249 s
seed 1006 prescribed stage 1 epoch 11/90    265 s
seed 1006 prescribed stage 1 epoch 12/90    280 s
seed 1006 prescribed stage 1 epoch 13/90    294 s
seed 1006 prescribed stage 1 epoch 14/90    308 s
seed 1006 prescribed stage 1 epoch 15/90    323 s
seed 1006 prescribed stage 1 epoch 16/90    341 s
seed 1006 prescribed stage 1 epoch 17/90    355 s
seed 1006 prescribed stage 1 epoch 18/90    371 s
seed 1006 prescribed stage 1 epoch 19/90    386 s
seed 1006 prescribed stage 1 epoch 20/90    400 s
seed 1006 prescribed stage 1 epoch 21/90    415 s
seed 1006 prescribed stage 1 epoch 22/90    433 s
seed 1006 prescribed stage 1 epoch 23/90    448 s
seed 1006 prescribed stage 1 epoch 24/90    463 s
seed 1006 prescribed stage 1 epoch 25/90    478 s
seed 1006 prescribed stage 1 epoch 26/90    493 s
seed 1006 prescribed stage 1 epoch 27/90    507 s
seed 1006 prescribed stage 1 epoch 28/90    522 s
seed 1006 prescribed stage 1 epoch 29/90    535 s
seed 1006 prescribed stage 1 epoch 30/90    549 s
seed 1006 prescribed stage 1 epoch 31/90    562 s
seed 1006 prescribed stage 1 epoch 32/90    575 s
seed 1006 prescribed stage 1 epoch 33/90    589 s
seed 1006 prescribed stage 1 epoch 34/90    602 s
seed 1006 prescribed stage 1 epoch 35/90    615 s
seed 1006 prescribed stage 1 epoch 36/90    628 s
seed 1006 prescribed stage 1 epoch 37/90    642 s
seed 1006 prescribed stage 1 epoch 38/90    655 s
seed 1006 prescribed stage 1 epoch 39/90    669 s
seed 1006 prescribed stage 1 epoch 40/90    682 s
seed 1006 prescribed stage 1 epoch 41/90    695 s
seed 1006 prescribed stage 1 epoch 42/90    709 s
seed 1006 prescribed stage 1 epoch 43/90    722 s
seed 1006 prescribed stage 1 epoch 44/90    735 s
seed 1006 prescribed stage 1 epoch 45/90    749 s
seed 1006 prescribed stage 1 epoch 46/90    762 s
seed 1006 prescribed stage 1 epoch 47/90    775 s
seed 1006 prescribed stage 1 epoch 48/90    788 s
seed 1006 prescribed stage 1 epoch 49/90    802 s
seed 1006 prescribed stage 1 epoch 50/90    815 s
seed 1006 prescribed stage 1 epoch 51/90    828 s
seed 1006 prescribed stage 1 epoch 52/90    842 s
seed 1006 prescribed stage 1 epoch 53/90    855 s
seed 1006 prescribed stage 1 epoch 54/90    868 s
seed 1006 prescribed stage 1 epoch 55/90    881 s
seed 1006 prescribed stage 1 epoch 56/90    895 s
seed 1006 prescribed stage 1 epoch 57/90    908 s
seed 1006 prescribed stage 1 epoch 58/90    921 s
seed 1006 prescribed stage 1 epoch 59/90    934 s
seed 1006 prescribed stage 1 epoch 60/90    948 s
seed 1006 prescribed stage 1 epoch 61/90    961 s
seed 1006 prescribed stage 1 epoch 62/90    974 s
seed 1006 prescribed stage 1 epoch 63/90    988 s
seed 1006 prescribed stage 1 epoch 64/90   1001 s
seed 1006 prescribed stage 1 epoch 65/90   1015 s
seed 1006 prescribed stage 1 epoch 66/90   1033 s
seed 1006 prescribed stage 1 epoch 67/90   1049 s
seed 1006 prescribed stage 1 epoch 68/90   1062 s
seed 1006 prescribed stage 1 epoch 69/90   1075 s
seed 1006 prescribed stage 1 epoch 70/90   1089 s
seed 1006 prescribed stage 1 epoch 71/90   1102 s
seed 1006 prescribed stage 1 epoch 72/90   1115 s
seed 1006 prescribed stage 1 epoch 73/90   1128 s
seed 1006 prescribed stage 1 epoch 74/90   1141 s
seed 1006 prescribed stage 1 epoch 75/90   1155 s
seed 1006 prescribed stage 1 epoch 76/90   1168 s
seed 1006 prescribed stage 1 epoch 77/90   1181 s
seed 1006 prescribed stage 1 epoch 78/90   1194 s
seed 1006 prescribed stage 1 epoch 79/90   1207 s
seed 1006 prescribed stage 1 epoch 80/90   1220 s
seed 1006 prescribed stage 1 epoch 81/90   1233 s
seed 1006 prescribed stage 1 epoch 82/90   1247 s
seed 1006 prescribed stage 1 epoch 83/90   1260 s
seed 1006 prescribed stage 1 epoch 84/90   1273 s
seed 1006 prescribed stage 1 epoch 85/90   1286 s
seed 1006 prescribed stage 1 epoch 86/90   1299 s
seed 1006 prescribed stage 1 epoch 87/90   1313 s
seed 1006 prescribed stage 1 epoch 88/90   1326 s
seed 1006 prescribed stage 1 epoch 89/90   1339 s
seed 1006 prescribed stage 1 epoch 90/90   1352 s
seed 1006 prescribed stage 2 epoch  1/90   1365 s
seed 1006 prescribed stage 2 epoch  2/90   1378 s
seed 1006 prescribed stage 2 epoch  3/90   1391 s
seed 1006 prescribed stage 2 epoch  4/90   1404 s
seed 1006 prescribed stage 2 epoch  5/90   1418 s
seed 1006 prescribed stage 2 epoch  6/90   1431 s
seed 1006 prescribed stage 2 epoch  7/90   1444 s
seed 1006 prescribed stage 2 epoch  8/90   1457 s
seed 1006 prescribed stage 2 epoch  9/90   1470 s
seed 1006 prescribed stage 2 epoch 10/90   1483 s
seed 1006 prescribed stage 2 epoch 11/90   1496 s
seed 1006 prescribed stage 2 epoch 12/90   1509 s
seed 1006 prescribed stage 2 epoch 13/90   1522 s
seed 1006 prescribed stage 2 epoch 14/90   1536 s
seed 1006 prescribed stage 2 epoch 15/90   1549 s
seed 1006 prescribed stage 2 epoch 16/90   1562 s
seed 1006 prescribed stage 2 epoch 17/90   1575 s
seed 1006 prescribed stage 2 epoch 18/90   1588 s
seed 1006 prescribed stage 2 epoch 19/90   1602 s
seed 1006 prescribed stage 2 epoch 20/90   1615 s
seed 1006 prescribed stage 2 epoch 21/90   1628 s
seed 1006 prescribed stage 2 epoch 22/90   1641 s
seed 1006 prescribed stage 2 epoch 23/90   1655 s
seed 1006 prescribed stage 2 epoch 24/90   1668 s
seed 1006 prescribed stage 2 epoch 25/90   1681 s
seed 1006 prescribed stage 2 epoch 26/90   1694 s
seed 1006 prescribed stage 2 epoch 27/90   1707 s
seed 1006 prescribed stage 2 epoch 28/90   1720 s
seed 1006 prescribed stage 2 epoch 29/90   1734 s
seed 1006 prescribed stage 2 epoch 30/90   1747 s
seed 1006 prescribed stage 2 epoch 31/90   1760 s
seed 1006 prescribed stage 2 epoch 32/90   1773 s
seed 1006 prescribed stage 2 epoch 33/90   1786 s
seed 1006 prescribed stage 2 epoch 34/90   1799 s
seed 1006 prescribed stage 2 epoch 35/90   1812 s
seed 1006 prescribed stage 2 epoch 36/90   1826 s
seed 1006 prescribed stage 2 epoch 37/90   1839 s
seed 1006 prescribed stage 2 epoch 38/90   1852 s
seed 1006 prescribed stage 2 epoch 39/90   1865 s
seed 1006 prescribed stage 2 epoch 40/90   1878 s
seed 1006 prescribed stage 2 epoch 41/90   1892 s
seed 1006 prescribed stage 2 epoch 42/90   1905 s
seed 1006 prescribed stage 2 epoch 43/90   1918 s
seed 1006 prescribed stage 2 epoch 44/90   1931 s
seed 1006 prescribed stage 2 epoch 45/90   1945 s
seed 1006 prescribed stage 2 epoch 46/90   1958 s
seed 1006 prescribed stage 2 epoch 47/90   1971 s
seed 1006 prescribed stage 2 epoch 48/90   1984 s
seed 1006 prescribed stage 2 epoch 49/90   1997 s
seed 1006 prescribed stage 2 epoch 50/90   2011 s
seed 1006 prescribed stage 2 epoch 51/90   2024 s
seed 1006 prescribed stage 2 epoch 52/90   2037 s
seed 1006 prescribed stage 2 epoch 53/90   2050 s
seed 1006 prescribed stage 2 epoch 54/90   2063 s
seed 1006 prescribed stage 2 epoch 55/90   2076 s
seed 1006 prescribed stage 2 epoch 56/90   2089 s
seed 1006 prescribed stage 2 epoch 57/90   2103 s
seed 1006 prescribed stage 2 epoch 58/90   2116 s
seed 1006 prescribed stage 2 epoch 59/90   2129 s
seed 1006 prescribed stage 2 epoch 60/90   2142 s
seed 1006 prescribed stage 2 epoch 61/90   2155 s
seed 1006 prescribed stage 2 epoch 62/90   2168 s
seed 1006 prescribed stage 2 epoch 63/90   2182 s
seed 1006 prescribed stage 2 epoch 64/90   2195 s
seed 1006 prescribed stage 2 epoch 65/90   2208 s
seed 1006 prescribed stage 2 epoch 66/90   2221 s
seed 1006 prescribed stage 2 epoch 67/90   2234 s
seed 1006 prescribed stage 2 epoch 68/90   2248 s
seed 1006 prescribed stage 2 epoch 69/90   2261 s
seed 1006 prescribed stage 2 epoch 70/90   2274 s
seed 1006 prescribed stage 2 epoch 71/90   2287 s
seed 1006 prescribed stage 2 epoch 72/90   2300 s
seed 1006 prescribed stage 2 epoch 73/90   2313 s
seed 1006 prescribed stage 2 epoch 74/90   2326 s
seed 1006 prescribed stage 2 epoch 75/90   2340 s
seed 1006 prescribed stage 2 epoch 76/90   2353 s
seed 1006 prescribed stage 2 epoch 77/90   2366 s
seed 1006 prescribed stage 2 epoch 78/90   2379 s
seed 1006 prescribed stage 2 epoch 79/90   2392 s
seed 1006 prescribed stage 2 epoch 80/90   2405 s
seed 1006 prescribed stage 2 epoch 81/90   2418 s
seed 1006 prescribed stage 2 epoch 82/90   2431 s
seed 1006 prescribed stage 2 epoch 83/90   2445 s
seed 1006 prescribed stage 2 epoch 84/90   2458 s
seed 1006 prescribed stage 2 epoch 85/90   2471 s
seed 1006 prescribed stage 2 epoch 86/90   2484 s
seed 1006 prescribed stage 2 epoch 87/90   2497 s
seed 1006 prescribed stage 2 epoch 88/90   2510 s
seed 1006 prescribed stage 2 epoch 89/90   2523 s
seed 1006 prescribed stage 2 epoch 90/90   2537 s
seed 1006 prescribed: 2536.6 s
seed 1006 free_scaled stage 1 epoch  1/90     38 s
seed 1006 free_scaled stage 1 epoch  2/90     72 s
seed 1006 free_scaled stage 1 epoch  3/90    106 s
seed 1006 free_scaled stage 1 epoch  4/90    139 s
seed 1006 free_scaled stage 1 epoch  5/90    173 s
seed 1006 free_scaled stage 1 epoch  6/90    207 s
seed 1006 free_scaled stage 1 epoch  7/90    241 s
seed 1006 free_scaled stage 1 epoch  8/90    274 s
seed 1006 free_scaled stage 1 epoch  9/90    308 s
seed 1006 free_scaled stage 1 epoch 10/90    342 s
seed 1006 free_scaled stage 1 epoch 11/90    376 s
seed 1006 free_scaled stage 1 epoch 12/90    410 s
seed 1006 free_scaled stage 1 epoch 13/90    444 s
seed 1006 free_scaled stage 1 epoch 14/90    478 s
seed 1006 free_scaled stage 1 epoch 15/90    512 s
seed 1006 free_scaled stage 1 epoch 16/90    545 s
seed 1006 free_scaled stage 1 epoch 17/90    579 s
seed 1006 free_scaled stage 1 epoch 18/90    613 s
seed 1006 free_scaled stage 1 epoch 19/90    647 s
seed 1006 free_scaled stage 1 epoch 20/90    680 s
seed 1006 free_scaled stage 1 epoch 21/90    714 s
seed 1006 free_scaled stage 1 epoch 22/90    748 s
seed 1006 free_scaled stage 1 epoch 23/90    781 s
seed 1006 free_scaled stage 1 epoch 24/90    815 s
seed 1006 free_scaled stage 1 epoch 25/90    849 s
seed 1006 free_scaled stage 1 epoch 26/90    882 s
seed 1006 free_scaled stage 1 epoch 27/90    917 s
seed 1006 free_scaled stage 1 epoch 28/90    951 s
seed 1006 free_scaled stage 1 epoch 29/90    985 s
seed 1006 free_scaled stage 1 epoch 30/90   1018 s
seed 1006 free_scaled stage 1 epoch 31/90   1052 s
seed 1006 free_scaled stage 1 epoch 32/90   1086 s
seed 1006 free_scaled stage 1 epoch 33/90   1120 s
seed 1006 free_scaled stage 1 epoch 34/90   1154 s
seed 1006 free_scaled stage 1 epoch 35/90   1187 s
seed 1006 free_scaled stage 1 epoch 36/90   1221 s
seed 1006 free_scaled stage 1 epoch 37/90   1255 s
seed 1006 free_scaled stage 1 epoch 38/90   1289 s
seed 1006 free_scaled stage 1 epoch 39/90   1322 s
seed 1006 free_scaled stage 1 epoch 40/90   1356 s
seed 1006 free_scaled stage 1 epoch 41/90   1389 s
seed 1006 free_scaled stage 1 epoch 42/90   1423 s
seed 1006 free_scaled stage 1 epoch 43/90   1456 s
seed 1006 free_scaled stage 1 epoch 44/90   1490 s
seed 1006 free_scaled stage 1 epoch 45/90   1524 s
seed 1006 free_scaled stage 1 epoch 46/90   1557 s
seed 1006 free_scaled stage 1 epoch 47/90   1591 s
seed 1006 free_scaled stage 1 epoch 48/90   1625 s
seed 1006 free_scaled stage 1 epoch 49/90   1658 s
seed 1006 free_scaled stage 1 epoch 50/90   1692 s
seed 1006 free_scaled stage 1 epoch 51/90   1726 s
seed 1006 free_scaled stage 1 epoch 52/90   1760 s
seed 1006 free_scaled stage 1 epoch 53/90   1793 s
seed 1006 free_scaled stage 1 epoch 54/90   1827 s
seed 1006 free_scaled stage 1 epoch 55/90   1860 s
seed 1006 free_scaled stage 1 epoch 56/90   1894 s
seed 1006 free_scaled stage 1 epoch 57/90   1928 s
seed 1006 free_scaled stage 1 epoch 58/90   1962 s
seed 1006 free_scaled stage 1 epoch 59/90   1995 s
seed 1006 free_scaled stage 1 epoch 60/90   2029 s
seed 1006 free_scaled stage 1 epoch 61/90   2063 s
seed 1006 free_scaled stage 1 epoch 62/90   2096 s
seed 1006 free_scaled stage 1 epoch 63/90   2130 s
seed 1006 free_scaled stage 1 epoch 64/90   2163 s
seed 1006 free_scaled stage 1 epoch 65/90   2197 s
seed 1006 free_scaled stage 1 epoch 66/90   2231 s
seed 1006 free_scaled stage 1 epoch 67/90   2264 s
seed 1006 free_scaled stage 1 epoch 68/90   2298 s
seed 1006 free_scaled stage 1 epoch 69/90   2331 s
seed 1006 free_scaled stage 1 epoch 70/90   2365 s
seed 1006 free_scaled stage 1 epoch 71/90   2398 s
seed 1006 free_scaled stage 1 epoch 72/90   2432 s
seed 1006 free_scaled stage 1 epoch 73/90   2465 s
seed 1006 free_scaled stage 1 epoch 74/90   2499 s
seed 1006 free_scaled stage 1 epoch 75/90   2532 s
seed 1006 free_scaled stage 1 epoch 76/90   2566 s
seed 1006 free_scaled stage 1 epoch 77/90   2599 s
seed 1006 free_scaled stage 1 epoch 78/90   2632 s
seed 1006 free_scaled stage 1 epoch 79/90   2666 s
seed 1006 free_scaled stage 1 epoch 80/90   2699 s
seed 1006 free_scaled stage 1 epoch 81/90   2733 s
seed 1006 free_scaled stage 1 epoch 82/90   2767 s
seed 1006 free_scaled stage 1 epoch 83/90   2800 s
seed 1006 free_scaled stage 1 epoch 84/90   2834 s
seed 1006 free_scaled stage 1 epoch 85/90   2868 s
seed 1006 free_scaled stage 1 epoch 86/90   2901 s
seed 1006 free_scaled stage 1 epoch 87/90   2934 s
seed 1006 free_scaled stage 1 epoch 88/90   2968 s
seed 1006 free_scaled stage 1 epoch 89/90   3001 s
seed 1006 free_scaled stage 1 epoch 90/90   3034 s
seed 1006 free_scaled stage 2 epoch  1/90   3047 s
seed 1006 free_scaled stage 2 epoch  2/90   3061 s
seed 1006 free_scaled stage 2 epoch  3/90   3074 s
seed 1006 free_scaled stage 2 epoch  4/90   3087 s
seed 1006 free_scaled stage 2 epoch  5/90   3100 s
seed 1006 free_scaled stage 2 epoch  6/90   3113 s
seed 1006 free_scaled stage 2 epoch  7/90   3127 s
seed 1006 free_scaled stage 2 epoch  8/90   3140 s
seed 1006 free_scaled stage 2 epoch  9/90   3153 s
seed 1006 free_scaled stage 2 epoch 10/90   3166 s
seed 1006 free_scaled stage 2 epoch 11/90   3180 s
seed 1006 free_scaled stage 2 epoch 12/90   3196 s
seed 1006 free_scaled stage 2 epoch 13/90   3211 s
seed 1006 free_scaled stage 2 epoch 14/90   3225 s
seed 1006 free_scaled stage 2 epoch 15/90   3240 s
seed 1006 free_scaled stage 2 epoch 16/90   3255 s
seed 1006 free_scaled stage 2 epoch 17/90   3269 s
seed 1006 free_scaled stage 2 epoch 18/90   3284 s
seed 1006 free_scaled stage 2 epoch 19/90   3298 s
seed 1006 free_scaled stage 2 epoch 20/90   3312 s
seed 1006 free_scaled stage 2 epoch 21/90   3326 s
seed 1006 free_scaled stage 2 epoch 22/90   3340 s
seed 1006 free_scaled stage 2 epoch 23/90   3354 s
seed 1006 free_scaled stage 2 epoch 24/90   3369 s
seed 1006 free_scaled stage 2 epoch 25/90   3383 s
seed 1006 free_scaled stage 2 epoch 26/90   3402 s
seed 1006 free_scaled stage 2 epoch 27/90   3416 s
seed 1006 free_scaled stage 2 epoch 28/90   3443 s
seed 1006 free_scaled stage 2 epoch 29/90   3470 s
seed 1006 free_scaled stage 2 epoch 30/90   3515 s
seed 1006 free_scaled stage 2 epoch 31/90   3543 s
seed 1006 free_scaled stage 2 epoch 32/90   3570 s
seed 1006 free_scaled stage 2 epoch 33/90   3593 s
seed 1006 free_scaled stage 2 epoch 34/90   3614 s
seed 1006 free_scaled stage 2 epoch 35/90   3629 s
seed 1006 free_scaled stage 2 epoch 36/90   3644 s
seed 1006 free_scaled stage 2 epoch 37/90   3658 s
seed 1006 free_scaled stage 2 epoch 38/90   3671 s
seed 1006 free_scaled stage 2 epoch 39/90   3686 s
seed 1006 free_scaled stage 2 epoch 40/90   3700 s
seed 1006 free_scaled stage 2 epoch 41/90   3713 s
seed 1006 free_scaled stage 2 epoch 42/90   3727 s
seed 1006 free_scaled stage 2 epoch 43/90   3742 s
seed 1006 free_scaled stage 2 epoch 44/90   3756 s
seed 1006 free_scaled stage 2 epoch 45/90   3774 s
seed 1006 free_scaled stage 2 epoch 46/90   3791 s
seed 1006 free_scaled stage 2 epoch 47/90   3804 s
seed 1006 free_scaled stage 2 epoch 48/90   3818 s
seed 1006 free_scaled stage 2 epoch 49/90   3832 s
seed 1006 free_scaled stage 2 epoch 50/90   3846 s
seed 1006 free_scaled stage 2 epoch 51/90   3860 s
seed 1006 free_scaled stage 2 epoch 52/90   3876 s
seed 1006 free_scaled stage 2 epoch 53/90   3892 s
seed 1006 free_scaled stage 2 epoch 54/90   3908 s
seed 1006 free_scaled stage 2 epoch 55/90   3924 s
seed 1006 free_scaled stage 2 epoch 56/90   3939 s
seed 1006 free_scaled stage 2 epoch 57/90   3957 s
seed 1006 free_scaled stage 2 epoch 58/90   3976 s
seed 1006 free_scaled stage 2 epoch 59/90   4018 s
seed 1006 free_scaled stage 2 epoch 60/90   4039 s
seed 1006 free_scaled stage 2 epoch 61/90   4059 s
seed 1006 free_scaled stage 2 epoch 62/90   4075 s
seed 1006 free_scaled stage 2 epoch 63/90   4093 s
seed 1006 free_scaled stage 2 epoch 64/90   4109 s
seed 1006 free_scaled stage 2 epoch 65/90   4125 s
seed 1006 free_scaled stage 2 epoch 66/90   4143 s
seed 1006 free_scaled stage 2 epoch 67/90   4158 s
seed 1006 free_scaled stage 2 epoch 68/90   4177 s
seed 1006 free_scaled stage 2 epoch 69/90   4200 s
seed 1006 free_scaled stage 2 epoch 70/90   4223 s
seed 1006 free_scaled stage 2 epoch 71/90   4256 s
seed 1006 free_scaled stage 2 epoch 72/90   4271 s
seed 1006 free_scaled stage 2 epoch 73/90   4285 s
seed 1006 free_scaled stage 2 epoch 74/90   4304 s
seed 1006 free_scaled stage 2 epoch 75/90   4317 s
seed 1006 free_scaled stage 2 epoch 76/90   4333 s
seed 1006 free_scaled stage 2 epoch 77/90   4347 s
seed 1006 free_scaled stage 2 epoch 78/90   4361 s
seed 1006 free_scaled stage 2 epoch 79/90   4376 s
seed 1006 free_scaled stage 2 epoch 80/90   4390 s
seed 1006 free_scaled stage 2 epoch 81/90   4403 s
seed 1006 free_scaled stage 2 epoch 82/90   4416 s
seed 1006 free_scaled stage 2 epoch 83/90   4429 s
seed 1006 free_scaled stage 2 epoch 84/90   4443 s
seed 1006 free_scaled stage 2 epoch 85/90   4465 s
seed 1006 free_scaled stage 2 epoch 86/90   4482 s
seed 1006 free_scaled stage 2 epoch 87/90   4503 s
seed 1006 free_scaled stage 2 epoch 88/90   4519 s
seed 1006 free_scaled stage 2 epoch 89/90   4534 s
seed 1006 free_scaled stage 2 epoch 90/90   4548 s
seed 1006 free_scaled: 4548.0 s
seed 1006: written
