seed 1004 prescribed stage 1 epoch  1/90     24 s
seed 1004 prescribed stage 1 epoch  2/90     38 s
seed 1004 prescribed stage 1 epoch  3/90     57 s
seed 1004 prescribed stage 1 epoch  4/90     75 s
seed 1004 prescribed stage 1 epoch  5/90     96 s
seed 1004 prescribed stage 1 epoch  6/90    119 s
seed 1004 prescribed stage 1 epoch  7/90    137 s
seed 1004 prescribed stage 1 epoch  8/90    161 s
seed 1004 prescribed stage 1 epoch  9/90    182 s
seed 1004 prescribed stage 1 epoch 10/90    205 s
seed 1004 prescribed stage 1 epoch 11/90    228 s
seed 1004 prescribed stage 1 epoch 12/90    245 s
seed 1004 prescribed stage 1 epoch 13/90    262 s
seed 1004 prescribed stage 1 epoch 14/90    280 s
seed 1004 prescribed stage 1 epoch 15/90    294 s
seed 1004 prescribed stage 1 epoch 16/90    313 s
seed 1004 prescribed stage 1 epoch 17/90    335 s
seed 1004 prescribed stage 1 epoch 18/90    351 s
seed 1004 prescribed stage 1 epoch 19/90    366 s
seed 1004 prescribed stage 1 epoch 20/90    381 s
seed 1004 prescribed stage 1 epoch 21/90    395 s
seed 1004 prescribed stage 1 epoch 22/90    414 s
seed 1004 prescribed stage 1 epoch 23/90    431 s
seed 1004 prescribed stage 1 epoch 24/90    445 s
seed 1004 prescribed stage 1 epoch 25/90    461 s
seed 1004 prescribed stage 1 epoch 26/90    477 s
seed 1004 prescribed stage 1 epoch 27/90    492 s
seed 1004 prescribed stage 1 epoch 28/90    508 s
seed 1004 prescribed stage 1 epoch 29/90    524 s
seed 1004 prescribed stage 1 epoch 30/90    541 s
seed 1004 prescribed stage 1 epoch 31/90    557 s
seed 1004 prescribed stage 1 epoch 32/90    572 s
seed 1004 prescribed stage 1 epoch 33/90    587 s
seed 1004 prescribed stage 1 epoch 34/90    603 s
seed 1004 prescribed stage 1 epoch 35/90    620 s
seed 1004 prescribed stage 1 epoch 36/90    640 s
seed 1004 prescribed stage 1 epoch 37/90    656 s
seed 1004 prescribed stage 1 epoch 38/90    671 s
seed 1004 prescribed stage 1 epoch 39/90    686 s
seed 1004 prescribed stage 1 epoch 40/90    705 s
seed 1004 prescribed stage 1 epoch 41/90    722 s
seed 1004 prescribed stage 1 epoch 42/90    736 s
seed 1004 prescribed stage 1 epoch 43/90    750 s
seed 1004 prescribed stage 1 epoch 44/90    765 s
seed 1004 prescribed stage 1 epoch 45/90    778 s
seed 1004 prescribed stage 1 epoch 46/90    793 s
seed 1004 prescribed stage 1 epoch 47/90    808 s
seed 1004 prescribed stage 1 epoch 48/90    822 s
seed 1004 prescribed stage 1 epoch 49/90    836 s
seed 1004 prescribed stage 1 epoch 50/90    850 s
seed 1004 prescribed stage 1 epoch 51/90    865 s
seed 1004 prescribed stage 1 epoch 52/90    879 s
seed 1004 prescribed stage 1 epoch 53/90    893 s
seed 1004 prescribed stage 1 epoch 54/90    908 s
seed 1004 prescribed stage 1 epoch 55/90    925 s
seed 1004 prescribed stage 1 epoch 56/90    942 s
seed 1004 prescribed stage 1 epoch 57/90    957 s
seed 1004 prescribed stage 1 epoch 58/90    974 s
seed 1004 prescribed stage 1 epoch 59/90    989 s
seed 1004 prescribed stage 1 epoch 60/90   1004 s
seed 1004 prescribed stage 1 epoch 61/90   1022 s
seed 1004 prescribed stage 1 epoch 62/90   1037 s
seed 1004 prescribed stage 1 epoch 63/90   1054 s
seed 1004 prescribed stage 1 epoch 64/90   1074 s
seed 1004 prescribed stage 1 epoch 65/90   1091 s
seed 1004 prescribed stage 1 epoch 66/90   1107 s
seed 1004 prescribed stage 1 epoch 67/90   1124 s
seed 1004 prescribed stage 1 epoch 68/90   1140 s
seed 1004 prescribed stage 1 epoch 69/90   1158 s
seed 1004 prescribed stage 1 epoch 70/90   1176 s
seed 1004 prescribed stage 1 epoch 71/90   1195 s
seed 1004 prescribed stage 1 epoch 72/90   1209 s
seed 1004 prescribed stage 1 epoch 73/90   1226 s
seed 1004 prescribed stage 1 epoch 74/90   1247 s
seed 1004 prescribed stage 1 epoch 75/90   1265 s
seed 1004 prescribed stage 1 epoch 76/90   1282 s
seed 1004 prescribed stage 1 epoch 77/90   1302 s
seed 1004 prescribed stage 1 epoch 78/90   1319 s
seed 1004 prescribed stage 1 epoch 79/90   1333 s
seed 1004 prescribed stage 1 epoch 80/90   1348 s
seed 1004 prescribed stage 1 epoch 81/90   1362 s
seed 1004 prescribed stage 1 epoch 82/90   1380 s
seed 1004 prescribed stage 1 epoch 83/90   1394 s
seed 1004 prescribed stage 1 epoch 84/90   1409 s
seed 1004 prescribed stage 1 epoch 85/90   1425 s
seed 1004 prescribed stage 1 epoch 86/90   1445 s
seed 1004 prescribed stage 1 epoch 87/90   1462 s
seed 1004 prescribed stage 1 epoch 88/90   1479 s
seed 1004 prescribed stage 1 epoch 89/90   1502 s
seed 1004 prescribed stage 1 epoch 90/90   1522 s
seed 1004 prescribed stage 2 epoch  1/90   1543 s
seed 1004 prescribed stage 2 epoch  2/90   1562 s
seed 1004 prescribed stage 2 epoch  3/90   1576 s
seed 1004 prescribed stage 2 epoch  4/90   1591 s
seed 1004 prescribed stage 2 epoch  5/90   1610 s
seed 1004 prescribed stage 2 epoch  6/90   1627 s
seed 1004 prescribed stage 2 epoch  7/90   1645 s
seed 1004 prescribed stage 2 epoch  8/90   1665 s
seed 1004 prescribed stage 2 epoch  9/90   1685 s
seed 1004 prescribed stage 2 epoch 10/90   1707 s
seed 1004 prescribed stage 2 epoch 11/90   1721 s
seed 1004 prescribed stage 2 epoch 12/90   1736 s
seed 1004 prescribed stage 2 epoch 13/90   1751 s
seed 1004 prescribed stage 2 epoch 14/90   1765 s
seed 1004 prescribed stage 2 epoch 15/90   1781 s
seed 1004 prescribed stage 2 epoch 16/90   1796 s
seed 1004 prescribed stage 2 epoch 17/90   1810 s
seed 1004 prescribed stage 2 epoch 18/90   1828 s
seed 1004 prescribed stage 2 epoch 19/90   1847 s
seed 1004 prescribed stage 2 epoch 20/90   1866 s
seed 1004 prescribed stage 2 epoch 21/90   1884 s
seed 1004 prescribed stage 2 epoch 22/90   1902 s
seed 1004 prescribed stage 2 epoch 23/90   1919 s
seed 1004 prescribed stage 2 epoch 24/90   1935 s
seed 1004 prescribed stage 2 epoch 25/90   1954 s
seed 1004 prescribed stage 2 epoch 26/90   1982 s
seed 1004 prescribed stage 2 epoch 27/90   2001 s
seed 1004 prescribed stage 2 epoch 28/90   2021 s
seed 1004 prescribed stage 2 epoch 29/90   2036 s
seed 1004 prescribed stage 2 epoch 30/90   2051 s
seed 1004 prescribed stage 2 epoch 31/90   2065 s
seed 1004 prescribed stage 2 epoch 32/90   2082 s
seed 1004 prescribed stage 2 epoch 33/90   2099 s
seed 1004 prescribed stage 2 epoch 34/90   2118 s
seed 1004 prescribed stage 2 epoch 35/90   2132 s
seed 1004 prescribed stage 2 epoch 36/90   2147 s
seed 1004 prescribed stage 2 epoch 37/90   2162 s
seed 1004 prescribed stage 2 epoch 38/90   2179 s
seed 1004 prescribed stage 2 epoch 39/90   2198 s
seed 1004 prescribed stage 2 epoch 40/90   2215 s
seed 1004 prescribed stage 2 epoch 41/90   2230 s
seed 1004 prescribed stage 2 epoch 42/90   2245 s
seed 1004 prescribed stage 2 epoch 43/90   2259 s
seed 1004 prescribed stage 2 epoch 44/90   2276 s
seed 1004 prescribed stage 2 epoch 45/90   2293 s
seed 1004 prescribed stage 2 epoch 46/90   2309 s
seed 1004 prescribed stage 2 epoch 47/90   2323 s
seed 1004 prescribed stage 2 epoch 48/90   2338 s
seed 1004 prescribed stage 2 epoch 49/90   2353 s
seed 1004 prescribed stage 2 epoch 50/90   2371 s
seed 1004 prescribed stage 2 epoch 51/90   2386 s
seed 1004 prescribed stage 2 epoch 52/90   2401 s
seed 1004 prescribed stage 2 epoch 53/90   2416 s
seed 1004 prescribed stage 2 epoch 54/90   2434 s
seed 1004 prescribed stage 2 epoch 55/90   2450 s
seed 1004 prescribed stage 2 epoch 56/90   2464 s
seed 1004 prescribed stage 2 epoch 57/90   2478 s
seed 1004 prescribed stage 2 epoch 58/90   2493 s
seed 1004 prescribed stage 2 epoch 59/90   2510 s
seed 1004 prescribed stage 2 epoch 60/90   2529 s
seed 1004 prescribed stage 2 epoch 61/90   2547 s
seed 1004 prescribed stage 2 epoch 62/90   2563 s
seed 1004 prescribed stage 2 epoch 63/90   2579 s
seed 1004 prescribed stage 2 epoch 64/90   2595 s
seed 1004 prescribed stage 2 epoch 65/90   2613 s
seed 1004 prescribed stage 2 epoch 66/90   2638 s
seed 1004 prescribed stage 2 epoch 67/90   2657 s
seed 1004 prescribed stage 2 epoch 68/90   2688 s
seed 1004 prescribed stage 2 epoch 69/90   2720 s
seed 1004 prescribed stage 2 epoch 70/90   2740 s
seed 1004 prescribed stage 2 epoch 71/90   2757 s
seed 1004 prescribed stage 2 epoch 72/90   2775 s
seed 1004 prescribed stage 2 epoch 73/90   2795 s
seed 1004 prescribed stage 2 epoch 74/90   2813 s
seed 1004 prescribed stage 2 epoch 75/90   2828 s
seed 1004 prescribed stage 2 epoch 76/90   2846 s
seed 1004 prescribed stage 2 epoch 77/90   2861 s
seed 1004 prescribed stage 2 epoch 78/90   2878 s
seed 1004 prescribed stage 2 epoch 79/90   2902 s
seed 1004 prescribed stage 2 epoch 80/90   2919 s
seed 1004 prescribed stage 2 epoch 81/90   2937 s
seed 1004 prescribed stage 2 epoch 82/90   2957 s
seed 1004 prescribed stage 2 epoch 83/90   2974 s
seed 1004 prescribed stage 2 epoch 84/90   2992 s
seed 1004 prescribed stage 2 epoch 85/90   3006 s
seed 1004 prescribed stage 2 epoch 86/90   3021 s
seed 1004 prescribed stage 2 epoch 87/90   3036 s
seed 1004 prescribed stage 2 epoch 88/90   3054 s
seed 1004 prescribed stage 2 epoch 89/90   3072 s
seed 1004 prescribed stage 2 epoch 90/90   3093 s
seed 1004 prescribed: 3092.9 s
seed 1004 free_scaled stage 1 epoch  1/90     57 s
seed 1004 free_scaled stage 1 epoch  2/90    107 s
seed 1004 free_scaled stage 1 epoch  3/90    148 s
seed 1004 free_scaled stage 1 epoch  4/90    196 s
seed 1004 free_scaled stage 1 epoch  5/90    245 s
seed 1004 free_scaled stage 1 epoch  6/90    293 s
seed 1004 free_scaled stage 1 epoch  7/90    338 s
seed 1004 free_scaled stage 1 epoch  8/90    386 s
seed 1004 free_scaled stage 1 epoch  9/90    431 s
seed 1004 free_scaled stage 1 epoch 10/90    472 s
seed 1004 free_scaled stage 1 epoch 11/90    521 s
seed 1004 free_scaled stage 1 epoch 12/90    568 s
seed 1004 free_scaled stage 1 epoch 13/90    610 s
seed 1004 free_scaled stage 1 epoch 14/90    651 s
seed 1004 free_scaled stage 1 epoch 15/90    705 s
seed 1004 free_scaled stage 1 epoch 16/90    747 s
seed 1004 free_scaled stage 1 epoch 17/90    789 s
seed 1004 free_scaled stage 1 epoch 18/90    837 s
seed 1004 free_scaled stage 1 epoch 19/90    876 s
seed 1004 free_scaled stage 1 epoch 20/90    921 s
seed 1004 free_scaled stage 1 epoch 21/90    983 s
seed 1004 free_scaled stage 1 epoch 22/90   1035 s
seed 1004 free_scaled stage 1 epoch 23/90   1091 s
seed 1004 free_scaled stage 1 epoch 24/90   1155 s
seed 1004 free_scaled stage 1 epoch 25/90   1260 s
seed 1004 free_scaled stage 1 epoch 26/90   1357 s
seed 1004 free_scaled stage 1 epoch 27/90   1411 s
seed 1004 free_scaled stage 1 epoch 28/90   1465 s
seed 1004 free_scaled stage 1 epoch 29/90   1515 s
seed 1004 free_scaled stage 1 epoch 30/90   1563 s
seed 1004 free_scaled stage 1 epoch 31/90   1607 s
seed 1004 free_scaled stage 1 epoch 32/90   1651 s
seed 1004 free_scaled stage 1 epoch 33/90   1694 s
seed 1004 free_scaled stage 1 epoch 34/90   1746 s
seed 1004 free_scaled stage 1 epoch 35/90   1793 s
seed 1004 free_scaled stage 1 epoch 36/90   1839 s
seed 1004 free_scaled stage 1 epoch 37/90   1895 s
seed 1004 free_scaled stage 1 epoch 38/90   1977 s
seed 1004 free_scaled stage 1 epoch 39/90   2027 s
seed 1004 free_scaled stage 1 epoch 40/90   2076 s
seed 1004 free_scaled stage 1 epoch 41/90   2126 s
seed 1004 free_scaled stage 1 epoch 42/90   2175 s
seed 1004 free_scaled stage 1 epoch 43/90   2229 s
seed 1004 free_scaled stage 1 epoch 44/90   2279 s
seed 1004 free_scaled stage 1 epoch 45/90   2325 s
seed 1004 free_scaled stage 1 epoch 46/90   2379 s
seed 1004 free_scaled stage 1 epoch 47/90   2420 s
seed 1004 free_scaled stage 1 epoch 48/90   2469 s
seed 1004 free_scaled stage 1 epoch 49/90   2521 s
seed 1004 free_scaled stage 1 epoch 50/90   2572 s
seed 1004 free_scaled stage 1 epoch 51/90   2634 s
seed 1004 free_scaled stage 1 epoch 52/90   2690 s
seed 1004 free_scaled stage 1 epoch 53/90   2743 s
seed 1004 free_scaled stage 1 epoch 54/90   2801 s
seed 1004 free_scaled stage 1 epoch 55/90   2846 s
seed 1004 free_scaled stage 1 epoch 56/90   2886 s
seed 1004 free_scaled stage 1 epoch 57/90   2930 s
seed 1004 free_scaled stage 1 epoch 58/90   2976 s
seed 1004 free_scaled stage 1 epoch 59/90   3025 s
seed 1004 free_scaled stage 1 epoch 60/90   3068 s
seed 1004 free_scaled stage 1 epoch 61/90   3115 s
seed 1004 free_scaled stage 1 epoch 62/90   3161 s
seed 1004 free_scaled stage 1 epoch 63/90   3209 s
seed 1004 free_scaled stage 1 epoch 64/90   3256 s
seed 1004 free_scaled stage 1 epoch 65/90   3300 s
seed 1004 free_scaled stage 1 epoch 66/90   3345 s
seed 1004 free_scaled stage 1 epoch 67/90   3391 s
seed 1004 free_scaled stage 1 epoch 68/90   3436 s
seed 1004 free_scaled stage 1 epoch 69/90   3486 s
seed 1004 free_scaled stage 1 epoch 70/90   3532 s
seed 1004 free_scaled stage 1 epoch 71/90   3613 s
seed 1004 free_scaled stage 1 epoch 72/90   3654 s
seed 1004 free_scaled stage 1 epoch 73/90   3697 s
seed 1004 free_scaled stage 1 epoch 74/90   3741 s
seed 1004 free_scaled stage 1 epoch 75/90   3782 s
seed 1004 free_scaled stage 1 epoch 76/90   3827 s
seed 1004 free_scaled stage 1 epoch 77/90   3872 s
seed 1004 free_scaled stage 1 epoch 78/90   3917 s
seed 1004 free_scaled stage 1 epoch 79/90   3958 s
seed 1004 free_scaled stage 1 epoch 80/90   4018 s
seed 1004 free_scaled stage 1 epoch 81/90   4075 s
seed 1004 free_scaled stage 1 epoch 82/90   4118 s
seed 1004 free_scaled stage 1 epoch 83/90   4169 s
seed 1004 free_scaled stage 1 epoch 84/90   4214 s
seed 1004 free_scaled stage 1 epoch 85/90   4269 s
seed 1004 free_scaled stage 1 epoch 86/90   4325 s
seed 1004 free_scaled stage 1 epoch 87/90   4384 s
seed 1004 free_scaled stage 1 epoch 88/90   4445 s
seed 1004 free_scaled stage 1 epoch 89/90   4508 s
seed 1004 free_scaled stage 1 epoch 90/90   4557 s
seed 1004 free_scaled stage 2 epoch  1/90   4575 s
seed 1004 free_scaled stage 2 epoch  2/90   4595 s
seed 1004 free_scaled stage 2 epoch  3/90   4611 s
seed 1004 free_scaled stage 2 epoch  4/90   4631 s
seed 1004 free_scaled stage 2 epoch  5/90   4651 s
seed 1004 free_scaled stage 2 epoch  6/90   4668 s
seed 1004 free_scaled stage 2 epoch  7/90   4684 s
seed 1004 free_scaled stage 2 epoch  8/90   4701 s
seed 1004 free_scaled stage 2 epoch  9/90   4715 s
seed 1004 free_scaled stage 2 epoch 10/90   4731 s
seed 1004 free_scaled stage 2 epoch 11/90   4747 s
seed 1004 free_scaled stage 2 epoch 12/90   4762 s
seed 1004 free_scaled stage 2 epoch 13/90   4778 s
seed 1004 free_scaled stage 2 epoch 14/90   4793 s
seed 1004 free_scaled stage 2 epoch 15/90   4812 s
seed 1004 free_scaled stage 2 epoch 16/90   4831 s
seed 1004 free_scaled stage 2 epoch 17/90   4848 s
seed 1004 free_scaled stage 2 epoch 18/90   4867 s
seed 1004 free_scaled stage 2 epoch 19/90   4886 s
seed 1004 free_scaled stage 2 epoch 20/90   4905 s
seed 1004 free_scaled stage 2 epoch 21/90   4925 s
seed 1004 free_scaled stage 2 epoch 22/90   4943 s
seed 1004 free_scaled stage 2 epoch 23/90   4962 s
seed 1004 free_scaled stage 2 epoch 24/90   4980 s
seed 1004 free_scaled stage 2 epoch 25/90   4995 s
seed 1004 free_scaled stage 2 epoch 26/90   5009 s
seed 1004 free_scaled stage 2 epoch 27/90   5023 s
seed 1004 free_scaled stage 2 epoch 28/90   5043 s
seed 1004 free_scaled stage 2 epoch 29/90   5060 s
seed 1004 free_scaled stage 2 epoch 30/90   5079 s
seed 1004 free_scaled stage 2 epoch 31/90   5097 s
seed 1004 free_scaled stage 2 epoch 32/90   5115 s
seed 1004 free_scaled stage 2 epoch 33/90   5132 s
seed 1004 free_scaled stage 2 epoch 34/90   5159 s
seed 1004 free_scaled stage 2 epoch 35/90   5182 s
seed 1004 free_scaled stage 2 epoch 36/90   5203 s
seed 1004 free_scaled stage 2 epoch 37/90   5225 s
seed 1004 free_scaled stage 2 epoch 38/90   5252 s
seed 1004 free_scaled stage 2 epoch 39/90   5290 s
seed 1004 free_scaled stage 2 epoch 40/90   5318 s
seed 1004 free_scaled stage 2 epoch 41/90   5344 s
seed 1004 free_scaled stage 2 epoch 42/90   5375 s
seed 1004 free_scaled stage 2 epoch 43/90   5398 s
seed 1004 free_scaled stage 2 epoch 44/90   5429 s
seed 1004 free_scaled stage 2 epoch 45/90   5457 s
seed 1004 free_scaled stage 2 epoch 46/90   5492 s
seed 1004 free_scaled stage 2 epoch 47/90   5522 s
seed 1004 free_scaled stage 2 epoch 48/90   5544 s
seed 1004 free_scaled stage 2 epoch 49/90   5572 s
seed 1004 free_scaled stage 2 epoch 50/90   5596 s
seed 1004 free_scaled stage 2 epoch 51/90   5622 s
seed 1004 free_scaled stage 2 epoch 52/90   5644 s
seed 1004 free_scaled stage 2 epoch 53/90   5664 s
seed 1004 free_scaled stage 2 epoch 54/90   5688 s
seed 1004 free_scaled stage 2 epoch 55/90   5709 s
seed 1004 free_scaled stage 2 epoch 56/90   5735 s
seed 1004 free_scaled stage 2 epoch 57/90   5767 s
seed 1004 free_scaled stage 2 epoch 58/90   5793 s
seed 1004 free_scaled stage 2 epoch 59/90   5822 s
seed 1004 free_scaled stage 2 epoch 60/90   5849 s
seed 1004 free_scaled stage 2 epoch 61/90   5876 s
seed 1004 free_scaled stage 2 epoch 62/90   5896 s
seed 1004 free_scaled stage 2 epoch 63/90   5915 s
seed 1004 free_scaled stage 2 epoch 64/90   5938 s
seed 1004 free_scaled stage 2 epoch 65/90   5957 s
seed 1004 free_scaled stage 2 epoch 66/90   5978 s
seed 1004 free_scaled stage 2 epoch 67/90   5998 s
seed 1004 free_scaled stage 2 epoch 68/90   6017 s
seed 1004 free_scaled stage 2 epoch 69/90   6036 s
seed 1004 free_scaled stage 2 epoch 70/90   6061 s
seed 1004 free_scaled stage 2 epoch 71/90   6086 s
seed 1004 free_scaled stage 2 epoch 72/90   6120 s
seed 1004 free_scaled stage 2 epoch 73/90   6140 s
seed 1004 free_scaled stage 2 epoch 74/90   6161 s
seed 1004 free_scaled stage 2 epoch 75/90   6184 s
seed 1004 free_scaled stage 2 epoch 76/90   6204 s
seed 1004 free_scaled stage 2 epoch 77/90   6223 s
seed 1004 free_scaled stage 2 epoch 78/90   6243 s
seed 1004 free_scaled stage 2 epoch 79/90   6264 s
seed 1004 free_scaled stage 2 epoch 80/90   6286 s
seed 1004 free_scaled stage 2 epoch 81/90   6306 s
seed 1004 free_scaled stage 2 epoch 82/90   6328 s
seed 1004 free_scaled stage 2 epoch 83/90   6347 s
seed 1004 free_scaled stage 2 epoch 84/90   6367 s
seed 1004 free_scaled stage 2 epoch 85/90   6388 s
seed 1004 free_scaled stage 2 epoch 86/90   6407 s
seed 1004 free_scaled stage 2 epoch 87/90   6429 s
seed 1004 free_scaled stage 2 epoch 88/90   6451 s
seed 1004 free_scaled stage 2 epoch 89/90   6475 s
seed 1004 free_scaled stage 2 epoch 90/90   6496 s
seed 1004 free_scaled: 6495.6 s
seed 1004: written
seed 1007 prescribed stage 1 epoch  1/90     31 s
seed 1007 prescribed stage 1 epoch  2/90     52 s
seed 1007 prescribed stage 1 epoch  3/90     70 s
seed 1007 prescribed stage 1 epoch  4/90     90 s
seed 1007 prescribed stage 1 epoch  5/90    109 s
seed 1007 prescribed stage 1 epoch  6/90    127 s
seed 1007 prescribed stage 1 epoch  7/90    145 s
seed 1007 prescribed stage 1 epoch  8/90    166 s
seed 1007 prescribed stage 1 epoch  9/90    186 s
seed 1007 prescribed stage 1 epoch 10/90    206 s
seed 1007 prescribed stage 1 epoch 11/90    225 s
seed 1007 prescribed stage 1 epoch 12/90    245 s
seed 1007 prescribed stage 1 epoch 13/90    264 s
seed 1007 prescribed stage 1 epoch 14/90    283 s
seed 1007 prescribed stage 1 epoch 15/90    302 s
seed 1007 prescribed stage 1 epoch 16/90    325 s
seed 1007 prescribed stage 1 epoch 17/90    346 s
seed 1007 prescribed stage 1 epoch 18/90    374 s
seed 1007 prescribed stage 1 epoch 19/90    413 s
seed 1007 prescribed stage 1 epoch 20/90    446 s
seed 1007 prescribed stage 1 epoch 21/90    489 s
seed 1007 prescribed stage 1 epoch 22/90    542 s
seed 1007 prescribed stage 1 epoch 23/90    579 s
seed 1007 prescribed stage 1 epoch 24/90    780 s
seed 1007 prescribed stage 1 epoch 25/90    844 s
seed 1007 prescribed stage 1 epoch 26/90    884 s
seed 1007 prescribed stage 1 epoch 27/90    913 s
seed 1007 prescribed stage 1 epoch 28/90    944 s
seed 1007 prescribed stage 1 epoch 29/90    978 s
seed 1007 prescribed stage 1 epoch 30/90   1019 s
seed 1007 prescribed stage 1 epoch 31/90   1045 s
seed 1007 prescribed stage 1 epoch 32/90   1066 s
seed 1007 prescribed stage 1 epoch 33/90   1089 s
seed 1007 prescribed stage 1 epoch 34/90   1121 s
seed 1007 prescribed stage 1 epoch 35/90   1188 s
seed 1007 prescribed stage 1 epoch 36/90   1218 s
seed 1007 prescribed stage 1 epoch 37/90   1242 s
seed 1007 prescribed stage 1 epoch 38/90   1267 s
seed 1007 prescribed stage 1 epoch 39/90   1296 s
seed 1007 prescribed stage 1 epoch 40/90   1320 s
seed 1007 prescribed stage 1 epoch 41/90   1341 s
seed 1007 prescribed stage 1 epoch 42/90   1364 s
seed 1007 prescribed stage 1 epoch 43/90   1383 s
seed 1007 prescribed stage 1 epoch 44/90   1402 s
seed 1007 prescribed stage 1 epoch 45/90   1422 s
seed 1007 prescribed stage 1 epoch 46/90   1447 s
seed 1007 prescribed stage 1 epoch 47/90   1469 s
seed 1007 prescribed stage 1 epoch 48/90   1487 s
seed 1007 prescribed stage 1 epoch 49/90   1510 s
seed 1007 prescribed stage 1 epoch 50/90   1529 s
seed 1007 prescribed stage 1 epoch 51/90   1556 s
seed 1007 prescribed stage 1 epoch 52/90   1579 s
seed 1007 prescribed stage 1 epoch 53/90   1601 s
seed 1007 prescribed stage 1 epoch 54/90   1619 s
seed 1007 prescribed stage 1 epoch 55/90   1641 s
seed 1007 prescribed stage 1 epoch 56/90   1662 s
seed 1007 prescribed stage 1 epoch 57/90   1680 s
seed 1007 prescribed stage 1 epoch 58/90   1698 s
seed 1007 prescribed stage 1 epoch 59/90   1718 s
seed 1007 prescribed stage 1 epoch 60/90   1737 s
seed 1007 prescribed stage 1 epoch 61/90   1762 s
seed 1007 prescribed stage 1 epoch 62/90   1784 s
seed 1007 prescribed stage 1 epoch 63/90   1808 s
seed 1007 prescribed stage 1 epoch 64/90   1829 s
seed 1007 prescribed stage 1 epoch 65/90   1847 s
seed 1007 prescribed stage 1 epoch 66/90   1868 s
seed 1007 prescribed stage 1 epoch 67/90   1886 s
seed 1007 prescribed stage 1 epoch 68/90   1907 s
seed 1007 prescribed stage 1 epoch 69/90   1937 s
seed 1007 prescribed stage 1 epoch 70/90   1957 s
seed 1007 prescribed stage 1 epoch 71/90   1974 s
seed 1007 prescribed stage 1 epoch 72/90   1993 s
seed 1007 prescribed stage 1 epoch 73/90   2011 s
seed 1007 prescribed stage 1 epoch 74/90   2030 s
seed 1007 prescribed stage 1 epoch 75/90   2052 s
seed 1007 prescribed stage 1 epoch 76/90   2074 s
seed 1007 prescribed stage 1 epoch 77/90   2097 s
seed 1007 prescribed stage 1 epoch 78/90   2118 s
seed 1007 prescribed stage 1 epoch 79/90   2138 s
seed 1007 prescribed stage 1 epoch 80/90   2161 s
seed 1007 prescribed stage 1 epoch 81/90   2184 s
seed 1007 prescribed stage 1 epoch 82/90   2209 s
seed 1007 prescribed stage 1 epoch 83/90   2228 s
seed 1007 prescribed stage 1 epoch 84/90   2244 s
seed 1007 prescribed stage 1 epoch 85/90   2261 s
seed 1007 prescribed stage 1 epoch 86/90   2280 s
seed 1007 prescribed stage 1 epoch 87/90   2295 s
seed 1007 prescribed stage 1 epoch 88/90   2315 s
seed 1007 prescribed stage 1 epoch 89/90   2332 s
seed 1007 prescribed stage 1 epoch 90/90   2349 s
seed 1007 prescribed stage 2 epoch  1/90   2367 s
seed 1007 prescribed stage 2 epoch  2/90   2388 s
seed 1007 prescribed stage 2 epoch  3/90   2407 s
seed 1007 prescribed stage 2 epoch  4/90   2425 s
seed 1007 prescribed stage 2 epoch  5/90   2446 s
seed 1007 prescribed stage 2 epoch  6/90   2464 s
seed 1007 prescribed stage 2 epoch  7/90   2483 s
seed 1007 prescribed stage 2 epoch  8/90   2502 s
seed 1007 prescribed stage 2 epoch  9/90   2519 s
seed 1007 prescribed stage 2 epoch 10/90   2538 s
seed 1007 prescribed stage 2 epoch 11/90   2555 s
seed 1007 prescribed stage 2 epoch 12/90   2573 s
seed 1007 prescribed stage 2 epoch 13/90   2591 s
seed 1007 prescribed stage 2 epoch 14/90   2608 s
seed 1007 prescribed stage 2 epoch 15/90   2631 s
seed 1007 prescribed stage 2 epoch 16/90   2650 s
seed 1007 prescribed stage 2 epoch 17/90   2670 s
seed 1007 prescribed stage 2 epoch 18/90   2691 s
seed 1007 prescribed stage 2 epoch 19/90   2707 s
seed 1007 prescribed stage 2 epoch 20/90   2725 s
seed 1007 prescribed stage 2 epoch 21/90   2742 s
seed 1007 prescribed stage 2 epoch 22/90   2759 s
seed 1007 prescribed stage 2 epoch 23/90   2780 s
seed 1007 prescribed stage 2 epoch 24/90   2802 s
seed 1007 prescribed stage 2 epoch 25/90   2825 s
seed 1007 prescribed stage 2 epoch 26/90   2847 s
seed 1007 prescribed stage 2 epoch 27/90   2864 s
seed 1007 prescribed stage 2 epoch 28/90   2882 s
seed 1007 prescribed stage 2 epoch 29/90   2903 s
seed 1007 prescribed stage 2 epoch 30/90   2927 s
seed 1007 prescribed stage 2 epoch 31/90   2948 s
seed 1007 prescribed stage 2 epoch 32/90   2966 s
seed 1007 prescribed stage 2 epoch 33/90   2983 s
seed 1007 prescribed stage 2 epoch 34/90   3002 s
seed 1007 prescribed stage 2 epoch 35/90   3020 s
seed 1007 prescribed stage 2 epoch 36/90   3035 s
seed 1007 prescribed stage 2 epoch 37/90   3055 s
seed 1007 prescribed stage 2 epoch 38/90   3074 s
seed 1007 prescribed stage 2 epoch 39/90   3094 s
seed 1007 prescribed stage 2 epoch 40/90   3116 s
seed 1007 prescribed stage 2 epoch 41/90   3140 s
seed 1007 prescribed stage 2 epoch 42/90   3164 s
seed 1007 prescribed stage 2 epoch 43/90   3184 s
seed 1007 prescribed stage 2 epoch 44/90   3206 s
seed 1007 prescribed stage 2 epoch 45/90   3231 s
seed 1007 prescribed stage 2 epoch 46/90   3257 s
seed 1007 prescribed stage 2 epoch 47/90   3277 s
seed 1007 prescribed stage 2 epoch 48/90   3295 s
seed 1007 prescribed stage 2 epoch 49/90   3315 s
seed 1007 prescribed stage 2 epoch 50/90   3330 s
seed 1007 prescribed stage 2 epoch 51/90   3344 s
seed 1007 prescribed stage 2 epoch 52/90   3358 s
seed 1007 prescribed stage 2 epoch 53/90   3371 s
seed 1007 prescribed stage 2 epoch 54/90   3385 s
seed 1007 prescribed stage 2 epoch 55/90   3403 s
seed 1007 prescribed stage 2 epoch 56/90   3424 s
seed 1007 prescribed stage 2 epoch 57/90   3445 s
seed 1007 prescribed stage 2 epoch 58/90   3464 s
seed 1007 prescribed stage 2 epoch 59/90   3484 s
seed 1007 prescribed stage 2 epoch 60/90   3504 s
seed 1007 prescribed stage 2 epoch 61/90   3524 s
seed 1007 prescribed stage 2 epoch 62/90   3539 s
seed 1007 prescribed stage 2 epoch 63/90   3556 s
seed 1007 prescribed stage 2 epoch 64/90   3571 s
seed 1007 prescribed stage 2 epoch 65/90   3584 s
seed 1007 prescribed stage 2 epoch 66/90   3598 s
seed 1007 prescribed stage 2 epoch 67/90   3612 s
seed 1007 prescribed stage 2 epoch 68/90   3626 s
seed 1007 prescribed stage 2 epoch 69/90   3639 s
seed 1007 prescribed stage 2 epoch 70/90   3653 s
seed 1007 prescribed stage 2 epoch 71/90   3667 s
seed 1007 prescribed stage 2 epoch 72/90   3680 s
seed 1007 prescribed stage 2 epoch 73/90   3694 s
seed 1007 prescribed stage 2 epoch 74/90   3712 s
seed 1007 prescribed stage 2 epoch 75/90   3725 s
seed 1007 prescribed stage 2 epoch 76/90   3740 s
seed 1007 prescribed stage 2 epoch 77/90   3754 s
seed 1007 prescribed stage 2 epoch 78/90   3768 s
seed 1007 prescribed stage 2 epoch 79/90   3782 s
seed 1007 prescribed stage 2 epoch 80/90   3797 s
seed 1007 prescribed stage 2 epoch 81/90   3811 s
seed 1007 prescribed stage 2 epoch 82/90   3826 s
seed 1007 prescribed stage 2 epoch 83/90   3844 s
seed 1007 prescribed stage 2 epoch 84/90   3858 s
seed 1007 prescribed stage 2 epoch 85/90   3877 s
seed 1007 prescribed stage 2 epoch 86/90   3895 s
seed 1007 prescribed stage 2 epoch 87/90   3913 s
seed 1007 prescribed stage 2 epoch 88/90   3926 s
seed 1007 prescribed stage 2 epoch 89/90   3941 s
seed 1007 prescribed stage 2 epoch 90/90   3956 s
seed 1007 prescribed: 3955.7 s
seed 1007 free_scaled stage 1 epoch  1/90     49 s
seed 1007 free_scaled stage 1 epoch  2/90     87 s
seed 1007 free_scaled stage 1 epoch  3/90    125 s
seed 1007 free_scaled stage 1 epoch  4/90    163 s
seed 1007 free_scaled stage 1 epoch  5/90    209 s
seed 1007 free_scaled stage 1 epoch  6/90    260 s
seed 1007 free_scaled stage 1 epoch  7/90    310 s
seed 1007 free_scaled stage 1 epoch  8/90    351 s
seed 1007 free_scaled stage 1 epoch  9/90    392 s
seed 1007 free_scaled stage 1 epoch 10/90    438 s
seed 1007 free_scaled stage 1 epoch 11/90    498 s
seed 1007 free_scaled stage 1 epoch 12/90    549 s
seed 1007 free_scaled stage 1 epoch 13/90    602 s
seed 1007 free_scaled stage 1 epoch 14/90    648 s
seed 1007 free_scaled stage 1 epoch 15/90    699 s
seed 1007 free_scaled stage 1 epoch 16/90    741 s
seed 1007 free_scaled stage 1 epoch 17/90    788 s
seed 1007 free_scaled stage 1 epoch 18/90    839 s
seed 1007 free_scaled stage 1 epoch 19/90    888 s
seed 1007 free_scaled stage 1 epoch 20/90    940 s
seed 1007 free_scaled stage 1 epoch 21/90    992 s
seed 1007 free_scaled stage 1 epoch 22/90   1038 s
seed 1007 free_scaled stage 1 epoch 23/90   1082 s
seed 1007 free_scaled stage 1 epoch 24/90   1123 s
seed 1007 free_scaled stage 1 epoch 25/90   1166 s
seed 1007 free_scaled stage 1 epoch 26/90   1205 s
seed 1007 free_scaled stage 1 epoch 27/90   1247 s
seed 1007 free_scaled stage 1 epoch 28/90   1289 s
seed 1007 free_scaled stage 1 epoch 29/90   1327 s
seed 1007 free_scaled stage 1 epoch 30/90   1365 s
seed 1007 free_scaled stage 1 epoch 31/90   1407 s
seed 1007 free_scaled stage 1 epoch 32/90   1447 s
seed 1007 free_scaled stage 1 epoch 33/90   1487 s
seed 1007 free_scaled stage 1 epoch 34/90   1529 s
seed 1007 free_scaled stage 1 epoch 35/90   1569 s
seed 1007 free_scaled stage 1 epoch 36/90   1607 s
seed 1007 free_scaled stage 1 epoch 37/90   1646 s
seed 1007 free_scaled stage 1 epoch 38/90   1686 s
seed 1007 free_scaled stage 1 epoch 39/90   1728 s
seed 1007 free_scaled stage 1 epoch 40/90   1769 s
seed 1007 free_scaled stage 1 epoch 41/90   1814 s
seed 1007 free_scaled stage 1 epoch 42/90   1857 s
seed 1007 free_scaled stage 1 epoch 43/90   1914 s
seed 1007 free_scaled stage 1 epoch 44/90   1963 s
seed 1007 free_scaled stage 1 epoch 45/90   2012 s
seed 1007 free_scaled stage 1 epoch 46/90   2074 s
seed 1007 free_scaled stage 1 epoch 47/90   2128 s
seed 1007 free_scaled stage 1 epoch 48/90   2187 s
seed 1007 free_scaled stage 1 epoch 49/90   2257 s
seed 1007 free_scaled stage 1 epoch 50/90   2316 s
seed 1007 free_scaled stage 1 epoch 51/90   2372 s
seed 1007 free_scaled stage 1 epoch 52/90   2424 s
seed 1007 free_scaled stage 1 epoch 53/90   2472 s
seed 1007 free_scaled stage 1 epoch 54/90   2517 s
seed 1007 free_scaled stage 1 epoch 55/90   2569 s
seed 1007 free_scaled stage 1 epoch 56/90   2613 s
seed 1007 free_scaled stage 1 epoch 57/90   2662 s
seed 1007 free_scaled stage 1 epoch 58/90   2702 s
seed 1007 free_scaled stage 1 epoch 59/90   2741 s
seed 1007 free_scaled stage 1 epoch 60/90   2780 s
seed 1007 free_scaled stage 1 epoch 61/90   2837 s
seed 1007 free_scaled stage 1 epoch 62/90   2883 s
seed 1007 free_scaled stage 1 epoch 63/90   2937 s
seed 1007 free_scaled stage 1 epoch 64/90   2984 s
seed 1007 free_scaled stage 1 epoch 65/90   3035 s
seed 1007 free_scaled stage 1 epoch 66/90   3081 s
seed 1007 free_scaled stage 1 epoch 67/90   3135 s
seed 1007 free_scaled stage 1 epoch 68/90   3190 s
seed 1007 free_scaled stage 1 epoch 69/90   3229 s
seed 1007 free_scaled stage 1 epoch 70/90   3278 s
seed 1007 free_scaled stage 1 epoch 71/90   3326 s
seed 1007 free_scaled stage 1 epoch 72/90   3378 s
seed 1007 free_scaled stage 1 epoch 73/90   3426 s
seed 1007 free_scaled stage 1 epoch 74/90   3481 s
seed 1007 free_scaled stage 1 epoch 75/90   3524 s
seed 1007 free_scaled stage 1 epoch 76/90   3594 s
seed 1007 free_scaled stage 1 epoch 77/90   3676 s
seed 1007 free_scaled stage 1 epoch 78/90   3730 s
seed 1007 free_scaled stage 1 epoch 79/90   3770 s
seed 1007 free_scaled stage 1 epoch 80/90   3809 s
seed 1007 free_scaled stage 1 epoch 81/90   3849 s
seed 1007 free_scaled stage 1 epoch 82/90   3889 s
seed 1007 free_scaled stage 1 epoch 83/90   3937 s
seed 1007 free_scaled stage 1 epoch 84/90   3983 s
seed 1007 free_scaled stage 1 epoch 85/90   4026 s
seed 1007 free_scaled stage 1 epoch 86/90   4070 s
seed 1007 free_scaled stage 1 epoch 87/90   4114 s
seed 1007 free_scaled stage 1 epoch 88/90   4157 s
seed 1007 free_scaled stage 1 epoch 89/90   4201 s
seed 1007 free_scaled stage 1 epoch 90/90   4244 s
seed 1007 free_scaled stage 2 epoch  1/90   4261 s
seed 1007 free_scaled stage 2 epoch  2/90   4279 s
seed 1007 free_scaled stage 2 epoch  3/90   4296 s
seed 1007 free_scaled stage 2 epoch  4/90   4317 s
seed 1007 free_scaled stage 2 epoch  5/90   4340 s
seed 1007 free_scaled stage 2 epoch  6/90   4360 s
seed 1007 free_scaled stage 2 epoch  7/90   4382 s
seed 1007 free_scaled stage 2 epoch  8/90   4398 s
seed 1007 free_scaled stage 2 epoch  9/90   4413 s
seed 1007 free_scaled stage 2 epoch 10/90   4430 s
seed 1007 free_scaled stage 2 epoch 11/90   4447 s
seed 1007 free_scaled stage 2 epoch 12/90   4468 s
seed 1007 free_scaled stage 2 epoch 13/90   4488 s
seed 1007 free_scaled stage 2 epoch 14/90   4506 s
seed 1007 free_scaled stage 2 epoch 15/90   4522 s
seed 1007 free_scaled stage 2 epoch 16/90   4537 s
seed 1007 free_scaled stage 2 epoch 17/90   4556 s
seed 1007 free_scaled stage 2 epoch 18/90   4575 s
seed 1007 free_scaled stage 2 epoch 19/90   4595 s
seed 1007 free_scaled stage 2 epoch 20/90   4614 s
seed 1007 free_scaled stage 2 epoch 21/90   4634 s
seed 1007 free_scaled stage 2 epoch 22/90   4652 s
seed 1007 free_scaled stage 2 epoch 23/90   4669 s
seed 1007 free_scaled stage 2 epoch 24/90   4686 s
seed 1007 free_scaled stage 2 epoch 25/90   4701 s
seed 1007 free_scaled stage 2 epoch 26/90   4716 s
seed 1007 free_scaled stage 2 epoch 27/90   4731 s
seed 1007 free_scaled stage 2 epoch 28/90   4747 s
seed 1007 free_scaled stage 2 epoch 29/90   4764 s
seed 1007 free_scaled stage 2 epoch 30/90   4782 s
seed 1007 free_scaled stage 2 epoch 31/90   4797 s
seed 1007 free_scaled stage 2 epoch 32/90   4812 s
seed 1007 free_scaled stage 2 epoch 33/90   4827 s
seed 1007 free_scaled stage 2 epoch 34/90   4845 s
seed 1007 free_scaled stage 2 epoch 35/90   4862 s
seed 1007 free_scaled stage 2 epoch 36/90   4880 s
seed 1007 free_scaled stage 2 epoch 37/90   4896 s
seed 1007 free_scaled stage 2 epoch 38/90   4913 s
seed 1007 free_scaled stage 2 epoch 39/90   4928 s
seed 1007 free_scaled stage 2 epoch 40/90   4947 s
seed 1007 free_scaled stage 2 epoch 41/90   4967 s
seed 1007 free_scaled stage 2 epoch 42/90   4985 s
seed 1007 free_scaled stage 2 epoch 43/90   5002 s
seed 1007 free_scaled stage 2 epoch 44/90   5022 s
seed 1007 free_scaled stage 2 epoch 45/90   5047 s
seed 1007 free_scaled stage 2 epoch 46/90   5068 s
seed 1007 free_scaled stage 2 epoch 47/90   5087 s
seed 1007 free_scaled stage 2 epoch 48/90   5103 s
seed 1007 free_scaled stage 2 epoch 49/90   5118 s
seed 1007 free_scaled stage 2 epoch 50/90   5134 s
seed 1007 free_scaled stage 2 epoch 51/90   5150 s
seed 1007 free_scaled stage 2 epoch 52/90   5168 s
seed 1007 free_scaled stage 2 epoch 53/90   5187 s
seed 1007 free_scaled stage 2 epoch 54/90   5203 s
seed 1007 free_scaled stage 2 epoch 55/90   5218 s
seed 1007 free_scaled stage 2 epoch 56/90   5235 s
seed 1007 free_scaled stage 2 epoch 57/90   5250 s
seed 1007 free_scaled stage 2 epoch 58/90   5268 s
seed 1007 free_scaled stage 2 epoch 59/90   5283 s
seed 1007 free_scaled stage 2 epoch 60/90   5301 s
seed 1007 free_scaled stage 2 epoch 61/90   5321 s
seed 1007 free_scaled stage 2 epoch 62/90   5345 s
seed 1007 free_scaled stage 2 epoch 63/90   5372 s
seed 1007 free_scaled stage 2 epoch 64/90   5395 s
seed 1007 free_scaled stage 2 epoch 65/90   5418 s
seed 1007 free_scaled stage 2 epoch 66/90   5445 s
seed 1007 free_scaled stage 2 epoch 67/90   5471 s
seed 1007 free_scaled stage 2 epoch 68/90   5493 s
seed 1007 free_scaled stage 2 epoch 69/90   5512 s
seed 1007 free_scaled stage 2 epoch 70/90   5536 s
seed 1007 free_scaled stage 2 epoch 71/90   5557 s
seed 1007 free_scaled stage 2 epoch 72/90   5579 s
seed 1007 free_scaled stage 2 epoch 73/90   5600 s
seed 1007 free_scaled stage 2 epoch 74/90   5624 s
seed 1007 free_scaled stage 2 epoch 75/90   5645 s
seed 1007 free_scaled stage 2 epoch 76/90   5665 s
seed 1007 free_scaled stage 2 epoch 77/90   5685 s
seed 1007 free_scaled stage 2 epoch 78/90   5705 s
seed 1007 free_scaled stage 2 epoch 79/90   5725 s
seed 1007 free_scaled stage 2 epoch 80/90   5745 s
seed 1007 free_scaled stage 2 epoch 81/90   5768 s
seed 1007 free_scaled stage 2 epoch 82/90   5790 s
seed 1007 free_scaled stage 2 epoch 83/90   5809 s
seed 1007 free_scaled stage 2 epoch 84/90   5829 s
seed 1007 free_scaled stage 2 epoch 85/90   5847 s
seed 1007 free_scaled stage 2 epoch 86/90   5864 s
seed 1007 free_scaled stage 2 epoch 87/90   5895 s
seed 1007 free_scaled stage 2 epoch 88/90   5927 s
seed 1007 free_scaled stage 2 epoch 89/90   5943 s
seed 1007 free_scaled stage 2 epoch 90/90   5961 s
seed 1007 free_scaled: 5960.8 s
seed 1007: written
