nohup: ignoring input
data collected 77s, 200 episodes

acceptance, target self (enc_seed=1, head_seed=None)  127s
  expected 0.0031448905217346915
  got      0.0031448905217346915
  bit-exact: True   rel diff: 0.000e+00
  n_batches 160  freeze_step 0
  ACCEPTED
 init    final_vp     best_vp   e42_final   persist   R2_ro eff_rank     s
    1    0.051177    0.051177    0.003145  0.005536  0.2385   2.7144   119
    2    0.045202    0.045202    0.003995  0.006920  0.3377   1.8208   121
    3    0.035091    0.034910    0.003856  0.009099  0.4094   2.2765   116
    4    0.035880    0.035880    0.004893  0.012095  0.4716   2.4281   109
    5    0.055918    0.053879    0.002314  0.003094  0.2494   2.3278   115
    6    0.032090    0.032090    0.002730  0.004667  0.5156   2.3056   109
    7    0.035895    0.035790    0.008927  0.017602  0.4115   1.5755   131
    8    0.033046    0.032993    0.003538  0.006351  0.5137   2.1513   107
    9    0.032990    0.032990    0.001330  0.001759  0.4972   1.5380   118
   10    0.038010    0.038010    0.003518  0.006347  0.3886   2.2573   164
   11    0.036518    0.036518    0.001781  0.003254  0.4179   2.3405   128
   12    0.051193    0.051193    0.002126  0.003107  0.2300   1.6344    94
   13    0.034391    0.034391    0.002046  0.003696  0.3717   2.3843   105
   14    0.037101    0.037101    0.003433  0.006539  0.3745   2.0657   139
   15    0.040868    0.040868    0.003554  0.006930  0.3968   2.2069   130
   16    0.032950    0.032950    0.005126  0.010682  0.4478   1.7743   115
   17    0.040640    0.040640    0.004978  0.012592  0.3228   2.0785    89
   18    0.035155    0.035155    0.002235  0.004717  0.4017   2.5629    83
   19    0.034683    0.034683    0.002522  0.006430  0.3908   2.3090    91
   20    0.044759    0.044759    0.003712  0.006881  0.3691   2.3584   137
   21    0.049167    0.046805    0.002021  0.004003  0.3426   1.8269   116
   22    0.036116    0.036116    0.002032  0.003469  0.4590   1.3965   188
   23    0.050481    0.050481    0.002929  0.005774  0.2409   1.7798    86
   24    0.039030    0.039030    0.002222  0.003612  0.3396   2.4070    79
   25    0.034448    0.034231    0.002798  0.004799  0.3591   1.7787   111
   26    0.035892    0.035892    0.003225  0.005956  0.3940   2.6218    83
   27    0.042128    0.042128    0.003633  0.007849  0.3586   2.0619   113
   28    0.045768    0.045622    0.005599  0.014201  0.2273   1.4990    83
   29    0.039467    0.039038    0.002338  0.004481  0.3813   2.1144    81
   30    0.040985    0.040935    0.002342  0.003796  0.3596   1.8592    98

cells 30  n_batches observed {160}  freeze_step observed {0}
written to /mnt/d/coordinate-stability/E43_external_target/results/sweep.json
data collected 78s, 200 episodes
 head    final_vp     best_vp     s
Traceback (most recent call last):
  File "/mnt/d/coordinate-stability/E43_external_target/code/run_e43.py", line 217, in <module>
    row = cell(eps, DATA_SEED, 1, head_seed=j)
          ^^^^^^^^^^^^^^^^^^^^^^^^^^^^^^^^^^^^
  File "/mnt/d/coordinate-stability/E43_external_target/code/run_e43.py", line 146, in cell
    row["persistence"] = E42_PERS[key]
                         ~~~~~~~~^^^^^
KeyError: 's42_i1_h1'
nohup: ignoring input
data collected 74s, 200 episodes
 head    final_vp     best_vp     s
    1    0.051261    0.051261   126
    2    0.049644    0.049644   105
    3    0.051949    0.051949   116
    4    0.051791    0.051791   110
    5    0.051223    0.051223   128
written to /mnt/d/coordinate-stability/E43_external_target/results/sweep.json
data collected 73s, 200 episodes
 init    final_vp     best_vp   e42_final   persist   R2_ro eff_rank     s
    1    0.053919    0.050579    0.003561  0.005791  0.2267   2.7394   139
    2    0.046565    0.045385    0.004506  0.007255  0.3123   1.8984   113
    3    0.036634    0.035045    0.004067  0.008831  0.3809   2.3367   105
    4    0.037345    0.036862    0.007216  0.011841  0.4647   2.3870    99
    5    0.052635    0.052635    0.001926  0.002922  0.2663   2.2633   102
    6    0.034327    0.034288    0.002916  0.004569  0.4793   2.3435   136
    7    0.038269    0.037669    0.008237  0.015764  0.3959   1.6574    81
    8    0.033431    0.033249    0.003939  0.006666  0.4814   2.2028    85
    9    0.036063    0.035842    0.001126  0.001678  0.4421   1.4847    79
   10    0.038447    0.038447    0.003498  0.006417  0.3778   2.3734    80

cells 45
written to /mnt/d/coordinate-stability/E43_external_target/results/sweep.json
