nohup: ignoring input
seed 777 free_scaled jepa epoch  1/90    117 s
seed 777 free_scaled jepa epoch  2/90    196 s
seed 777 free_scaled jepa epoch  3/90    284 s
seed 777 free_scaled jepa epoch  4/90    376 s
seed 777 free_scaled jepa epoch  5/90    474 s
seed 777 free_scaled jepa epoch  6/90    657 s
seed 777 free_scaled jepa epoch  7/90    806 s
seed 777 free_scaled jepa epoch  8/90    914 s
seed 777 free_scaled jepa epoch  9/90    994 s
seed 777 free_scaled jepa epoch 10/90   1066 s
seed 777 free_scaled jepa epoch 11/90   1135 s
seed 777 free_scaled jepa epoch 12/90   1260 s
seed 777 free_scaled jepa epoch 13/90   1367 s
seed 777 free_scaled jepa epoch 14/90   1447 s
seed 777 free_scaled jepa epoch 15/90   1548 s
seed 777 free_scaled jepa epoch 16/90   1683 s
seed 777 free_scaled jepa epoch 17/90   1924 s
seed 777 free_scaled jepa epoch 18/90   2031 s
seed 777 free_scaled jepa epoch 19/90   2165 s
seed 777 free_scaled jepa epoch 20/90   2240 s
seed 777 free_scaled jepa epoch 21/90   2319 s
seed 777 free_scaled jepa epoch 22/90   2399 s
seed 777 free_scaled jepa epoch 23/90   2476 s
seed 777 free_scaled jepa epoch 24/90   2547 s
seed 777 free_scaled jepa epoch 25/90   2622 s
seed 777 free_scaled jepa epoch 26/90   2694 s
seed 777 free_scaled jepa epoch 27/90   2794 s
seed 777 free_scaled jepa epoch 28/90   3048 s
seed 777 free_scaled jepa epoch 29/90   3185 s
seed 777 free_scaled jepa epoch 30/90   3355 s
seed 777 free_scaled jepa epoch 31/90   3503 s
seed 777 free_scaled jepa epoch 32/90   3659 s
seed 777 free_scaled jepa epoch 33/90   3771 s
seed 777 free_scaled jepa epoch 34/90   3861 s
seed 777 free_scaled jepa epoch 35/90   3982 s
seed 777 free_scaled jepa epoch 36/90   4107 s
seed 777 free_scaled jepa epoch 37/90   4244 s
seed 777 free_scaled jepa epoch 38/90   4514 s
seed 777 free_scaled jepa epoch 39/90   4741 s
seed 777 free_scaled jepa epoch 40/90   4925 s
seed 777 free_scaled jepa epoch 41/90   5203 s
seed 777 free_scaled jepa epoch 42/90   5425 s
seed 777 free_scaled jepa epoch 43/90   5628 s
seed 777 free_scaled jepa epoch 44/90   5763 s
seed 777 free_scaled jepa epoch 45/90   5888 s
seed 777 free_scaled jepa epoch 46/90   5990 s
seed 777 free_scaled jepa epoch 47/90   6106 s
seed 777 free_scaled jepa epoch 48/90   6240 s
seed 777 free_scaled jepa epoch 49/90   6407 s
seed 777 free_scaled jepa epoch 50/90   6641 s
seed 777 free_scaled jepa epoch 51/90   6700 s
seed 777 free_scaled jepa epoch 52/90   6758 s
seed 777 free_scaled jepa epoch 53/90   6820 s
seed 777 free_scaled jepa epoch 54/90   6886 s
seed 777 free_scaled jepa epoch 55/90   6945 s
seed 777 free_scaled jepa epoch 56/90   7014 s
seed 777 free_scaled jepa epoch 57/90   7083 s
seed 777 free_scaled jepa epoch 58/90   7142 s
seed 777 free_scaled jepa epoch 59/90   7199 s
seed 777 free_scaled jepa epoch 60/90   7292 s
seed 777 free_scaled jepa epoch 61/90   7365 s
seed 777 free_scaled jepa epoch 62/90   7433 s
seed 777 free_scaled jepa epoch 63/90   7505 s
seed 777 free_scaled jepa epoch 64/90   7584 s
seed 777 free_scaled jepa epoch 65/90   7662 s
seed 777 free_scaled jepa epoch 66/90   7735 s
seed 777 free_scaled jepa epoch 67/90   7804 s
seed 777 free_scaled jepa epoch 68/90   7926 s
seed 777 free_scaled jepa epoch 69/90   7999 s
seed 777 free_scaled jepa epoch 70/90   8206 s
seed 777 free_scaled jepa epoch 71/90   8301 s
seed 777 free_scaled jepa epoch 72/90   8390 s
seed 777 free_scaled jepa epoch 73/90   8474 s
seed 777 free_scaled jepa epoch 74/90   8547 s
seed 777 free_scaled jepa epoch 75/90   8636 s
seed 777 free_scaled jepa epoch 76/90   8729 s
seed 777 free_scaled jepa epoch 77/90   8801 s
seed 777 free_scaled jepa epoch 78/90   8872 s
seed 777 free_scaled jepa epoch 79/90   8945 s
seed 777 free_scaled jepa epoch 80/90   9016 s
seed 777 free_scaled jepa epoch 81/90   9152 s
seed 777 free_scaled jepa epoch 82/90   9224 s
seed 777 free_scaled jepa epoch 83/90   9291 s
seed 777 free_scaled jepa epoch 84/90   9359 s
seed 777 free_scaled jepa epoch 85/90   9434 s
seed 777 free_scaled jepa epoch 86/90   9519 s
seed 777 free_scaled jepa epoch 87/90   9590 s
seed 777 free_scaled jepa epoch 88/90   9658 s
seed 777 free_scaled jepa epoch 89/90   9728 s
seed 777 free_scaled jepa epoch 90/90   9877 s
seed 777 free_e2e epoch  1/90     79 s
seed 777 free_e2e epoch  2/90    149 s
seed 777 free_e2e epoch  3/90    218 s
seed 777 free_e2e epoch  4/90    293 s
seed 777 free_e2e epoch  5/90    362 s
seed 777 free_e2e epoch  6/90    429 s
seed 777 free_e2e epoch  7/90    494 s
seed 777 free_e2e epoch  8/90    563 s
seed 777 free_e2e epoch  9/90    631 s
seed 777 free_e2e epoch 10/90    708 s
seed 777 free_e2e epoch 11/90    853 s
seed 777 free_e2e epoch 12/90    926 s
seed 777 free_e2e epoch 13/90   1001 s
seed 777 free_e2e epoch 14/90   1074 s
seed 777 free_e2e epoch 15/90   1141 s
seed 777 free_e2e epoch 16/90   1208 s
seed 777 free_e2e epoch 17/90   1280 s
seed 777 free_e2e epoch 18/90   1347 s
seed 777 free_e2e epoch 19/90   1415 s
seed 777 free_e2e epoch 20/90   1483 s
seed 777 free_e2e epoch 21/90   1549 s
seed 777 free_e2e epoch 22/90   1619 s
seed 777 free_e2e epoch 23/90   1698 s
seed 777 free_e2e epoch 24/90   1772 s
seed 777 free_e2e epoch 25/90   1843 s
seed 777 free_e2e epoch 26/90   1907 s
seed 777 free_e2e epoch 27/90   1976 s
seed 777 free_e2e epoch 28/90   2044 s
seed 777 free_e2e epoch 29/90   2110 s
seed 777 free_e2e epoch 30/90   2174 s
seed 777 free_e2e epoch 31/90   2244 s
seed 777 free_e2e epoch 32/90   2309 s
seed 777 free_e2e epoch 33/90   2379 s
seed 777 free_e2e epoch 34/90   2447 s
seed 777 free_e2e epoch 35/90   2555 s
seed 777 free_e2e epoch 36/90   2622 s
seed 777 free_e2e epoch 37/90   2705 s
seed 777 free_e2e epoch 38/90   2785 s
seed 777 free_e2e epoch 39/90   2857 s
seed 777 free_e2e epoch 40/90   2923 s
seed 777 free_e2e epoch 41/90   2992 s
seed 777 free_e2e epoch 42/90   3068 s
seed 777 free_e2e epoch 43/90   3139 s
seed 777 free_e2e epoch 44/90   3214 s
seed 777 free_e2e epoch 45/90   3293 s
seed 777 free_e2e epoch 46/90   3358 s
seed 777 free_e2e epoch 47/90   3426 s
seed 777 free_e2e epoch 48/90   3494 s
seed 777 free_e2e epoch 49/90   3566 s
seed 777 free_e2e epoch 50/90   3635 s
seed 777 free_e2e epoch 51/90   3705 s
seed 777 free_e2e epoch 52/90   3780 s
seed 777 free_e2e epoch 53/90   3883 s
seed 777 free_e2e epoch 54/90   3964 s
seed 777 free_e2e epoch 55/90   4103 s
seed 777 free_e2e epoch 56/90   4300 s
seed 777 free_e2e epoch 57/90   4372 s
seed 777 free_e2e epoch 58/90   4447 s
seed 777 free_e2e epoch 59/90   4518 s
seed 777 free_e2e epoch 60/90   4578 s
seed 777 free_e2e epoch 61/90   4662 s
seed 777 free_e2e epoch 62/90   4726 s
seed 777 free_e2e epoch 63/90   4788 s
seed 777 free_e2e epoch 64/90   4851 s
seed 777 free_e2e epoch 65/90   4922 s
seed 777 free_e2e epoch 66/90   4981 s
seed 777 free_e2e epoch 67/90   5041 s
seed 777 free_e2e epoch 68/90   5113 s
seed 777 free_e2e epoch 69/90   5177 s
seed 777 free_e2e epoch 70/90   5235 s
seed 777 free_e2e epoch 71/90   5298 s
seed 777 free_e2e epoch 72/90   5369 s
seed 777 free_e2e epoch 73/90   5444 s
seed 777 free_e2e epoch 74/90   5510 s
seed 777 free_e2e epoch 75/90   5578 s
seed 777 free_e2e epoch 76/90   5646 s
seed 777 free_e2e epoch 77/90   5714 s
seed 777 free_e2e epoch 78/90   5777 s
seed 777 free_e2e epoch 79/90   5843 s
seed 777 free_e2e epoch 80/90   5908 s
seed 777 free_e2e epoch 81/90   5975 s
seed 777 free_e2e epoch 82/90   6051 s
seed 777 free_e2e epoch 83/90   6128 s
seed 777 free_e2e epoch 84/90   6201 s
seed 777 free_e2e epoch 85/90   6276 s
seed 777 free_e2e epoch 86/90   6358 s
seed 777 free_e2e epoch 87/90   6591 s
seed 777 free_e2e epoch 88/90   6671 s
seed 777 free_e2e epoch 89/90   6749 s
seed 777 free_e2e epoch 90/90   6814 s
seed 777: written
seed 1003 free_scaled jepa epoch  1/90     80 s
seed 1003 free_scaled jepa epoch  2/90    157 s
seed 1003 free_scaled jepa epoch  3/90    233 s
seed 1003 free_scaled jepa epoch  4/90    300 s
seed 1003 free_scaled jepa epoch  5/90    371 s
seed 1003 free_scaled jepa epoch  6/90    451 s
seed 1003 free_scaled jepa epoch  7/90    525 s
seed 1003 free_scaled jepa epoch  8/90    602 s
seed 1003 free_scaled jepa epoch  9/90    679 s
seed 1003 free_scaled jepa epoch 10/90    750 s
seed 1003 free_scaled jepa epoch 11/90    819 s
seed 1003 free_scaled jepa epoch 12/90    889 s
seed 1003 free_scaled jepa epoch 13/90    976 s
seed 1003 free_scaled jepa epoch 14/90   1054 s
seed 1003 free_scaled jepa epoch 15/90   1126 s
seed 1003 free_scaled jepa epoch 16/90   1198 s
seed 1003 free_scaled jepa epoch 17/90   1261 s
seed 1003 free_scaled jepa epoch 18/90   1330 s
seed 1003 free_scaled jepa epoch 19/90   1395 s
seed 1003 free_scaled jepa epoch 20/90   1462 s
seed 1003 free_scaled jepa epoch 21/90   1546 s
seed 1003 free_scaled jepa epoch 22/90   1622 s
seed 1003 free_scaled jepa epoch 23/90   1692 s
seed 1003 free_scaled jepa epoch 24/90   1765 s
seed 1003 free_scaled jepa epoch 25/90   1835 s
seed 1003 free_scaled jepa epoch 26/90   1910 s
seed 1003 free_scaled jepa epoch 27/90   1982 s
seed 1003 free_scaled jepa epoch 28/90   2063 s
seed 1003 free_scaled jepa epoch 29/90   2139 s
seed 1003 free_scaled jepa epoch 30/90   2228 s
seed 1003 free_scaled jepa epoch 31/90   2305 s
seed 1003 free_scaled jepa epoch 32/90   2383 s
seed 1003 free_scaled jepa epoch 33/90   2461 s
seed 1003 free_scaled jepa epoch 34/90   2541 s
seed 1003 free_scaled jepa epoch 35/90   2619 s
seed 1003 free_scaled jepa epoch 36/90   2696 s
seed 1003 free_scaled jepa epoch 37/90   2774 s
seed 1003 free_scaled jepa epoch 38/90   2850 s
seed 1003 free_scaled jepa epoch 39/90   2927 s
seed 1003 free_scaled jepa epoch 40/90   3006 s
seed 1003 free_scaled jepa epoch 41/90   3083 s
seed 1003 free_scaled jepa epoch 42/90   3160 s
seed 1003 free_scaled jepa epoch 43/90   3235 s
seed 1003 free_scaled jepa epoch 44/90   3314 s
seed 1003 free_scaled jepa epoch 45/90   3392 s
seed 1003 free_scaled jepa epoch 46/90   3467 s
seed 1003 free_scaled jepa epoch 47/90   3554 s
seed 1003 free_scaled jepa epoch 48/90   3644 s
seed 1003 free_scaled jepa epoch 49/90   3741 s
seed 1003 free_scaled jepa epoch 50/90   3813 s
seed 1003 free_scaled jepa epoch 51/90   3884 s
seed 1003 free_scaled jepa epoch 52/90   3979 s
seed 1003 free_scaled jepa epoch 53/90   4055 s
seed 1003 free_scaled jepa epoch 54/90   4130 s
seed 1003 free_scaled jepa epoch 55/90   4214 s
seed 1003 free_scaled jepa epoch 56/90   4290 s
seed 1003 free_scaled jepa epoch 57/90   4365 s
seed 1003 free_scaled jepa epoch 58/90   4443 s
seed 1003 free_scaled jepa epoch 59/90   4516 s
seed 1003 free_scaled jepa epoch 60/90   4588 s
seed 1003 free_scaled jepa epoch 61/90   4657 s
seed 1003 free_scaled jepa epoch 62/90   4723 s
seed 1003 free_scaled jepa epoch 63/90   4798 s
seed 1003 free_scaled jepa epoch 64/90   4874 s
seed 1003 free_scaled jepa epoch 65/90   4948 s
seed 1003 free_scaled jepa epoch 66/90   5083 s
seed 1003 free_scaled jepa epoch 67/90   5217 s
seed 1003 free_scaled jepa epoch 68/90   5294 s
seed 1003 free_scaled jepa epoch 69/90   5370 s
seed 1003 free_scaled jepa epoch 70/90   5445 s
seed 1003 free_scaled jepa epoch 71/90   5520 s
seed 1003 free_scaled jepa epoch 72/90   5586 s
seed 1003 free_scaled jepa epoch 73/90   5657 s
seed 1003 free_scaled jepa epoch 74/90   5723 s
seed 1003 free_scaled jepa epoch 75/90   5796 s
seed 1003 free_scaled jepa epoch 76/90   5862 s
seed 1003 free_scaled jepa epoch 77/90   5933 s
seed 1003 free_scaled jepa epoch 78/90   6003 s
seed 1003 free_scaled jepa epoch 79/90   6079 s
seed 1003 free_scaled jepa epoch 80/90   6147 s
seed 1003 free_scaled jepa epoch 81/90   6226 s
seed 1003 free_scaled jepa epoch 82/90   6302 s
seed 1003 free_scaled jepa epoch 83/90   6375 s
seed 1003 free_scaled jepa epoch 84/90   6451 s
seed 1003 free_scaled jepa epoch 85/90   6526 s
seed 1003 free_scaled jepa epoch 86/90   6610 s
seed 1003 free_scaled jepa epoch 87/90   6682 s
seed 1003 free_scaled jepa epoch 88/90   6752 s
seed 1003 free_scaled jepa epoch 89/90   6827 s
seed 1003 free_scaled jepa epoch 90/90   6895 s
seed 1003 free_e2e epoch  1/90    102 s
seed 1003 free_e2e epoch  2/90    233 s
seed 1003 free_e2e epoch  3/90    336 s
seed 1003 free_e2e epoch  4/90    415 s
seed 1003 free_e2e epoch  5/90    485 s
seed 1003 free_e2e epoch  6/90    553 s
seed 1003 free_e2e epoch  7/90    642 s
seed 1003 free_e2e epoch  8/90    718 s
seed 1003 free_e2e epoch  9/90    798 s
seed 1003 free_e2e epoch 10/90    877 s
seed 1003 free_e2e epoch 11/90    956 s
seed 1003 free_e2e epoch 12/90   1035 s
seed 1003 free_e2e epoch 13/90   1108 s
seed 1003 free_e2e epoch 14/90   1200 s
seed 1003 free_e2e epoch 15/90   1325 s
seed 1003 free_e2e epoch 16/90   1423 s
seed 1003 free_e2e epoch 17/90   1503 s
seed 1003 free_e2e epoch 18/90   1584 s
seed 1003 free_e2e epoch 19/90   1661 s
seed 1003 free_e2e epoch 20/90   1741 s
seed 1003 free_e2e epoch 21/90   1821 s
seed 1003 free_e2e epoch 22/90   1898 s
seed 1003 free_e2e epoch 23/90   1974 s
seed 1003 free_e2e epoch 24/90   2049 s
seed 1003 free_e2e epoch 25/90   2127 s
seed 1003 free_e2e epoch 26/90   2202 s
seed 1003 free_e2e epoch 27/90   2278 s
seed 1003 free_e2e epoch 28/90   2355 s
seed 1003 free_e2e epoch 29/90   2466 s
seed 1003 free_e2e epoch 30/90   2545 s
seed 1003 free_e2e epoch 31/90   2630 s
seed 1003 free_e2e epoch 32/90   2720 s
seed 1003 free_e2e epoch 33/90   2796 s
seed 1003 free_e2e epoch 34/90   2873 s
seed 1003 free_e2e epoch 35/90   2952 s
seed 1003 free_e2e epoch 36/90   3040 s
seed 1003 free_e2e epoch 37/90   3117 s
seed 1003 free_e2e epoch 38/90   3194 s
seed 1003 free_e2e epoch 39/90   3271 s
seed 1003 free_e2e epoch 40/90   3349 s
seed 1003 free_e2e epoch 41/90   3424 s
seed 1003 free_e2e epoch 42/90   3501 s
seed 1003 free_e2e epoch 43/90   3578 s
seed 1003 free_e2e epoch 44/90   3654 s
seed 1003 free_e2e epoch 45/90   3730 s
seed 1003 free_e2e epoch 46/90   3807 s
seed 1003 free_e2e epoch 47/90   3883 s
seed 1003 free_e2e epoch 48/90   3960 s
seed 1003 free_e2e epoch 49/90   4038 s
seed 1003 free_e2e epoch 50/90   4114 s
seed 1003 free_e2e epoch 51/90   4191 s
seed 1003 free_e2e epoch 52/90   4267 s
seed 1003 free_e2e epoch 53/90   4342 s
seed 1003 free_e2e epoch 54/90   4421 s
seed 1003 free_e2e epoch 55/90   4498 s
seed 1003 free_e2e epoch 56/90   4574 s
seed 1003 free_e2e epoch 57/90   4654 s
seed 1003 free_e2e epoch 58/90   4733 s
seed 1003 free_e2e epoch 59/90   4811 s
seed 1003 free_e2e epoch 60/90   4888 s
seed 1003 free_e2e epoch 61/90   4967 s
seed 1003 free_e2e epoch 62/90   5046 s
seed 1003 free_e2e epoch 63/90   5124 s
seed 1003 free_e2e epoch 64/90   5201 s
seed 1003 free_e2e epoch 65/90   5280 s
seed 1003 free_e2e epoch 66/90   5361 s
seed 1003 free_e2e epoch 67/90   5438 s
seed 1003 free_e2e epoch 68/90   5517 s
seed 1003 free_e2e epoch 69/90   5597 s
seed 1003 free_e2e epoch 70/90   5675 s
seed 1003 free_e2e epoch 71/90   5754 s
seed 1003 free_e2e epoch 72/90   5831 s
seed 1003 free_e2e epoch 73/90   5909 s
seed 1003 free_e2e epoch 74/90   5986 s
seed 1003 free_e2e epoch 75/90   6065 s
seed 1003 free_e2e epoch 76/90   6144 s
seed 1003 free_e2e epoch 77/90   6222 s
seed 1003 free_e2e epoch 78/90   6301 s
seed 1003 free_e2e epoch 79/90   6380 s
seed 1003 free_e2e epoch 80/90   6459 s
seed 1003 free_e2e epoch 81/90   6536 s
seed 1003 free_e2e epoch 82/90   6615 s
seed 1003 free_e2e epoch 83/90   6693 s
seed 1003 free_e2e epoch 84/90   6770 s
seed 1003 free_e2e epoch 85/90   6848 s
seed 1003 free_e2e epoch 86/90   6924 s
seed 1003 free_e2e epoch 87/90   7002 s
seed 1003 free_e2e epoch 88/90   7079 s
seed 1003 free_e2e epoch 89/90   7157 s
seed 1003 free_e2e epoch 90/90   7237 s
seed 1003: written
