nohup: ignoring input
seed 42 n25 free_scaled stage 1 epoch  1/90     10 s
seed 42 n25 free_scaled stage 1 epoch  2/90     14 s
seed 42 n25 free_scaled stage 1 epoch  3/90     20 s
seed 42 n25 free_scaled stage 1 epoch  4/90     25 s
seed 42 n25 free_scaled stage 1 epoch  5/90     29 s
seed 42 n25 free_scaled stage 1 epoch  6/90     34 s
seed 42 n25 free_scaled stage 1 epoch  7/90     38 s
seed 42 n25 free_scaled stage 1 epoch  8/90     45 s
seed 42 n25 free_scaled stage 1 epoch  9/90     49 s
seed 42 n25 free_scaled stage 1 epoch 10/90     54 s
seed 42 n25 free_scaled stage 1 epoch 11/90     61 s
seed 42 n25 free_scaled stage 1 epoch 12/90     68 s
seed 42 n25 free_scaled stage 1 epoch 13/90     73 s
seed 42 n25 free_scaled stage 1 epoch 14/90     79 s
seed 42 n25 free_scaled stage 1 epoch 15/90     84 s
seed 42 n25 free_scaled stage 1 epoch 16/90     88 s
seed 42 n25 free_scaled stage 1 epoch 17/90     94 s
seed 42 n25 free_scaled stage 1 epoch 18/90    101 s
seed 42 n25 free_scaled stage 1 epoch 19/90    107 s
seed 42 n25 free_scaled stage 1 epoch 20/90    113 s
seed 42 n25 free_scaled stage 1 epoch 21/90    118 s
seed 42 n25 free_scaled stage 1 epoch 22/90    123 s
seed 42 n25 free_scaled stage 1 epoch 23/90    134 s
seed 42 n25 free_scaled stage 1 epoch 24/90    144 s
seed 42 n25 free_scaled stage 1 epoch 25/90    158 s
seed 42 n25 free_scaled stage 1 epoch 26/90    169 s
seed 42 n25 free_scaled stage 1 epoch 27/90    177 s
seed 42 n25 free_scaled stage 1 epoch 28/90    183 s
seed 42 n25 free_scaled stage 1 epoch 29/90    190 s
seed 42 n25 free_scaled stage 1 epoch 30/90    195 s
seed 42 n25 free_scaled stage 1 epoch 31/90    201 s
seed 42 n25 free_scaled stage 1 epoch 32/90    206 s
seed 42 n25 free_scaled stage 1 epoch 33/90    212 s
seed 42 n25 free_scaled stage 1 epoch 34/90    217 s
seed 42 n25 free_scaled stage 1 epoch 35/90    223 s
seed 42 n25 free_scaled stage 1 epoch 36/90    229 s
seed 42 n25 free_scaled stage 1 epoch 37/90    234 s
seed 42 n25 free_scaled stage 1 epoch 38/90    239 s
seed 42 n25 free_scaled stage 1 epoch 39/90    244 s
seed 42 n25 free_scaled stage 1 epoch 40/90    250 s
seed 42 n25 free_scaled stage 1 epoch 41/90    255 s
seed 42 n25 free_scaled stage 1 epoch 42/90    261 s
seed 42 n25 free_scaled stage 1 epoch 43/90    268 s
seed 42 n25 free_scaled stage 1 epoch 44/90    276 s
seed 42 n25 free_scaled stage 1 epoch 45/90    281 s
seed 42 n25 free_scaled stage 1 epoch 46/90    287 s
seed 42 n25 free_scaled stage 1 epoch 47/90    292 s
seed 42 n25 free_scaled stage 1 epoch 48/90    297 s
seed 42 n25 free_scaled stage 1 epoch 49/90    302 s
seed 42 n25 free_scaled stage 1 epoch 50/90    306 s
seed 42 n25 free_scaled stage 1 epoch 51/90    312 s
seed 42 n25 free_scaled stage 1 epoch 52/90    318 s
seed 42 n25 free_scaled stage 1 epoch 53/90    324 s
seed 42 n25 free_scaled stage 1 epoch 54/90    331 s
seed 42 n25 free_scaled stage 1 epoch 55/90    338 s
seed 42 n25 free_scaled stage 1 epoch 56/90    343 s
seed 42 n25 free_scaled stage 1 epoch 57/90    348 s
seed 42 n25 free_scaled stage 1 epoch 58/90    355 s
seed 42 n25 free_scaled stage 1 epoch 59/90    361 s
seed 42 n25 free_scaled stage 1 epoch 60/90    366 s
seed 42 n25 free_scaled stage 1 epoch 61/90    371 s
seed 42 n25 free_scaled stage 1 epoch 62/90    376 s
seed 42 n25 free_scaled stage 1 epoch 63/90    380 s
seed 42 n25 free_scaled stage 1 epoch 64/90    385 s
seed 42 n25 free_scaled stage 1 epoch 65/90    390 s
seed 42 n25 free_scaled stage 1 epoch 66/90    395 s
seed 42 n25 free_scaled stage 1 epoch 67/90    400 s
seed 42 n25 free_scaled stage 1 epoch 68/90    405 s
seed 42 n25 free_scaled stage 1 epoch 69/90    410 s
seed 42 n25 free_scaled stage 1 epoch 70/90    418 s
seed 42 n25 free_scaled stage 1 epoch 71/90    424 s
seed 42 n25 free_scaled stage 1 epoch 72/90    429 s
seed 42 n25 free_scaled stage 1 epoch 73/90    437 s
seed 42 n25 free_scaled stage 1 epoch 74/90    445 s
seed 42 n25 free_scaled stage 1 epoch 75/90    451 s
seed 42 n25 free_scaled stage 1 epoch 76/90    458 s
seed 42 n25 free_scaled stage 1 epoch 77/90    463 s
seed 42 n25 free_scaled stage 1 epoch 78/90    468 s
seed 42 n25 free_scaled stage 1 epoch 79/90    472 s
seed 42 n25 free_scaled stage 1 epoch 80/90    477 s
seed 42 n25 free_scaled stage 1 epoch 81/90    481 s
seed 42 n25 free_scaled stage 1 epoch 82/90    486 s
seed 42 n25 free_scaled stage 1 epoch 83/90    490 s
seed 42 n25 free_scaled stage 1 epoch 84/90    496 s
seed 42 n25 free_scaled stage 1 epoch 85/90    500 s
seed 42 n25 free_scaled stage 1 epoch 86/90    505 s
seed 42 n25 free_scaled stage 1 epoch 87/90    509 s
seed 42 n25 free_scaled stage 1 epoch 88/90    514 s
seed 42 n25 free_scaled stage 1 epoch 89/90    518 s
seed 42 n25 free_scaled stage 1 epoch 90/90    523 s
seed 42 n25 free_scaled stage 2 epoch  1/90    525 s
seed 42 n25 free_scaled stage 2 epoch  2/90    527 s
seed 42 n25 free_scaled stage 2 epoch  3/90    529 s
seed 42 n25 free_scaled stage 2 epoch  4/90    532 s
seed 42 n25 free_scaled stage 2 epoch  5/90    534 s
seed 42 n25 free_scaled stage 2 epoch  6/90    536 s
seed 42 n25 free_scaled stage 2 epoch  7/90    538 s
seed 42 n25 free_scaled stage 2 epoch  8/90    540 s
seed 42 n25 free_scaled stage 2 epoch  9/90    544 s
seed 42 n25 free_scaled stage 2 epoch 10/90    547 s
seed 42 n25 free_scaled stage 2 epoch 11/90    549 s
seed 42 n25 free_scaled stage 2 epoch 12/90    551 s
seed 42 n25 free_scaled stage 2 epoch 13/90    554 s
seed 42 n25 free_scaled stage 2 epoch 14/90    557 s
seed 42 n25 free_scaled stage 2 epoch 15/90    559 s
seed 42 n25 free_scaled stage 2 epoch 16/90    562 s
seed 42 n25 free_scaled stage 2 epoch 17/90    566 s
seed 42 n25 free_scaled stage 2 epoch 18/90    570 s
seed 42 n25 free_scaled stage 2 epoch 19/90    572 s
seed 42 n25 free_scaled stage 2 epoch 20/90    574 s
seed 42 n25 free_scaled stage 2 epoch 21/90    576 s
seed 42 n25 free_scaled stage 2 epoch 22/90    578 s
seed 42 n25 free_scaled stage 2 epoch 23/90    581 s
seed 42 n25 free_scaled stage 2 epoch 24/90    583 s
seed 42 n25 free_scaled stage 2 epoch 25/90    586 s
seed 42 n25 free_scaled stage 2 epoch 26/90    588 s
seed 42 n25 free_scaled stage 2 epoch 27/90    589 s
seed 42 n25 free_scaled stage 2 epoch 28/90    591 s
seed 42 n25 free_scaled stage 2 epoch 29/90    594 s
seed 42 n25 free_scaled stage 2 epoch 30/90    596 s
seed 42 n25 free_scaled stage 2 epoch 31/90    598 s
seed 42 n25 free_scaled stage 2 epoch 32/90    600 s
seed 42 n25 free_scaled stage 2 epoch 33/90    602 s
seed 42 n25 free_scaled stage 2 epoch 34/90    604 s
seed 42 n25 free_scaled stage 2 epoch 35/90    606 s
seed 42 n25 free_scaled stage 2 epoch 36/90    609 s
seed 42 n25 free_scaled stage 2 epoch 37/90    612 s
seed 42 n25 free_scaled stage 2 epoch 38/90    614 s
seed 42 n25 free_scaled stage 2 epoch 39/90    616 s
seed 42 n25 free_scaled stage 2 epoch 40/90    619 s
seed 42 n25 free_scaled stage 2 epoch 41/90    622 s
seed 42 n25 free_scaled stage 2 epoch 42/90    624 s
seed 42 n25 free_scaled stage 2 epoch 43/90    627 s
seed 42 n25 free_scaled stage 2 epoch 44/90    631 s
seed 42 n25 free_scaled stage 2 epoch 45/90    633 s
seed 42 n25 free_scaled stage 2 epoch 46/90    635 s
seed 42 n25 free_scaled stage 2 epoch 47/90    637 s
seed 42 n25 free_scaled stage 2 epoch 48/90    639 s
seed 42 n25 free_scaled stage 2 epoch 49/90    641 s
seed 42 n25 free_scaled stage 2 epoch 50/90    644 s
seed 42 n25 free_scaled stage 2 epoch 51/90    647 s
seed 42 n25 free_scaled stage 2 epoch 52/90    650 s
seed 42 n25 free_scaled stage 2 epoch 53/90    652 s
seed 42 n25 free_scaled stage 2 epoch 54/90    655 s
seed 42 n25 free_scaled stage 2 epoch 55/90    657 s
seed 42 n25 free_scaled stage 2 epoch 56/90    659 s
seed 42 n25 free_scaled stage 2 epoch 57/90    661 s
seed 42 n25 free_scaled stage 2 epoch 58/90    663 s
seed 42 n25 free_scaled stage 2 epoch 59/90    665 s
seed 42 n25 free_scaled stage 2 epoch 60/90    668 s
seed 42 n25 free_scaled stage 2 epoch 61/90    670 s
seed 42 n25 free_scaled stage 2 epoch 62/90    673 s
seed 42 n25 free_scaled stage 2 epoch 63/90    675 s
seed 42 n25 free_scaled stage 2 epoch 64/90    678 s
seed 42 n25 free_scaled stage 2 epoch 65/90    681 s
seed 42 n25 free_scaled stage 2 epoch 66/90    683 s
seed 42 n25 free_scaled stage 2 epoch 67/90    685 s
seed 42 n25 free_scaled stage 2 epoch 68/90    687 s
seed 42 n25 free_scaled stage 2 epoch 69/90    689 s
seed 42 n25 free_scaled stage 2 epoch 70/90    691 s
seed 42 n25 free_scaled stage 2 epoch 71/90    693 s
seed 42 n25 free_scaled stage 2 epoch 72/90    695 s
seed 42 n25 free_scaled stage 2 epoch 73/90    698 s
seed 42 n25 free_scaled stage 2 epoch 74/90    702 s
seed 42 n25 free_scaled stage 2 epoch 75/90    704 s
seed 42 n25 free_scaled stage 2 epoch 76/90    706 s
seed 42 n25 free_scaled stage 2 epoch 77/90    711 s
seed 42 n25 free_scaled stage 2 epoch 78/90    713 s
seed 42 n25 free_scaled stage 2 epoch 79/90    716 s
seed 42 n25 free_scaled stage 2 epoch 80/90    719 s
seed 42 n25 free_scaled stage 2 epoch 81/90    721 s
seed 42 n25 free_scaled stage 2 epoch 82/90    725 s
seed 42 n25 free_scaled stage 2 epoch 83/90    727 s
seed 42 n25 free_scaled stage 2 epoch 84/90    730 s
seed 42 n25 free_scaled stage 2 epoch 85/90    733 s
seed 42 n25 free_scaled stage 2 epoch 86/90    735 s
seed 42 n25 free_scaled stage 2 epoch 87/90    738 s
seed 42 n25 free_scaled stage 2 epoch 88/90    741 s
seed 42 n25 free_scaled stage 2 epoch 89/90    744 s
seed 42 n25 free_scaled stage 2 epoch 90/90    746 s
seed 42 n25 prescribed_std stage 2 epoch  1/90      2 s
seed 42 n25 prescribed_std stage 2 epoch  2/90      5 s
seed 42 n25 prescribed_std stage 2 epoch  3/90      8 s
seed 42 n25 prescribed_std stage 2 epoch  4/90     12 s
seed 42 n25 prescribed_std stage 2 epoch  5/90     16 s
seed 42 n25 prescribed_std stage 2 epoch  6/90     22 s
seed 42 n25 prescribed_std stage 2 epoch  7/90     27 s
seed 42 n25 prescribed_std stage 2 epoch  8/90     31 s
seed 42 n25 prescribed_std stage 2 epoch  9/90     33 s
seed 42 n25 prescribed_std stage 2 epoch 10/90     35 s
seed 42 n25 prescribed_std stage 2 epoch 11/90     37 s
seed 42 n25 prescribed_std stage 2 epoch 12/90     40 s
seed 42 n25 prescribed_std stage 2 epoch 13/90     42 s
seed 42 n25 prescribed_std stage 2 epoch 14/90     47 s
seed 42 n25 prescribed_std stage 2 epoch 15/90     51 s
seed 42 n25 prescribed_std stage 2 epoch 16/90     56 s
seed 42 n25 prescribed_std stage 2 epoch 17/90     60 s
seed 42 n25 prescribed_std stage 2 epoch 18/90     65 s
seed 42 n25 prescribed_std stage 2 epoch 19/90     70 s
seed 42 n25 prescribed_std stage 2 epoch 20/90     72 s
seed 42 n25 prescribed_std stage 2 epoch 21/90     74 s
seed 42 n25 prescribed_std stage 2 epoch 22/90     76 s
seed 42 n25 prescribed_std stage 2 epoch 23/90     79 s
seed 42 n25 prescribed_std stage 2 epoch 24/90     82 s
seed 42 n25 prescribed_std stage 2 epoch 25/90     84 s
seed 42 n25 prescribed_std stage 2 epoch 26/90     86 s
seed 42 n25 prescribed_std stage 2 epoch 27/90     88 s
seed 42 n25 prescribed_std stage 2 epoch 28/90     90 s
seed 42 n25 prescribed_std stage 2 epoch 29/90     91 s
seed 42 n25 prescribed_std stage 2 epoch 30/90     93 s
seed 42 n25 prescribed_std stage 2 epoch 31/90     95 s
seed 42 n25 prescribed_std stage 2 epoch 32/90     97 s
seed 42 n25 prescribed_std stage 2 epoch 33/90     99 s
seed 42 n25 prescribed_std stage 2 epoch 34/90    100 s
seed 42 n25 prescribed_std stage 2 epoch 35/90    102 s
seed 42 n25 prescribed_std stage 2 epoch 36/90    104 s
seed 42 n25 prescribed_std stage 2 epoch 37/90    106 s
seed 42 n25 prescribed_std stage 2 epoch 38/90    108 s
seed 42 n25 prescribed_std stage 2 epoch 39/90    110 s
seed 42 n25 prescribed_std stage 2 epoch 40/90    112 s
seed 42 n25 prescribed_std stage 2 epoch 41/90    114 s
seed 42 n25 prescribed_std stage 2 epoch 42/90    115 s
seed 42 n25 prescribed_std stage 2 epoch 43/90    117 s
seed 42 n25 prescribed_std stage 2 epoch 44/90    119 s
seed 42 n25 prescribed_std stage 2 epoch 45/90    121 s
seed 42 n25 prescribed_std stage 2 epoch 46/90    123 s
seed 42 n25 prescribed_std stage 2 epoch 47/90    124 s
seed 42 n25 prescribed_std stage 2 epoch 48/90    126 s
seed 42 n25 prescribed_std stage 2 epoch 49/90    128 s
seed 42 n25 prescribed_std stage 2 epoch 50/90    130 s
seed 42 n25 prescribed_std stage 2 epoch 51/90    132 s
seed 42 n25 prescribed_std stage 2 epoch 52/90    134 s
seed 42 n25 prescribed_std stage 2 epoch 53/90    135 s
seed 42 n25 prescribed_std stage 2 epoch 54/90    137 s
seed 42 n25 prescribed_std stage 2 epoch 55/90    139 s
seed 42 n25 prescribed_std stage 2 epoch 56/90    141 s
seed 42 n25 prescribed_std stage 2 epoch 57/90    142 s
seed 42 n25 prescribed_std stage 2 epoch 58/90    144 s
seed 42 n25 prescribed_std stage 2 epoch 59/90    146 s
seed 42 n25 prescribed_std stage 2 epoch 60/90    147 s
seed 42 n25 prescribed_std stage 2 epoch 61/90    149 s
seed 42 n25 prescribed_std stage 2 epoch 62/90    151 s
seed 42 n25 prescribed_std stage 2 epoch 63/90    153 s
seed 42 n25 prescribed_std stage 2 epoch 64/90    154 s
seed 42 n25 prescribed_std stage 2 epoch 65/90    156 s
seed 42 n25 prescribed_std stage 2 epoch 66/90    158 s
seed 42 n25 prescribed_std stage 2 epoch 67/90    160 s
seed 42 n25 prescribed_std stage 2 epoch 68/90    161 s
seed 42 n25 prescribed_std stage 2 epoch 69/90    163 s
seed 42 n25 prescribed_std stage 2 epoch 70/90    165 s
seed 42 n25 prescribed_std stage 2 epoch 71/90    169 s
seed 42 n25 prescribed_std stage 2 epoch 72/90    173 s
seed 42 n25 prescribed_std stage 2 epoch 73/90    177 s
seed 42 n25 prescribed_std stage 2 epoch 74/90    181 s
seed 42 n25 prescribed_std stage 2 epoch 75/90    187 s
seed 42 n25 prescribed_std stage 2 epoch 76/90    192 s
seed 42 n25 prescribed_std stage 2 epoch 77/90    198 s
seed 42 n25 prescribed_std stage 2 epoch 78/90    203 s
seed 42 n25 prescribed_std stage 2 epoch 79/90    208 s
seed 42 n25 prescribed_std stage 2 epoch 80/90    213 s
seed 42 n25 prescribed_std stage 2 epoch 81/90    217 s
seed 42 n25 prescribed_std stage 2 epoch 82/90    219 s
seed 42 n25 prescribed_std stage 2 epoch 83/90    223 s
seed 42 n25 prescribed_std stage 2 epoch 84/90    225 s
seed 42 n25 prescribed_std stage 2 epoch 85/90    227 s
seed 42 n25 prescribed_std stage 2 epoch 86/90    232 s
seed 42 n25 prescribed_std stage 2 epoch 87/90    235 s
seed 42 n25 prescribed_std stage 2 epoch 88/90    237 s
seed 42 n25 prescribed_std stage 2 epoch 89/90    239 s
seed 42 n25 prescribed_std stage 2 epoch 90/90    240 s
seed 42 n50 free_scaled stage 1 epoch  1/90     13 s
seed 42 n50 free_scaled stage 1 epoch  2/90     25 s
seed 42 n50 free_scaled stage 1 epoch  3/90     37 s
seed 42 n50 free_scaled stage 1 epoch  4/90     48 s
seed 42 n50 free_scaled stage 1 epoch  5/90     58 s
seed 42 n50 free_scaled stage 1 epoch  6/90     69 s
seed 42 n50 free_scaled stage 1 epoch  7/90     82 s
seed 42 n50 free_scaled stage 1 epoch  8/90     93 s
seed 42 n50 free_scaled stage 1 epoch  9/90    109 s
seed 42 n50 free_scaled stage 1 epoch 10/90    122 s
seed 42 n50 free_scaled stage 1 epoch 11/90    133 s
seed 42 n50 free_scaled stage 1 epoch 12/90    145 s
seed 42 n50 free_scaled stage 1 epoch 13/90    158 s
seed 42 n50 free_scaled stage 1 epoch 14/90    171 s
seed 42 n50 free_scaled stage 1 epoch 15/90    181 s
seed 42 n50 free_scaled stage 1 epoch 16/90    192 s
seed 42 n50 free_scaled stage 1 epoch 17/90    203 s
seed 42 n50 free_scaled stage 1 epoch 18/90    214 s
seed 42 n50 free_scaled stage 1 epoch 19/90    231 s
seed 42 n50 free_scaled stage 1 epoch 20/90    243 s
seed 42 n50 free_scaled stage 1 epoch 21/90    254 s
seed 42 n50 free_scaled stage 1 epoch 22/90    269 s
seed 42 n50 free_scaled stage 1 epoch 23/90    282 s
seed 42 n50 free_scaled stage 1 epoch 24/90    294 s
seed 42 n50 free_scaled stage 1 epoch 25/90    303 s
seed 42 n50 free_scaled stage 1 epoch 26/90    314 s
seed 42 n50 free_scaled stage 1 epoch 27/90    325 s
seed 42 n50 free_scaled stage 1 epoch 28/90    334 s
seed 42 n50 free_scaled stage 1 epoch 29/90    343 s
seed 42 n50 free_scaled stage 1 epoch 30/90    354 s
seed 42 n50 free_scaled stage 1 epoch 31/90    364 s
seed 42 n50 free_scaled stage 1 epoch 32/90    376 s
seed 42 n50 free_scaled stage 1 epoch 33/90    391 s
seed 42 n50 free_scaled stage 1 epoch 34/90    411 s
seed 42 n50 free_scaled stage 1 epoch 35/90    426 s
seed 42 n50 free_scaled stage 1 epoch 36/90    451 s
seed 42 n50 free_scaled stage 1 epoch 37/90    471 s
seed 42 n50 free_scaled stage 1 epoch 38/90    491 s
seed 42 n50 free_scaled stage 1 epoch 39/90    504 s
seed 42 n50 free_scaled stage 1 epoch 40/90    514 s
seed 42 n50 free_scaled stage 1 epoch 41/90    526 s
seed 42 n50 free_scaled stage 1 epoch 42/90    538 s
seed 42 n50 free_scaled stage 1 epoch 43/90    548 s
seed 42 n50 free_scaled stage 1 epoch 44/90    559 s
seed 42 n50 free_scaled stage 1 epoch 45/90    571 s
seed 42 n50 free_scaled stage 1 epoch 46/90    588 s
seed 42 n50 free_scaled stage 1 epoch 47/90    601 s
seed 42 n50 free_scaled stage 1 epoch 48/90    614 s
seed 42 n50 free_scaled stage 1 epoch 49/90    628 s
seed 42 n50 free_scaled stage 1 epoch 50/90    640 s
seed 42 n50 free_scaled stage 1 epoch 51/90    651 s
seed 42 n50 free_scaled stage 1 epoch 52/90    663 s
seed 42 n50 free_scaled stage 1 epoch 53/90    675 s
seed 42 n50 free_scaled stage 1 epoch 54/90    685 s
seed 42 n50 free_scaled stage 1 epoch 55/90    695 s
seed 42 n50 free_scaled stage 1 epoch 56/90    704 s
seed 42 n50 free_scaled stage 1 epoch 57/90    715 s
seed 42 n50 free_scaled stage 1 epoch 58/90    725 s
seed 42 n50 free_scaled stage 1 epoch 59/90    736 s
seed 42 n50 free_scaled stage 1 epoch 60/90    751 s
seed 42 n50 free_scaled stage 1 epoch 61/90    762 s
seed 42 n50 free_scaled stage 1 epoch 62/90    772 s
seed 42 n50 free_scaled stage 1 epoch 63/90    782 s
seed 42 n50 free_scaled stage 1 epoch 64/90    792 s
seed 42 n50 free_scaled stage 1 epoch 65/90    802 s
seed 42 n50 free_scaled stage 1 epoch 66/90    812 s
seed 42 n50 free_scaled stage 1 epoch 67/90    825 s
seed 42 n50 free_scaled stage 1 epoch 68/90    835 s
seed 42 n50 free_scaled stage 1 epoch 69/90    846 s
seed 42 n50 free_scaled stage 1 epoch 70/90    861 s
seed 42 n50 free_scaled stage 1 epoch 71/90    871 s
seed 42 n50 free_scaled stage 1 epoch 72/90    884 s
seed 42 n50 free_scaled stage 1 epoch 73/90    895 s
seed 42 n50 free_scaled stage 1 epoch 74/90    909 s
seed 42 n50 free_scaled stage 1 epoch 75/90    922 s
seed 42 n50 free_scaled stage 1 epoch 76/90    933 s
seed 42 n50 free_scaled stage 1 epoch 77/90    942 s
seed 42 n50 free_scaled stage 1 epoch 78/90    952 s
seed 42 n50 free_scaled stage 1 epoch 79/90    962 s
seed 42 n50 free_scaled stage 1 epoch 80/90    972 s
seed 42 n50 free_scaled stage 1 epoch 81/90    984 s
seed 42 n50 free_scaled stage 1 epoch 82/90    999 s
seed 42 n50 free_scaled stage 1 epoch 83/90   1010 s
seed 42 n50 free_scaled stage 1 epoch 84/90   1020 s
seed 42 n50 free_scaled stage 1 epoch 85/90   1030 s
seed 42 n50 free_scaled stage 1 epoch 86/90   1042 s
seed 42 n50 free_scaled stage 1 epoch 87/90   1053 s
seed 42 n50 free_scaled stage 1 epoch 88/90   1064 s
seed 42 n50 free_scaled stage 1 epoch 89/90   1075 s
seed 42 n50 free_scaled stage 1 epoch 90/90   1086 s
seed 42 n50 free_scaled stage 2 epoch  1/90   1090 s
seed 42 n50 free_scaled stage 2 epoch  2/90   1096 s
seed 42 n50 free_scaled stage 2 epoch  3/90   1101 s
seed 42 n50 free_scaled stage 2 epoch  4/90   1105 s
seed 42 n50 free_scaled stage 2 epoch  5/90   1109 s
seed 42 n50 free_scaled stage 2 epoch  6/90   1113 s
seed 42 n50 free_scaled stage 2 epoch  7/90   1116 s
seed 42 n50 free_scaled stage 2 epoch  8/90   1120 s
seed 42 n50 free_scaled stage 2 epoch  9/90   1124 s
seed 42 n50 free_scaled stage 2 epoch 10/90   1128 s
seed 42 n50 free_scaled stage 2 epoch 11/90   1132 s
seed 42 n50 free_scaled stage 2 epoch 12/90   1136 s
seed 42 n50 free_scaled stage 2 epoch 13/90   1140 s
seed 42 n50 free_scaled stage 2 epoch 14/90   1143 s
seed 42 n50 free_scaled stage 2 epoch 15/90   1147 s
seed 42 n50 free_scaled stage 2 epoch 16/90   1150 s
seed 42 n50 free_scaled stage 2 epoch 17/90   1154 s
seed 42 n50 free_scaled stage 2 epoch 18/90   1158 s
seed 42 n50 free_scaled stage 2 epoch 19/90   1162 s
seed 42 n50 free_scaled stage 2 epoch 20/90   1165 s
seed 42 n50 free_scaled stage 2 epoch 21/90   1169 s
seed 42 n50 free_scaled stage 2 epoch 22/90   1173 s
seed 42 n50 free_scaled stage 2 epoch 23/90   1177 s
seed 42 n50 free_scaled stage 2 epoch 24/90   1181 s
seed 42 n50 free_scaled stage 2 epoch 25/90   1184 s
seed 42 n50 free_scaled stage 2 epoch 26/90   1188 s
seed 42 n50 free_scaled stage 2 epoch 27/90   1192 s
seed 42 n50 free_scaled stage 2 epoch 28/90   1196 s
seed 42 n50 free_scaled stage 2 epoch 29/90   1199 s
seed 42 n50 free_scaled stage 2 epoch 30/90   1203 s
seed 42 n50 free_scaled stage 2 epoch 31/90   1207 s
seed 42 n50 free_scaled stage 2 epoch 32/90   1210 s
seed 42 n50 free_scaled stage 2 epoch 33/90   1214 s
seed 42 n50 free_scaled stage 2 epoch 34/90   1218 s
seed 42 n50 free_scaled stage 2 epoch 35/90   1222 s
seed 42 n50 free_scaled stage 2 epoch 36/90   1225 s
seed 42 n50 free_scaled stage 2 epoch 37/90   1229 s
seed 42 n50 free_scaled stage 2 epoch 38/90   1232 s
seed 42 n50 free_scaled stage 2 epoch 39/90   1236 s
seed 42 n50 free_scaled stage 2 epoch 40/90   1240 s
seed 42 n50 free_scaled stage 2 epoch 41/90   1243 s
seed 42 n50 free_scaled stage 2 epoch 42/90   1247 s
seed 42 n50 free_scaled stage 2 epoch 43/90   1251 s
seed 42 n50 free_scaled stage 2 epoch 44/90   1255 s
seed 42 n50 free_scaled stage 2 epoch 45/90   1258 s
seed 42 n50 free_scaled stage 2 epoch 46/90   1262 s
seed 42 n50 free_scaled stage 2 epoch 47/90   1265 s
seed 42 n50 free_scaled stage 2 epoch 48/90   1269 s
seed 42 n50 free_scaled stage 2 epoch 49/90   1273 s
seed 42 n50 free_scaled stage 2 epoch 50/90   1277 s
seed 42 n50 free_scaled stage 2 epoch 51/90   1280 s
seed 42 n50 free_scaled stage 2 epoch 52/90   1284 s
seed 42 n50 free_scaled stage 2 epoch 53/90   1288 s
seed 42 n50 free_scaled stage 2 epoch 54/90   1291 s
seed 42 n50 free_scaled stage 2 epoch 55/90   1295 s
seed 42 n50 free_scaled stage 2 epoch 56/90   1299 s
seed 42 n50 free_scaled stage 2 epoch 57/90   1302 s
seed 42 n50 free_scaled stage 2 epoch 58/90   1306 s
seed 42 n50 free_scaled stage 2 epoch 59/90   1310 s
seed 42 n50 free_scaled stage 2 epoch 60/90   1314 s
seed 42 n50 free_scaled stage 2 epoch 61/90   1317 s
seed 42 n50 free_scaled stage 2 epoch 62/90   1321 s
seed 42 n50 free_scaled stage 2 epoch 63/90   1325 s
seed 42 n50 free_scaled stage 2 epoch 64/90   1328 s
seed 42 n50 free_scaled stage 2 epoch 65/90   1332 s
seed 42 n50 free_scaled stage 2 epoch 66/90   1337 s
seed 42 n50 free_scaled stage 2 epoch 67/90   1340 s
seed 42 n50 free_scaled stage 2 epoch 68/90   1344 s
seed 42 n50 free_scaled stage 2 epoch 69/90   1348 s
seed 42 n50 free_scaled stage 2 epoch 70/90   1352 s
seed 42 n50 free_scaled stage 2 epoch 71/90   1355 s
seed 42 n50 free_scaled stage 2 epoch 72/90   1359 s
seed 42 n50 free_scaled stage 2 epoch 73/90   1363 s
seed 42 n50 free_scaled stage 2 epoch 74/90   1366 s
seed 42 n50 free_scaled stage 2 epoch 75/90   1370 s
seed 42 n50 free_scaled stage 2 epoch 76/90   1374 s
seed 42 n50 free_scaled stage 2 epoch 77/90   1378 s
seed 42 n50 free_scaled stage 2 epoch 78/90   1383 s
seed 42 n50 free_scaled stage 2 epoch 79/90   1387 s
seed 42 n50 free_scaled stage 2 epoch 80/90   1390 s
seed 42 n50 free_scaled stage 2 epoch 81/90   1394 s
seed 42 n50 free_scaled stage 2 epoch 82/90   1397 s
seed 42 n50 free_scaled stage 2 epoch 83/90   1401 s
seed 42 n50 free_scaled stage 2 epoch 84/90   1405 s
seed 42 n50 free_scaled stage 2 epoch 85/90   1409 s
seed 42 n50 free_scaled stage 2 epoch 86/90   1413 s
seed 42 n50 free_scaled stage 2 epoch 87/90   1417 s
seed 42 n50 free_scaled stage 2 epoch 88/90   1421 s
seed 42 n50 free_scaled stage 2 epoch 89/90   1424 s
seed 42 n50 free_scaled stage 2 epoch 90/90   1428 s
seed 42 n50 prescribed_std stage 2 epoch  1/90      4 s
seed 42 n50 prescribed_std stage 2 epoch  2/90      7 s
seed 42 n50 prescribed_std stage 2 epoch  3/90     11 s
seed 42 n50 prescribed_std stage 2 epoch  4/90     15 s
seed 42 n50 prescribed_std stage 2 epoch  5/90     19 s
seed 42 n50 prescribed_std stage 2 epoch  6/90     24 s
seed 42 n50 prescribed_std stage 2 epoch  7/90     27 s
seed 42 n50 prescribed_std stage 2 epoch  8/90     31 s
seed 42 n50 prescribed_std stage 2 epoch  9/90     36 s
seed 42 n50 prescribed_std stage 2 epoch 10/90     42 s
seed 42 n50 prescribed_std stage 2 epoch 11/90     47 s
seed 42 n50 prescribed_std stage 2 epoch 12/90     51 s
seed 42 n50 prescribed_std stage 2 epoch 13/90     56 s
seed 42 n50 prescribed_std stage 2 epoch 14/90     60 s
seed 42 n50 prescribed_std stage 2 epoch 15/90     65 s
seed 42 n50 prescribed_std stage 2 epoch 16/90     71 s
seed 42 n50 prescribed_std stage 2 epoch 17/90     75 s
seed 42 n50 prescribed_std stage 2 epoch 18/90     79 s
seed 42 n50 prescribed_std stage 2 epoch 19/90     85 s
seed 42 n50 prescribed_std stage 2 epoch 20/90     91 s
seed 42 n50 prescribed_std stage 2 epoch 21/90     98 s
seed 42 n50 prescribed_std stage 2 epoch 22/90    103 s
seed 42 n50 prescribed_std stage 2 epoch 23/90    111 s
seed 42 n50 prescribed_std stage 2 epoch 24/90    117 s
seed 42 n50 prescribed_std stage 2 epoch 25/90    125 s
seed 42 n50 prescribed_std stage 2 epoch 26/90    131 s
seed 42 n50 prescribed_std stage 2 epoch 27/90    137 s
seed 42 n50 prescribed_std stage 2 epoch 28/90    143 s
seed 42 n50 prescribed_std stage 2 epoch 29/90    148 s
seed 42 n50 prescribed_std stage 2 epoch 30/90    155 s
seed 42 n50 prescribed_std stage 2 epoch 31/90    159 s
seed 42 n50 prescribed_std stage 2 epoch 32/90    164 s
seed 42 n50 prescribed_std stage 2 epoch 33/90    168 s
seed 42 n50 prescribed_std stage 2 epoch 34/90    172 s
seed 42 n50 prescribed_std stage 2 epoch 35/90    176 s
seed 42 n50 prescribed_std stage 2 epoch 36/90    182 s
seed 42 n50 prescribed_std stage 2 epoch 37/90    186 s
seed 42 n50 prescribed_std stage 2 epoch 38/90    191 s
seed 42 n50 prescribed_std stage 2 epoch 39/90    195 s
seed 42 n50 prescribed_std stage 2 epoch 40/90    199 s
seed 42 n50 prescribed_std stage 2 epoch 41/90    205 s
seed 42 n50 prescribed_std stage 2 epoch 42/90    209 s
seed 42 n50 prescribed_std stage 2 epoch 43/90    215 s
seed 42 n50 prescribed_std stage 2 epoch 44/90    219 s
seed 42 n50 prescribed_std stage 2 epoch 45/90    223 s
seed 42 n50 prescribed_std stage 2 epoch 46/90    227 s
seed 42 n50 prescribed_std stage 2 epoch 47/90    230 s
seed 42 n50 prescribed_std stage 2 epoch 48/90    234 s
seed 42 n50 prescribed_std stage 2 epoch 49/90    238 s
seed 42 n50 prescribed_std stage 2 epoch 50/90    242 s
seed 42 n50 prescribed_std stage 2 epoch 51/90    245 s
seed 42 n50 prescribed_std stage 2 epoch 52/90    249 s
seed 42 n50 prescribed_std stage 2 epoch 53/90    252 s
seed 42 n50 prescribed_std stage 2 epoch 54/90    256 s
seed 42 n50 prescribed_std stage 2 epoch 55/90    260 s
seed 42 n50 prescribed_std stage 2 epoch 56/90    264 s
seed 42 n50 prescribed_std stage 2 epoch 57/90    268 s
seed 42 n50 prescribed_std stage 2 epoch 58/90    272 s
seed 42 n50 prescribed_std stage 2 epoch 59/90    275 s
seed 42 n50 prescribed_std stage 2 epoch 60/90    279 s
seed 42 n50 prescribed_std stage 2 epoch 61/90    282 s
seed 42 n50 prescribed_std stage 2 epoch 62/90    286 s
seed 42 n50 prescribed_std stage 2 epoch 63/90    289 s
seed 42 n50 prescribed_std stage 2 epoch 64/90    293 s
seed 42 n50 prescribed_std stage 2 epoch 65/90    299 s
seed 42 n50 prescribed_std stage 2 epoch 66/90    304 s
seed 42 n50 prescribed_std stage 2 epoch 67/90    309 s
seed 42 n50 prescribed_std stage 2 epoch 68/90    313 s
seed 42 n50 prescribed_std stage 2 epoch 69/90    319 s
seed 42 n50 prescribed_std stage 2 epoch 70/90    323 s
seed 42 n50 prescribed_std stage 2 epoch 71/90    327 s
seed 42 n50 prescribed_std stage 2 epoch 72/90    332 s
seed 42 n50 prescribed_std stage 2 epoch 73/90    338 s
seed 42 n50 prescribed_std stage 2 epoch 74/90    341 s
seed 42 n50 prescribed_std stage 2 epoch 75/90    347 s
seed 42 n50 prescribed_std stage 2 epoch 76/90    350 s
seed 42 n50 prescribed_std stage 2 epoch 77/90    354 s
seed 42 n50 prescribed_std stage 2 epoch 78/90    358 s
seed 42 n50 prescribed_std stage 2 epoch 79/90    362 s
seed 42 n50 prescribed_std stage 2 epoch 80/90    366 s
seed 42 n50 prescribed_std stage 2 epoch 81/90    369 s
seed 42 n50 prescribed_std stage 2 epoch 82/90    373 s
seed 42 n50 prescribed_std stage 2 epoch 83/90    377 s
seed 42 n50 prescribed_std stage 2 epoch 84/90    381 s
seed 42 n50 prescribed_std stage 2 epoch 85/90    384 s
seed 42 n50 prescribed_std stage 2 epoch 86/90    388 s
seed 42 n50 prescribed_std stage 2 epoch 87/90    392 s
seed 42 n50 prescribed_std stage 2 epoch 88/90    396 s
seed 42 n50 prescribed_std stage 2 epoch 89/90    400 s
seed 42 n50 prescribed_std stage 2 epoch 90/90    403 s
seed 42 n200 prescribed_std stage 2 epoch  1/90     15 s
seed 42 n200 prescribed_std stage 2 epoch  2/90     30 s
seed 42 n200 prescribed_std stage 2 epoch  3/90     47 s
seed 42 n200 prescribed_std stage 2 epoch  4/90     63 s
seed 42 n200 prescribed_std stage 2 epoch  5/90     82 s
seed 42 n200 prescribed_std stage 2 epoch  6/90     98 s
seed 42 n200 prescribed_std stage 2 epoch  7/90    116 s
seed 42 n200 prescribed_std stage 2 epoch  8/90    135 s
seed 42 n200 prescribed_std stage 2 epoch  9/90    151 s
seed 42 n200 prescribed_std stage 2 epoch 10/90    169 s
seed 42 n200 prescribed_std stage 2 epoch 11/90    186 s
seed 42 n200 prescribed_std stage 2 epoch 12/90    202 s
seed 42 n200 prescribed_std stage 2 epoch 13/90    219 s
seed 42 n200 prescribed_std stage 2 epoch 14/90    235 s
seed 42 n200 prescribed_std stage 2 epoch 15/90    253 s
seed 42 n200 prescribed_std stage 2 epoch 16/90    270 s
seed 42 n200 prescribed_std stage 2 epoch 17/90    286 s
seed 42 n200 prescribed_std stage 2 epoch 18/90    303 s
seed 42 n200 prescribed_std stage 2 epoch 19/90    321 s
seed 42 n200 prescribed_std stage 2 epoch 20/90    337 s
seed 42 n200 prescribed_std stage 2 epoch 21/90    353 s
seed 42 n200 prescribed_std stage 2 epoch 22/90    373 s
seed 42 n200 prescribed_std stage 2 epoch 23/90    389 s
seed 42 n200 prescribed_std stage 2 epoch 24/90    405 s
seed 42 n200 prescribed_std stage 2 epoch 25/90    420 s
seed 42 n200 prescribed_std stage 2 epoch 26/90    437 s
seed 42 n200 prescribed_std stage 2 epoch 27/90    453 s
seed 42 n200 prescribed_std stage 2 epoch 28/90    471 s
seed 42 n200 prescribed_std stage 2 epoch 29/90    487 s
seed 42 n200 prescribed_std stage 2 epoch 30/90    504 s
seed 42 n200 prescribed_std stage 2 epoch 31/90    521 s
seed 42 n200 prescribed_std stage 2 epoch 32/90    537 s
seed 42 n200 prescribed_std stage 2 epoch 33/90    553 s
seed 42 n200 prescribed_std stage 2 epoch 34/90    571 s
seed 42 n200 prescribed_std stage 2 epoch 35/90    588 s
seed 42 n200 prescribed_std stage 2 epoch 36/90    605 s
seed 42 n200 prescribed_std stage 2 epoch 37/90    624 s
seed 42 n200 prescribed_std stage 2 epoch 38/90    640 s
seed 42 n200 prescribed_std stage 2 epoch 39/90    658 s
seed 42 n200 prescribed_std stage 2 epoch 40/90    678 s
seed 42 n200 prescribed_std stage 2 epoch 41/90    694 s
seed 42 n200 prescribed_std stage 2 epoch 42/90    711 s
seed 42 n200 prescribed_std stage 2 epoch 43/90    732 s
seed 42 n200 prescribed_std stage 2 epoch 44/90    752 s
seed 42 n200 prescribed_std stage 2 epoch 45/90    769 s
seed 42 n200 prescribed_std stage 2 epoch 46/90    787 s
seed 42 n200 prescribed_std stage 2 epoch 47/90    806 s
seed 42 n200 prescribed_std stage 2 epoch 48/90    824 s
seed 42 n200 prescribed_std stage 2 epoch 49/90    842 s
seed 42 n200 prescribed_std stage 2 epoch 50/90    860 s
seed 42 n200 prescribed_std stage 2 epoch 51/90    880 s
seed 42 n200 prescribed_std stage 2 epoch 52/90    898 s
seed 42 n200 prescribed_std stage 2 epoch 53/90    915 s
seed 42 n200 prescribed_std stage 2 epoch 54/90    930 s
seed 42 n200 prescribed_std stage 2 epoch 55/90    944 s
seed 42 n200 prescribed_std stage 2 epoch 56/90    960 s
seed 42 n200 prescribed_std stage 2 epoch 57/90    980 s
seed 42 n200 prescribed_std stage 2 epoch 58/90    999 s
seed 42 n200 prescribed_std stage 2 epoch 59/90   1013 s
seed 42 n200 prescribed_std stage 2 epoch 60/90   1030 s
seed 42 n200 prescribed_std stage 2 epoch 61/90   1048 s
seed 42 n200 prescribed_std stage 2 epoch 62/90   1066 s
seed 42 n200 prescribed_std stage 2 epoch 63/90   1083 s
seed 42 n200 prescribed_std stage 2 epoch 64/90   1101 s
seed 42 n200 prescribed_std stage 2 epoch 65/90   1122 s
seed 42 n200 prescribed_std stage 2 epoch 66/90   1141 s
seed 42 n200 prescribed_std stage 2 epoch 67/90   1160 s
seed 42 n200 prescribed_std stage 2 epoch 68/90   1180 s
seed 42 n200 prescribed_std stage 2 epoch 69/90   1199 s
seed 42 n200 prescribed_std stage 2 epoch 70/90   1215 s
seed 42 n200 prescribed_std stage 2 epoch 71/90   1235 s
seed 42 n200 prescribed_std stage 2 epoch 72/90   1254 s
seed 42 n200 prescribed_std stage 2 epoch 73/90   1270 s
seed 42 n200 prescribed_std stage 2 epoch 74/90   1291 s
seed 42 n200 prescribed_std stage 2 epoch 75/90   1308 s
seed 42 n200 prescribed_std stage 2 epoch 76/90   1330 s
seed 42 n200 prescribed_std stage 2 epoch 77/90   1352 s
seed 42 n200 prescribed_std stage 2 epoch 78/90   1370 s
seed 42 n200 prescribed_std stage 2 epoch 79/90   1387 s
seed 42 n200 prescribed_std stage 2 epoch 80/90   1403 s
seed 42 n200 prescribed_std stage 2 epoch 81/90   1420 s
seed 42 n200 prescribed_std stage 2 epoch 82/90   1436 s
seed 42 n200 prescribed_std stage 2 epoch 83/90   1454 s
seed 42 n200 prescribed_std stage 2 epoch 84/90   1477 s
seed 42 n200 prescribed_std stage 2 epoch 85/90   1493 s
seed 42 n200 prescribed_std stage 2 epoch 86/90   1509 s
seed 42 n200 prescribed_std stage 2 epoch 87/90   1527 s
seed 42 n200 prescribed_std stage 2 epoch 88/90   1543 s
seed 42 n200 prescribed_std stage 2 epoch 89/90   1569 s
seed 42 n200 prescribed_std stage 2 epoch 90/90   1593 s
seed 42 n200 prescribed_gate stage 2 epoch  1/90     18 s
seed 42 n200 prescribed_gate stage 2 epoch  2/90     46 s
seed 42 n200 prescribed_gate stage 2 epoch  3/90     71 s
seed 42 n200 prescribed_gate stage 2 epoch  4/90     92 s
seed 42 n200 prescribed_gate stage 2 epoch  5/90    108 s
seed 42 n200 prescribed_gate stage 2 epoch  6/90    128 s
seed 42 n200 prescribed_gate stage 2 epoch  7/90    158 s
seed 42 n200 prescribed_gate stage 2 epoch  8/90    178 s
seed 42 n200 prescribed_gate stage 2 epoch  9/90    195 s
seed 42 n200 prescribed_gate stage 2 epoch 10/90    212 s
seed 42 n200 prescribed_gate stage 2 epoch 11/90    229 s
seed 42 n200 prescribed_gate stage 2 epoch 12/90    249 s
seed 42 n200 prescribed_gate stage 2 epoch 13/90    266 s
seed 42 n200 prescribed_gate stage 2 epoch 14/90    281 s
seed 42 n200 prescribed_gate stage 2 epoch 15/90    298 s
seed 42 n200 prescribed_gate stage 2 epoch 16/90    321 s
seed 42 n200 prescribed_gate stage 2 epoch 17/90    336 s
seed 42 n200 prescribed_gate stage 2 epoch 18/90    352 s
seed 42 n200 prescribed_gate stage 2 epoch 19/90    367 s
seed 42 n200 prescribed_gate stage 2 epoch 20/90    382 s
seed 42 n200 prescribed_gate stage 2 epoch 21/90    406 s
seed 42 n200 prescribed_gate stage 2 epoch 22/90    433 s
seed 42 n200 prescribed_gate stage 2 epoch 23/90    466 s
seed 42 n200 prescribed_gate stage 2 epoch 24/90    501 s
seed 42 n200 prescribed_gate stage 2 epoch 25/90    520 s
seed 42 n200 prescribed_gate stage 2 epoch 26/90    539 s
seed 42 n200 prescribed_gate stage 2 epoch 27/90    555 s
seed 42 n200 prescribed_gate stage 2 epoch 28/90    570 s
seed 42 n200 prescribed_gate stage 2 epoch 29/90    584 s
seed 42 n200 prescribed_gate stage 2 epoch 30/90    603 s
seed 42 n200 prescribed_gate stage 2 epoch 31/90    625 s
seed 42 n200 prescribed_gate stage 2 epoch 32/90    645 s
seed 42 n200 prescribed_gate stage 2 epoch 33/90    664 s
seed 42 n200 prescribed_gate stage 2 epoch 34/90    682 s
seed 42 n200 prescribed_gate stage 2 epoch 35/90    700 s
seed 42 n200 prescribed_gate stage 2 epoch 36/90    717 s
seed 42 n200 prescribed_gate stage 2 epoch 37/90    736 s
seed 42 n200 prescribed_gate stage 2 epoch 38/90    755 s
seed 42 n200 prescribed_gate stage 2 epoch 39/90    774 s
seed 42 n200 prescribed_gate stage 2 epoch 40/90    804 s
seed 42 n200 prescribed_gate stage 2 epoch 41/90    835 s
seed 42 n200 prescribed_gate stage 2 epoch 42/90    866 s
seed 42 n200 prescribed_gate stage 2 epoch 43/90    889 s
seed 42 n200 prescribed_gate stage 2 epoch 44/90    908 s
seed 42 n200 prescribed_gate stage 2 epoch 45/90    929 s
seed 42 n200 prescribed_gate stage 2 epoch 46/90    947 s
seed 42 n200 prescribed_gate stage 2 epoch 47/90    965 s
seed 42 n200 prescribed_gate stage 2 epoch 48/90    985 s
seed 42 n200 prescribed_gate stage 2 epoch 49/90   1005 s
seed 42 n200 prescribed_gate stage 2 epoch 50/90   1025 s
seed 42 n200 prescribed_gate stage 2 epoch 51/90   1046 s
seed 42 n200 prescribed_gate stage 2 epoch 52/90   1065 s
seed 42 n200 prescribed_gate stage 2 epoch 53/90   1085 s
seed 42 n200 prescribed_gate stage 2 epoch 54/90   1103 s
seed 42 n200 prescribed_gate stage 2 epoch 55/90   1121 s
seed 42 n200 prescribed_gate stage 2 epoch 56/90   1139 s
seed 42 n200 prescribed_gate stage 2 epoch 57/90   1158 s
seed 42 n200 prescribed_gate stage 2 epoch 58/90   1178 s
seed 42 n200 prescribed_gate stage 2 epoch 59/90   1196 s
seed 42 n200 prescribed_gate stage 2 epoch 60/90   1220 s
seed 42 n200 prescribed_gate stage 2 epoch 61/90   1251 s
seed 42 n200 prescribed_gate stage 2 epoch 62/90   1276 s
seed 42 n200 prescribed_gate stage 2 epoch 63/90   1298 s
seed 42 n200 prescribed_gate stage 2 epoch 64/90   1322 s
seed 42 n200 prescribed_gate stage 2 epoch 65/90   1371 s
seed 42 n200 prescribed_gate stage 2 epoch 66/90   1409 s
seed 42 n200 prescribed_gate stage 2 epoch 67/90   1447 s
seed 42 n200 prescribed_gate stage 2 epoch 68/90   1497 s
seed 42 n200 prescribed_gate stage 2 epoch 69/90   1520 s
seed 42 n200 prescribed_gate stage 2 epoch 70/90   1543 s
seed 42 n200 prescribed_gate stage 2 epoch 71/90   1559 s
seed 42 n200 prescribed_gate stage 2 epoch 72/90   1575 s
seed 42 n200 prescribed_gate stage 2 epoch 73/90   1593 s
seed 42 n200 prescribed_gate stage 2 epoch 74/90   1613 s
seed 42 n200 prescribed_gate stage 2 epoch 75/90   1632 s
seed 42 n200 prescribed_gate stage 2 epoch 76/90   1657 s
seed 42 n200 prescribed_gate stage 2 epoch 77/90   1676 s
seed 42 n200 prescribed_gate stage 2 epoch 78/90   1693 s
seed 42 n200 prescribed_gate stage 2 epoch 79/90   1713 s
seed 42 n200 prescribed_gate stage 2 epoch 80/90   1729 s
seed 42 n200 prescribed_gate stage 2 epoch 81/90   1745 s
seed 42 n200 prescribed_gate stage 2 epoch 82/90   1761 s
seed 42 n200 prescribed_gate stage 2 epoch 83/90   1782 s
seed 42 n200 prescribed_gate stage 2 epoch 84/90   1799 s
seed 42 n200 prescribed_gate stage 2 epoch 85/90   1817 s
seed 42 n200 prescribed_gate stage 2 epoch 86/90   1837 s
seed 42 n200 prescribed_gate stage 2 epoch 87/90   1854 s
seed 42 n200 prescribed_gate stage 2 epoch 88/90   1874 s
seed 42 n200 prescribed_gate stage 2 epoch 89/90   1894 s
seed 42 n200 prescribed_gate stage 2 epoch 90/90   1912 s
seed 42 gate equals E45: True
seed 42: written
seed 1001 n25 free_scaled stage 1 epoch  1/90      7 s
seed 1001 n25 free_scaled stage 1 epoch  2/90     17 s
seed 1001 n25 free_scaled stage 1 epoch  3/90     30 s
seed 1001 n25 free_scaled stage 1 epoch  4/90     41 s
seed 1001 n25 free_scaled stage 1 epoch  5/90     55 s
seed 1001 n25 free_scaled stage 1 epoch  6/90     71 s
seed 1001 n25 free_scaled stage 1 epoch  7/90     81 s
seed 1001 n25 free_scaled stage 1 epoch  8/90     89 s
seed 1001 n25 free_scaled stage 1 epoch  9/90     97 s
seed 1001 n25 free_scaled stage 1 epoch 10/90    105 s
seed 1001 n25 free_scaled stage 1 epoch 11/90    112 s
seed 1001 n25 free_scaled stage 1 epoch 12/90    120 s
seed 1001 n25 free_scaled stage 1 epoch 13/90    129 s
seed 1001 n25 free_scaled stage 1 epoch 14/90    136 s
seed 1001 n25 free_scaled stage 1 epoch 15/90    143 s
seed 1001 n25 free_scaled stage 1 epoch 16/90    150 s
seed 1001 n25 free_scaled stage 1 epoch 17/90    156 s
seed 1001 n25 free_scaled stage 1 epoch 18/90    162 s
seed 1001 n25 free_scaled stage 1 epoch 19/90    169 s
seed 1001 n25 free_scaled stage 1 epoch 20/90    174 s
seed 1001 n25 free_scaled stage 1 epoch 21/90    182 s
seed 1001 n25 free_scaled stage 1 epoch 22/90    188 s
seed 1001 n25 free_scaled stage 1 epoch 23/90    194 s
seed 1001 n25 free_scaled stage 1 epoch 24/90    200 s
seed 1001 n25 free_scaled stage 1 epoch 25/90    208 s
seed 1001 n25 free_scaled stage 1 epoch 26/90    213 s
seed 1001 n25 free_scaled stage 1 epoch 27/90    219 s
seed 1001 n25 free_scaled stage 1 epoch 28/90    225 s
seed 1001 n25 free_scaled stage 1 epoch 29/90    232 s
seed 1001 n25 free_scaled stage 1 epoch 30/90    238 s
seed 1001 n25 free_scaled stage 1 epoch 31/90    246 s
seed 1001 n25 free_scaled stage 1 epoch 32/90    254 s
seed 1001 n25 free_scaled stage 1 epoch 33/90    261 s
seed 1001 n25 free_scaled stage 1 epoch 34/90    266 s
seed 1001 n25 free_scaled stage 1 epoch 35/90    272 s
seed 1001 n25 free_scaled stage 1 epoch 36/90    277 s
seed 1001 n25 free_scaled stage 1 epoch 37/90    285 s
seed 1001 n25 free_scaled stage 1 epoch 38/90    291 s
seed 1001 n25 free_scaled stage 1 epoch 39/90    296 s
seed 1001 n25 free_scaled stage 1 epoch 40/90    302 s
seed 1001 n25 free_scaled stage 1 epoch 41/90    307 s
seed 1001 n25 free_scaled stage 1 epoch 42/90    314 s
seed 1001 n25 free_scaled stage 1 epoch 43/90    319 s
seed 1001 n25 free_scaled stage 1 epoch 44/90    326 s
seed 1001 n25 free_scaled stage 1 epoch 45/90    334 s
seed 1001 n25 free_scaled stage 1 epoch 46/90    339 s
seed 1001 n25 free_scaled stage 1 epoch 47/90    344 s
seed 1001 n25 free_scaled stage 1 epoch 48/90    355 s
seed 1001 n25 free_scaled stage 1 epoch 49/90    360 s
seed 1001 n25 free_scaled stage 1 epoch 50/90    368 s
seed 1001 n25 free_scaled stage 1 epoch 51/90    376 s
seed 1001 n25 free_scaled stage 1 epoch 52/90    381 s
seed 1001 n25 free_scaled stage 1 epoch 53/90    386 s
seed 1001 n25 free_scaled stage 1 epoch 54/90    391 s
seed 1001 n25 free_scaled stage 1 epoch 55/90    396 s
seed 1001 n25 free_scaled stage 1 epoch 56/90    402 s
seed 1001 n25 free_scaled stage 1 epoch 57/90    408 s
seed 1001 n25 free_scaled stage 1 epoch 58/90    414 s
seed 1001 n25 free_scaled stage 1 epoch 59/90    421 s
seed 1001 n25 free_scaled stage 1 epoch 60/90    427 s
seed 1001 n25 free_scaled stage 1 epoch 61/90    432 s
seed 1001 n25 free_scaled stage 1 epoch 62/90    438 s
seed 1001 n25 free_scaled stage 1 epoch 63/90    443 s
seed 1001 n25 free_scaled stage 1 epoch 64/90    450 s
seed 1001 n25 free_scaled stage 1 epoch 65/90    458 s
seed 1001 n25 free_scaled stage 1 epoch 66/90    463 s
seed 1001 n25 free_scaled stage 1 epoch 67/90    469 s
seed 1001 n25 free_scaled stage 1 epoch 68/90    474 s
seed 1001 n25 free_scaled stage 1 epoch 69/90    481 s
seed 1001 n25 free_scaled stage 1 epoch 70/90    489 s
seed 1001 n25 free_scaled stage 1 epoch 71/90    494 s
seed 1001 n25 free_scaled stage 1 epoch 72/90    500 s
seed 1001 n25 free_scaled stage 1 epoch 73/90    507 s
seed 1001 n25 free_scaled stage 1 epoch 74/90    513 s
seed 1001 n25 free_scaled stage 1 epoch 75/90    519 s
seed 1001 n25 free_scaled stage 1 epoch 76/90    524 s
seed 1001 n25 free_scaled stage 1 epoch 77/90    532 s
seed 1001 n25 free_scaled stage 1 epoch 78/90    538 s
seed 1001 n25 free_scaled stage 1 epoch 79/90    544 s
seed 1001 n25 free_scaled stage 1 epoch 80/90    553 s
seed 1001 n25 free_scaled stage 1 epoch 81/90    560 s
seed 1001 n25 free_scaled stage 1 epoch 82/90    568 s
seed 1001 n25 free_scaled stage 1 epoch 83/90    576 s
seed 1001 n25 free_scaled stage 1 epoch 84/90    588 s
seed 1001 n25 free_scaled stage 1 epoch 85/90    604 s
seed 1001 n25 free_scaled stage 1 epoch 86/90    618 s
seed 1001 n25 free_scaled stage 1 epoch 87/90    624 s
seed 1001 n25 free_scaled stage 1 epoch 88/90    634 s
seed 1001 n25 free_scaled stage 1 epoch 89/90    640 s
seed 1001 n25 free_scaled stage 1 epoch 90/90    645 s
seed 1001 n25 free_scaled stage 2 epoch  1/90    649 s
seed 1001 n25 free_scaled stage 2 epoch  2/90    654 s
seed 1001 n25 free_scaled stage 2 epoch  3/90    656 s
seed 1001 n25 free_scaled stage 2 epoch  4/90    660 s
seed 1001 n25 free_scaled stage 2 epoch  5/90    664 s
seed 1001 n25 free_scaled stage 2 epoch  6/90    666 s
seed 1001 n25 free_scaled stage 2 epoch  7/90    668 s
seed 1001 n25 free_scaled stage 2 epoch  8/90    670 s
seed 1001 n25 free_scaled stage 2 epoch  9/90    672 s
seed 1001 n25 free_scaled stage 2 epoch 10/90    676 s
seed 1001 n25 free_scaled stage 2 epoch 11/90    681 s
seed 1001 n25 free_scaled stage 2 epoch 12/90    683 s
seed 1001 n25 free_scaled stage 2 epoch 13/90    685 s
seed 1001 n25 free_scaled stage 2 epoch 14/90    687 s
seed 1001 n25 free_scaled stage 2 epoch 15/90    689 s
seed 1001 n25 free_scaled stage 2 epoch 16/90    690 s
seed 1001 n25 free_scaled stage 2 epoch 17/90    694 s
seed 1001 n25 free_scaled stage 2 epoch 18/90    696 s
seed 1001 n25 free_scaled stage 2 epoch 19/90    698 s
seed 1001 n25 free_scaled stage 2 epoch 20/90    700 s
seed 1001 n25 free_scaled stage 2 epoch 21/90    702 s
seed 1001 n25 free_scaled stage 2 epoch 22/90    704 s
seed 1001 n25 free_scaled stage 2 epoch 23/90    706 s
seed 1001 n25 free_scaled stage 2 epoch 24/90    708 s
seed 1001 n25 free_scaled stage 2 epoch 25/90    710 s
seed 1001 n25 free_scaled stage 2 epoch 26/90    712 s
seed 1001 n25 free_scaled stage 2 epoch 27/90    714 s
seed 1001 n25 free_scaled stage 2 epoch 28/90    716 s
seed 1001 n25 free_scaled stage 2 epoch 29/90    718 s
seed 1001 n25 free_scaled stage 2 epoch 30/90    720 s
seed 1001 n25 free_scaled stage 2 epoch 31/90    723 s
seed 1001 n25 free_scaled stage 2 epoch 32/90    725 s
seed 1001 n25 free_scaled stage 2 epoch 33/90    727 s
seed 1001 n25 free_scaled stage 2 epoch 34/90    729 s
seed 1001 n25 free_scaled stage 2 epoch 35/90    731 s
seed 1001 n25 free_scaled stage 2 epoch 36/90    733 s
seed 1001 n25 free_scaled stage 2 epoch 37/90    736 s
seed 1001 n25 free_scaled stage 2 epoch 38/90    738 s
seed 1001 n25 free_scaled stage 2 epoch 39/90    740 s
seed 1001 n25 free_scaled stage 2 epoch 40/90    742 s
seed 1001 n25 free_scaled stage 2 epoch 41/90    744 s
seed 1001 n25 free_scaled stage 2 epoch 42/90    746 s
seed 1001 n25 free_scaled stage 2 epoch 43/90    748 s
seed 1001 n25 free_scaled stage 2 epoch 44/90    750 s
seed 1001 n25 free_scaled stage 2 epoch 45/90    752 s
seed 1001 n25 free_scaled stage 2 epoch 46/90    754 s
seed 1001 n25 free_scaled stage 2 epoch 47/90    756 s
seed 1001 n25 free_scaled stage 2 epoch 48/90    758 s
seed 1001 n25 free_scaled stage 2 epoch 49/90    761 s
seed 1001 n25 free_scaled stage 2 epoch 50/90    762 s
seed 1001 n25 free_scaled stage 2 epoch 51/90    765 s
seed 1001 n25 free_scaled stage 2 epoch 52/90    768 s
seed 1001 n25 free_scaled stage 2 epoch 53/90    770 s
seed 1001 n25 free_scaled stage 2 epoch 54/90    772 s
seed 1001 n25 free_scaled stage 2 epoch 55/90    774 s
seed 1001 n25 free_scaled stage 2 epoch 56/90    776 s
seed 1001 n25 free_scaled stage 2 epoch 57/90    779 s
seed 1001 n25 free_scaled stage 2 epoch 58/90    781 s
seed 1001 n25 free_scaled stage 2 epoch 59/90    783 s
seed 1001 n25 free_scaled stage 2 epoch 60/90    785 s
seed 1001 n25 free_scaled stage 2 epoch 61/90    787 s
seed 1001 n25 free_scaled stage 2 epoch 62/90    789 s
seed 1001 n25 free_scaled stage 2 epoch 63/90    791 s
seed 1001 n25 free_scaled stage 2 epoch 64/90    794 s
seed 1001 n25 free_scaled stage 2 epoch 65/90    796 s
seed 1001 n25 free_scaled stage 2 epoch 66/90    799 s
seed 1001 n25 free_scaled stage 2 epoch 67/90    802 s
seed 1001 n25 free_scaled stage 2 epoch 68/90    804 s
seed 1001 n25 free_scaled stage 2 epoch 69/90    806 s
seed 1001 n25 free_scaled stage 2 epoch 70/90    808 s
seed 1001 n25 free_scaled stage 2 epoch 71/90    810 s
seed 1001 n25 free_scaled stage 2 epoch 72/90    812 s
seed 1001 n25 free_scaled stage 2 epoch 73/90    814 s
seed 1001 n25 free_scaled stage 2 epoch 74/90    816 s
seed 1001 n25 free_scaled stage 2 epoch 75/90    818 s
seed 1001 n25 free_scaled stage 2 epoch 76/90    820 s
seed 1001 n25 free_scaled stage 2 epoch 77/90    822 s
seed 1001 n25 free_scaled stage 2 epoch 78/90    824 s
seed 1001 n25 free_scaled stage 2 epoch 79/90    826 s
seed 1001 n25 free_scaled stage 2 epoch 80/90    829 s
seed 1001 n25 free_scaled stage 2 epoch 81/90    831 s
seed 1001 n25 free_scaled stage 2 epoch 82/90    833 s
seed 1001 n25 free_scaled stage 2 epoch 83/90    835 s
seed 1001 n25 free_scaled stage 2 epoch 84/90    837 s
seed 1001 n25 free_scaled stage 2 epoch 85/90    839 s
seed 1001 n25 free_scaled stage 2 epoch 86/90    841 s
seed 1001 n25 free_scaled stage 2 epoch 87/90    843 s
seed 1001 n25 free_scaled stage 2 epoch 88/90    845 s
seed 1001 n25 free_scaled stage 2 epoch 89/90    847 s
seed 1001 n25 free_scaled stage 2 epoch 90/90    849 s
seed 1001 n25 prescribed_std stage 2 epoch  1/90      2 s
seed 1001 n25 prescribed_std stage 2 epoch  2/90      4 s
seed 1001 n25 prescribed_std stage 2 epoch  3/90      7 s
seed 1001 n25 prescribed_std stage 2 epoch  4/90      9 s
seed 1001 n25 prescribed_std stage 2 epoch  5/90     12 s
seed 1001 n25 prescribed_std stage 2 epoch  6/90     15 s
seed 1001 n25 prescribed_std stage 2 epoch  7/90     18 s
seed 1001 n25 prescribed_std stage 2 epoch  8/90     20 s
seed 1001 n25 prescribed_std stage 2 epoch  9/90     23 s
seed 1001 n25 prescribed_std stage 2 epoch 10/90     24 s
seed 1001 n25 prescribed_std stage 2 epoch 11/90     26 s
seed 1001 n25 prescribed_std stage 2 epoch 12/90     28 s
seed 1001 n25 prescribed_std stage 2 epoch 13/90     31 s
seed 1001 n25 prescribed_std stage 2 epoch 14/90     33 s
seed 1001 n25 prescribed_std stage 2 epoch 15/90     34 s
seed 1001 n25 prescribed_std stage 2 epoch 16/90     37 s
seed 1001 n25 prescribed_std stage 2 epoch 17/90     39 s
seed 1001 n25 prescribed_std stage 2 epoch 18/90     41 s
seed 1001 n25 prescribed_std stage 2 epoch 19/90     43 s
seed 1001 n25 prescribed_std stage 2 epoch 20/90     45 s
seed 1001 n25 prescribed_std stage 2 epoch 21/90     47 s
seed 1001 n25 prescribed_std stage 2 epoch 22/90     49 s
seed 1001 n25 prescribed_std stage 2 epoch 23/90     52 s
seed 1001 n25 prescribed_std stage 2 epoch 24/90     54 s
seed 1001 n25 prescribed_std stage 2 epoch 25/90     56 s
seed 1001 n25 prescribed_std stage 2 epoch 26/90     58 s
seed 1001 n25 prescribed_std stage 2 epoch 27/90     61 s
seed 1001 n25 prescribed_std stage 2 epoch 28/90     63 s
seed 1001 n25 prescribed_std stage 2 epoch 29/90     66 s
seed 1001 n25 prescribed_std stage 2 epoch 30/90     68 s
seed 1001 n25 prescribed_std stage 2 epoch 31/90     69 s
seed 1001 n25 prescribed_std stage 2 epoch 32/90     72 s
seed 1001 n25 prescribed_std stage 2 epoch 33/90     75 s
seed 1001 n25 prescribed_std stage 2 epoch 34/90     77 s
seed 1001 n25 prescribed_std stage 2 epoch 35/90     79 s
seed 1001 n25 prescribed_std stage 2 epoch 36/90     81 s
seed 1001 n25 prescribed_std stage 2 epoch 37/90     84 s
seed 1001 n25 prescribed_std stage 2 epoch 38/90     86 s
seed 1001 n25 prescribed_std stage 2 epoch 39/90     88 s
seed 1001 n25 prescribed_std stage 2 epoch 40/90     90 s
seed 1001 n25 prescribed_std stage 2 epoch 41/90     92 s
seed 1001 n25 prescribed_std stage 2 epoch 42/90     94 s
seed 1001 n25 prescribed_std stage 2 epoch 43/90     96 s
seed 1001 n25 prescribed_std stage 2 epoch 44/90     99 s
seed 1001 n25 prescribed_std stage 2 epoch 45/90    102 s
seed 1001 n25 prescribed_std stage 2 epoch 46/90    104 s
seed 1001 n25 prescribed_std stage 2 epoch 47/90    106 s
seed 1001 n25 prescribed_std stage 2 epoch 48/90    107 s
seed 1001 n25 prescribed_std stage 2 epoch 49/90    109 s
seed 1001 n25 prescribed_std stage 2 epoch 50/90    111 s
seed 1001 n25 prescribed_std stage 2 epoch 51/90    114 s
seed 1001 n25 prescribed_std stage 2 epoch 52/90    117 s
seed 1001 n25 prescribed_std stage 2 epoch 53/90    119 s
seed 1001 n25 prescribed_std stage 2 epoch 54/90    121 s
seed 1001 n25 prescribed_std stage 2 epoch 55/90    123 s
seed 1001 n25 prescribed_std stage 2 epoch 56/90    126 s
seed 1001 n25 prescribed_std stage 2 epoch 57/90    127 s
seed 1001 n25 prescribed_std stage 2 epoch 58/90    130 s
seed 1001 n25 prescribed_std stage 2 epoch 59/90    132 s
seed 1001 n25 prescribed_std stage 2 epoch 60/90    134 s
seed 1001 n25 prescribed_std stage 2 epoch 61/90    136 s
seed 1001 n25 prescribed_std stage 2 epoch 62/90    138 s
seed 1001 n25 prescribed_std stage 2 epoch 63/90    140 s
seed 1001 n25 prescribed_std stage 2 epoch 64/90    143 s
seed 1001 n25 prescribed_std stage 2 epoch 65/90    145 s
seed 1001 n25 prescribed_std stage 2 epoch 66/90    147 s
seed 1001 n25 prescribed_std stage 2 epoch 67/90    148 s
seed 1001 n25 prescribed_std stage 2 epoch 68/90    151 s
seed 1001 n25 prescribed_std stage 2 epoch 69/90    153 s
seed 1001 n25 prescribed_std stage 2 epoch 70/90    155 s
seed 1001 n25 prescribed_std stage 2 epoch 71/90    157 s
seed 1001 n25 prescribed_std stage 2 epoch 72/90    159 s
seed 1001 n25 prescribed_std stage 2 epoch 73/90    161 s
seed 1001 n25 prescribed_std stage 2 epoch 74/90    164 s
seed 1001 n25 prescribed_std stage 2 epoch 75/90    166 s
seed 1001 n25 prescribed_std stage 2 epoch 76/90    168 s
seed 1001 n25 prescribed_std stage 2 epoch 77/90    170 s
seed 1001 n25 prescribed_std stage 2 epoch 78/90    173 s
seed 1001 n25 prescribed_std stage 2 epoch 79/90    175 s
seed 1001 n25 prescribed_std stage 2 epoch 80/90    177 s
seed 1001 n25 prescribed_std stage 2 epoch 81/90    179 s
seed 1001 n25 prescribed_std stage 2 epoch 82/90    181 s
seed 1001 n25 prescribed_std stage 2 epoch 83/90    184 s
seed 1001 n25 prescribed_std stage 2 epoch 84/90    186 s
seed 1001 n25 prescribed_std stage 2 epoch 85/90    188 s
seed 1001 n25 prescribed_std stage 2 epoch 86/90    190 s
seed 1001 n25 prescribed_std stage 2 epoch 87/90    191 s
seed 1001 n25 prescribed_std stage 2 epoch 88/90    193 s
seed 1001 n25 prescribed_std stage 2 epoch 89/90    195 s
seed 1001 n25 prescribed_std stage 2 epoch 90/90    197 s
seed 1001 n50 free_scaled stage 1 epoch  1/90     10 s
seed 1001 n50 free_scaled stage 1 epoch  2/90     22 s
seed 1001 n50 free_scaled stage 1 epoch  3/90     32 s
seed 1001 n50 free_scaled stage 1 epoch  4/90     44 s
seed 1001 n50 free_scaled stage 1 epoch  5/90     55 s
seed 1001 n50 free_scaled stage 1 epoch  6/90     67 s
seed 1001 n50 free_scaled stage 1 epoch  7/90     79 s
seed 1001 n50 free_scaled stage 1 epoch  8/90     91 s
seed 1001 n50 free_scaled stage 1 epoch  9/90    102 s
seed 1001 n50 free_scaled stage 1 epoch 10/90    117 s
seed 1001 n50 free_scaled stage 1 epoch 11/90    130 s
seed 1001 n50 free_scaled stage 1 epoch 12/90    143 s
seed 1001 n50 free_scaled stage 1 epoch 13/90    154 s
seed 1001 n50 free_scaled stage 1 epoch 14/90    165 s
seed 1001 n50 free_scaled stage 1 epoch 15/90    176 s
seed 1001 n50 free_scaled stage 1 epoch 16/90    187 s
seed 1001 n50 free_scaled stage 1 epoch 17/90    199 s
seed 1001 n50 free_scaled stage 1 epoch 18/90    210 s
seed 1001 n50 free_scaled stage 1 epoch 19/90    222 s
seed 1001 n50 free_scaled stage 1 epoch 20/90    233 s
seed 1001 n50 free_scaled stage 1 epoch 21/90    244 s
seed 1001 n50 free_scaled stage 1 epoch 22/90    258 s
seed 1001 n50 free_scaled stage 1 epoch 23/90    269 s
seed 1001 n50 free_scaled stage 1 epoch 24/90    281 s
seed 1001 n50 free_scaled stage 1 epoch 25/90    292 s
seed 1001 n50 free_scaled stage 1 epoch 26/90    306 s
seed 1001 n50 free_scaled stage 1 epoch 27/90    316 s
seed 1001 n50 free_scaled stage 1 epoch 28/90    326 s
seed 1001 n50 free_scaled stage 1 epoch 29/90    339 s
seed 1001 n50 free_scaled stage 1 epoch 30/90    351 s
seed 1001 n50 free_scaled stage 1 epoch 31/90    364 s
seed 1001 n50 free_scaled stage 1 epoch 32/90    378 s
seed 1001 n50 free_scaled stage 1 epoch 33/90    390 s
seed 1001 n50 free_scaled stage 1 epoch 34/90    403 s
seed 1001 n50 free_scaled stage 1 epoch 35/90    413 s
seed 1001 n50 free_scaled stage 1 epoch 36/90    427 s
seed 1001 n50 free_scaled stage 1 epoch 37/90    438 s
seed 1001 n50 free_scaled stage 1 epoch 38/90    450 s
seed 1001 n50 free_scaled stage 1 epoch 39/90    463 s
seed 1001 n50 free_scaled stage 1 epoch 40/90    475 s
seed 1001 n50 free_scaled stage 1 epoch 41/90    486 s
seed 1001 n50 free_scaled stage 1 epoch 42/90    502 s
seed 1001 n50 free_scaled stage 1 epoch 43/90    515 s
seed 1001 n50 free_scaled stage 1 epoch 44/90    529 s
seed 1001 n50 free_scaled stage 1 epoch 45/90    543 s
seed 1001 n50 free_scaled stage 1 epoch 46/90    573 s
seed 1001 n50 free_scaled stage 1 epoch 47/90    593 s
seed 1001 n50 free_scaled stage 1 epoch 48/90    606 s
seed 1001 n50 free_scaled stage 1 epoch 49/90    617 s
seed 1001 n50 free_scaled stage 1 epoch 50/90    629 s
seed 1001 n50 free_scaled stage 1 epoch 51/90    640 s
seed 1001 n50 free_scaled stage 1 epoch 52/90    650 s
seed 1001 n50 free_scaled stage 1 epoch 53/90    661 s
seed 1001 n50 free_scaled stage 1 epoch 54/90    674 s
seed 1001 n50 free_scaled stage 1 epoch 55/90    685 s
seed 1001 n50 free_scaled stage 1 epoch 56/90    696 s
seed 1001 n50 free_scaled stage 1 epoch 57/90    710 s
seed 1001 n50 free_scaled stage 1 epoch 58/90    724 s
seed 1001 n50 free_scaled stage 1 epoch 59/90    735 s
seed 1001 n50 free_scaled stage 1 epoch 60/90    745 s
seed 1001 n50 free_scaled stage 1 epoch 61/90    756 s
seed 1001 n50 free_scaled stage 1 epoch 62/90    767 s
seed 1001 n50 free_scaled stage 1 epoch 63/90    777 s
seed 1001 n50 free_scaled stage 1 epoch 64/90    788 s
seed 1001 n50 free_scaled stage 1 epoch 65/90    799 s
seed 1001 n50 free_scaled stage 1 epoch 66/90    815 s
seed 1001 n50 free_scaled stage 1 epoch 67/90    827 s
seed 1001 n50 free_scaled stage 1 epoch 68/90    840 s
seed 1001 n50 free_scaled stage 1 epoch 69/90    857 s
seed 1001 n50 free_scaled stage 1 epoch 70/90    872 s
seed 1001 n50 free_scaled stage 1 epoch 71/90    885 s
seed 1001 n50 free_scaled stage 1 epoch 72/90    902 s
seed 1001 n50 free_scaled stage 1 epoch 73/90    916 s
seed 1001 n50 free_scaled stage 1 epoch 74/90    929 s
seed 1001 n50 free_scaled stage 1 epoch 75/90    942 s
seed 1001 n50 free_scaled stage 1 epoch 76/90    956 s
seed 1001 n50 free_scaled stage 1 epoch 77/90    972 s
seed 1001 n50 free_scaled stage 1 epoch 78/90    983 s
seed 1001 n50 free_scaled stage 1 epoch 79/90    995 s
seed 1001 n50 free_scaled stage 1 epoch 80/90   1007 s
seed 1001 n50 free_scaled stage 1 epoch 81/90   1020 s
seed 1001 n50 free_scaled stage 1 epoch 82/90   1033 s
seed 1001 n50 free_scaled stage 1 epoch 83/90   1048 s
seed 1001 n50 free_scaled stage 1 epoch 84/90   1059 s
seed 1001 n50 free_scaled stage 1 epoch 85/90   1073 s
seed 1001 n50 free_scaled stage 1 epoch 86/90   1088 s
seed 1001 n50 free_scaled stage 1 epoch 87/90   1103 s
seed 1001 n50 free_scaled stage 1 epoch 88/90   1129 s
seed 1001 n50 free_scaled stage 1 epoch 89/90   1149 s
seed 1001 n50 free_scaled stage 1 epoch 90/90   1161 s
seed 1001 n50 free_scaled stage 2 epoch  1/90   1166 s
seed 1001 n50 free_scaled stage 2 epoch  2/90   1171 s
seed 1001 n50 free_scaled stage 2 epoch  3/90   1175 s
seed 1001 n50 free_scaled stage 2 epoch  4/90   1180 s
seed 1001 n50 free_scaled stage 2 epoch  5/90   1184 s
seed 1001 n50 free_scaled stage 2 epoch  6/90   1188 s
seed 1001 n50 free_scaled stage 2 epoch  7/90   1193 s
seed 1001 n50 free_scaled stage 2 epoch  8/90   1198 s
seed 1001 n50 free_scaled stage 2 epoch  9/90   1203 s
seed 1001 n50 free_scaled stage 2 epoch 10/90   1207 s
seed 1001 n50 free_scaled stage 2 epoch 11/90   1212 s
seed 1001 n50 free_scaled stage 2 epoch 12/90   1216 s
seed 1001 n50 free_scaled stage 2 epoch 13/90   1221 s
seed 1001 n50 free_scaled stage 2 epoch 14/90   1225 s
seed 1001 n50 free_scaled stage 2 epoch 15/90   1230 s
seed 1001 n50 free_scaled stage 2 epoch 16/90   1234 s
seed 1001 n50 free_scaled stage 2 epoch 17/90   1239 s
seed 1001 n50 free_scaled stage 2 epoch 18/90   1243 s
seed 1001 n50 free_scaled stage 2 epoch 19/90   1248 s
seed 1001 n50 free_scaled stage 2 epoch 20/90   1254 s
seed 1001 n50 free_scaled stage 2 epoch 21/90   1258 s
seed 1001 n50 free_scaled stage 2 epoch 22/90   1263 s
seed 1001 n50 free_scaled stage 2 epoch 23/90   1268 s
seed 1001 n50 free_scaled stage 2 epoch 24/90   1272 s
seed 1001 n50 free_scaled stage 2 epoch 25/90   1276 s
seed 1001 n50 free_scaled stage 2 epoch 26/90   1281 s
seed 1001 n50 free_scaled stage 2 epoch 27/90   1285 s
seed 1001 n50 free_scaled stage 2 epoch 28/90   1290 s
seed 1001 n50 free_scaled stage 2 epoch 29/90   1294 s
seed 1001 n50 free_scaled stage 2 epoch 30/90   1299 s
seed 1001 n50 free_scaled stage 2 epoch 31/90   1303 s
seed 1001 n50 free_scaled stage 2 epoch 32/90   1308 s
seed 1001 n50 free_scaled stage 2 epoch 33/90   1312 s
seed 1001 n50 free_scaled stage 2 epoch 34/90   1317 s
seed 1001 n50 free_scaled stage 2 epoch 35/90   1322 s
seed 1001 n50 free_scaled stage 2 epoch 36/90   1329 s
seed 1001 n50 free_scaled stage 2 epoch 37/90   1333 s
seed 1001 n50 free_scaled stage 2 epoch 38/90   1338 s
seed 1001 n50 free_scaled stage 2 epoch 39/90   1341 s
seed 1001 n50 free_scaled stage 2 epoch 40/90   1345 s
seed 1001 n50 free_scaled stage 2 epoch 41/90   1349 s
seed 1001 n50 free_scaled stage 2 epoch 42/90   1353 s
seed 1001 n50 free_scaled stage 2 epoch 43/90   1356 s
seed 1001 n50 free_scaled stage 2 epoch 44/90   1360 s
seed 1001 n50 free_scaled stage 2 epoch 45/90   1365 s
seed 1001 n50 free_scaled stage 2 epoch 46/90   1371 s
seed 1001 n50 free_scaled stage 2 epoch 47/90   1375 s
seed 1001 n50 free_scaled stage 2 epoch 48/90   1379 s
seed 1001 n50 free_scaled stage 2 epoch 49/90   1384 s
seed 1001 n50 free_scaled stage 2 epoch 50/90   1387 s
seed 1001 n50 free_scaled stage 2 epoch 51/90   1391 s
seed 1001 n50 free_scaled stage 2 epoch 52/90   1397 s
seed 1001 n50 free_scaled stage 2 epoch 53/90   1400 s
seed 1001 n50 free_scaled stage 2 epoch 54/90   1404 s
seed 1001 n50 free_scaled stage 2 epoch 55/90   1408 s
seed 1001 n50 free_scaled stage 2 epoch 56/90   1412 s
seed 1001 n50 free_scaled stage 2 epoch 57/90   1417 s
seed 1001 n50 free_scaled stage 2 epoch 58/90   1422 s
seed 1001 n50 free_scaled stage 2 epoch 59/90   1426 s
seed 1001 n50 free_scaled stage 2 epoch 60/90   1431 s
seed 1001 n50 free_scaled stage 2 epoch 61/90   1435 s
seed 1001 n50 free_scaled stage 2 epoch 62/90   1440 s
seed 1001 n50 free_scaled stage 2 epoch 63/90   1444 s
seed 1001 n50 free_scaled stage 2 epoch 64/90   1449 s
seed 1001 n50 free_scaled stage 2 epoch 65/90   1453 s
seed 1001 n50 free_scaled stage 2 epoch 66/90   1459 s
seed 1001 n50 free_scaled stage 2 epoch 67/90   1463 s
seed 1001 n50 free_scaled stage 2 epoch 68/90   1470 s
seed 1001 n50 free_scaled stage 2 epoch 69/90   1474 s
seed 1001 n50 free_scaled stage 2 epoch 70/90   1479 s
seed 1001 n50 free_scaled stage 2 epoch 71/90   1484 s
seed 1001 n50 free_scaled stage 2 epoch 72/90   1489 s
seed 1001 n50 free_scaled stage 2 epoch 73/90   1492 s
seed 1001 n50 free_scaled stage 2 epoch 74/90   1496 s
seed 1001 n50 free_scaled stage 2 epoch 75/90   1500 s
seed 1001 n50 free_scaled stage 2 epoch 76/90   1503 s
seed 1001 n50 free_scaled stage 2 epoch 77/90   1507 s
seed 1001 n50 free_scaled stage 2 epoch 78/90   1511 s
seed 1001 n50 free_scaled stage 2 epoch 79/90   1515 s
seed 1001 n50 free_scaled stage 2 epoch 80/90   1518 s
seed 1001 n50 free_scaled stage 2 epoch 81/90   1522 s
seed 1001 n50 free_scaled stage 2 epoch 82/90   1526 s
seed 1001 n50 free_scaled stage 2 epoch 83/90   1530 s
seed 1001 n50 free_scaled stage 2 epoch 84/90   1533 s
seed 1001 n50 free_scaled stage 2 epoch 85/90   1537 s
seed 1001 n50 free_scaled stage 2 epoch 86/90   1541 s
seed 1001 n50 free_scaled stage 2 epoch 87/90   1545 s
seed 1001 n50 free_scaled stage 2 epoch 88/90   1551 s
seed 1001 n50 free_scaled stage 2 epoch 89/90   1555 s
seed 1001 n50 free_scaled stage 2 epoch 90/90   1559 s
seed 1001 n50 prescribed_std stage 2 epoch  1/90      6 s
seed 1001 n50 prescribed_std stage 2 epoch  2/90     10 s
seed 1001 n50 prescribed_std stage 2 epoch  3/90     15 s
seed 1001 n50 prescribed_std stage 2 epoch  4/90     19 s
seed 1001 n50 prescribed_std stage 2 epoch  5/90     24 s
seed 1001 n50 prescribed_std stage 2 epoch  6/90     29 s
seed 1001 n50 prescribed_std stage 2 epoch  7/90     34 s
seed 1001 n50 prescribed_std stage 2 epoch  8/90     40 s
seed 1001 n50 prescribed_std stage 2 epoch  9/90     44 s
seed 1001 n50 prescribed_std stage 2 epoch 10/90     49 s
seed 1001 n50 prescribed_std stage 2 epoch 11/90     53 s
seed 1001 n50 prescribed_std stage 2 epoch 12/90     57 s
seed 1001 n50 prescribed_std stage 2 epoch 13/90     61 s
seed 1001 n50 prescribed_std stage 2 epoch 14/90     66 s
seed 1001 n50 prescribed_std stage 2 epoch 15/90     71 s
seed 1001 n50 prescribed_std stage 2 epoch 16/90     77 s
seed 1001 n50 prescribed_std stage 2 epoch 17/90     83 s
seed 1001 n50 prescribed_std stage 2 epoch 18/90     88 s
seed 1001 n50 prescribed_std stage 2 epoch 19/90     92 s
seed 1001 n50 prescribed_std stage 2 epoch 20/90     96 s
seed 1001 n50 prescribed_std stage 2 epoch 21/90    102 s
seed 1001 n50 prescribed_std stage 2 epoch 22/90    107 s
seed 1001 n50 prescribed_std stage 2 epoch 23/90    111 s
seed 1001 n50 prescribed_std stage 2 epoch 24/90    115 s
seed 1001 n50 prescribed_std stage 2 epoch 25/90    118 s
seed 1001 n50 prescribed_std stage 2 epoch 26/90    122 s
seed 1001 n50 prescribed_std stage 2 epoch 27/90    126 s
seed 1001 n50 prescribed_std stage 2 epoch 28/90    131 s
seed 1001 n50 prescribed_std stage 2 epoch 29/90    135 s
seed 1001 n50 prescribed_std stage 2 epoch 30/90    139 s
seed 1001 n50 prescribed_std stage 2 epoch 31/90    145 s
seed 1001 n50 prescribed_std stage 2 epoch 32/90    154 s
seed 1001 n50 prescribed_std stage 2 epoch 33/90    160 s
seed 1001 n50 prescribed_std stage 2 epoch 34/90    166 s
seed 1001 n50 prescribed_std stage 2 epoch 35/90    172 s
seed 1001 n50 prescribed_std stage 2 epoch 36/90    178 s
seed 1001 n50 prescribed_std stage 2 epoch 37/90    182 s
seed 1001 n50 prescribed_std stage 2 epoch 38/90    185 s
seed 1001 n50 prescribed_std stage 2 epoch 39/90    189 s
seed 1001 n50 prescribed_std stage 2 epoch 40/90    194 s
seed 1001 n50 prescribed_std stage 2 epoch 41/90    199 s
seed 1001 n50 prescribed_std stage 2 epoch 42/90    203 s
seed 1001 n50 prescribed_std stage 2 epoch 43/90    208 s
seed 1001 n50 prescribed_std stage 2 epoch 44/90    214 s
seed 1001 n50 prescribed_std stage 2 epoch 45/90    218 s
seed 1001 n50 prescribed_std stage 2 epoch 46/90    224 s
seed 1001 n50 prescribed_std stage 2 epoch 47/90    229 s
seed 1001 n50 prescribed_std stage 2 epoch 48/90    233 s
seed 1001 n50 prescribed_std stage 2 epoch 49/90    237 s
seed 1001 n50 prescribed_std stage 2 epoch 50/90    241 s
seed 1001 n50 prescribed_std stage 2 epoch 51/90    246 s
seed 1001 n50 prescribed_std stage 2 epoch 52/90    250 s
seed 1001 n50 prescribed_std stage 2 epoch 53/90    256 s
seed 1001 n50 prescribed_std stage 2 epoch 54/90    261 s
seed 1001 n50 prescribed_std stage 2 epoch 55/90    265 s
seed 1001 n50 prescribed_std stage 2 epoch 56/90    270 s
seed 1001 n50 prescribed_std stage 2 epoch 57/90    274 s
seed 1001 n50 prescribed_std stage 2 epoch 58/90    279 s
seed 1001 n50 prescribed_std stage 2 epoch 59/90    284 s
seed 1001 n50 prescribed_std stage 2 epoch 60/90    288 s
seed 1001 n50 prescribed_std stage 2 epoch 61/90    293 s
seed 1001 n50 prescribed_std stage 2 epoch 62/90    298 s
seed 1001 n50 prescribed_std stage 2 epoch 63/90    302 s
seed 1001 n50 prescribed_std stage 2 epoch 64/90    307 s
seed 1001 n50 prescribed_std stage 2 epoch 65/90    311 s
seed 1001 n50 prescribed_std stage 2 epoch 66/90    318 s
seed 1001 n50 prescribed_std stage 2 epoch 67/90    324 s
seed 1001 n50 prescribed_std stage 2 epoch 68/90    328 s
seed 1001 n50 prescribed_std stage 2 epoch 69/90    333 s
seed 1001 n50 prescribed_std stage 2 epoch 70/90    342 s
seed 1001 n50 prescribed_std stage 2 epoch 71/90    350 s
seed 1001 n50 prescribed_std stage 2 epoch 72/90    362 s
seed 1001 n50 prescribed_std stage 2 epoch 73/90    370 s
seed 1001 n50 prescribed_std stage 2 epoch 74/90    375 s
seed 1001 n50 prescribed_std stage 2 epoch 75/90    381 s
seed 1001 n50 prescribed_std stage 2 epoch 76/90    388 s
seed 1001 n50 prescribed_std stage 2 epoch 77/90    393 s
seed 1001 n50 prescribed_std stage 2 epoch 78/90    398 s
seed 1001 n50 prescribed_std stage 2 epoch 79/90    402 s
seed 1001 n50 prescribed_std stage 2 epoch 80/90    408 s
seed 1001 n50 prescribed_std stage 2 epoch 81/90    412 s
seed 1001 n50 prescribed_std stage 2 epoch 82/90    416 s
seed 1001 n50 prescribed_std stage 2 epoch 83/90    420 s
seed 1001 n50 prescribed_std stage 2 epoch 84/90    423 s
seed 1001 n50 prescribed_std stage 2 epoch 85/90    428 s
seed 1001 n50 prescribed_std stage 2 epoch 86/90    434 s
seed 1001 n50 prescribed_std stage 2 epoch 87/90    442 s
seed 1001 n50 prescribed_std stage 2 epoch 88/90    448 s
seed 1001 n50 prescribed_std stage 2 epoch 89/90    455 s
seed 1001 n50 prescribed_std stage 2 epoch 90/90    460 s
seed 1001 n200 prescribed_std stage 2 epoch  1/90     16 s
seed 1001 n200 prescribed_std stage 2 epoch  2/90     37 s
seed 1001 n200 prescribed_std stage 2 epoch  3/90     69 s
seed 1001 n200 prescribed_std stage 2 epoch  4/90     99 s
seed 1001 n200 prescribed_std stage 2 epoch  5/90    119 s
seed 1001 n200 prescribed_std stage 2 epoch  6/90    139 s
seed 1001 n200 prescribed_std stage 2 epoch  7/90    183 s
seed 1001 n200 prescribed_std stage 2 epoch  8/90    223 s
seed 1001 n200 prescribed_std stage 2 epoch  9/90    268 s
seed 1001 n200 prescribed_std stage 2 epoch 10/90    313 s
seed 1001 n200 prescribed_std stage 2 epoch 11/90    345 s
seed 1001 n200 prescribed_std stage 2 epoch 12/90    379 s
seed 1001 n200 prescribed_std stage 2 epoch 13/90    412 s
seed 1001 n200 prescribed_std stage 2 epoch 14/90    443 s
seed 1001 n200 prescribed_std stage 2 epoch 15/90    472 s
seed 1001 n200 prescribed_std stage 2 epoch 16/90    502 s
seed 1001 n200 prescribed_std stage 2 epoch 17/90    535 s
seed 1001 n200 prescribed_std stage 2 epoch 18/90    573 s
seed 1001 n200 prescribed_std stage 2 epoch 19/90    603 s
seed 1001 n200 prescribed_std stage 2 epoch 20/90    635 s
seed 1001 n200 prescribed_std stage 2 epoch 21/90    664 s
seed 1001 n200 prescribed_std stage 2 epoch 22/90    693 s
seed 1001 n200 prescribed_std stage 2 epoch 23/90    725 s
seed 1001 n200 prescribed_std stage 2 epoch 24/90    757 s
seed 1001 n200 prescribed_std stage 2 epoch 25/90    787 s
seed 1001 n200 prescribed_std stage 2 epoch 26/90    826 s
seed 1001 n200 prescribed_std stage 2 epoch 27/90    867 s
seed 1001 n200 prescribed_std stage 2 epoch 28/90    906 s
seed 1001 n200 prescribed_std stage 2 epoch 29/90    938 s
seed 1001 n200 prescribed_std stage 2 epoch 30/90    970 s
seed 1001 n200 prescribed_std stage 2 epoch 31/90    991 s
seed 1001 n200 prescribed_std stage 2 epoch 32/90   1007 s
seed 1001 n200 prescribed_std stage 2 epoch 33/90   1024 s
seed 1001 n200 prescribed_std stage 2 epoch 34/90   1043 s
seed 1001 n200 prescribed_std stage 2 epoch 35/90   1062 s
seed 1001 n200 prescribed_std stage 2 epoch 36/90   1080 s
seed 1001 n200 prescribed_std stage 2 epoch 37/90   1106 s
seed 1001 n200 prescribed_std stage 2 epoch 38/90   1131 s
seed 1001 n200 prescribed_std stage 2 epoch 39/90   1161 s
seed 1001 n200 prescribed_std stage 2 epoch 40/90   1196 s
seed 1001 n200 prescribed_std stage 2 epoch 41/90   1225 s
seed 1001 n200 prescribed_std stage 2 epoch 42/90   1252 s
seed 1001 n200 prescribed_std stage 2 epoch 43/90   1277 s
seed 1001 n200 prescribed_std stage 2 epoch 44/90   1304 s
seed 1001 n200 prescribed_std stage 2 epoch 45/90   1330 s
seed 1001 n200 prescribed_std stage 2 epoch 46/90   1354 s
seed 1001 n200 prescribed_std stage 2 epoch 47/90   1369 s
seed 1001 n200 prescribed_std stage 2 epoch 48/90   1390 s
seed 1001 n200 prescribed_std stage 2 epoch 49/90   1406 s
seed 1001 n200 prescribed_std stage 2 epoch 50/90   1421 s
seed 1001 n200 prescribed_std stage 2 epoch 51/90   1439 s
seed 1001 n200 prescribed_std stage 2 epoch 52/90   1456 s
seed 1001 n200 prescribed_std stage 2 epoch 53/90   1474 s
seed 1001 n200 prescribed_std stage 2 epoch 54/90   1496 s
seed 1001 n200 prescribed_std stage 2 epoch 55/90   1523 s
seed 1001 n200 prescribed_std stage 2 epoch 56/90   1540 s
seed 1001 n200 prescribed_std stage 2 epoch 57/90   1556 s
seed 1001 n200 prescribed_std stage 2 epoch 58/90   1572 s
seed 1001 n200 prescribed_std stage 2 epoch 59/90   1586 s
seed 1001 n200 prescribed_std stage 2 epoch 60/90   1601 s
seed 1001 n200 prescribed_std stage 2 epoch 61/90   1617 s
seed 1001 n200 prescribed_std stage 2 epoch 62/90   1632 s
seed 1001 n200 prescribed_std stage 2 epoch 63/90   1646 s
seed 1001 n200 prescribed_std stage 2 epoch 64/90   1660 s
seed 1001 n200 prescribed_std stage 2 epoch 65/90   1675 s
seed 1001 n200 prescribed_std stage 2 epoch 66/90   1689 s
seed 1001 n200 prescribed_std stage 2 epoch 67/90   1704 s
seed 1001 n200 prescribed_std stage 2 epoch 68/90   1718 s
seed 1001 n200 prescribed_std stage 2 epoch 69/90   1733 s
seed 1001 n200 prescribed_std stage 2 epoch 70/90   1747 s
seed 1001 n200 prescribed_std stage 2 epoch 71/90   1762 s
seed 1001 n200 prescribed_std stage 2 epoch 72/90   1777 s
seed 1001 n200 prescribed_std stage 2 epoch 73/90   1791 s
seed 1001 n200 prescribed_std stage 2 epoch 74/90   1807 s
seed 1001 n200 prescribed_std stage 2 epoch 75/90   1821 s
seed 1001 n200 prescribed_std stage 2 epoch 76/90   1836 s
seed 1001 n200 prescribed_std stage 2 epoch 77/90   1850 s
seed 1001 n200 prescribed_std stage 2 epoch 78/90   1865 s
seed 1001 n200 prescribed_std stage 2 epoch 79/90   1888 s
seed 1001 n200 prescribed_std stage 2 epoch 80/90   1905 s
seed 1001 n200 prescribed_std stage 2 epoch 81/90   1920 s
seed 1001 n200 prescribed_std stage 2 epoch 82/90   1944 s
seed 1001 n200 prescribed_std stage 2 epoch 83/90   1961 s
seed 1001 n200 prescribed_std stage 2 epoch 84/90   1976 s
seed 1001 n200 prescribed_std stage 2 epoch 85/90   1993 s
seed 1001 n200 prescribed_std stage 2 epoch 86/90   2011 s
seed 1001 n200 prescribed_std stage 2 epoch 87/90   2029 s
seed 1001 n200 prescribed_std stage 2 epoch 88/90   2045 s
seed 1001 n200 prescribed_std stage 2 epoch 89/90   2064 s
seed 1001 n200 prescribed_std stage 2 epoch 90/90   2081 s
seed 1001: written
