nohup: ignoring input
seed 1004 n25 free_scaled stage 1 epoch  1/90     10 s
seed 1004 n25 free_scaled stage 1 epoch  2/90     14 s
seed 1004 n25 free_scaled stage 1 epoch  3/90     20 s
seed 1004 n25 free_scaled stage 1 epoch  4/90     25 s
seed 1004 n25 free_scaled stage 1 epoch  5/90     30 s
seed 1004 n25 free_scaled stage 1 epoch  6/90     34 s
seed 1004 n25 free_scaled stage 1 epoch  7/90     38 s
seed 1004 n25 free_scaled stage 1 epoch  8/90     45 s
seed 1004 n25 free_scaled stage 1 epoch  9/90     50 s
seed 1004 n25 free_scaled stage 1 epoch 10/90     54 s
seed 1004 n25 free_scaled stage 1 epoch 11/90     61 s
seed 1004 n25 free_scaled stage 1 epoch 12/90     68 s
seed 1004 n25 free_scaled stage 1 epoch 13/90     73 s
seed 1004 n25 free_scaled stage 1 epoch 14/90     79 s
seed 1004 n25 free_scaled stage 1 epoch 15/90     83 s
seed 1004 n25 free_scaled stage 1 epoch 16/90     88 s
seed 1004 n25 free_scaled stage 1 epoch 17/90     94 s
seed 1004 n25 free_scaled stage 1 epoch 18/90    100 s
seed 1004 n25 free_scaled stage 1 epoch 19/90    107 s
seed 1004 n25 free_scaled stage 1 epoch 20/90    112 s
seed 1004 n25 free_scaled stage 1 epoch 21/90    118 s
seed 1004 n25 free_scaled stage 1 epoch 22/90    123 s
seed 1004 n25 free_scaled stage 1 epoch 23/90    133 s
seed 1004 n25 free_scaled stage 1 epoch 24/90    143 s
seed 1004 n25 free_scaled stage 1 epoch 25/90    158 s
seed 1004 n25 free_scaled stage 1 epoch 26/90    170 s
seed 1004 n25 free_scaled stage 1 epoch 27/90    177 s
seed 1004 n25 free_scaled stage 1 epoch 28/90    184 s
seed 1004 n25 free_scaled stage 1 epoch 29/90    190 s
seed 1004 n25 free_scaled stage 1 epoch 30/90    195 s
seed 1004 n25 free_scaled stage 1 epoch 31/90    201 s
seed 1004 n25 free_scaled stage 1 epoch 32/90    206 s
seed 1004 n25 free_scaled stage 1 epoch 33/90    213 s
seed 1004 n25 free_scaled stage 1 epoch 34/90    217 s
seed 1004 n25 free_scaled stage 1 epoch 35/90    223 s
seed 1004 n25 free_scaled stage 1 epoch 36/90    230 s
seed 1004 n25 free_scaled stage 1 epoch 37/90    234 s
seed 1004 n25 free_scaled stage 1 epoch 38/90    239 s
seed 1004 n25 free_scaled stage 1 epoch 39/90    244 s
seed 1004 n25 free_scaled stage 1 epoch 40/90    250 s
seed 1004 n25 free_scaled stage 1 epoch 41/90    256 s
seed 1004 n25 free_scaled stage 1 epoch 42/90    262 s
seed 1004 n25 free_scaled stage 1 epoch 43/90    268 s
seed 1004 n25 free_scaled stage 1 epoch 44/90    276 s
seed 1004 n25 free_scaled stage 1 epoch 45/90    282 s
seed 1004 n25 free_scaled stage 1 epoch 46/90    287 s
seed 1004 n25 free_scaled stage 1 epoch 47/90    292 s
seed 1004 n25 free_scaled stage 1 epoch 48/90    297 s
seed 1004 n25 free_scaled stage 1 epoch 49/90    302 s
seed 1004 n25 free_scaled stage 1 epoch 50/90    307 s
seed 1004 n25 free_scaled stage 1 epoch 51/90    312 s
seed 1004 n25 free_scaled stage 1 epoch 52/90    319 s
seed 1004 n25 free_scaled stage 1 epoch 53/90    325 s
seed 1004 n25 free_scaled stage 1 epoch 54/90    331 s
seed 1004 n25 free_scaled stage 1 epoch 55/90    338 s
seed 1004 n25 free_scaled stage 1 epoch 56/90    344 s
seed 1004 n25 free_scaled stage 1 epoch 57/90    348 s
seed 1004 n25 free_scaled stage 1 epoch 58/90    355 s
seed 1004 n25 free_scaled stage 1 epoch 59/90    361 s
seed 1004 n25 free_scaled stage 1 epoch 60/90    366 s
seed 1004 n25 free_scaled stage 1 epoch 61/90    371 s
seed 1004 n25 free_scaled stage 1 epoch 62/90    376 s
seed 1004 n25 free_scaled stage 1 epoch 63/90    380 s
seed 1004 n25 free_scaled stage 1 epoch 64/90    385 s
seed 1004 n25 free_scaled stage 1 epoch 65/90    390 s
seed 1004 n25 free_scaled stage 1 epoch 66/90    395 s
seed 1004 n25 free_scaled stage 1 epoch 67/90    400 s
seed 1004 n25 free_scaled stage 1 epoch 68/90    405 s
seed 1004 n25 free_scaled stage 1 epoch 69/90    410 s
seed 1004 n25 free_scaled stage 1 epoch 70/90    418 s
seed 1004 n25 free_scaled stage 1 epoch 71/90    423 s
seed 1004 n25 free_scaled stage 1 epoch 72/90    429 s
seed 1004 n25 free_scaled stage 1 epoch 73/90    436 s
seed 1004 n25 free_scaled stage 1 epoch 74/90    444 s
seed 1004 n25 free_scaled stage 1 epoch 75/90    451 s
seed 1004 n25 free_scaled stage 1 epoch 76/90    457 s
seed 1004 n25 free_scaled stage 1 epoch 77/90    463 s
seed 1004 n25 free_scaled stage 1 epoch 78/90    468 s
seed 1004 n25 free_scaled stage 1 epoch 79/90    473 s
seed 1004 n25 free_scaled stage 1 epoch 80/90    477 s
seed 1004 n25 free_scaled stage 1 epoch 81/90    481 s
seed 1004 n25 free_scaled stage 1 epoch 82/90    486 s
seed 1004 n25 free_scaled stage 1 epoch 83/90    491 s
seed 1004 n25 free_scaled stage 1 epoch 84/90    496 s
seed 1004 n25 free_scaled stage 1 epoch 85/90    500 s
seed 1004 n25 free_scaled stage 1 epoch 86/90    505 s
seed 1004 n25 free_scaled stage 1 epoch 87/90    509 s
seed 1004 n25 free_scaled stage 1 epoch 88/90    514 s
seed 1004 n25 free_scaled stage 1 epoch 89/90    519 s
seed 1004 n25 free_scaled stage 1 epoch 90/90    523 s
seed 1004 n25 free_scaled stage 2 epoch  1/90    525 s
seed 1004 n25 free_scaled stage 2 epoch  2/90    527 s
seed 1004 n25 free_scaled stage 2 epoch  3/90    529 s
seed 1004 n25 free_scaled stage 2 epoch  4/90    532 s
seed 1004 n25 free_scaled stage 2 epoch  5/90    534 s
seed 1004 n25 free_scaled stage 2 epoch  6/90    536 s
seed 1004 n25 free_scaled stage 2 epoch  7/90    538 s
seed 1004 n25 free_scaled stage 2 epoch  8/90    541 s
seed 1004 n25 free_scaled stage 2 epoch  9/90    545 s
seed 1004 n25 free_scaled stage 2 epoch 10/90    548 s
seed 1004 n25 free_scaled stage 2 epoch 11/90    550 s
seed 1004 n25 free_scaled stage 2 epoch 12/90    552 s
seed 1004 n25 free_scaled stage 2 epoch 13/90    555 s
seed 1004 n25 free_scaled stage 2 epoch 14/90    558 s
seed 1004 n25 free_scaled stage 2 epoch 15/90    561 s
seed 1004 n25 free_scaled stage 2 epoch 16/90    564 s
seed 1004 n25 free_scaled stage 2 epoch 17/90    568 s
seed 1004 n25 free_scaled stage 2 epoch 18/90    571 s
seed 1004 n25 free_scaled stage 2 epoch 19/90    573 s
seed 1004 n25 free_scaled stage 2 epoch 20/90    575 s
seed 1004 n25 free_scaled stage 2 epoch 21/90    577 s
seed 1004 n25 free_scaled stage 2 epoch 22/90    580 s
seed 1004 n25 free_scaled stage 2 epoch 23/90    582 s
seed 1004 n25 free_scaled stage 2 epoch 24/90    585 s
seed 1004 n25 free_scaled stage 2 epoch 25/90    587 s
seed 1004 n25 free_scaled stage 2 epoch 26/90    589 s
seed 1004 n25 free_scaled stage 2 epoch 27/90    590 s
seed 1004 n25 free_scaled stage 2 epoch 28/90    593 s
seed 1004 n25 free_scaled stage 2 epoch 29/90    595 s
seed 1004 n25 free_scaled stage 2 epoch 30/90    597 s
seed 1004 n25 free_scaled stage 2 epoch 31/90    600 s
seed 1004 n25 free_scaled stage 2 epoch 32/90    602 s
seed 1004 n25 free_scaled stage 2 epoch 33/90    604 s
seed 1004 n25 free_scaled stage 2 epoch 34/90    605 s
seed 1004 n25 free_scaled stage 2 epoch 35/90    608 s
seed 1004 n25 free_scaled stage 2 epoch 36/90    611 s
seed 1004 n25 free_scaled stage 2 epoch 37/90    613 s
seed 1004 n25 free_scaled stage 2 epoch 38/90    615 s
seed 1004 n25 free_scaled stage 2 epoch 39/90    618 s
seed 1004 n25 free_scaled stage 2 epoch 40/90    621 s
seed 1004 n25 free_scaled stage 2 epoch 41/90    623 s
seed 1004 n25 free_scaled stage 2 epoch 42/90    626 s
seed 1004 n25 free_scaled stage 2 epoch 43/90    630 s
seed 1004 n25 free_scaled stage 2 epoch 44/90    633 s
seed 1004 n25 free_scaled stage 2 epoch 45/90    635 s
seed 1004 n25 free_scaled stage 2 epoch 46/90    637 s
seed 1004 n25 free_scaled stage 2 epoch 47/90    639 s
seed 1004 n25 free_scaled stage 2 epoch 48/90    641 s
seed 1004 n25 free_scaled stage 2 epoch 49/90    643 s
seed 1004 n25 free_scaled stage 2 epoch 50/90    645 s
seed 1004 n25 free_scaled stage 2 epoch 51/90    650 s
seed 1004 n25 free_scaled stage 2 epoch 52/90    651 s
seed 1004 n25 free_scaled stage 2 epoch 53/90    654 s
seed 1004 n25 free_scaled stage 2 epoch 54/90    656 s
seed 1004 n25 free_scaled stage 2 epoch 55/90    659 s
seed 1004 n25 free_scaled stage 2 epoch 56/90    661 s
seed 1004 n25 free_scaled stage 2 epoch 57/90    662 s
seed 1004 n25 free_scaled stage 2 epoch 58/90    664 s
seed 1004 n25 free_scaled stage 2 epoch 59/90    667 s
seed 1004 n25 free_scaled stage 2 epoch 60/90    669 s
seed 1004 n25 free_scaled stage 2 epoch 61/90    672 s
seed 1004 n25 free_scaled stage 2 epoch 62/90    674 s
seed 1004 n25 free_scaled stage 2 epoch 63/90    676 s
seed 1004 n25 free_scaled stage 2 epoch 64/90    681 s
seed 1004 n25 free_scaled stage 2 epoch 65/90    683 s
seed 1004 n25 free_scaled stage 2 epoch 66/90    684 s
seed 1004 n25 free_scaled stage 2 epoch 67/90    687 s
seed 1004 n25 free_scaled stage 2 epoch 68/90    688 s
seed 1004 n25 free_scaled stage 2 epoch 69/90    691 s
seed 1004 n25 free_scaled stage 2 epoch 70/90    692 s
seed 1004 n25 free_scaled stage 2 epoch 71/90    694 s
seed 1004 n25 free_scaled stage 2 epoch 72/90    697 s
seed 1004 n25 free_scaled stage 2 epoch 73/90    700 s
seed 1004 n25 free_scaled stage 2 epoch 74/90    703 s
seed 1004 n25 free_scaled stage 2 epoch 75/90    705 s
seed 1004 n25 free_scaled stage 2 epoch 76/90    708 s
seed 1004 n25 free_scaled stage 2 epoch 77/90    712 s
seed 1004 n25 free_scaled stage 2 epoch 78/90    715 s
seed 1004 n25 free_scaled stage 2 epoch 79/90    717 s
seed 1004 n25 free_scaled stage 2 epoch 80/90    720 s
seed 1004 n25 free_scaled stage 2 epoch 81/90    724 s
seed 1004 n25 free_scaled stage 2 epoch 82/90    727 s
seed 1004 n25 free_scaled stage 2 epoch 83/90    730 s
seed 1004 n25 free_scaled stage 2 epoch 84/90    732 s
seed 1004 n25 free_scaled stage 2 epoch 85/90    734 s
seed 1004 n25 free_scaled stage 2 epoch 86/90    737 s
seed 1004 n25 free_scaled stage 2 epoch 87/90    740 s
seed 1004 n25 free_scaled stage 2 epoch 88/90    743 s
seed 1004 n25 free_scaled stage 2 epoch 89/90    746 s
seed 1004 n25 free_scaled stage 2 epoch 90/90    748 s
seed 1004 n25 prescribed_std stage 2 epoch  1/90      2 s
seed 1004 n25 prescribed_std stage 2 epoch  2/90      5 s
seed 1004 n25 prescribed_std stage 2 epoch  3/90      9 s
seed 1004 n25 prescribed_std stage 2 epoch  4/90     13 s
seed 1004 n25 prescribed_std stage 2 epoch  5/90     18 s
seed 1004 n25 prescribed_std stage 2 epoch  6/90     24 s
seed 1004 n25 prescribed_std stage 2 epoch  7/90     28 s
seed 1004 n25 prescribed_std stage 2 epoch  8/90     31 s
seed 1004 n25 prescribed_std stage 2 epoch  9/90     33 s
seed 1004 n25 prescribed_std stage 2 epoch 10/90     35 s
seed 1004 n25 prescribed_std stage 2 epoch 11/90     38 s
seed 1004 n25 prescribed_std stage 2 epoch 12/90     40 s
seed 1004 n25 prescribed_std stage 2 epoch 13/90     44 s
seed 1004 n25 prescribed_std stage 2 epoch 14/90     48 s
seed 1004 n25 prescribed_std stage 2 epoch 15/90     53 s
seed 1004 n25 prescribed_std stage 2 epoch 16/90     58 s
seed 1004 n25 prescribed_std stage 2 epoch 17/90     62 s
seed 1004 n25 prescribed_std stage 2 epoch 18/90     68 s
seed 1004 n25 prescribed_std stage 2 epoch 19/90     70 s
seed 1004 n25 prescribed_std stage 2 epoch 20/90     72 s
seed 1004 n25 prescribed_std stage 2 epoch 21/90     75 s
seed 1004 n25 prescribed_std stage 2 epoch 22/90     78 s
seed 1004 n25 prescribed_std stage 2 epoch 23/90     80 s
seed 1004 n25 prescribed_std stage 2 epoch 24/90     82 s
seed 1004 n25 prescribed_std stage 2 epoch 25/90     84 s
seed 1004 n25 prescribed_std stage 2 epoch 26/90     86 s
seed 1004 n25 prescribed_std stage 2 epoch 27/90     88 s
seed 1004 n25 prescribed_std stage 2 epoch 28/90     90 s
seed 1004 n25 prescribed_std stage 2 epoch 29/90     91 s
seed 1004 n25 prescribed_std stage 2 epoch 30/90     93 s
seed 1004 n25 prescribed_std stage 2 epoch 31/90     95 s
seed 1004 n25 prescribed_std stage 2 epoch 32/90     97 s
seed 1004 n25 prescribed_std stage 2 epoch 33/90     99 s
seed 1004 n25 prescribed_std stage 2 epoch 34/90    101 s
seed 1004 n25 prescribed_std stage 2 epoch 35/90    103 s
seed 1004 n25 prescribed_std stage 2 epoch 36/90    104 s
seed 1004 n25 prescribed_std stage 2 epoch 37/90    106 s
seed 1004 n25 prescribed_std stage 2 epoch 38/90    108 s
seed 1004 n25 prescribed_std stage 2 epoch 39/90    110 s
seed 1004 n25 prescribed_std stage 2 epoch 40/90    112 s
seed 1004 n25 prescribed_std stage 2 epoch 41/90    114 s
seed 1004 n25 prescribed_std stage 2 epoch 42/90    116 s
seed 1004 n25 prescribed_std stage 2 epoch 43/90    118 s
seed 1004 n25 prescribed_std stage 2 epoch 44/90    119 s
seed 1004 n25 prescribed_std stage 2 epoch 45/90    121 s
seed 1004 n25 prescribed_std stage 2 epoch 46/90    123 s
seed 1004 n25 prescribed_std stage 2 epoch 47/90    125 s
seed 1004 n25 prescribed_std stage 2 epoch 48/90    126 s
seed 1004 n25 prescribed_std stage 2 epoch 49/90    128 s
seed 1004 n25 prescribed_std stage 2 epoch 50/90    130 s
seed 1004 n25 prescribed_std stage 2 epoch 51/90    132 s
seed 1004 n25 prescribed_std stage 2 epoch 52/90    134 s
seed 1004 n25 prescribed_std stage 2 epoch 53/90    136 s
seed 1004 n25 prescribed_std stage 2 epoch 54/90    137 s
seed 1004 n25 prescribed_std stage 2 epoch 55/90    139 s
seed 1004 n25 prescribed_std stage 2 epoch 56/90    141 s
seed 1004 n25 prescribed_std stage 2 epoch 57/90    142 s
seed 1004 n25 prescribed_std stage 2 epoch 58/90    144 s
seed 1004 n25 prescribed_std stage 2 epoch 59/90    146 s
seed 1004 n25 prescribed_std stage 2 epoch 60/90    148 s
seed 1004 n25 prescribed_std stage 2 epoch 61/90    149 s
seed 1004 n25 prescribed_std stage 2 epoch 62/90    151 s
seed 1004 n25 prescribed_std stage 2 epoch 63/90    153 s
seed 1004 n25 prescribed_std stage 2 epoch 64/90    154 s
seed 1004 n25 prescribed_std stage 2 epoch 65/90    156 s
seed 1004 n25 prescribed_std stage 2 epoch 66/90    158 s
seed 1004 n25 prescribed_std stage 2 epoch 67/90    160 s
seed 1004 n25 prescribed_std stage 2 epoch 68/90    161 s
seed 1004 n25 prescribed_std stage 2 epoch 69/90    163 s
seed 1004 n25 prescribed_std stage 2 epoch 70/90    167 s
seed 1004 n25 prescribed_std stage 2 epoch 71/90    171 s
seed 1004 n25 prescribed_std stage 2 epoch 72/90    175 s
seed 1004 n25 prescribed_std stage 2 epoch 73/90    180 s
seed 1004 n25 prescribed_std stage 2 epoch 74/90    185 s
seed 1004 n25 prescribed_std stage 2 epoch 75/90    191 s
seed 1004 n25 prescribed_std stage 2 epoch 76/90    196 s
seed 1004 n25 prescribed_std stage 2 epoch 77/90    201 s
seed 1004 n25 prescribed_std stage 2 epoch 78/90    207 s
seed 1004 n25 prescribed_std stage 2 epoch 79/90    212 s
seed 1004 n25 prescribed_std stage 2 epoch 80/90    215 s
seed 1004 n25 prescribed_std stage 2 epoch 81/90    218 s
seed 1004 n25 prescribed_std stage 2 epoch 82/90    221 s
seed 1004 n25 prescribed_std stage 2 epoch 83/90    224 s
seed 1004 n25 prescribed_std stage 2 epoch 84/90    226 s
seed 1004 n25 prescribed_std stage 2 epoch 85/90    230 s
seed 1004 n25 prescribed_std stage 2 epoch 86/90    233 s
seed 1004 n25 prescribed_std stage 2 epoch 87/90    235 s
seed 1004 n25 prescribed_std stage 2 epoch 88/90    237 s
seed 1004 n25 prescribed_std stage 2 epoch 89/90    239 s
seed 1004 n25 prescribed_std stage 2 epoch 90/90    242 s
seed 1004 n50 free_scaled stage 1 epoch  1/90     12 s
seed 1004 n50 free_scaled stage 1 epoch  2/90     24 s
seed 1004 n50 free_scaled stage 1 epoch  3/90     38 s
seed 1004 n50 free_scaled stage 1 epoch  4/90     48 s
seed 1004 n50 free_scaled stage 1 epoch  5/90     58 s
seed 1004 n50 free_scaled stage 1 epoch  6/90     70 s
seed 1004 n50 free_scaled stage 1 epoch  7/90     83 s
seed 1004 n50 free_scaled stage 1 epoch  8/90     95 s
seed 1004 n50 free_scaled stage 1 epoch  9/90    109 s
seed 1004 n50 free_scaled stage 1 epoch 10/90    123 s
seed 1004 n50 free_scaled stage 1 epoch 11/90    134 s
seed 1004 n50 free_scaled stage 1 epoch 12/90    149 s
seed 1004 n50 free_scaled stage 1 epoch 13/90    158 s
seed 1004 n50 free_scaled stage 1 epoch 14/90    172 s
seed 1004 n50 free_scaled stage 1 epoch 15/90    181 s
seed 1004 n50 free_scaled stage 1 epoch 16/90    193 s
seed 1004 n50 free_scaled stage 1 epoch 17/90    203 s
seed 1004 n50 free_scaled stage 1 epoch 18/90    217 s
seed 1004 n50 free_scaled stage 1 epoch 19/90    233 s
seed 1004 n50 free_scaled stage 1 epoch 20/90    245 s
seed 1004 n50 free_scaled stage 1 epoch 21/90    256 s
seed 1004 n50 free_scaled stage 1 epoch 22/90    270 s
seed 1004 n50 free_scaled stage 1 epoch 23/90    283 s
seed 1004 n50 free_scaled stage 1 epoch 24/90    295 s
seed 1004 n50 free_scaled stage 1 epoch 25/90    305 s
seed 1004 n50 free_scaled stage 1 epoch 26/90    315 s
seed 1004 n50 free_scaled stage 1 epoch 27/90    326 s
seed 1004 n50 free_scaled stage 1 epoch 28/90    335 s
seed 1004 n50 free_scaled stage 1 epoch 29/90    344 s
seed 1004 n50 free_scaled stage 1 epoch 30/90    355 s
seed 1004 n50 free_scaled stage 1 epoch 31/90    366 s
seed 1004 n50 free_scaled stage 1 epoch 32/90    378 s
seed 1004 n50 free_scaled stage 1 epoch 33/90    396 s
seed 1004 n50 free_scaled stage 1 epoch 34/90    415 s
seed 1004 n50 free_scaled stage 1 epoch 35/90    431 s
seed 1004 n50 free_scaled stage 1 epoch 36/90    456 s
seed 1004 n50 free_scaled stage 1 epoch 37/90    479 s
seed 1004 n50 free_scaled stage 1 epoch 38/90    494 s
seed 1004 n50 free_scaled stage 1 epoch 39/90    506 s
seed 1004 n50 free_scaled stage 1 epoch 40/90    516 s
seed 1004 n50 free_scaled stage 1 epoch 41/90    529 s
seed 1004 n50 free_scaled stage 1 epoch 42/90    539 s
seed 1004 n50 free_scaled stage 1 epoch 43/90    549 s
seed 1004 n50 free_scaled stage 1 epoch 44/90    560 s
seed 1004 n50 free_scaled stage 1 epoch 45/90    575 s
seed 1004 n50 free_scaled stage 1 epoch 46/90    588 s
seed 1004 n50 free_scaled stage 1 epoch 47/90    601 s
seed 1004 n50 free_scaled stage 1 epoch 48/90    614 s
seed 1004 n50 free_scaled stage 1 epoch 49/90    629 s
seed 1004 n50 free_scaled stage 1 epoch 50/90    639 s
seed 1004 n50 free_scaled stage 1 epoch 51/90    651 s
seed 1004 n50 free_scaled stage 1 epoch 52/90    663 s
seed 1004 n50 free_scaled stage 1 epoch 53/90    675 s
seed 1004 n50 free_scaled stage 1 epoch 54/90    684 s
seed 1004 n50 free_scaled stage 1 epoch 55/90    694 s
seed 1004 n50 free_scaled stage 1 epoch 56/90    704 s
seed 1004 n50 free_scaled stage 1 epoch 57/90    714 s
seed 1004 n50 free_scaled stage 1 epoch 58/90    725 s
seed 1004 n50 free_scaled stage 1 epoch 59/90    737 s
seed 1004 n50 free_scaled stage 1 epoch 60/90    752 s
seed 1004 n50 free_scaled stage 1 epoch 61/90    762 s
seed 1004 n50 free_scaled stage 1 epoch 62/90    772 s
seed 1004 n50 free_scaled stage 1 epoch 63/90    782 s
seed 1004 n50 free_scaled stage 1 epoch 64/90    793 s
seed 1004 n50 free_scaled stage 1 epoch 65/90    803 s
seed 1004 n50 free_scaled stage 1 epoch 66/90    813 s
seed 1004 n50 free_scaled stage 1 epoch 67/90    825 s
seed 1004 n50 free_scaled stage 1 epoch 68/90    835 s
seed 1004 n50 free_scaled stage 1 epoch 69/90    847 s
seed 1004 n50 free_scaled stage 1 epoch 70/90    861 s
seed 1004 n50 free_scaled stage 1 epoch 71/90    873 s
seed 1004 n50 free_scaled stage 1 epoch 72/90    885 s
seed 1004 n50 free_scaled stage 1 epoch 73/90    896 s
seed 1004 n50 free_scaled stage 1 epoch 74/90    911 s
seed 1004 n50 free_scaled stage 1 epoch 75/90    923 s
seed 1004 n50 free_scaled stage 1 epoch 76/90    933 s
seed 1004 n50 free_scaled stage 1 epoch 77/90    942 s
seed 1004 n50 free_scaled stage 1 epoch 78/90    953 s
seed 1004 n50 free_scaled stage 1 epoch 79/90    963 s
seed 1004 n50 free_scaled stage 1 epoch 80/90    973 s
seed 1004 n50 free_scaled stage 1 epoch 81/90    985 s
seed 1004 n50 free_scaled stage 1 epoch 82/90   1000 s
seed 1004 n50 free_scaled stage 1 epoch 83/90   1011 s
seed 1004 n50 free_scaled stage 1 epoch 84/90   1021 s
seed 1004 n50 free_scaled stage 1 epoch 85/90   1032 s
seed 1004 n50 free_scaled stage 1 epoch 86/90   1045 s
seed 1004 n50 free_scaled stage 1 epoch 87/90   1055 s
seed 1004 n50 free_scaled stage 1 epoch 88/90   1065 s
seed 1004 n50 free_scaled stage 1 epoch 89/90   1078 s
seed 1004 n50 free_scaled stage 1 epoch 90/90   1088 s
seed 1004 n50 free_scaled stage 2 epoch  1/90   1094 s
seed 1004 n50 free_scaled stage 2 epoch  2/90   1099 s
seed 1004 n50 free_scaled stage 2 epoch  3/90   1103 s
seed 1004 n50 free_scaled stage 2 epoch  4/90   1107 s
seed 1004 n50 free_scaled stage 2 epoch  5/90   1111 s
seed 1004 n50 free_scaled stage 2 epoch  6/90   1114 s
seed 1004 n50 free_scaled stage 2 epoch  7/90   1118 s
seed 1004 n50 free_scaled stage 2 epoch  8/90   1122 s
seed 1004 n50 free_scaled stage 2 epoch  9/90   1126 s
seed 1004 n50 free_scaled stage 2 epoch 10/90   1130 s
seed 1004 n50 free_scaled stage 2 epoch 11/90   1134 s
seed 1004 n50 free_scaled stage 2 epoch 12/90   1138 s
seed 1004 n50 free_scaled stage 2 epoch 13/90   1141 s
seed 1004 n50 free_scaled stage 2 epoch 14/90   1145 s
seed 1004 n50 free_scaled stage 2 epoch 15/90   1149 s
seed 1004 n50 free_scaled stage 2 epoch 16/90   1153 s
seed 1004 n50 free_scaled stage 2 epoch 17/90   1156 s
seed 1004 n50 free_scaled stage 2 epoch 18/90   1160 s
seed 1004 n50 free_scaled stage 2 epoch 19/90   1164 s
seed 1004 n50 free_scaled stage 2 epoch 20/90   1168 s
seed 1004 n50 free_scaled stage 2 epoch 21/90   1172 s
seed 1004 n50 free_scaled stage 2 epoch 22/90   1176 s
seed 1004 n50 free_scaled stage 2 epoch 23/90   1179 s
seed 1004 n50 free_scaled stage 2 epoch 24/90   1183 s
seed 1004 n50 free_scaled stage 2 epoch 25/90   1187 s
seed 1004 n50 free_scaled stage 2 epoch 26/90   1190 s
seed 1004 n50 free_scaled stage 2 epoch 27/90   1194 s
seed 1004 n50 free_scaled stage 2 epoch 28/90   1198 s
seed 1004 n50 free_scaled stage 2 epoch 29/90   1201 s
seed 1004 n50 free_scaled stage 2 epoch 30/90   1205 s
seed 1004 n50 free_scaled stage 2 epoch 31/90   1209 s
seed 1004 n50 free_scaled stage 2 epoch 32/90   1212 s
seed 1004 n50 free_scaled stage 2 epoch 33/90   1216 s
seed 1004 n50 free_scaled stage 2 epoch 34/90   1220 s
seed 1004 n50 free_scaled stage 2 epoch 35/90   1224 s
seed 1004 n50 free_scaled stage 2 epoch 36/90   1227 s
seed 1004 n50 free_scaled stage 2 epoch 37/90   1231 s
seed 1004 n50 free_scaled stage 2 epoch 38/90   1235 s
seed 1004 n50 free_scaled stage 2 epoch 39/90   1238 s
seed 1004 n50 free_scaled stage 2 epoch 40/90   1242 s
seed 1004 n50 free_scaled stage 2 epoch 41/90   1246 s
seed 1004 n50 free_scaled stage 2 epoch 42/90   1250 s
seed 1004 n50 free_scaled stage 2 epoch 43/90   1253 s
seed 1004 n50 free_scaled stage 2 epoch 44/90   1257 s
seed 1004 n50 free_scaled stage 2 epoch 45/90   1261 s
seed 1004 n50 free_scaled stage 2 epoch 46/90   1264 s
seed 1004 n50 free_scaled stage 2 epoch 47/90   1268 s
seed 1004 n50 free_scaled stage 2 epoch 48/90   1272 s
seed 1004 n50 free_scaled stage 2 epoch 49/90   1275 s
seed 1004 n50 free_scaled stage 2 epoch 50/90   1279 s
seed 1004 n50 free_scaled stage 2 epoch 51/90   1283 s
seed 1004 n50 free_scaled stage 2 epoch 52/90   1287 s
seed 1004 n50 free_scaled stage 2 epoch 53/90   1290 s
seed 1004 n50 free_scaled stage 2 epoch 54/90   1294 s
seed 1004 n50 free_scaled stage 2 epoch 55/90   1298 s
seed 1004 n50 free_scaled stage 2 epoch 56/90   1301 s
seed 1004 n50 free_scaled stage 2 epoch 57/90   1305 s
seed 1004 n50 free_scaled stage 2 epoch 58/90   1309 s
seed 1004 n50 free_scaled stage 2 epoch 59/90   1313 s
seed 1004 n50 free_scaled stage 2 epoch 60/90   1316 s
seed 1004 n50 free_scaled stage 2 epoch 61/90   1320 s
seed 1004 n50 free_scaled stage 2 epoch 62/90   1324 s
seed 1004 n50 free_scaled stage 2 epoch 63/90   1327 s
seed 1004 n50 free_scaled stage 2 epoch 64/90   1331 s
seed 1004 n50 free_scaled stage 2 epoch 65/90   1336 s
seed 1004 n50 free_scaled stage 2 epoch 66/90   1340 s
seed 1004 n50 free_scaled stage 2 epoch 67/90   1343 s
seed 1004 n50 free_scaled stage 2 epoch 68/90   1347 s
seed 1004 n50 free_scaled stage 2 epoch 69/90   1351 s
seed 1004 n50 free_scaled stage 2 epoch 70/90   1354 s
seed 1004 n50 free_scaled stage 2 epoch 71/90   1358 s
seed 1004 n50 free_scaled stage 2 epoch 72/90   1361 s
seed 1004 n50 free_scaled stage 2 epoch 73/90   1365 s
seed 1004 n50 free_scaled stage 2 epoch 74/90   1369 s
seed 1004 n50 free_scaled stage 2 epoch 75/90   1373 s
seed 1004 n50 free_scaled stage 2 epoch 76/90   1378 s
seed 1004 n50 free_scaled stage 2 epoch 77/90   1382 s
seed 1004 n50 free_scaled stage 2 epoch 78/90   1386 s
seed 1004 n50 free_scaled stage 2 epoch 79/90   1389 s
seed 1004 n50 free_scaled stage 2 epoch 80/90   1393 s
seed 1004 n50 free_scaled stage 2 epoch 81/90   1397 s
seed 1004 n50 free_scaled stage 2 epoch 82/90   1400 s
seed 1004 n50 free_scaled stage 2 epoch 83/90   1404 s
seed 1004 n50 free_scaled stage 2 epoch 84/90   1408 s
seed 1004 n50 free_scaled stage 2 epoch 85/90   1413 s
seed 1004 n50 free_scaled stage 2 epoch 86/90   1416 s
seed 1004 n50 free_scaled stage 2 epoch 87/90   1420 s
seed 1004 n50 free_scaled stage 2 epoch 88/90   1424 s
seed 1004 n50 free_scaled stage 2 epoch 89/90   1427 s
seed 1004 n50 free_scaled stage 2 epoch 90/90   1431 s
seed 1004 n50 prescribed_std stage 2 epoch  1/90      4 s
seed 1004 n50 prescribed_std stage 2 epoch  2/90      7 s
seed 1004 n50 prescribed_std stage 2 epoch  3/90     11 s
seed 1004 n50 prescribed_std stage 2 epoch  4/90     16 s
seed 1004 n50 prescribed_std stage 2 epoch  5/90     20 s
seed 1004 n50 prescribed_std stage 2 epoch  6/90     24 s
seed 1004 n50 prescribed_std stage 2 epoch  7/90     28 s
seed 1004 n50 prescribed_std stage 2 epoch  8/90     34 s
seed 1004 n50 prescribed_std stage 2 epoch  9/90     40 s
seed 1004 n50 prescribed_std stage 2 epoch 10/90     44 s
seed 1004 n50 prescribed_std stage 2 epoch 11/90     48 s
seed 1004 n50 prescribed_std stage 2 epoch 12/90     52 s
seed 1004 n50 prescribed_std stage 2 epoch 13/90     57 s
seed 1004 n50 prescribed_std stage 2 epoch 14/90     63 s
seed 1004 n50 prescribed_std stage 2 epoch 15/90     68 s
seed 1004 n50 prescribed_std stage 2 epoch 16/90     72 s
seed 1004 n50 prescribed_std stage 2 epoch 17/90     77 s
seed 1004 n50 prescribed_std stage 2 epoch 18/90     83 s
seed 1004 n50 prescribed_std stage 2 epoch 19/90     90 s
seed 1004 n50 prescribed_std stage 2 epoch 20/90     95 s
seed 1004 n50 prescribed_std stage 2 epoch 21/90    103 s
seed 1004 n50 prescribed_std stage 2 epoch 22/90    110 s
seed 1004 n50 prescribed_std stage 2 epoch 23/90    117 s
seed 1004 n50 prescribed_std stage 2 epoch 24/90    124 s
seed 1004 n50 prescribed_std stage 2 epoch 25/90    130 s
seed 1004 n50 prescribed_std stage 2 epoch 26/90    136 s
seed 1004 n50 prescribed_std stage 2 epoch 27/90    142 s
seed 1004 n50 prescribed_std stage 2 epoch 28/90    148 s
seed 1004 n50 prescribed_std stage 2 epoch 29/90    152 s
seed 1004 n50 prescribed_std stage 2 epoch 30/90    157 s
seed 1004 n50 prescribed_std stage 2 epoch 31/90    161 s
seed 1004 n50 prescribed_std stage 2 epoch 32/90    166 s
seed 1004 n50 prescribed_std stage 2 epoch 33/90    170 s
seed 1004 n50 prescribed_std stage 2 epoch 34/90    175 s
seed 1004 n50 prescribed_std stage 2 epoch 35/90    179 s
seed 1004 n50 prescribed_std stage 2 epoch 36/90    184 s
seed 1004 n50 prescribed_std stage 2 epoch 37/90    188 s
seed 1004 n50 prescribed_std stage 2 epoch 38/90    193 s
seed 1004 n50 prescribed_std stage 2 epoch 39/90    198 s
seed 1004 n50 prescribed_std stage 2 epoch 40/90    203 s
seed 1004 n50 prescribed_std stage 2 epoch 41/90    209 s
seed 1004 n50 prescribed_std stage 2 epoch 42/90    213 s
seed 1004 n50 prescribed_std stage 2 epoch 43/90    217 s
seed 1004 n50 prescribed_std stage 2 epoch 44/90    220 s
seed 1004 n50 prescribed_std stage 2 epoch 45/90    224 s
seed 1004 n50 prescribed_std stage 2 epoch 46/90    228 s
seed 1004 n50 prescribed_std stage 2 epoch 47/90    232 s
seed 1004 n50 prescribed_std stage 2 epoch 48/90    236 s
seed 1004 n50 prescribed_std stage 2 epoch 49/90    239 s
seed 1004 n50 prescribed_std stage 2 epoch 50/90    243 s
seed 1004 n50 prescribed_std stage 2 epoch 51/90    247 s
seed 1004 n50 prescribed_std stage 2 epoch 52/90    250 s
seed 1004 n50 prescribed_std stage 2 epoch 53/90    254 s
seed 1004 n50 prescribed_std stage 2 epoch 54/90    258 s
seed 1004 n50 prescribed_std stage 2 epoch 55/90    262 s
seed 1004 n50 prescribed_std stage 2 epoch 56/90    266 s
seed 1004 n50 prescribed_std stage 2 epoch 57/90    270 s
seed 1004 n50 prescribed_std stage 2 epoch 58/90    273 s
seed 1004 n50 prescribed_std stage 2 epoch 59/90    277 s
seed 1004 n50 prescribed_std stage 2 epoch 60/90    280 s
seed 1004 n50 prescribed_std stage 2 epoch 61/90    284 s
seed 1004 n50 prescribed_std stage 2 epoch 62/90    288 s
seed 1004 n50 prescribed_std stage 2 epoch 63/90    294 s
seed 1004 n50 prescribed_std stage 2 epoch 64/90    299 s
seed 1004 n50 prescribed_std stage 2 epoch 65/90    303 s
seed 1004 n50 prescribed_std stage 2 epoch 66/90    308 s
seed 1004 n50 prescribed_std stage 2 epoch 67/90    314 s
seed 1004 n50 prescribed_std stage 2 epoch 68/90    318 s
seed 1004 n50 prescribed_std stage 2 epoch 69/90    322 s
seed 1004 n50 prescribed_std stage 2 epoch 70/90    328 s
seed 1004 n50 prescribed_std stage 2 epoch 71/90    333 s
seed 1004 n50 prescribed_std stage 2 epoch 72/90    337 s
seed 1004 n50 prescribed_std stage 2 epoch 73/90    342 s
seed 1004 n50 prescribed_std stage 2 epoch 74/90    345 s
seed 1004 n50 prescribed_std stage 2 epoch 75/90    349 s
seed 1004 n50 prescribed_std stage 2 epoch 76/90    353 s
seed 1004 n50 prescribed_std stage 2 epoch 77/90    357 s
seed 1004 n50 prescribed_std stage 2 epoch 78/90    361 s
seed 1004 n50 prescribed_std stage 2 epoch 79/90    365 s
seed 1004 n50 prescribed_std stage 2 epoch 80/90    368 s
seed 1004 n50 prescribed_std stage 2 epoch 81/90    372 s
seed 1004 n50 prescribed_std stage 2 epoch 82/90    376 s
seed 1004 n50 prescribed_std stage 2 epoch 83/90    379 s
seed 1004 n50 prescribed_std stage 2 epoch 84/90    383 s
seed 1004 n50 prescribed_std stage 2 epoch 85/90    387 s
seed 1004 n50 prescribed_std stage 2 epoch 86/90    391 s
seed 1004 n50 prescribed_std stage 2 epoch 87/90    395 s
seed 1004 n50 prescribed_std stage 2 epoch 88/90    399 s
seed 1004 n50 prescribed_std stage 2 epoch 89/90    402 s
seed 1004 n50 prescribed_std stage 2 epoch 90/90    406 s
seed 1004 n200 prescribed_std stage 2 epoch  1/90     15 s
seed 1004 n200 prescribed_std stage 2 epoch  2/90     31 s
seed 1004 n200 prescribed_std stage 2 epoch  3/90     48 s
seed 1004 n200 prescribed_std stage 2 epoch  4/90     66 s
seed 1004 n200 prescribed_std stage 2 epoch  5/90     83 s
seed 1004 n200 prescribed_std stage 2 epoch  6/90    101 s
seed 1004 n200 prescribed_std stage 2 epoch  7/90    119 s
seed 1004 n200 prescribed_std stage 2 epoch  8/90    136 s
seed 1004 n200 prescribed_std stage 2 epoch  9/90    152 s
seed 1004 n200 prescribed_std stage 2 epoch 10/90    171 s
seed 1004 n200 prescribed_std stage 2 epoch 11/90    188 s
seed 1004 n200 prescribed_std stage 2 epoch 12/90    204 s
seed 1004 n200 prescribed_std stage 2 epoch 13/90    220 s
seed 1004 n200 prescribed_std stage 2 epoch 14/90    238 s
seed 1004 n200 prescribed_std stage 2 epoch 15/90    256 s
seed 1004 n200 prescribed_std stage 2 epoch 16/90    272 s
seed 1004 n200 prescribed_std stage 2 epoch 17/90    288 s
seed 1004 n200 prescribed_std stage 2 epoch 18/90    305 s
seed 1004 n200 prescribed_std stage 2 epoch 19/90    323 s
seed 1004 n200 prescribed_std stage 2 epoch 20/90    339 s
seed 1004 n200 prescribed_std stage 2 epoch 21/90    360 s
seed 1004 n200 prescribed_std stage 2 epoch 22/90    376 s
seed 1004 n200 prescribed_std stage 2 epoch 23/90    392 s
seed 1004 n200 prescribed_std stage 2 epoch 24/90    407 s
seed 1004 n200 prescribed_std stage 2 epoch 25/90    424 s
seed 1004 n200 prescribed_std stage 2 epoch 26/90    439 s
seed 1004 n200 prescribed_std stage 2 epoch 27/90    457 s
seed 1004 n200 prescribed_std stage 2 epoch 28/90    474 s
seed 1004 n200 prescribed_std stage 2 epoch 29/90    491 s
seed 1004 n200 prescribed_std stage 2 epoch 30/90    508 s
seed 1004 n200 prescribed_std stage 2 epoch 31/90    524 s
seed 1004 n200 prescribed_std stage 2 epoch 32/90    541 s
seed 1004 n200 prescribed_std stage 2 epoch 33/90    559 s
seed 1004 n200 prescribed_std stage 2 epoch 34/90    576 s
seed 1004 n200 prescribed_std stage 2 epoch 35/90    592 s
seed 1004 n200 prescribed_std stage 2 epoch 36/90    612 s
seed 1004 n200 prescribed_std stage 2 epoch 37/90    629 s
seed 1004 n200 prescribed_std stage 2 epoch 38/90    647 s
seed 1004 n200 prescribed_std stage 2 epoch 39/90    666 s
seed 1004 n200 prescribed_std stage 2 epoch 40/90    683 s
seed 1004 n200 prescribed_std stage 2 epoch 41/90    700 s
seed 1004 n200 prescribed_std stage 2 epoch 42/90    720 s
seed 1004 n200 prescribed_std stage 2 epoch 43/90    740 s
seed 1004 n200 prescribed_std stage 2 epoch 44/90    758 s
seed 1004 n200 prescribed_std stage 2 epoch 45/90    776 s
seed 1004 n200 prescribed_std stage 2 epoch 46/90    795 s
seed 1004 n200 prescribed_std stage 2 epoch 47/90    814 s
seed 1004 n200 prescribed_std stage 2 epoch 48/90    830 s
seed 1004 n200 prescribed_std stage 2 epoch 49/90    850 s
seed 1004 n200 prescribed_std stage 2 epoch 50/90    869 s
seed 1004 n200 prescribed_std stage 2 epoch 51/90    888 s
seed 1004 n200 prescribed_std stage 2 epoch 52/90    905 s
seed 1004 n200 prescribed_std stage 2 epoch 53/90    920 s
seed 1004 n200 prescribed_std stage 2 epoch 54/90    935 s
seed 1004 n200 prescribed_std stage 2 epoch 55/90    951 s
seed 1004 n200 prescribed_std stage 2 epoch 56/90    971 s
seed 1004 n200 prescribed_std stage 2 epoch 57/90    990 s
seed 1004 n200 prescribed_std stage 2 epoch 58/90   1005 s
seed 1004 n200 prescribed_std stage 2 epoch 59/90   1021 s
seed 1004 n200 prescribed_std stage 2 epoch 60/90   1040 s
seed 1004 n200 prescribed_std stage 2 epoch 61/90   1058 s
seed 1004 n200 prescribed_std stage 2 epoch 62/90   1074 s
seed 1004 n200 prescribed_std stage 2 epoch 63/90   1092 s
seed 1004 n200 prescribed_std stage 2 epoch 64/90   1114 s
seed 1004 n200 prescribed_std stage 2 epoch 65/90   1133 s
seed 1004 n200 prescribed_std stage 2 epoch 66/90   1152 s
seed 1004 n200 prescribed_std stage 2 epoch 67/90   1173 s
seed 1004 n200 prescribed_std stage 2 epoch 68/90   1191 s
seed 1004 n200 prescribed_std stage 2 epoch 69/90   1208 s
seed 1004 n200 prescribed_std stage 2 epoch 70/90   1228 s
seed 1004 n200 prescribed_std stage 2 epoch 71/90   1246 s
seed 1004 n200 prescribed_std stage 2 epoch 72/90   1265 s
seed 1004 n200 prescribed_std stage 2 epoch 73/90   1284 s
seed 1004 n200 prescribed_std stage 2 epoch 74/90   1302 s
seed 1004 n200 prescribed_std stage 2 epoch 75/90   1324 s
seed 1004 n200 prescribed_std stage 2 epoch 76/90   1345 s
seed 1004 n200 prescribed_std stage 2 epoch 77/90   1364 s
seed 1004 n200 prescribed_std stage 2 epoch 78/90   1380 s
seed 1004 n200 prescribed_std stage 2 epoch 79/90   1397 s
seed 1004 n200 prescribed_std stage 2 epoch 80/90   1413 s
seed 1004 n200 prescribed_std stage 2 epoch 81/90   1429 s
seed 1004 n200 prescribed_std stage 2 epoch 82/90   1450 s
seed 1004 n200 prescribed_std stage 2 epoch 83/90   1471 s
seed 1004 n200 prescribed_std stage 2 epoch 84/90   1487 s
seed 1004 n200 prescribed_std stage 2 epoch 85/90   1503 s
seed 1004 n200 prescribed_std stage 2 epoch 86/90   1520 s
seed 1004 n200 prescribed_std stage 2 epoch 87/90   1537 s
seed 1004 n200 prescribed_std stage 2 epoch 88/90   1566 s
seed 1004 n200 prescribed_std stage 2 epoch 89/90   1587 s
seed 1004 n200 prescribed_std stage 2 epoch 90/90   1605 s
seed 1004: written
seed 1005 n25 free_scaled stage 1 epoch  1/90      6 s
seed 1005 n25 free_scaled stage 1 epoch  2/90     16 s
seed 1005 n25 free_scaled stage 1 epoch  3/90     28 s
seed 1005 n25 free_scaled stage 1 epoch  4/90     36 s
seed 1005 n25 free_scaled stage 1 epoch  5/90     43 s
seed 1005 n25 free_scaled stage 1 epoch  6/90     54 s
seed 1005 n25 free_scaled stage 1 epoch  7/90     63 s
seed 1005 n25 free_scaled stage 1 epoch  8/90     70 s
seed 1005 n25 free_scaled stage 1 epoch  9/90     75 s
seed 1005 n25 free_scaled stage 1 epoch 10/90     81 s
seed 1005 n25 free_scaled stage 1 epoch 11/90     87 s
seed 1005 n25 free_scaled stage 1 epoch 12/90     92 s
seed 1005 n25 free_scaled stage 1 epoch 13/90     97 s
seed 1005 n25 free_scaled stage 1 epoch 14/90    104 s
seed 1005 n25 free_scaled stage 1 epoch 15/90    112 s
seed 1005 n25 free_scaled stage 1 epoch 16/90    122 s
seed 1005 n25 free_scaled stage 1 epoch 17/90    134 s
seed 1005 n25 free_scaled stage 1 epoch 18/90    142 s
seed 1005 n25 free_scaled stage 1 epoch 19/90    147 s
seed 1005 n25 free_scaled stage 1 epoch 20/90    154 s
seed 1005 n25 free_scaled stage 1 epoch 21/90    163 s
seed 1005 n25 free_scaled stage 1 epoch 22/90    168 s
seed 1005 n25 free_scaled stage 1 epoch 23/90    173 s
seed 1005 n25 free_scaled stage 1 epoch 24/90    179 s
seed 1005 n25 free_scaled stage 1 epoch 25/90    185 s
seed 1005 n25 free_scaled stage 1 epoch 26/90    191 s
seed 1005 n25 free_scaled stage 1 epoch 27/90    197 s
seed 1005 n25 free_scaled stage 1 epoch 28/90    203 s
seed 1005 n25 free_scaled stage 1 epoch 29/90    209 s
seed 1005 n25 free_scaled stage 1 epoch 30/90    214 s
seed 1005 n25 free_scaled stage 1 epoch 31/90    222 s
seed 1005 n25 free_scaled stage 1 epoch 32/90    228 s
seed 1005 n25 free_scaled stage 1 epoch 33/90    234 s
seed 1005 n25 free_scaled stage 1 epoch 34/90    239 s
seed 1005 n25 free_scaled stage 1 epoch 35/90    246 s
seed 1005 n25 free_scaled stage 1 epoch 36/90    251 s
seed 1005 n25 free_scaled stage 1 epoch 37/90    256 s
seed 1005 n25 free_scaled stage 1 epoch 38/90    261 s
seed 1005 n25 free_scaled stage 1 epoch 39/90    266 s
seed 1005 n25 free_scaled stage 1 epoch 40/90    272 s
seed 1005 n25 free_scaled stage 1 epoch 41/90    278 s
seed 1005 n25 free_scaled stage 1 epoch 42/90    284 s
seed 1005 n25 free_scaled stage 1 epoch 43/90    289 s
seed 1005 n25 free_scaled stage 1 epoch 44/90    301 s
seed 1005 n25 free_scaled stage 1 epoch 45/90    306 s
seed 1005 n25 free_scaled stage 1 epoch 46/90    311 s
seed 1005 n25 free_scaled stage 1 epoch 47/90    316 s
seed 1005 n25 free_scaled stage 1 epoch 48/90    322 s
seed 1005 n25 free_scaled stage 1 epoch 49/90    327 s
seed 1005 n25 free_scaled stage 1 epoch 50/90    333 s
seed 1005 n25 free_scaled stage 1 epoch 51/90    338 s
seed 1005 n25 free_scaled stage 1 epoch 52/90    343 s
seed 1005 n25 free_scaled stage 1 epoch 53/90    348 s
seed 1005 n25 free_scaled stage 1 epoch 54/90    353 s
seed 1005 n25 free_scaled stage 1 epoch 55/90    357 s
seed 1005 n25 free_scaled stage 1 epoch 56/90    362 s
seed 1005 n25 free_scaled stage 1 epoch 57/90    368 s
seed 1005 n25 free_scaled stage 1 epoch 58/90    378 s
seed 1005 n25 free_scaled stage 1 epoch 59/90    386 s
seed 1005 n25 free_scaled stage 1 epoch 60/90    393 s
seed 1005 n25 free_scaled stage 1 epoch 61/90    403 s
seed 1005 n25 free_scaled stage 1 epoch 62/90    412 s
seed 1005 n25 free_scaled stage 1 epoch 63/90    421 s
seed 1005 n25 free_scaled stage 1 epoch 64/90    429 s
seed 1005 n25 free_scaled stage 1 epoch 65/90    441 s
seed 1005 n25 free_scaled stage 1 epoch 66/90    455 s
seed 1005 n25 free_scaled stage 1 epoch 67/90    469 s
seed 1005 n25 free_scaled stage 1 epoch 68/90    479 s
seed 1005 n25 free_scaled stage 1 epoch 69/90    488 s
seed 1005 n25 free_scaled stage 1 epoch 70/90    494 s
seed 1005 n25 free_scaled stage 1 epoch 71/90    500 s
seed 1005 n25 free_scaled stage 1 epoch 72/90    508 s
seed 1005 n25 free_scaled stage 1 epoch 73/90    514 s
seed 1005 n25 free_scaled stage 1 epoch 74/90    520 s
seed 1005 n25 free_scaled stage 1 epoch 75/90    525 s
seed 1005 n25 free_scaled stage 1 epoch 76/90    530 s
seed 1005 n25 free_scaled stage 1 epoch 77/90    535 s
seed 1005 n25 free_scaled stage 1 epoch 78/90    541 s
seed 1005 n25 free_scaled stage 1 epoch 79/90    546 s
seed 1005 n25 free_scaled stage 1 epoch 80/90    550 s
seed 1005 n25 free_scaled stage 1 epoch 81/90    555 s
seed 1005 n25 free_scaled stage 1 epoch 82/90    560 s
seed 1005 n25 free_scaled stage 1 epoch 83/90    565 s
seed 1005 n25 free_scaled stage 1 epoch 84/90    572 s
seed 1005 n25 free_scaled stage 1 epoch 85/90    577 s
seed 1005 n25 free_scaled stage 1 epoch 86/90    583 s
seed 1005 n25 free_scaled stage 1 epoch 87/90    590 s
seed 1005 n25 free_scaled stage 1 epoch 88/90    596 s
seed 1005 n25 free_scaled stage 1 epoch 89/90    605 s
seed 1005 n25 free_scaled stage 1 epoch 90/90    612 s
seed 1005 n25 free_scaled stage 2 epoch  1/90    615 s
seed 1005 n25 free_scaled stage 2 epoch  2/90    618 s
seed 1005 n25 free_scaled stage 2 epoch  3/90    621 s
seed 1005 n25 free_scaled stage 2 epoch  4/90    624 s
seed 1005 n25 free_scaled stage 2 epoch  5/90    627 s
seed 1005 n25 free_scaled stage 2 epoch  6/90    631 s
seed 1005 n25 free_scaled stage 2 epoch  7/90    634 s
seed 1005 n25 free_scaled stage 2 epoch  8/90    637 s
seed 1005 n25 free_scaled stage 2 epoch  9/90    640 s
seed 1005 n25 free_scaled stage 2 epoch 10/90    643 s
seed 1005 n25 free_scaled stage 2 epoch 11/90    645 s
seed 1005 n25 free_scaled stage 2 epoch 12/90    647 s
seed 1005 n25 free_scaled stage 2 epoch 13/90    649 s
seed 1005 n25 free_scaled stage 2 epoch 14/90    652 s
seed 1005 n25 free_scaled stage 2 epoch 15/90    654 s
seed 1005 n25 free_scaled stage 2 epoch 16/90    657 s
seed 1005 n25 free_scaled stage 2 epoch 17/90    659 s
seed 1005 n25 free_scaled stage 2 epoch 18/90    661 s
seed 1005 n25 free_scaled stage 2 epoch 19/90    664 s
seed 1005 n25 free_scaled stage 2 epoch 20/90    666 s
seed 1005 n25 free_scaled stage 2 epoch 21/90    668 s
seed 1005 n25 free_scaled stage 2 epoch 22/90    671 s
seed 1005 n25 free_scaled stage 2 epoch 23/90    673 s
seed 1005 n25 free_scaled stage 2 epoch 24/90    676 s
seed 1005 n25 free_scaled stage 2 epoch 25/90    678 s
seed 1005 n25 free_scaled stage 2 epoch 26/90    681 s
seed 1005 n25 free_scaled stage 2 epoch 27/90    683 s
seed 1005 n25 free_scaled stage 2 epoch 28/90    685 s
seed 1005 n25 free_scaled stage 2 epoch 29/90    688 s
seed 1005 n25 free_scaled stage 2 epoch 30/90    690 s
seed 1005 n25 free_scaled stage 2 epoch 31/90    692 s
seed 1005 n25 free_scaled stage 2 epoch 32/90    694 s
seed 1005 n25 free_scaled stage 2 epoch 33/90    697 s
seed 1005 n25 free_scaled stage 2 epoch 34/90    699 s
seed 1005 n25 free_scaled stage 2 epoch 35/90    701 s
seed 1005 n25 free_scaled stage 2 epoch 36/90    704 s
seed 1005 n25 free_scaled stage 2 epoch 37/90    707 s
seed 1005 n25 free_scaled stage 2 epoch 38/90    710 s
seed 1005 n25 free_scaled stage 2 epoch 39/90    712 s
seed 1005 n25 free_scaled stage 2 epoch 40/90    714 s
seed 1005 n25 free_scaled stage 2 epoch 41/90    716 s
seed 1005 n25 free_scaled stage 2 epoch 42/90    718 s
seed 1005 n25 free_scaled stage 2 epoch 43/90    721 s
seed 1005 n25 free_scaled stage 2 epoch 44/90    723 s
seed 1005 n25 free_scaled stage 2 epoch 45/90    725 s
seed 1005 n25 free_scaled stage 2 epoch 46/90    727 s
seed 1005 n25 free_scaled stage 2 epoch 47/90    731 s
seed 1005 n25 free_scaled stage 2 epoch 48/90    734 s
seed 1005 n25 free_scaled stage 2 epoch 49/90    737 s
seed 1005 n25 free_scaled stage 2 epoch 50/90    739 s
seed 1005 n25 free_scaled stage 2 epoch 51/90    741 s
seed 1005 n25 free_scaled stage 2 epoch 52/90    744 s
seed 1005 n25 free_scaled stage 2 epoch 53/90    747 s
seed 1005 n25 free_scaled stage 2 epoch 54/90    750 s
seed 1005 n25 free_scaled stage 2 epoch 55/90    753 s
seed 1005 n25 free_scaled stage 2 epoch 56/90    755 s
seed 1005 n25 free_scaled stage 2 epoch 57/90    757 s
seed 1005 n25 free_scaled stage 2 epoch 58/90    760 s
seed 1005 n25 free_scaled stage 2 epoch 59/90    764 s
seed 1005 n25 free_scaled stage 2 epoch 60/90    767 s
seed 1005 n25 free_scaled stage 2 epoch 61/90    772 s
seed 1005 n25 free_scaled stage 2 epoch 62/90    777 s
seed 1005 n25 free_scaled stage 2 epoch 63/90    782 s
seed 1005 n25 free_scaled stage 2 epoch 64/90    787 s
seed 1005 n25 free_scaled stage 2 epoch 65/90    792 s
seed 1005 n25 free_scaled stage 2 epoch 66/90    798 s
seed 1005 n25 free_scaled stage 2 epoch 67/90    803 s
seed 1005 n25 free_scaled stage 2 epoch 68/90    805 s
seed 1005 n25 free_scaled stage 2 epoch 69/90    809 s
seed 1005 n25 free_scaled stage 2 epoch 70/90    814 s
seed 1005 n25 free_scaled stage 2 epoch 71/90    817 s
seed 1005 n25 free_scaled stage 2 epoch 72/90    820 s
seed 1005 n25 free_scaled stage 2 epoch 73/90    824 s
seed 1005 n25 free_scaled stage 2 epoch 74/90    828 s
seed 1005 n25 free_scaled stage 2 epoch 75/90    832 s
seed 1005 n25 free_scaled stage 2 epoch 76/90    836 s
seed 1005 n25 free_scaled stage 2 epoch 77/90    840 s
seed 1005 n25 free_scaled stage 2 epoch 78/90    843 s
seed 1005 n25 free_scaled stage 2 epoch 79/90    846 s
seed 1005 n25 free_scaled stage 2 epoch 80/90    849 s
seed 1005 n25 free_scaled stage 2 epoch 81/90    852 s
seed 1005 n25 free_scaled stage 2 epoch 82/90    855 s
seed 1005 n25 free_scaled stage 2 epoch 83/90    858 s
seed 1005 n25 free_scaled stage 2 epoch 84/90    862 s
seed 1005 n25 free_scaled stage 2 epoch 85/90    865 s
seed 1005 n25 free_scaled stage 2 epoch 86/90    868 s
seed 1005 n25 free_scaled stage 2 epoch 87/90    871 s
seed 1005 n25 free_scaled stage 2 epoch 88/90    874 s
seed 1005 n25 free_scaled stage 2 epoch 89/90    877 s
seed 1005 n25 free_scaled stage 2 epoch 90/90    879 s
seed 1005 n25 prescribed_std stage 2 epoch  1/90      3 s
seed 1005 n25 prescribed_std stage 2 epoch  2/90      5 s
seed 1005 n25 prescribed_std stage 2 epoch  3/90      8 s
seed 1005 n25 prescribed_std stage 2 epoch  4/90     10 s
seed 1005 n25 prescribed_std stage 2 epoch  5/90     12 s
seed 1005 n25 prescribed_std stage 2 epoch  6/90     15 s
seed 1005 n25 prescribed_std stage 2 epoch  7/90     17 s
seed 1005 n25 prescribed_std stage 2 epoch  8/90     20 s
seed 1005 n25 prescribed_std stage 2 epoch  9/90     22 s
seed 1005 n25 prescribed_std stage 2 epoch 10/90     26 s
seed 1005 n25 prescribed_std stage 2 epoch 11/90     29 s
seed 1005 n25 prescribed_std stage 2 epoch 12/90     31 s
seed 1005 n25 prescribed_std stage 2 epoch 13/90     33 s
seed 1005 n25 prescribed_std stage 2 epoch 14/90     35 s
seed 1005 n25 prescribed_std stage 2 epoch 15/90     38 s
seed 1005 n25 prescribed_std stage 2 epoch 16/90     40 s
seed 1005 n25 prescribed_std stage 2 epoch 17/90     43 s
seed 1005 n25 prescribed_std stage 2 epoch 18/90     45 s
seed 1005 n25 prescribed_std stage 2 epoch 19/90     47 s
seed 1005 n25 prescribed_std stage 2 epoch 20/90     50 s
seed 1005 n25 prescribed_std stage 2 epoch 21/90     52 s
seed 1005 n25 prescribed_std stage 2 epoch 22/90     54 s
seed 1005 n25 prescribed_std stage 2 epoch 23/90     57 s
seed 1005 n25 prescribed_std stage 2 epoch 24/90     59 s
seed 1005 n25 prescribed_std stage 2 epoch 25/90     62 s
seed 1005 n25 prescribed_std stage 2 epoch 26/90     64 s
seed 1005 n25 prescribed_std stage 2 epoch 27/90     66 s
seed 1005 n25 prescribed_std stage 2 epoch 28/90     68 s
seed 1005 n25 prescribed_std stage 2 epoch 29/90     71 s
seed 1005 n25 prescribed_std stage 2 epoch 30/90     74 s
seed 1005 n25 prescribed_std stage 2 epoch 31/90     76 s
seed 1005 n25 prescribed_std stage 2 epoch 32/90     79 s
seed 1005 n25 prescribed_std stage 2 epoch 33/90     82 s
seed 1005 n25 prescribed_std stage 2 epoch 34/90     85 s
seed 1005 n25 prescribed_std stage 2 epoch 35/90     87 s
seed 1005 n25 prescribed_std stage 2 epoch 36/90     89 s
seed 1005 n25 prescribed_std stage 2 epoch 37/90     92 s
seed 1005 n25 prescribed_std stage 2 epoch 38/90     96 s
seed 1005 n25 prescribed_std stage 2 epoch 39/90     99 s
seed 1005 n25 prescribed_std stage 2 epoch 40/90    101 s
seed 1005 n25 prescribed_std stage 2 epoch 41/90    103 s
seed 1005 n25 prescribed_std stage 2 epoch 42/90    106 s
seed 1005 n25 prescribed_std stage 2 epoch 43/90    109 s
seed 1005 n25 prescribed_std stage 2 epoch 44/90    111 s
seed 1005 n25 prescribed_std stage 2 epoch 45/90    113 s
seed 1005 n25 prescribed_std stage 2 epoch 46/90    116 s
seed 1005 n25 prescribed_std stage 2 epoch 47/90    119 s
seed 1005 n25 prescribed_std stage 2 epoch 48/90    121 s
seed 1005 n25 prescribed_std stage 2 epoch 49/90    124 s
seed 1005 n25 prescribed_std stage 2 epoch 50/90    127 s
seed 1005 n25 prescribed_std stage 2 epoch 51/90    129 s
seed 1005 n25 prescribed_std stage 2 epoch 52/90    132 s
seed 1005 n25 prescribed_std stage 2 epoch 53/90    135 s
seed 1005 n25 prescribed_std stage 2 epoch 54/90    138 s
seed 1005 n25 prescribed_std stage 2 epoch 55/90    141 s
seed 1005 n25 prescribed_std stage 2 epoch 56/90    143 s
seed 1005 n25 prescribed_std stage 2 epoch 57/90    146 s
seed 1005 n25 prescribed_std stage 2 epoch 58/90    148 s
seed 1005 n25 prescribed_std stage 2 epoch 59/90    151 s
seed 1005 n25 prescribed_std stage 2 epoch 60/90    153 s
seed 1005 n25 prescribed_std stage 2 epoch 61/90    156 s
seed 1005 n25 prescribed_std stage 2 epoch 62/90    159 s
seed 1005 n25 prescribed_std stage 2 epoch 63/90    161 s
seed 1005 n25 prescribed_std stage 2 epoch 64/90    163 s
seed 1005 n25 prescribed_std stage 2 epoch 65/90    166 s
seed 1005 n25 prescribed_std stage 2 epoch 66/90    170 s
seed 1005 n25 prescribed_std stage 2 epoch 67/90    172 s
seed 1005 n25 prescribed_std stage 2 epoch 68/90    175 s
seed 1005 n25 prescribed_std stage 2 epoch 69/90    177 s
seed 1005 n25 prescribed_std stage 2 epoch 70/90    180 s
seed 1005 n25 prescribed_std stage 2 epoch 71/90    183 s
seed 1005 n25 prescribed_std stage 2 epoch 72/90    185 s
seed 1005 n25 prescribed_std stage 2 epoch 73/90    187 s
seed 1005 n25 prescribed_std stage 2 epoch 74/90    189 s
seed 1005 n25 prescribed_std stage 2 epoch 75/90    192 s
seed 1005 n25 prescribed_std stage 2 epoch 76/90    194 s
seed 1005 n25 prescribed_std stage 2 epoch 77/90    196 s
seed 1005 n25 prescribed_std stage 2 epoch 78/90    199 s
seed 1005 n25 prescribed_std stage 2 epoch 79/90    201 s
seed 1005 n25 prescribed_std stage 2 epoch 80/90    204 s
seed 1005 n25 prescribed_std stage 2 epoch 81/90    207 s
seed 1005 n25 prescribed_std stage 2 epoch 82/90    210 s
seed 1005 n25 prescribed_std stage 2 epoch 83/90    213 s
seed 1005 n25 prescribed_std stage 2 epoch 84/90    215 s
seed 1005 n25 prescribed_std stage 2 epoch 85/90    218 s
seed 1005 n25 prescribed_std stage 2 epoch 86/90    220 s
seed 1005 n25 prescribed_std stage 2 epoch 87/90    223 s
seed 1005 n25 prescribed_std stage 2 epoch 88/90    226 s
seed 1005 n25 prescribed_std stage 2 epoch 89/90    229 s
seed 1005 n25 prescribed_std stage 2 epoch 90/90    231 s
seed 1005 n50 free_scaled stage 1 epoch  1/90     14 s
seed 1005 n50 free_scaled stage 1 epoch  2/90     28 s
seed 1005 n50 free_scaled stage 1 epoch  3/90     42 s
seed 1005 n50 free_scaled stage 1 epoch  4/90     55 s
seed 1005 n50 free_scaled stage 1 epoch  5/90     67 s
seed 1005 n50 free_scaled stage 1 epoch  6/90     81 s
seed 1005 n50 free_scaled stage 1 epoch  7/90    105 s
seed 1005 n50 free_scaled stage 1 epoch  8/90    122 s
seed 1005 n50 free_scaled stage 1 epoch  9/90    141 s
seed 1005 n50 free_scaled stage 1 epoch 10/90    154 s
seed 1005 n50 free_scaled stage 1 epoch 11/90    169 s
seed 1005 n50 free_scaled stage 1 epoch 12/90    183 s
seed 1005 n50 free_scaled stage 1 epoch 13/90    213 s
seed 1005 n50 free_scaled stage 1 epoch 14/90    245 s
seed 1005 n50 free_scaled stage 1 epoch 15/90    272 s
seed 1005 n50 free_scaled stage 1 epoch 16/90    295 s
seed 1005 n50 free_scaled stage 1 epoch 17/90    327 s
seed 1005 n50 free_scaled stage 1 epoch 18/90    360 s
seed 1005 n50 free_scaled stage 1 epoch 19/90    377 s
seed 1005 n50 free_scaled stage 1 epoch 20/90    393 s
seed 1005 n50 free_scaled stage 1 epoch 21/90    409 s
seed 1005 n50 free_scaled stage 1 epoch 22/90    421 s
seed 1005 n50 free_scaled stage 1 epoch 23/90    432 s
seed 1005 n50 free_scaled stage 1 epoch 24/90    443 s
seed 1005 n50 free_scaled stage 1 epoch 25/90    455 s
seed 1005 n50 free_scaled stage 1 epoch 26/90    470 s
seed 1005 n50 free_scaled stage 1 epoch 27/90    482 s
seed 1005 n50 free_scaled stage 1 epoch 28/90    496 s
seed 1005 n50 free_scaled stage 1 epoch 29/90    513 s
seed 1005 n50 free_scaled stage 1 epoch 30/90    527 s
seed 1005 n50 free_scaled stage 1 epoch 31/90    541 s
seed 1005 n50 free_scaled stage 1 epoch 32/90    553 s
seed 1005 n50 free_scaled stage 1 epoch 33/90    565 s
seed 1005 n50 free_scaled stage 1 epoch 34/90    579 s
seed 1005 n50 free_scaled stage 1 epoch 35/90    591 s
seed 1005 n50 free_scaled stage 1 epoch 36/90    601 s
seed 1005 n50 free_scaled stage 1 epoch 37/90    612 s
seed 1005 n50 free_scaled stage 1 epoch 38/90    623 s
seed 1005 n50 free_scaled stage 1 epoch 39/90    635 s
seed 1005 n50 free_scaled stage 1 epoch 40/90    649 s
seed 1005 n50 free_scaled stage 1 epoch 41/90    662 s
seed 1005 n50 free_scaled stage 1 epoch 42/90    673 s
seed 1005 n50 free_scaled stage 1 epoch 43/90    686 s
seed 1005 n50 free_scaled stage 1 epoch 44/90    700 s
seed 1005 n50 free_scaled stage 1 epoch 45/90    713 s
seed 1005 n50 free_scaled stage 1 epoch 46/90    725 s
seed 1005 n50 free_scaled stage 1 epoch 47/90    738 s
seed 1005 n50 free_scaled stage 1 epoch 48/90    752 s
seed 1005 n50 free_scaled stage 1 epoch 49/90    766 s
seed 1005 n50 free_scaled stage 1 epoch 50/90    778 s
seed 1005 n50 free_scaled stage 1 epoch 51/90    791 s
seed 1005 n50 free_scaled stage 1 epoch 52/90    810 s
seed 1005 n50 free_scaled stage 1 epoch 53/90    830 s
seed 1005 n50 free_scaled stage 1 epoch 54/90    856 s
seed 1005 n50 free_scaled stage 1 epoch 55/90    874 s
seed 1005 n50 free_scaled stage 1 epoch 56/90    891 s
seed 1005 n50 free_scaled stage 1 epoch 57/90    906 s
seed 1005 n50 free_scaled stage 1 epoch 58/90    921 s
seed 1005 n50 free_scaled stage 1 epoch 59/90    935 s
seed 1005 n50 free_scaled stage 1 epoch 60/90    948 s
seed 1005 n50 free_scaled stage 1 epoch 61/90    961 s
seed 1005 n50 free_scaled stage 1 epoch 62/90    974 s
seed 1005 n50 free_scaled stage 1 epoch 63/90    986 s
seed 1005 n50 free_scaled stage 1 epoch 64/90   1000 s
seed 1005 n50 free_scaled stage 1 epoch 65/90   1012 s
seed 1005 n50 free_scaled stage 1 epoch 66/90   1026 s
seed 1005 n50 free_scaled stage 1 epoch 67/90   1041 s
seed 1005 n50 free_scaled stage 1 epoch 68/90   1053 s
seed 1005 n50 free_scaled stage 1 epoch 69/90   1065 s
seed 1005 n50 free_scaled stage 1 epoch 70/90   1077 s
seed 1005 n50 free_scaled stage 1 epoch 71/90   1089 s
seed 1005 n50 free_scaled stage 1 epoch 72/90   1101 s
seed 1005 n50 free_scaled stage 1 epoch 73/90   1115 s
seed 1005 n50 free_scaled stage 1 epoch 74/90   1126 s
seed 1005 n50 free_scaled stage 1 epoch 75/90   1142 s
seed 1005 n50 free_scaled stage 1 epoch 76/90   1158 s
seed 1005 n50 free_scaled stage 1 epoch 77/90   1169 s
seed 1005 n50 free_scaled stage 1 epoch 78/90   1179 s
seed 1005 n50 free_scaled stage 1 epoch 79/90   1191 s
seed 1005 n50 free_scaled stage 1 epoch 80/90   1204 s
seed 1005 n50 free_scaled stage 1 epoch 81/90   1216 s
seed 1005 n50 free_scaled stage 1 epoch 82/90   1226 s
seed 1005 n50 free_scaled stage 1 epoch 83/90   1241 s
seed 1005 n50 free_scaled stage 1 epoch 84/90   1252 s
seed 1005 n50 free_scaled stage 1 epoch 85/90   1265 s
seed 1005 n50 free_scaled stage 1 epoch 86/90   1278 s
seed 1005 n50 free_scaled stage 1 epoch 87/90   1291 s
seed 1005 n50 free_scaled stage 1 epoch 88/90   1302 s
seed 1005 n50 free_scaled stage 1 epoch 89/90   1316 s
seed 1005 n50 free_scaled stage 1 epoch 90/90   1328 s
seed 1005 n50 free_scaled stage 2 epoch  1/90   1336 s
seed 1005 n50 free_scaled stage 2 epoch  2/90   1342 s
seed 1005 n50 free_scaled stage 2 epoch  3/90   1346 s
seed 1005 n50 free_scaled stage 2 epoch  4/90   1353 s
seed 1005 n50 free_scaled stage 2 epoch  5/90   1360 s
seed 1005 n50 free_scaled stage 2 epoch  6/90   1367 s
seed 1005 n50 free_scaled stage 2 epoch  7/90   1379 s
seed 1005 n50 free_scaled stage 2 epoch  8/90   1392 s
seed 1005 n50 free_scaled stage 2 epoch  9/90   1401 s
seed 1005 n50 free_scaled stage 2 epoch 10/90   1405 s
seed 1005 n50 free_scaled stage 2 epoch 11/90   1413 s
seed 1005 n50 free_scaled stage 2 epoch 12/90   1419 s
seed 1005 n50 free_scaled stage 2 epoch 13/90   1423 s
seed 1005 n50 free_scaled stage 2 epoch 14/90   1428 s
seed 1005 n50 free_scaled stage 2 epoch 15/90   1436 s
seed 1005 n50 free_scaled stage 2 epoch 16/90   1441 s
seed 1005 n50 free_scaled stage 2 epoch 17/90   1448 s
seed 1005 n50 free_scaled stage 2 epoch 18/90   1452 s
seed 1005 n50 free_scaled stage 2 epoch 19/90   1457 s
seed 1005 n50 free_scaled stage 2 epoch 20/90   1465 s
seed 1005 n50 free_scaled stage 2 epoch 21/90   1469 s
seed 1005 n50 free_scaled stage 2 epoch 22/90   1473 s
seed 1005 n50 free_scaled stage 2 epoch 23/90   1478 s
seed 1005 n50 free_scaled stage 2 epoch 24/90   1482 s
seed 1005 n50 free_scaled stage 2 epoch 25/90   1486 s
seed 1005 n50 free_scaled stage 2 epoch 26/90   1490 s
seed 1005 n50 free_scaled stage 2 epoch 27/90   1494 s
seed 1005 n50 free_scaled stage 2 epoch 28/90   1498 s
seed 1005 n50 free_scaled stage 2 epoch 29/90   1503 s
seed 1005 n50 free_scaled stage 2 epoch 30/90   1508 s
seed 1005 n50 free_scaled stage 2 epoch 31/90   1511 s
seed 1005 n50 free_scaled stage 2 epoch 32/90   1515 s
seed 1005 n50 free_scaled stage 2 epoch 33/90   1521 s
seed 1005 n50 free_scaled stage 2 epoch 34/90   1524 s
seed 1005 n50 free_scaled stage 2 epoch 35/90   1528 s
seed 1005 n50 free_scaled stage 2 epoch 36/90   1532 s
seed 1005 n50 free_scaled stage 2 epoch 37/90   1536 s
seed 1005 n50 free_scaled stage 2 epoch 38/90   1540 s
seed 1005 n50 free_scaled stage 2 epoch 39/90   1545 s
seed 1005 n50 free_scaled stage 2 epoch 40/90   1551 s
seed 1005 n50 free_scaled stage 2 epoch 41/90   1555 s
seed 1005 n50 free_scaled stage 2 epoch 42/90   1559 s
seed 1005 n50 free_scaled stage 2 epoch 43/90   1563 s
seed 1005 n50 free_scaled stage 2 epoch 44/90   1567 s
seed 1005 n50 free_scaled stage 2 epoch 45/90   1572 s
seed 1005 n50 free_scaled stage 2 epoch 46/90   1577 s
seed 1005 n50 free_scaled stage 2 epoch 47/90   1582 s
seed 1005 n50 free_scaled stage 2 epoch 48/90   1587 s
seed 1005 n50 free_scaled stage 2 epoch 49/90   1591 s
seed 1005 n50 free_scaled stage 2 epoch 50/90   1595 s
seed 1005 n50 free_scaled stage 2 epoch 51/90   1599 s
seed 1005 n50 free_scaled stage 2 epoch 52/90   1603 s
seed 1005 n50 free_scaled stage 2 epoch 53/90   1608 s
seed 1005 n50 free_scaled stage 2 epoch 54/90   1612 s
seed 1005 n50 free_scaled stage 2 epoch 55/90   1616 s
seed 1005 n50 free_scaled stage 2 epoch 56/90   1620 s
seed 1005 n50 free_scaled stage 2 epoch 57/90   1625 s
seed 1005 n50 free_scaled stage 2 epoch 58/90   1629 s
seed 1005 n50 free_scaled stage 2 epoch 59/90   1633 s
seed 1005 n50 free_scaled stage 2 epoch 60/90   1637 s
seed 1005 n50 free_scaled stage 2 epoch 61/90   1642 s
seed 1005 n50 free_scaled stage 2 epoch 62/90   1648 s
seed 1005 n50 free_scaled stage 2 epoch 63/90   1653 s
seed 1005 n50 free_scaled stage 2 epoch 64/90   1657 s
seed 1005 n50 free_scaled stage 2 epoch 65/90   1662 s
seed 1005 n50 free_scaled stage 2 epoch 66/90   1666 s
seed 1005 n50 free_scaled stage 2 epoch 67/90   1670 s
seed 1005 n50 free_scaled stage 2 epoch 68/90   1674 s
seed 1005 n50 free_scaled stage 2 epoch 69/90   1678 s
seed 1005 n50 free_scaled stage 2 epoch 70/90   1683 s
seed 1005 n50 free_scaled stage 2 epoch 71/90   1687 s
seed 1005 n50 free_scaled stage 2 epoch 72/90   1692 s
seed 1005 n50 free_scaled stage 2 epoch 73/90   1698 s
seed 1005 n50 free_scaled stage 2 epoch 74/90   1701 s
seed 1005 n50 free_scaled stage 2 epoch 75/90   1707 s
seed 1005 n50 free_scaled stage 2 epoch 76/90   1711 s
seed 1005 n50 free_scaled stage 2 epoch 77/90   1716 s
seed 1005 n50 free_scaled stage 2 epoch 78/90   1720 s
seed 1005 n50 free_scaled stage 2 epoch 79/90   1724 s
seed 1005 n50 free_scaled stage 2 epoch 80/90   1728 s
seed 1005 n50 free_scaled stage 2 epoch 81/90   1734 s
seed 1005 n50 free_scaled stage 2 epoch 82/90   1738 s
seed 1005 n50 free_scaled stage 2 epoch 83/90   1742 s
seed 1005 n50 free_scaled stage 2 epoch 84/90   1747 s
seed 1005 n50 free_scaled stage 2 epoch 85/90   1752 s
seed 1005 n50 free_scaled stage 2 epoch 86/90   1756 s
seed 1005 n50 free_scaled stage 2 epoch 87/90   1760 s
seed 1005 n50 free_scaled stage 2 epoch 88/90   1764 s
seed 1005 n50 free_scaled stage 2 epoch 89/90   1769 s
seed 1005 n50 free_scaled stage 2 epoch 90/90   1773 s
seed 1005 n50 prescribed_std stage 2 epoch  1/90      4 s
seed 1005 n50 prescribed_std stage 2 epoch  2/90      8 s
seed 1005 n50 prescribed_std stage 2 epoch  3/90     13 s
seed 1005 n50 prescribed_std stage 2 epoch  4/90     17 s
seed 1005 n50 prescribed_std stage 2 epoch  5/90     21 s
seed 1005 n50 prescribed_std stage 2 epoch  6/90     26 s
seed 1005 n50 prescribed_std stage 2 epoch  7/90     30 s
seed 1005 n50 prescribed_std stage 2 epoch  8/90     35 s
seed 1005 n50 prescribed_std stage 2 epoch  9/90     39 s
seed 1005 n50 prescribed_std stage 2 epoch 10/90     44 s
seed 1005 n50 prescribed_std stage 2 epoch 11/90     47 s
seed 1005 n50 prescribed_std stage 2 epoch 12/90     51 s
seed 1005 n50 prescribed_std stage 2 epoch 13/90     55 s
seed 1005 n50 prescribed_std stage 2 epoch 14/90     58 s
seed 1005 n50 prescribed_std stage 2 epoch 15/90     62 s
seed 1005 n50 prescribed_std stage 2 epoch 16/90     66 s
seed 1005 n50 prescribed_std stage 2 epoch 17/90     70 s
seed 1005 n50 prescribed_std stage 2 epoch 18/90     75 s
seed 1005 n50 prescribed_std stage 2 epoch 19/90     79 s
seed 1005 n50 prescribed_std stage 2 epoch 20/90     83 s
seed 1005 n50 prescribed_std stage 2 epoch 21/90     87 s
seed 1005 n50 prescribed_std stage 2 epoch 22/90     92 s
seed 1005 n50 prescribed_std stage 2 epoch 23/90     96 s
seed 1005 n50 prescribed_std stage 2 epoch 24/90    100 s
seed 1005 n50 prescribed_std stage 2 epoch 25/90    104 s
seed 1005 n50 prescribed_std stage 2 epoch 26/90    109 s
seed 1005 n50 prescribed_std stage 2 epoch 27/90    113 s
seed 1005 n50 prescribed_std stage 2 epoch 28/90    118 s
seed 1005 n50 prescribed_std stage 2 epoch 29/90    122 s
seed 1005 n50 prescribed_std stage 2 epoch 30/90    126 s
seed 1005 n50 prescribed_std stage 2 epoch 31/90    131 s
seed 1005 n50 prescribed_std stage 2 epoch 32/90    135 s
seed 1005 n50 prescribed_std stage 2 epoch 33/90    140 s
seed 1005 n50 prescribed_std stage 2 epoch 34/90    144 s
seed 1005 n50 prescribed_std stage 2 epoch 35/90    148 s
seed 1005 n50 prescribed_std stage 2 epoch 36/90    153 s
seed 1005 n50 prescribed_std stage 2 epoch 37/90    157 s
seed 1005 n50 prescribed_std stage 2 epoch 38/90    162 s
seed 1005 n50 prescribed_std stage 2 epoch 39/90    169 s
seed 1005 n50 prescribed_std stage 2 epoch 40/90    174 s
seed 1005 n50 prescribed_std stage 2 epoch 41/90    179 s
seed 1005 n50 prescribed_std stage 2 epoch 42/90    184 s
seed 1005 n50 prescribed_std stage 2 epoch 43/90    188 s
seed 1005 n50 prescribed_std stage 2 epoch 44/90    192 s
seed 1005 n50 prescribed_std stage 2 epoch 45/90    198 s
seed 1005 n50 prescribed_std stage 2 epoch 46/90    203 s
seed 1005 n50 prescribed_std stage 2 epoch 47/90    207 s
seed 1005 n50 prescribed_std stage 2 epoch 48/90    211 s
seed 1005 n50 prescribed_std stage 2 epoch 49/90    215 s
seed 1005 n50 prescribed_std stage 2 epoch 50/90    219 s
seed 1005 n50 prescribed_std stage 2 epoch 51/90    223 s
seed 1005 n50 prescribed_std stage 2 epoch 52/90    227 s
seed 1005 n50 prescribed_std stage 2 epoch 53/90    231 s
seed 1005 n50 prescribed_std stage 2 epoch 54/90    236 s
seed 1005 n50 prescribed_std stage 2 epoch 55/90    240 s
seed 1005 n50 prescribed_std stage 2 epoch 56/90    244 s
seed 1005 n50 prescribed_std stage 2 epoch 57/90    249 s
seed 1005 n50 prescribed_std stage 2 epoch 58/90    254 s
seed 1005 n50 prescribed_std stage 2 epoch 59/90    258 s
seed 1005 n50 prescribed_std stage 2 epoch 60/90    262 s
seed 1005 n50 prescribed_std stage 2 epoch 61/90    266 s
seed 1005 n50 prescribed_std stage 2 epoch 62/90    271 s
seed 1005 n50 prescribed_std stage 2 epoch 63/90    275 s
seed 1005 n50 prescribed_std stage 2 epoch 64/90    279 s
seed 1005 n50 prescribed_std stage 2 epoch 65/90    283 s
seed 1005 n50 prescribed_std stage 2 epoch 66/90    287 s
seed 1005 n50 prescribed_std stage 2 epoch 67/90    291 s
seed 1005 n50 prescribed_std stage 2 epoch 68/90    295 s
seed 1005 n50 prescribed_std stage 2 epoch 69/90    300 s
seed 1005 n50 prescribed_std stage 2 epoch 70/90    305 s
seed 1005 n50 prescribed_std stage 2 epoch 71/90    310 s
seed 1005 n50 prescribed_std stage 2 epoch 72/90    315 s
seed 1005 n50 prescribed_std stage 2 epoch 73/90    320 s
seed 1005 n50 prescribed_std stage 2 epoch 74/90    324 s
seed 1005 n50 prescribed_std stage 2 epoch 75/90    328 s
seed 1005 n50 prescribed_std stage 2 epoch 76/90    333 s
seed 1005 n50 prescribed_std stage 2 epoch 77/90    337 s
seed 1005 n50 prescribed_std stage 2 epoch 78/90    341 s
seed 1005 n50 prescribed_std stage 2 epoch 79/90    345 s
seed 1005 n50 prescribed_std stage 2 epoch 80/90    350 s
seed 1005 n50 prescribed_std stage 2 epoch 81/90    356 s
seed 1005 n50 prescribed_std stage 2 epoch 82/90    361 s
seed 1005 n50 prescribed_std stage 2 epoch 83/90    365 s
seed 1005 n50 prescribed_std stage 2 epoch 84/90    369 s
seed 1005 n50 prescribed_std stage 2 epoch 85/90    372 s
seed 1005 n50 prescribed_std stage 2 epoch 86/90    376 s
seed 1005 n50 prescribed_std stage 2 epoch 87/90    380 s
seed 1005 n50 prescribed_std stage 2 epoch 88/90    384 s
seed 1005 n50 prescribed_std stage 2 epoch 89/90    389 s
seed 1005 n50 prescribed_std stage 2 epoch 90/90    394 s
seed 1005 n200 prescribed_std stage 2 epoch  1/90     19 s
seed 1005 n200 prescribed_std stage 2 epoch  2/90     39 s
seed 1005 n200 prescribed_std stage 2 epoch  3/90     58 s
seed 1005 n200 prescribed_std stage 2 epoch  4/90     77 s
seed 1005 n200 prescribed_std stage 2 epoch  5/90     94 s
seed 1005 n200 prescribed_std stage 2 epoch  6/90    111 s
seed 1005 n200 prescribed_std stage 2 epoch  7/90    131 s
seed 1005 n200 prescribed_std stage 2 epoch  8/90    150 s
seed 1005 n200 prescribed_std stage 2 epoch  9/90    172 s
seed 1005 n200 prescribed_std stage 2 epoch 10/90    192 s
seed 1005 n200 prescribed_std stage 2 epoch 11/90    229 s
seed 1005 n200 prescribed_std stage 2 epoch 12/90    256 s
seed 1005 n200 prescribed_std stage 2 epoch 13/90    274 s
seed 1005 n200 prescribed_std stage 2 epoch 14/90    291 s
seed 1005 n200 prescribed_std stage 2 epoch 15/90    306 s
seed 1005 n200 prescribed_std stage 2 epoch 16/90    324 s
seed 1005 n200 prescribed_std stage 2 epoch 17/90    342 s
seed 1005 n200 prescribed_std stage 2 epoch 18/90    360 s
seed 1005 n200 prescribed_std stage 2 epoch 19/90    380 s
seed 1005 n200 prescribed_std stage 2 epoch 20/90    397 s
seed 1005 n200 prescribed_std stage 2 epoch 21/90    413 s
seed 1005 n200 prescribed_std stage 2 epoch 22/90    429 s
seed 1005 n200 prescribed_std stage 2 epoch 23/90    445 s
seed 1005 n200 prescribed_std stage 2 epoch 24/90    467 s
seed 1005 n200 prescribed_std stage 2 epoch 25/90    485 s
seed 1005 n200 prescribed_std stage 2 epoch 26/90    508 s
seed 1005 n200 prescribed_std stage 2 epoch 27/90    531 s
seed 1005 n200 prescribed_std stage 2 epoch 28/90    551 s
seed 1005 n200 prescribed_std stage 2 epoch 29/90    574 s
seed 1005 n200 prescribed_std stage 2 epoch 30/90    595 s
seed 1005 n200 prescribed_std stage 2 epoch 31/90    614 s
seed 1005 n200 prescribed_std stage 2 epoch 32/90    636 s
seed 1005 n200 prescribed_std stage 2 epoch 33/90    653 s
seed 1005 n200 prescribed_std stage 2 epoch 34/90    672 s
seed 1005 n200 prescribed_std stage 2 epoch 35/90    691 s
seed 1005 n200 prescribed_std stage 2 epoch 36/90    711 s
seed 1005 n200 prescribed_std stage 2 epoch 37/90    730 s
seed 1005 n200 prescribed_std stage 2 epoch 38/90    754 s
seed 1005 n200 prescribed_std stage 2 epoch 39/90    786 s
seed 1005 n200 prescribed_std stage 2 epoch 40/90    812 s
seed 1005 n200 prescribed_std stage 2 epoch 41/90    830 s
seed 1005 n200 prescribed_std stage 2 epoch 42/90    848 s
seed 1005 n200 prescribed_std stage 2 epoch 43/90    867 s
seed 1005 n200 prescribed_std stage 2 epoch 44/90    885 s
seed 1005 n200 prescribed_std stage 2 epoch 45/90    903 s
seed 1005 n200 prescribed_std stage 2 epoch 46/90    923 s
seed 1005 n200 prescribed_std stage 2 epoch 47/90    941 s
seed 1005 n200 prescribed_std stage 2 epoch 48/90    959 s
seed 1005 n200 prescribed_std stage 2 epoch 49/90    977 s
seed 1005 n200 prescribed_std stage 2 epoch 50/90    997 s
seed 1005 n200 prescribed_std stage 2 epoch 51/90   1012 s
seed 1005 n200 prescribed_std stage 2 epoch 52/90   1031 s
seed 1005 n200 prescribed_std stage 2 epoch 53/90   1047 s
seed 1005 n200 prescribed_std stage 2 epoch 54/90   1064 s
seed 1005 n200 prescribed_std stage 2 epoch 55/90   1082 s
seed 1005 n200 prescribed_std stage 2 epoch 56/90   1100 s
seed 1005 n200 prescribed_std stage 2 epoch 57/90   1119 s
seed 1005 n200 prescribed_std stage 2 epoch 58/90   1139 s
seed 1005 n200 prescribed_std stage 2 epoch 59/90   1155 s
seed 1005 n200 prescribed_std stage 2 epoch 60/90   1170 s
seed 1005 n200 prescribed_std stage 2 epoch 61/90   1186 s
seed 1005 n200 prescribed_std stage 2 epoch 62/90   1201 s
seed 1005 n200 prescribed_std stage 2 epoch 63/90   1220 s
seed 1005 n200 prescribed_std stage 2 epoch 64/90   1239 s
seed 1005 n200 prescribed_std stage 2 epoch 65/90   1260 s
seed 1005 n200 prescribed_std stage 2 epoch 66/90   1277 s
seed 1005 n200 prescribed_std stage 2 epoch 67/90   1299 s
seed 1005 n200 prescribed_std stage 2 epoch 68/90   1318 s
seed 1005 n200 prescribed_std stage 2 epoch 69/90   1335 s
seed 1005 n200 prescribed_std stage 2 epoch 70/90   1351 s
seed 1005 n200 prescribed_std stage 2 epoch 71/90   1378 s
seed 1005 n200 prescribed_std stage 2 epoch 72/90   1399 s
seed 1005 n200 prescribed_std stage 2 epoch 73/90   1417 s
seed 1005 n200 prescribed_std stage 2 epoch 74/90   1437 s
seed 1005 n200 prescribed_std stage 2 epoch 75/90   1455 s
seed 1005 n200 prescribed_std stage 2 epoch 76/90   1474 s
seed 1005 n200 prescribed_std stage 2 epoch 77/90   1493 s
seed 1005 n200 prescribed_std stage 2 epoch 78/90   1513 s
seed 1005 n200 prescribed_std stage 2 epoch 79/90   1532 s
seed 1005 n200 prescribed_std stage 2 epoch 80/90   1555 s
seed 1005 n200 prescribed_std stage 2 epoch 81/90   1590 s
seed 1005 n200 prescribed_std stage 2 epoch 82/90   1613 s
seed 1005 n200 prescribed_std stage 2 epoch 83/90   1632 s
seed 1005 n200 prescribed_std stage 2 epoch 84/90   1650 s
seed 1005 n200 prescribed_std stage 2 epoch 85/90   1677 s
seed 1005 n200 prescribed_std stage 2 epoch 86/90   1695 s
seed 1005 n200 prescribed_std stage 2 epoch 87/90   1713 s
seed 1005 n200 prescribed_std stage 2 epoch 88/90   1738 s
seed 1005 n200 prescribed_std stage 2 epoch 89/90   1777 s
seed 1005 n200 prescribed_std stage 2 epoch 90/90   1796 s
seed 1005: written
