nohup: ignoring input
seed 123 n25 prescribed stage 1 epoch  1/30      7 s
seed 123 n25 prescribed stage 1 epoch  2/30      9 s
seed 123 n25 prescribed stage 1 epoch  3/30     11 s
seed 123 n25 prescribed stage 1 epoch  4/30     13 s
seed 123 n25 prescribed stage 1 epoch  5/30     15 s
seed 123 n25 prescribed stage 1 epoch  6/30     17 s
seed 123 n25 prescribed stage 1 epoch  7/30     19 s
seed 123 n25 prescribed stage 1 epoch  8/30     21 s
seed 123 n25 prescribed stage 1 epoch  9/30     23 s
seed 123 n25 prescribed stage 1 epoch 10/30     25 s
seed 123 n25 prescribed stage 1 epoch 11/30     27 s
seed 123 n25 prescribed stage 1 epoch 12/30     28 s
seed 123 n25 prescribed stage 1 epoch 13/30     30 s
seed 123 n25 prescribed stage 1 epoch 14/30     33 s
seed 123 n25 prescribed stage 1 epoch 15/30     35 s
seed 123 n25 prescribed stage 1 epoch 16/30     37 s
seed 123 n25 prescribed stage 1 epoch 17/30     40 s
seed 123 n25 prescribed stage 1 epoch 18/30     42 s
seed 123 n25 prescribed stage 1 epoch 19/30     45 s
seed 123 n25 prescribed stage 1 epoch 20/30     48 s
seed 123 n25 prescribed stage 1 epoch 21/30     51 s
seed 123 n25 prescribed stage 1 epoch 22/30     53 s
seed 123 n25 prescribed stage 1 epoch 23/30     55 s
seed 123 n25 prescribed stage 1 epoch 24/30     57 s
seed 123 n25 prescribed stage 1 epoch 25/30     59 s
seed 123 n25 prescribed stage 1 epoch 26/30     61 s
seed 123 n25 prescribed stage 1 epoch 27/30     63 s
seed 123 n25 prescribed stage 1 epoch 28/30     65 s
seed 123 n25 prescribed stage 1 epoch 29/30     67 s
seed 123 n25 prescribed stage 1 epoch 30/30     69 s
seed 123 n25 prescribed stage 2 epoch  1/30     71 s
seed 123 n25 prescribed stage 2 epoch  2/30     73 s
seed 123 n25 prescribed stage 2 epoch  3/30     75 s
seed 123 n25 prescribed stage 2 epoch  4/30     76 s
seed 123 n25 prescribed stage 2 epoch  5/30     78 s
seed 123 n25 prescribed stage 2 epoch  6/30     80 s
seed 123 n25 prescribed stage 2 epoch  7/30     83 s
seed 123 n25 prescribed stage 2 epoch  8/30     85 s
seed 123 n25 prescribed stage 2 epoch  9/30     87 s
seed 123 n25 prescribed stage 2 epoch 10/30     88 s
seed 123 n25 prescribed stage 2 epoch 11/30     90 s
seed 123 n25 prescribed stage 2 epoch 12/30     92 s
seed 123 n25 prescribed stage 2 epoch 13/30     94 s
seed 123 n25 prescribed stage 2 epoch 14/30     96 s
seed 123 n25 prescribed stage 2 epoch 15/30     98 s
seed 123 n25 prescribed stage 2 epoch 16/30    100 s
seed 123 n25 prescribed stage 2 epoch 17/30    102 s
seed 123 n25 prescribed stage 2 epoch 18/30    103 s
seed 123 n25 prescribed stage 2 epoch 19/30    105 s
seed 123 n25 prescribed stage 2 epoch 20/30    107 s
seed 123 n25 prescribed stage 2 epoch 21/30    110 s
seed 123 n25 prescribed stage 2 epoch 22/30    112 s
seed 123 n25 prescribed stage 2 epoch 23/30    114 s
seed 123 n25 prescribed stage 2 epoch 24/30    116 s
seed 123 n25 prescribed stage 2 epoch 25/30    118 s
seed 123 n25 prescribed stage 2 epoch 26/30    120 s
seed 123 n25 prescribed stage 2 epoch 27/30    122 s
seed 123 n25 prescribed stage 2 epoch 28/30    124 s
seed 123 n25 prescribed stage 2 epoch 29/30    126 s
seed 123 n25 prescribed stage 2 epoch 30/30    128 s
seed 123 n25 free_scaled stage 1 epoch  1/30      5 s
seed 123 n25 free_scaled stage 1 epoch  2/30      9 s
seed 123 n25 free_scaled stage 1 epoch  3/30     14 s
seed 123 n25 free_scaled stage 1 epoch  4/30     20 s
seed 123 n25 free_scaled stage 1 epoch  5/30     29 s
seed 123 n25 free_scaled stage 1 epoch  6/30     35 s
seed 123 n25 free_scaled stage 1 epoch  7/30     43 s
seed 123 n25 free_scaled stage 1 epoch  8/30     49 s
seed 123 n25 free_scaled stage 1 epoch  9/30     54 s
seed 123 n25 free_scaled stage 1 epoch 10/30     61 s
seed 123 n25 free_scaled stage 1 epoch 11/30     66 s
seed 123 n25 free_scaled stage 1 epoch 12/30     71 s
seed 123 n25 free_scaled stage 1 epoch 13/30     77 s
seed 123 n25 free_scaled stage 1 epoch 14/30     82 s
seed 123 n25 free_scaled stage 1 epoch 15/30     88 s
seed 123 n25 free_scaled stage 1 epoch 16/30     94 s
seed 123 n25 free_scaled stage 1 epoch 17/30    100 s
seed 123 n25 free_scaled stage 1 epoch 18/30    105 s
seed 123 n25 free_scaled stage 1 epoch 19/30    110 s
seed 123 n25 free_scaled stage 1 epoch 20/30    114 s
seed 123 n25 free_scaled stage 1 epoch 21/30    119 s
seed 123 n25 free_scaled stage 1 epoch 22/30    124 s
seed 123 n25 free_scaled stage 1 epoch 23/30    131 s
seed 123 n25 free_scaled stage 1 epoch 24/30    135 s
seed 123 n25 free_scaled stage 1 epoch 25/30    140 s
seed 123 n25 free_scaled stage 1 epoch 26/30    147 s
seed 123 n25 free_scaled stage 1 epoch 27/30    152 s
seed 123 n25 free_scaled stage 1 epoch 28/30    157 s
seed 123 n25 free_scaled stage 1 epoch 29/30    163 s
seed 123 n25 free_scaled stage 1 epoch 30/30    168 s
seed 123 n25 free_scaled stage 2 epoch  1/30    170 s
seed 123 n25 free_scaled stage 2 epoch  2/30    172 s
seed 123 n25 free_scaled stage 2 epoch  3/30    174 s
seed 123 n25 free_scaled stage 2 epoch  4/30    177 s
seed 123 n25 free_scaled stage 2 epoch  5/30    179 s
seed 123 n25 free_scaled stage 2 epoch  6/30    181 s
seed 123 n25 free_scaled stage 2 epoch  7/30    182 s
seed 123 n25 free_scaled stage 2 epoch  8/30    184 s
seed 123 n25 free_scaled stage 2 epoch  9/30    186 s
seed 123 n25 free_scaled stage 2 epoch 10/30    188 s
seed 123 n25 free_scaled stage 2 epoch 11/30    190 s
seed 123 n25 free_scaled stage 2 epoch 12/30    192 s
seed 123 n25 free_scaled stage 2 epoch 13/30    194 s
seed 123 n25 free_scaled stage 2 epoch 14/30    196 s
seed 123 n25 free_scaled stage 2 epoch 15/30    198 s
seed 123 n25 free_scaled stage 2 epoch 16/30    200 s
seed 123 n25 free_scaled stage 2 epoch 17/30    202 s
seed 123 n25 free_scaled stage 2 epoch 18/30    206 s
seed 123 n25 free_scaled stage 2 epoch 19/30    210 s
seed 123 n25 free_scaled stage 2 epoch 20/30    214 s
seed 123 n25 free_scaled stage 2 epoch 21/30    217 s
seed 123 n25 free_scaled stage 2 epoch 22/30    221 s
seed 123 n25 free_scaled stage 2 epoch 23/30    226 s
seed 123 n25 free_scaled stage 2 epoch 24/30    229 s
seed 123 n25 free_scaled stage 2 epoch 25/30    233 s
seed 123 n25 free_scaled stage 2 epoch 26/30    237 s
seed 123 n25 free_scaled stage 2 epoch 27/30    241 s
seed 123 n25 free_scaled stage 2 epoch 28/30    243 s
seed 123 n25 free_scaled stage 2 epoch 29/30    247 s
seed 123 n25 free_scaled stage 2 epoch 30/30    250 s
seed 123 n50 prescribed stage 1 epoch  1/30      4 s
seed 123 n50 prescribed stage 1 epoch  2/30      9 s
seed 123 n50 prescribed stage 1 epoch  3/30     13 s
seed 123 n50 prescribed stage 1 epoch  4/30     16 s
seed 123 n50 prescribed stage 1 epoch  5/30     19 s
seed 123 n50 prescribed stage 1 epoch  6/30     23 s
seed 123 n50 prescribed stage 1 epoch  7/30     27 s
seed 123 n50 prescribed stage 1 epoch  8/30     31 s
seed 123 n50 prescribed stage 1 epoch  9/30     34 s
seed 123 n50 prescribed stage 1 epoch 10/30     38 s
seed 123 n50 prescribed stage 1 epoch 11/30     41 s
seed 123 n50 prescribed stage 1 epoch 12/30     44 s
seed 123 n50 prescribed stage 1 epoch 13/30     48 s
seed 123 n50 prescribed stage 1 epoch 14/30     51 s
seed 123 n50 prescribed stage 1 epoch 15/30     55 s
seed 123 n50 prescribed stage 1 epoch 16/30     58 s
seed 123 n50 prescribed stage 1 epoch 17/30     62 s
seed 123 n50 prescribed stage 1 epoch 18/30     65 s
seed 123 n50 prescribed stage 1 epoch 19/30     70 s
seed 123 n50 prescribed stage 1 epoch 20/30     73 s
seed 123 n50 prescribed stage 1 epoch 21/30     76 s
seed 123 n50 prescribed stage 1 epoch 22/30     80 s
seed 123 n50 prescribed stage 1 epoch 23/30     83 s
seed 123 n50 prescribed stage 1 epoch 24/30     87 s
seed 123 n50 prescribed stage 1 epoch 25/30     91 s
seed 123 n50 prescribed stage 1 epoch 26/30     94 s
seed 123 n50 prescribed stage 1 epoch 27/30     99 s
seed 123 n50 prescribed stage 1 epoch 28/30    103 s
seed 123 n50 prescribed stage 1 epoch 29/30    107 s
seed 123 n50 prescribed stage 1 epoch 30/30    110 s
seed 123 n50 prescribed stage 2 epoch  1/30    114 s
seed 123 n50 prescribed stage 2 epoch  2/30    117 s
seed 123 n50 prescribed stage 2 epoch  3/30    121 s
seed 123 n50 prescribed stage 2 epoch  4/30    126 s
seed 123 n50 prescribed stage 2 epoch  5/30    129 s
seed 123 n50 prescribed stage 2 epoch  6/30    132 s
seed 123 n50 prescribed stage 2 epoch  7/30    136 s
seed 123 n50 prescribed stage 2 epoch  8/30    140 s
seed 123 n50 prescribed stage 2 epoch  9/30    143 s
seed 123 n50 prescribed stage 2 epoch 10/30    147 s
seed 123 n50 prescribed stage 2 epoch 11/30    151 s
seed 123 n50 prescribed stage 2 epoch 12/30    155 s
seed 123 n50 prescribed stage 2 epoch 13/30    158 s
seed 123 n50 prescribed stage 2 epoch 14/30    161 s
seed 123 n50 prescribed stage 2 epoch 15/30    165 s
seed 123 n50 prescribed stage 2 epoch 16/30    168 s
seed 123 n50 prescribed stage 2 epoch 17/30    172 s
seed 123 n50 prescribed stage 2 epoch 18/30    175 s
seed 123 n50 prescribed stage 2 epoch 19/30    178 s
seed 123 n50 prescribed stage 2 epoch 20/30    182 s
seed 123 n50 prescribed stage 2 epoch 21/30    185 s
seed 123 n50 prescribed stage 2 epoch 22/30    189 s
seed 123 n50 prescribed stage 2 epoch 23/30    192 s
seed 123 n50 prescribed stage 2 epoch 24/30    197 s
seed 123 n50 prescribed stage 2 epoch 25/30    200 s
seed 123 n50 prescribed stage 2 epoch 26/30    203 s
seed 123 n50 prescribed stage 2 epoch 27/30    207 s
seed 123 n50 prescribed stage 2 epoch 28/30    211 s
seed 123 n50 prescribed stage 2 epoch 29/30    214 s
seed 123 n50 prescribed stage 2 epoch 30/30    218 s
seed 123 n50 free_scaled stage 1 epoch  1/30      9 s
seed 123 n50 free_scaled stage 1 epoch  2/30     19 s
seed 123 n50 free_scaled stage 1 epoch  3/30     27 s
seed 123 n50 free_scaled stage 1 epoch  4/30     38 s
seed 123 n50 free_scaled stage 1 epoch  5/30     49 s
seed 123 n50 free_scaled stage 1 epoch  6/30     59 s
seed 123 n50 free_scaled stage 1 epoch  7/30     69 s
seed 123 n50 free_scaled stage 1 epoch  8/30     80 s
seed 123 n50 free_scaled stage 1 epoch  9/30     90 s
seed 123 n50 free_scaled stage 1 epoch 10/30    101 s
seed 123 n50 free_scaled stage 1 epoch 11/30    110 s
seed 123 n50 free_scaled stage 1 epoch 12/30    120 s
seed 123 n50 free_scaled stage 1 epoch 13/30    129 s
seed 123 n50 free_scaled stage 1 epoch 14/30    138 s
seed 123 n50 free_scaled stage 1 epoch 15/30    150 s
seed 123 n50 free_scaled stage 1 epoch 16/30    162 s
seed 123 n50 free_scaled stage 1 epoch 17/30    171 s
seed 123 n50 free_scaled stage 1 epoch 18/30    183 s
seed 123 n50 free_scaled stage 1 epoch 19/30    194 s
seed 123 n50 free_scaled stage 1 epoch 20/30    204 s
seed 123 n50 free_scaled stage 1 epoch 21/30    216 s
seed 123 n50 free_scaled stage 1 epoch 22/30    229 s
seed 123 n50 free_scaled stage 1 epoch 23/30    239 s
seed 123 n50 free_scaled stage 1 epoch 24/30    249 s
seed 123 n50 free_scaled stage 1 epoch 25/30    258 s
seed 123 n50 free_scaled stage 1 epoch 26/30    269 s
seed 123 n50 free_scaled stage 1 epoch 27/30    281 s
seed 123 n50 free_scaled stage 1 epoch 28/30    292 s
seed 123 n50 free_scaled stage 1 epoch 29/30    303 s
seed 123 n50 free_scaled stage 1 epoch 30/30    314 s
seed 123 n50 free_scaled stage 2 epoch  1/30    318 s
seed 123 n50 free_scaled stage 2 epoch  2/30    322 s
seed 123 n50 free_scaled stage 2 epoch  3/30    327 s
seed 123 n50 free_scaled stage 2 epoch  4/30    331 s
seed 123 n50 free_scaled stage 2 epoch  5/30    335 s
seed 123 n50 free_scaled stage 2 epoch  6/30    339 s
seed 123 n50 free_scaled stage 2 epoch  7/30    345 s
seed 123 n50 free_scaled stage 2 epoch  8/30    350 s
seed 123 n50 free_scaled stage 2 epoch  9/30    354 s
seed 123 n50 free_scaled stage 2 epoch 10/30    361 s
seed 123 n50 free_scaled stage 2 epoch 11/30    364 s
seed 123 n50 free_scaled stage 2 epoch 12/30    368 s
seed 123 n50 free_scaled stage 2 epoch 13/30    371 s
seed 123 n50 free_scaled stage 2 epoch 14/30    375 s
seed 123 n50 free_scaled stage 2 epoch 15/30    378 s
seed 123 n50 free_scaled stage 2 epoch 16/30    382 s
seed 123 n50 free_scaled stage 2 epoch 17/30    386 s
seed 123 n50 free_scaled stage 2 epoch 18/30    390 s
seed 123 n50 free_scaled stage 2 epoch 19/30    394 s
seed 123 n50 free_scaled stage 2 epoch 20/30    397 s
seed 123 n50 free_scaled stage 2 epoch 21/30    401 s
seed 123 n50 free_scaled stage 2 epoch 22/30    405 s
seed 123 n50 free_scaled stage 2 epoch 23/30    410 s
seed 123 n50 free_scaled stage 2 epoch 24/30    416 s
seed 123 n50 free_scaled stage 2 epoch 25/30    420 s
seed 123 n50 free_scaled stage 2 epoch 26/30    426 s
seed 123 n50 free_scaled stage 2 epoch 27/30    430 s
seed 123 n50 free_scaled stage 2 epoch 28/30    433 s
seed 123 n50 free_scaled stage 2 epoch 29/30    437 s
seed 123 n50 free_scaled stage 2 epoch 30/30    440 s
seed 123 n200 prescribed_gate stage 2 epoch  1/30     20 s
seed 123 n200 prescribed_gate stage 2 epoch  2/30     44 s
seed 123 n200 prescribed_gate stage 2 epoch  3/30     65 s
seed 123 n200 prescribed_gate stage 2 epoch  4/30     83 s
seed 123 n200 prescribed_gate stage 2 epoch  5/30     99 s
seed 123 n200 prescribed_gate stage 2 epoch  6/30    120 s
seed 123 n200 prescribed_gate stage 2 epoch  7/30    147 s
seed 123 n200 prescribed_gate stage 2 epoch  8/30    177 s
seed 123 n200 prescribed_gate stage 2 epoch  9/30    195 s
seed 123 n200 prescribed_gate stage 2 epoch 10/30    213 s
seed 123 n200 prescribed_gate stage 2 epoch 11/30    230 s
seed 123 n200 prescribed_gate stage 2 epoch 12/30    246 s
seed 123 n200 prescribed_gate stage 2 epoch 13/30    265 s
seed 123 n200 prescribed_gate stage 2 epoch 14/30    282 s
seed 123 n200 prescribed_gate stage 2 epoch 15/30    299 s
seed 123 n200 prescribed_gate stage 2 epoch 16/30    315 s
seed 123 n200 prescribed_gate stage 2 epoch 17/30    334 s
seed 123 n200 prescribed_gate stage 2 epoch 18/30    351 s
seed 123 n200 prescribed_gate stage 2 epoch 19/30    368 s
seed 123 n200 prescribed_gate stage 2 epoch 20/30    389 s
seed 123 n200 prescribed_gate stage 2 epoch 21/30    409 s
seed 123 n200 prescribed_gate stage 2 epoch 22/30    428 s
seed 123 n200 prescribed_gate stage 2 epoch 23/30    458 s
seed 123 n200 prescribed_gate stage 2 epoch 24/30    478 s
seed 123 n200 prescribed_gate stage 2 epoch 25/30    494 s
seed 123 n200 prescribed_gate stage 2 epoch 26/30    509 s
seed 123 n200 prescribed_gate stage 2 epoch 27/30    526 s
seed 123 n200 prescribed_gate stage 2 epoch 28/30    541 s
seed 123 n200 prescribed_gate stage 2 epoch 29/30    558 s
seed 123 n200 prescribed_gate stage 2 epoch 30/30    581 s
seed 123 n200 prescribed_sincos stage 2 epoch  1/30     21 s
seed 123 n200 prescribed_sincos stage 2 epoch  2/30     45 s
seed 123 n200 prescribed_sincos stage 2 epoch  3/30     63 s
seed 123 n200 prescribed_sincos stage 2 epoch  4/30     80 s
seed 123 n200 prescribed_sincos stage 2 epoch  5/30     96 s
seed 123 n200 prescribed_sincos stage 2 epoch  6/30    117 s
seed 123 n200 prescribed_sincos stage 2 epoch  7/30    133 s
seed 123 n200 prescribed_sincos stage 2 epoch  8/30    152 s
seed 123 n200 prescribed_sincos stage 2 epoch  9/30    170 s
seed 123 n200 prescribed_sincos stage 2 epoch 10/30    192 s
seed 123 n200 prescribed_sincos stage 2 epoch 11/30    224 s
seed 123 n200 prescribed_sincos stage 2 epoch 12/30    242 s
seed 123 n200 prescribed_sincos stage 2 epoch 13/30    258 s
seed 123 n200 prescribed_sincos stage 2 epoch 14/30    277 s
seed 123 n200 prescribed_sincos stage 2 epoch 15/30    301 s
seed 123 n200 prescribed_sincos stage 2 epoch 16/30    319 s
seed 123 n200 prescribed_sincos stage 2 epoch 17/30    346 s
seed 123 n200 prescribed_sincos stage 2 epoch 18/30    367 s
seed 123 n200 prescribed_sincos stage 2 epoch 19/30    395 s
seed 123 n200 prescribed_sincos stage 2 epoch 20/30    417 s
seed 123 n200 prescribed_sincos stage 2 epoch 21/30    438 s
seed 123 n200 prescribed_sincos stage 2 epoch 22/30    459 s
seed 123 n200 prescribed_sincos stage 2 epoch 23/30    479 s
seed 123 n200 prescribed_sincos stage 2 epoch 24/30    495 s
seed 123 n200 prescribed_sincos stage 2 epoch 25/30    513 s
seed 123 n200 prescribed_sincos stage 2 epoch 26/30    532 s
seed 123 n200 prescribed_sincos stage 2 epoch 27/30    550 s
seed 123 n200 prescribed_sincos stage 2 epoch 28/30    566 s
seed 123 n200 prescribed_sincos stage 2 epoch 29/30    586 s
seed 123 n200 prescribed_sincos stage 2 epoch 30/30    602 s
seed 123 n200 prescribed_std stage 2 epoch  1/30     17 s
seed 123 n200 prescribed_std stage 2 epoch  2/30     36 s
seed 123 n200 prescribed_std stage 2 epoch  3/30     54 s
seed 123 n200 prescribed_std stage 2 epoch  4/30     70 s
seed 123 n200 prescribed_std stage 2 epoch  5/30     87 s
seed 123 n200 prescribed_std stage 2 epoch  6/30    104 s
seed 123 n200 prescribed_std stage 2 epoch  7/30    122 s
seed 123 n200 prescribed_std stage 2 epoch  8/30    140 s
seed 123 n200 prescribed_std stage 2 epoch  9/30    155 s
seed 123 n200 prescribed_std stage 2 epoch 10/30    171 s
seed 123 n200 prescribed_std stage 2 epoch 11/30    188 s
seed 123 n200 prescribed_std stage 2 epoch 12/30    205 s
seed 123 n200 prescribed_std stage 2 epoch 13/30    224 s
seed 123 n200 prescribed_std stage 2 epoch 14/30    242 s
seed 123 n200 prescribed_std stage 2 epoch 15/30    262 s
seed 123 n200 prescribed_std stage 2 epoch 16/30    278 s
seed 123 n200 prescribed_std stage 2 epoch 17/30    293 s
seed 123 n200 prescribed_std stage 2 epoch 18/30    312 s
seed 123 n200 prescribed_std stage 2 epoch 19/30    336 s
seed 123 n200 prescribed_std stage 2 epoch 20/30    354 s
seed 123 n200 prescribed_std stage 2 epoch 21/30    371 s
seed 123 n200 prescribed_std stage 2 epoch 22/30    391 s
seed 123 n200 prescribed_std stage 2 epoch 23/30    409 s
seed 123 n200 prescribed_std stage 2 epoch 24/30    426 s
seed 123 n200 prescribed_std stage 2 epoch 25/30    445 s
seed 123 n200 prescribed_std stage 2 epoch 26/30    460 s
seed 123 n200 prescribed_std stage 2 epoch 27/30    475 s
seed 123 n200 prescribed_std stage 2 epoch 28/30    493 s
seed 123 n200 prescribed_std stage 2 epoch 29/30    522 s
seed 123 n200 prescribed_std stage 2 epoch 30/30    544 s
seed 123: written
seed 1002 n25 prescribed stage 1 epoch  1/30      3 s
seed 1002 n25 prescribed stage 1 epoch  2/30      4 s
seed 1002 n25 prescribed stage 1 epoch  3/30      6 s
seed 1002 n25 prescribed stage 1 epoch  4/30      9 s
seed 1002 n25 prescribed stage 1 epoch  5/30     11 s
seed 1002 n25 prescribed stage 1 epoch  6/30     14 s
seed 1002 n25 prescribed stage 1 epoch  7/30     16 s
seed 1002 n25 prescribed stage 1 epoch  8/30     19 s
seed 1002 n25 prescribed stage 1 epoch  9/30     22 s
seed 1002 n25 prescribed stage 1 epoch 10/30     25 s
seed 1002 n25 prescribed stage 1 epoch 11/30     28 s
seed 1002 n25 prescribed stage 1 epoch 12/30     30 s
seed 1002 n25 prescribed stage 1 epoch 13/30     32 s
seed 1002 n25 prescribed stage 1 epoch 14/30     34 s
seed 1002 n25 prescribed stage 1 epoch 15/30     37 s
seed 1002 n25 prescribed stage 1 epoch 16/30     39 s
seed 1002 n25 prescribed stage 1 epoch 17/30     42 s
seed 1002 n25 prescribed stage 1 epoch 18/30     44 s
seed 1002 n25 prescribed stage 1 epoch 19/30     46 s
seed 1002 n25 prescribed stage 1 epoch 20/30     48 s
seed 1002 n25 prescribed stage 1 epoch 21/30     50 s
seed 1002 n25 prescribed stage 1 epoch 22/30     52 s
seed 1002 n25 prescribed stage 1 epoch 23/30     55 s
seed 1002 n25 prescribed stage 1 epoch 24/30     58 s
seed 1002 n25 prescribed stage 1 epoch 25/30     61 s
seed 1002 n25 prescribed stage 1 epoch 26/30     63 s
seed 1002 n25 prescribed stage 1 epoch 27/30     66 s
seed 1002 n25 prescribed stage 1 epoch 28/30     69 s
seed 1002 n25 prescribed stage 1 epoch 29/30     72 s
seed 1002 n25 prescribed stage 1 epoch 30/30     74 s
seed 1002 n25 prescribed stage 2 epoch  1/30     78 s
seed 1002 n25 prescribed stage 2 epoch  2/30     82 s
seed 1002 n25 prescribed stage 2 epoch  3/30     85 s
seed 1002 n25 prescribed stage 2 epoch  4/30     87 s
seed 1002 n25 prescribed stage 2 epoch  5/30     88 s
seed 1002 n25 prescribed stage 2 epoch  6/30     90 s
seed 1002 n25 prescribed stage 2 epoch  7/30     92 s
seed 1002 n25 prescribed stage 2 epoch  8/30     94 s
seed 1002 n25 prescribed stage 2 epoch  9/30     96 s
seed 1002 n25 prescribed stage 2 epoch 10/30     98 s
seed 1002 n25 prescribed stage 2 epoch 11/30    101 s
seed 1002 n25 prescribed stage 2 epoch 12/30    104 s
seed 1002 n25 prescribed stage 2 epoch 13/30    106 s
seed 1002 n25 prescribed stage 2 epoch 14/30    109 s
seed 1002 n25 prescribed stage 2 epoch 15/30    112 s
seed 1002 n25 prescribed stage 2 epoch 16/30    116 s
seed 1002 n25 prescribed stage 2 epoch 17/30    121 s
seed 1002 n25 prescribed stage 2 epoch 18/30    126 s
seed 1002 n25 prescribed stage 2 epoch 19/30    128 s
seed 1002 n25 prescribed stage 2 epoch 20/30    130 s
seed 1002 n25 prescribed stage 2 epoch 21/30    132 s
seed 1002 n25 prescribed stage 2 epoch 22/30    134 s
seed 1002 n25 prescribed stage 2 epoch 23/30    137 s
seed 1002 n25 prescribed stage 2 epoch 24/30    141 s
seed 1002 n25 prescribed stage 2 epoch 25/30    144 s
seed 1002 n25 prescribed stage 2 epoch 26/30    146 s
seed 1002 n25 prescribed stage 2 epoch 27/30    148 s
seed 1002 n25 prescribed stage 2 epoch 28/30    151 s
seed 1002 n25 prescribed stage 2 epoch 29/30    153 s
seed 1002 n25 prescribed stage 2 epoch 30/30    155 s
seed 1002 n25 free_scaled stage 1 epoch  1/30      5 s
seed 1002 n25 free_scaled stage 1 epoch  2/30     11 s
seed 1002 n25 free_scaled stage 1 epoch  3/30     16 s
seed 1002 n25 free_scaled stage 1 epoch  4/30     21 s
seed 1002 n25 free_scaled stage 1 epoch  5/30     26 s
seed 1002 n25 free_scaled stage 1 epoch  6/30     32 s
seed 1002 n25 free_scaled stage 1 epoch  7/30     36 s
seed 1002 n25 free_scaled stage 1 epoch  8/30     41 s
seed 1002 n25 free_scaled stage 1 epoch  9/30     46 s
seed 1002 n25 free_scaled stage 1 epoch 10/30     51 s
seed 1002 n25 free_scaled stage 1 epoch 11/30     56 s
seed 1002 n25 free_scaled stage 1 epoch 12/30     61 s
seed 1002 n25 free_scaled stage 1 epoch 13/30     66 s
seed 1002 n25 free_scaled stage 1 epoch 14/30     72 s
seed 1002 n25 free_scaled stage 1 epoch 15/30     77 s
seed 1002 n25 free_scaled stage 1 epoch 16/30     82 s
seed 1002 n25 free_scaled stage 1 epoch 17/30     88 s
seed 1002 n25 free_scaled stage 1 epoch 18/30     94 s
seed 1002 n25 free_scaled stage 1 epoch 19/30    101 s
seed 1002 n25 free_scaled stage 1 epoch 20/30    107 s
seed 1002 n25 free_scaled stage 1 epoch 21/30    113 s
seed 1002 n25 free_scaled stage 1 epoch 22/30    118 s
seed 1002 n25 free_scaled stage 1 epoch 23/30    125 s
seed 1002 n25 free_scaled stage 1 epoch 24/30    131 s
seed 1002 n25 free_scaled stage 1 epoch 25/30    138 s
seed 1002 n25 free_scaled stage 1 epoch 26/30    143 s
seed 1002 n25 free_scaled stage 1 epoch 27/30    148 s
seed 1002 n25 free_scaled stage 1 epoch 28/30    154 s
seed 1002 n25 free_scaled stage 1 epoch 29/30    161 s
seed 1002 n25 free_scaled stage 1 epoch 30/30    168 s
seed 1002 n25 free_scaled stage 2 epoch  1/30    171 s
seed 1002 n25 free_scaled stage 2 epoch  2/30    175 s
seed 1002 n25 free_scaled stage 2 epoch  3/30    177 s
seed 1002 n25 free_scaled stage 2 epoch  4/30    180 s
seed 1002 n25 free_scaled stage 2 epoch  5/30    183 s
seed 1002 n25 free_scaled stage 2 epoch  6/30    186 s
seed 1002 n25 free_scaled stage 2 epoch  7/30    189 s
seed 1002 n25 free_scaled stage 2 epoch  8/30    195 s
seed 1002 n25 free_scaled stage 2 epoch  9/30    199 s
seed 1002 n25 free_scaled stage 2 epoch 10/30    202 s
seed 1002 n25 free_scaled stage 2 epoch 11/30    205 s
seed 1002 n25 free_scaled stage 2 epoch 12/30    207 s
seed 1002 n25 free_scaled stage 2 epoch 13/30    210 s
seed 1002 n25 free_scaled stage 2 epoch 14/30    213 s
seed 1002 n25 free_scaled stage 2 epoch 15/30    215 s
seed 1002 n25 free_scaled stage 2 epoch 16/30    218 s
seed 1002 n25 free_scaled stage 2 epoch 17/30    221 s
seed 1002 n25 free_scaled stage 2 epoch 18/30    224 s
seed 1002 n25 free_scaled stage 2 epoch 19/30    227 s
seed 1002 n25 free_scaled stage 2 epoch 20/30    230 s
seed 1002 n25 free_scaled stage 2 epoch 21/30    234 s
seed 1002 n25 free_scaled stage 2 epoch 22/30    236 s
seed 1002 n25 free_scaled stage 2 epoch 23/30    239 s
seed 1002 n25 free_scaled stage 2 epoch 24/30    242 s
seed 1002 n25 free_scaled stage 2 epoch 25/30    245 s
seed 1002 n25 free_scaled stage 2 epoch 26/30    248 s
seed 1002 n25 free_scaled stage 2 epoch 27/30    251 s
seed 1002 n25 free_scaled stage 2 epoch 28/30    255 s
seed 1002 n25 free_scaled stage 2 epoch 29/30    259 s
seed 1002 n25 free_scaled stage 2 epoch 30/30    263 s
seed 1002 n50 prescribed stage 1 epoch  1/30      5 s
seed 1002 n50 prescribed stage 1 epoch  2/30     15 s
seed 1002 n50 prescribed stage 1 epoch  3/30     27 s
seed 1002 n50 prescribed stage 1 epoch  4/30     38 s
seed 1002 n50 prescribed stage 1 epoch  5/30     48 s
seed 1002 n50 prescribed stage 1 epoch  6/30     55 s
seed 1002 n50 prescribed stage 1 epoch  7/30     62 s
seed 1002 n50 prescribed stage 1 epoch  8/30     70 s
seed 1002 n50 prescribed stage 1 epoch  9/30     75 s
seed 1002 n50 prescribed stage 1 epoch 10/30     79 s
seed 1002 n50 prescribed stage 1 epoch 11/30     84 s
seed 1002 n50 prescribed stage 1 epoch 12/30     89 s
seed 1002 n50 prescribed stage 1 epoch 13/30     93 s
seed 1002 n50 prescribed stage 1 epoch 14/30     98 s
seed 1002 n50 prescribed stage 1 epoch 15/30    103 s
seed 1002 n50 prescribed stage 1 epoch 16/30    108 s
seed 1002 n50 prescribed stage 1 epoch 17/30    114 s
seed 1002 n50 prescribed stage 1 epoch 18/30    119 s
seed 1002 n50 prescribed stage 1 epoch 19/30    123 s
seed 1002 n50 prescribed stage 1 epoch 20/30    130 s
seed 1002 n50 prescribed stage 1 epoch 21/30    135 s
seed 1002 n50 prescribed stage 1 epoch 22/30    140 s
seed 1002 n50 prescribed stage 1 epoch 23/30    145 s
seed 1002 n50 prescribed stage 1 epoch 24/30    149 s
seed 1002 n50 prescribed stage 1 epoch 25/30    156 s
seed 1002 n50 prescribed stage 1 epoch 26/30    161 s
seed 1002 n50 prescribed stage 1 epoch 27/30    168 s
seed 1002 n50 prescribed stage 1 epoch 28/30    172 s
seed 1002 n50 prescribed stage 1 epoch 29/30    177 s
seed 1002 n50 prescribed stage 1 epoch 30/30    181 s
seed 1002 n50 prescribed stage 2 epoch  1/30    186 s
seed 1002 n50 prescribed stage 2 epoch  2/30    191 s
seed 1002 n50 prescribed stage 2 epoch  3/30    196 s
seed 1002 n50 prescribed stage 2 epoch  4/30    200 s
seed 1002 n50 prescribed stage 2 epoch  5/30    205 s
seed 1002 n50 prescribed stage 2 epoch  6/30    209 s
seed 1002 n50 prescribed stage 2 epoch  7/30    213 s
seed 1002 n50 prescribed stage 2 epoch  8/30    217 s
seed 1002 n50 prescribed stage 2 epoch  9/30    223 s
seed 1002 n50 prescribed stage 2 epoch 10/30    228 s
seed 1002 n50 prescribed stage 2 epoch 11/30    232 s
seed 1002 n50 prescribed stage 2 epoch 12/30    236 s
seed 1002 n50 prescribed stage 2 epoch 13/30    240 s
seed 1002 n50 prescribed stage 2 epoch 14/30    243 s
seed 1002 n50 prescribed stage 2 epoch 15/30    248 s
seed 1002 n50 prescribed stage 2 epoch 16/30    252 s
seed 1002 n50 prescribed stage 2 epoch 17/30    256 s
seed 1002 n50 prescribed stage 2 epoch 18/30    259 s
seed 1002 n50 prescribed stage 2 epoch 19/30    263 s
seed 1002 n50 prescribed stage 2 epoch 20/30    267 s
seed 1002 n50 prescribed stage 2 epoch 21/30    270 s
seed 1002 n50 prescribed stage 2 epoch 22/30    273 s
seed 1002 n50 prescribed stage 2 epoch 23/30    277 s
seed 1002 n50 prescribed stage 2 epoch 24/30    281 s
seed 1002 n50 prescribed stage 2 epoch 25/30    285 s
seed 1002 n50 prescribed stage 2 epoch 26/30    289 s
seed 1002 n50 prescribed stage 2 epoch 27/30    293 s
seed 1002 n50 prescribed stage 2 epoch 28/30    296 s
seed 1002 n50 prescribed stage 2 epoch 29/30    300 s
seed 1002 n50 prescribed stage 2 epoch 30/30    304 s
seed 1002 n50 free_scaled stage 1 epoch  1/30     11 s
seed 1002 n50 free_scaled stage 1 epoch  2/30     26 s
seed 1002 n50 free_scaled stage 1 epoch  3/30     36 s
seed 1002 n50 free_scaled stage 1 epoch  4/30     46 s
seed 1002 n50 free_scaled stage 1 epoch  5/30     56 s
seed 1002 n50 free_scaled stage 1 epoch  6/30     68 s
seed 1002 n50 free_scaled stage 1 epoch  7/30     87 s
seed 1002 n50 free_scaled stage 1 epoch  8/30     98 s
seed 1002 n50 free_scaled stage 1 epoch  9/30    112 s
seed 1002 n50 free_scaled stage 1 epoch 10/30    122 s
seed 1002 n50 free_scaled stage 1 epoch 11/30    135 s
seed 1002 n50 free_scaled stage 1 epoch 12/30    149 s
seed 1002 n50 free_scaled stage 1 epoch 13/30    161 s
seed 1002 n50 free_scaled stage 1 epoch 14/30    174 s
seed 1002 n50 free_scaled stage 1 epoch 15/30    188 s
seed 1002 n50 free_scaled stage 1 epoch 16/30    205 s
seed 1002 n50 free_scaled stage 1 epoch 17/30    216 s
seed 1002 n50 free_scaled stage 1 epoch 18/30    227 s
seed 1002 n50 free_scaled stage 1 epoch 19/30    239 s
seed 1002 n50 free_scaled stage 1 epoch 20/30    249 s
seed 1002 n50 free_scaled stage 1 epoch 21/30    259 s
seed 1002 n50 free_scaled stage 1 epoch 22/30    270 s
seed 1002 n50 free_scaled stage 1 epoch 23/30    282 s
seed 1002 n50 free_scaled stage 1 epoch 24/30    293 s
seed 1002 n50 free_scaled stage 1 epoch 25/30    306 s
seed 1002 n50 free_scaled stage 1 epoch 26/30    318 s
seed 1002 n50 free_scaled stage 1 epoch 27/30    329 s
seed 1002 n50 free_scaled stage 1 epoch 28/30    340 s
seed 1002 n50 free_scaled stage 1 epoch 29/30    351 s
seed 1002 n50 free_scaled stage 1 epoch 30/30    362 s
seed 1002 n50 free_scaled stage 2 epoch  1/30    366 s
seed 1002 n50 free_scaled stage 2 epoch  2/30    370 s
seed 1002 n50 free_scaled stage 2 epoch  3/30    373 s
seed 1002 n50 free_scaled stage 2 epoch  4/30    378 s
seed 1002 n50 free_scaled stage 2 epoch  5/30    384 s
seed 1002 n50 free_scaled stage 2 epoch  6/30    387 s
seed 1002 n50 free_scaled stage 2 epoch  7/30    391 s
seed 1002 n50 free_scaled stage 2 epoch  8/30    395 s
seed 1002 n50 free_scaled stage 2 epoch  9/30    399 s
seed 1002 n50 free_scaled stage 2 epoch 10/30    403 s
seed 1002 n50 free_scaled stage 2 epoch 11/30    407 s
seed 1002 n50 free_scaled stage 2 epoch 12/30    412 s
seed 1002 n50 free_scaled stage 2 epoch 13/30    416 s
seed 1002 n50 free_scaled stage 2 epoch 14/30    421 s
seed 1002 n50 free_scaled stage 2 epoch 15/30    425 s
seed 1002 n50 free_scaled stage 2 epoch 16/30    429 s
seed 1002 n50 free_scaled stage 2 epoch 17/30    434 s
seed 1002 n50 free_scaled stage 2 epoch 18/30    439 s
seed 1002 n50 free_scaled stage 2 epoch 19/30    443 s
seed 1002 n50 free_scaled stage 2 epoch 20/30    447 s
seed 1002 n50 free_scaled stage 2 epoch 21/30    451 s
seed 1002 n50 free_scaled stage 2 epoch 22/30    455 s
seed 1002 n50 free_scaled stage 2 epoch 23/30    459 s
seed 1002 n50 free_scaled stage 2 epoch 24/30    463 s
seed 1002 n50 free_scaled stage 2 epoch 25/30    468 s
seed 1002 n50 free_scaled stage 2 epoch 26/30    472 s
seed 1002 n50 free_scaled stage 2 epoch 27/30    476 s
seed 1002 n50 free_scaled stage 2 epoch 28/30    481 s
seed 1002 n50 free_scaled stage 2 epoch 29/30    485 s
seed 1002 n50 free_scaled stage 2 epoch 30/30    490 s
seed 1002 n200 prescribed_gate stage 2 epoch  1/30     18 s
seed 1002 n200 prescribed_gate stage 2 epoch  2/30     34 s
seed 1002 n200 prescribed_gate stage 2 epoch  3/30     50 s
seed 1002 n200 prescribed_gate stage 2 epoch  4/30     65 s
seed 1002 n200 prescribed_gate stage 2 epoch  5/30     84 s
seed 1002 n200 prescribed_gate stage 2 epoch  6/30    100 s
seed 1002 n200 prescribed_gate stage 2 epoch  7/30    116 s
seed 1002 n200 prescribed_gate stage 2 epoch  8/30    132 s
seed 1002 n200 prescribed_gate stage 2 epoch  9/30    148 s
seed 1002 n200 prescribed_gate stage 2 epoch 10/30    173 s
seed 1002 n200 prescribed_gate stage 2 epoch 11/30    191 s
seed 1002 n200 prescribed_gate stage 2 epoch 12/30    209 s
seed 1002 n200 prescribed_gate stage 2 epoch 13/30    226 s
seed 1002 n200 prescribed_gate stage 2 epoch 14/30    242 s
seed 1002 n200 prescribed_gate stage 2 epoch 15/30    258 s
seed 1002 n200 prescribed_gate stage 2 epoch 16/30    276 s
seed 1002 n200 prescribed_gate stage 2 epoch 17/30    292 s
seed 1002 n200 prescribed_gate stage 2 epoch 18/30    310 s
seed 1002 n200 prescribed_gate stage 2 epoch 19/30    326 s
seed 1002 n200 prescribed_gate stage 2 epoch 20/30    344 s
seed 1002 n200 prescribed_gate stage 2 epoch 21/30    364 s
seed 1002 n200 prescribed_gate stage 2 epoch 22/30    382 s
seed 1002 n200 prescribed_gate stage 2 epoch 23/30    402 s
seed 1002 n200 prescribed_gate stage 2 epoch 24/30    416 s
seed 1002 n200 prescribed_gate stage 2 epoch 25/30    430 s
seed 1002 n200 prescribed_gate stage 2 epoch 26/30    446 s
seed 1002 n200 prescribed_gate stage 2 epoch 27/30    469 s
seed 1002 n200 prescribed_gate stage 2 epoch 28/30    487 s
seed 1002 n200 prescribed_gate stage 2 epoch 29/30    501 s
seed 1002 n200 prescribed_gate stage 2 epoch 30/30    518 s
seed 1002 n200 prescribed_sincos stage 2 epoch  1/30     18 s
seed 1002 n200 prescribed_sincos stage 2 epoch  2/30     38 s
seed 1002 n200 prescribed_sincos stage 2 epoch  3/30     55 s
seed 1002 n200 prescribed_sincos stage 2 epoch  4/30     74 s
seed 1002 n200 prescribed_sincos stage 2 epoch  5/30     88 s
seed 1002 n200 prescribed_sincos stage 2 epoch  6/30    103 s
seed 1002 n200 prescribed_sincos stage 2 epoch  7/30    118 s
seed 1002 n200 prescribed_sincos stage 2 epoch  8/30    132 s
seed 1002 n200 prescribed_sincos stage 2 epoch  9/30    146 s
seed 1002 n200 prescribed_sincos stage 2 epoch 10/30    162 s
seed 1002 n200 prescribed_sincos stage 2 epoch 11/30    179 s
seed 1002 n200 prescribed_sincos stage 2 epoch 12/30    194 s
seed 1002 n200 prescribed_sincos stage 2 epoch 13/30    212 s
seed 1002 n200 prescribed_sincos stage 2 epoch 14/30    229 s
seed 1002 n200 prescribed_sincos stage 2 epoch 15/30    244 s
seed 1002 n200 prescribed_sincos stage 2 epoch 16/30    258 s
seed 1002 n200 prescribed_sincos stage 2 epoch 17/30    272 s
seed 1002 n200 prescribed_sincos stage 2 epoch 18/30    287 s
seed 1002 n200 prescribed_sincos stage 2 epoch 19/30    305 s
seed 1002 n200 prescribed_sincos stage 2 epoch 20/30    325 s
seed 1002 n200 prescribed_sincos stage 2 epoch 21/30    340 s
seed 1002 n200 prescribed_sincos stage 2 epoch 22/30    357 s
seed 1002 n200 prescribed_sincos stage 2 epoch 23/30    376 s
seed 1002 n200 prescribed_sincos stage 2 epoch 24/30    393 s
seed 1002 n200 prescribed_sincos stage 2 epoch 25/30    412 s
seed 1002 n200 prescribed_sincos stage 2 epoch 26/30    432 s
seed 1002 n200 prescribed_sincos stage 2 epoch 27/30    455 s
seed 1002 n200 prescribed_sincos stage 2 epoch 28/30    473 s
seed 1002 n200 prescribed_sincos stage 2 epoch 29/30    491 s
seed 1002 n200 prescribed_sincos stage 2 epoch 30/30    507 s
seed 1002 n200 prescribed_std stage 2 epoch  1/30     19 s
seed 1002 n200 prescribed_std stage 2 epoch  2/30     38 s
seed 1002 n200 prescribed_std stage 2 epoch  3/30     54 s
seed 1002 n200 prescribed_std stage 2 epoch  4/30     73 s
seed 1002 n200 prescribed_std stage 2 epoch  5/30     96 s
seed 1002 n200 prescribed_std stage 2 epoch  6/30    113 s
seed 1002 n200 prescribed_std stage 2 epoch  7/30    129 s
seed 1002 n200 prescribed_std stage 2 epoch  8/30    147 s
seed 1002 n200 prescribed_std stage 2 epoch  9/30    168 s
seed 1002 n200 prescribed_std stage 2 epoch 10/30    188 s
seed 1002 n200 prescribed_std stage 2 epoch 11/30    232 s
seed 1002 n200 prescribed_std stage 2 epoch 12/30    251 s
seed 1002 n200 prescribed_std stage 2 epoch 13/30    268 s
seed 1002 n200 prescribed_std stage 2 epoch 14/30    283 s
seed 1002 n200 prescribed_std stage 2 epoch 15/30    298 s
seed 1002 n200 prescribed_std stage 2 epoch 16/30    313 s
seed 1002 n200 prescribed_std stage 2 epoch 17/30    329 s
seed 1002 n200 prescribed_std stage 2 epoch 18/30    345 s
seed 1002 n200 prescribed_std stage 2 epoch 19/30    364 s
seed 1002 n200 prescribed_std stage 2 epoch 20/30    392 s
seed 1002 n200 prescribed_std stage 2 epoch 21/30    413 s
seed 1002 n200 prescribed_std stage 2 epoch 22/30    428 s
seed 1002 n200 prescribed_std stage 2 epoch 23/30    442 s
seed 1002 n200 prescribed_std stage 2 epoch 24/30    457 s
seed 1002 n200 prescribed_std stage 2 epoch 25/30    476 s
seed 1002 n200 prescribed_std stage 2 epoch 26/30    494 s
seed 1002 n200 prescribed_std stage 2 epoch 27/30    513 s
seed 1002 n200 prescribed_std stage 2 epoch 28/30    531 s
seed 1002 n200 prescribed_std stage 2 epoch 29/30    546 s
seed 1002 n200 prescribed_std stage 2 epoch 30/30    562 s
seed 1002: written
seed 1006 n25 prescribed stage 1 epoch  1/30      2 s
seed 1006 n25 prescribed stage 1 epoch  2/30      4 s
seed 1006 n25 prescribed stage 1 epoch  3/30      6 s
seed 1006 n25 prescribed stage 1 epoch  4/30      7 s
seed 1006 n25 prescribed stage 1 epoch  5/30      9 s
seed 1006 n25 prescribed stage 1 epoch  6/30     11 s
seed 1006 n25 prescribed stage 1 epoch  7/30     12 s
seed 1006 n25 prescribed stage 1 epoch  8/30     14 s
seed 1006 n25 prescribed stage 1 epoch  9/30     16 s
seed 1006 n25 prescribed stage 1 epoch 10/30     17 s
seed 1006 n25 prescribed stage 1 epoch 11/30     19 s
seed 1006 n25 prescribed stage 1 epoch 12/30     21 s
seed 1006 n25 prescribed stage 1 epoch 13/30     23 s
seed 1006 n25 prescribed stage 1 epoch 14/30     24 s
seed 1006 n25 prescribed stage 1 epoch 15/30     26 s
seed 1006 n25 prescribed stage 1 epoch 16/30     28 s
seed 1006 n25 prescribed stage 1 epoch 17/30     29 s
seed 1006 n25 prescribed stage 1 epoch 18/30     31 s
seed 1006 n25 prescribed stage 1 epoch 19/30     33 s
seed 1006 n25 prescribed stage 1 epoch 20/30     34 s
seed 1006 n25 prescribed stage 1 epoch 21/30     36 s
seed 1006 n25 prescribed stage 1 epoch 22/30     38 s
seed 1006 n25 prescribed stage 1 epoch 23/30     39 s
seed 1006 n25 prescribed stage 1 epoch 24/30     41 s
seed 1006 n25 prescribed stage 1 epoch 25/30     43 s
seed 1006 n25 prescribed stage 1 epoch 26/30     44 s
seed 1006 n25 prescribed stage 1 epoch 27/30     46 s
seed 1006 n25 prescribed stage 1 epoch 28/30     48 s
seed 1006 n25 prescribed stage 1 epoch 29/30     49 s
seed 1006 n25 prescribed stage 1 epoch 30/30     51 s
seed 1006 n25 prescribed stage 2 epoch  1/30     53 s
seed 1006 n25 prescribed stage 2 epoch  2/30     54 s
seed 1006 n25 prescribed stage 2 epoch  3/30     56 s
seed 1006 n25 prescribed stage 2 epoch  4/30     58 s
seed 1006 n25 prescribed stage 2 epoch  5/30     59 s
seed 1006 n25 prescribed stage 2 epoch  6/30     61 s
seed 1006 n25 prescribed stage 2 epoch  7/30     62 s
seed 1006 n25 prescribed stage 2 epoch  8/30     64 s
seed 1006 n25 prescribed stage 2 epoch  9/30     66 s
seed 1006 n25 prescribed stage 2 epoch 10/30     68 s
seed 1006 n25 prescribed stage 2 epoch 11/30     69 s
seed 1006 n25 prescribed stage 2 epoch 12/30     71 s
seed 1006 n25 prescribed stage 2 epoch 13/30     72 s
seed 1006 n25 prescribed stage 2 epoch 14/30     74 s
seed 1006 n25 prescribed stage 2 epoch 15/30     76 s
seed 1006 n25 prescribed stage 2 epoch 16/30     78 s
seed 1006 n25 prescribed stage 2 epoch 17/30     79 s
seed 1006 n25 prescribed stage 2 epoch 18/30     81 s
seed 1006 n25 prescribed stage 2 epoch 19/30     83 s
seed 1006 n25 prescribed stage 2 epoch 20/30     84 s
seed 1006 n25 prescribed stage 2 epoch 21/30     86 s
seed 1006 n25 prescribed stage 2 epoch 22/30     88 s
seed 1006 n25 prescribed stage 2 epoch 23/30     89 s
seed 1006 n25 prescribed stage 2 epoch 24/30     91 s
seed 1006 n25 prescribed stage 2 epoch 25/30     93 s
seed 1006 n25 prescribed stage 2 epoch 26/30     94 s
seed 1006 n25 prescribed stage 2 epoch 27/30     96 s
seed 1006 n25 prescribed stage 2 epoch 28/30     98 s
seed 1006 n25 prescribed stage 2 epoch 29/30     99 s
seed 1006 n25 prescribed stage 2 epoch 30/30    101 s
seed 1006 n25 free_scaled stage 1 epoch  1/30      5 s
seed 1006 n25 free_scaled stage 1 epoch  2/30     10 s
seed 1006 n25 free_scaled stage 1 epoch  3/30     15 s
seed 1006 n25 free_scaled stage 1 epoch  4/30     19 s
seed 1006 n25 free_scaled stage 1 epoch  5/30     24 s
seed 1006 n25 free_scaled stage 1 epoch  6/30     29 s
seed 1006 n25 free_scaled stage 1 epoch  7/30     34 s
seed 1006 n25 free_scaled stage 1 epoch  8/30     39 s
seed 1006 n25 free_scaled stage 1 epoch  9/30     44 s
seed 1006 n25 free_scaled stage 1 epoch 10/30     48 s
seed 1006 n25 free_scaled stage 1 epoch 11/30     53 s
seed 1006 n25 free_scaled stage 1 epoch 12/30     57 s
seed 1006 n25 free_scaled stage 1 epoch 13/30     62 s
seed 1006 n25 free_scaled stage 1 epoch 14/30     67 s
seed 1006 n25 free_scaled stage 1 epoch 15/30     71 s
seed 1006 n25 free_scaled stage 1 epoch 16/30     76 s
seed 1006 n25 free_scaled stage 1 epoch 17/30     81 s
seed 1006 n25 free_scaled stage 1 epoch 18/30     85 s
seed 1006 n25 free_scaled stage 1 epoch 19/30     90 s
seed 1006 n25 free_scaled stage 1 epoch 20/30     95 s
seed 1006 n25 free_scaled stage 1 epoch 21/30    101 s
seed 1006 n25 free_scaled stage 1 epoch 22/30    106 s
seed 1006 n25 free_scaled stage 1 epoch 23/30    110 s
seed 1006 n25 free_scaled stage 1 epoch 24/30    115 s
seed 1006 n25 free_scaled stage 1 epoch 25/30    119 s
seed 1006 n25 free_scaled stage 1 epoch 26/30    123 s
seed 1006 n25 free_scaled stage 1 epoch 27/30    128 s
seed 1006 n25 free_scaled stage 1 epoch 28/30    132 s
seed 1006 n25 free_scaled stage 1 epoch 29/30    137 s
seed 1006 n25 free_scaled stage 1 epoch 30/30    141 s
seed 1006 n25 free_scaled stage 2 epoch  1/30    143 s
seed 1006 n25 free_scaled stage 2 epoch  2/30    144 s
seed 1006 n25 free_scaled stage 2 epoch  3/30    146 s
seed 1006 n25 free_scaled stage 2 epoch  4/30    148 s
seed 1006 n25 free_scaled stage 2 epoch  5/30    150 s
seed 1006 n25 free_scaled stage 2 epoch  6/30    151 s
seed 1006 n25 free_scaled stage 2 epoch  7/30    153 s
seed 1006 n25 free_scaled stage 2 epoch  8/30    155 s
seed 1006 n25 free_scaled stage 2 epoch  9/30    156 s
seed 1006 n25 free_scaled stage 2 epoch 10/30    159 s
seed 1006 n25 free_scaled stage 2 epoch 11/30    160 s
seed 1006 n25 free_scaled stage 2 epoch 12/30    162 s
seed 1006 n25 free_scaled stage 2 epoch 13/30    164 s
seed 1006 n25 free_scaled stage 2 epoch 14/30    166 s
seed 1006 n25 free_scaled stage 2 epoch 15/30    168 s
seed 1006 n25 free_scaled stage 2 epoch 16/30    170 s
seed 1006 n25 free_scaled stage 2 epoch 17/30    172 s
seed 1006 n25 free_scaled stage 2 epoch 18/30    174 s
seed 1006 n25 free_scaled stage 2 epoch 19/30    176 s
seed 1006 n25 free_scaled stage 2 epoch 20/30    178 s
seed 1006 n25 free_scaled stage 2 epoch 21/30    179 s
seed 1006 n25 free_scaled stage 2 epoch 22/30    181 s
seed 1006 n25 free_scaled stage 2 epoch 23/30    183 s
seed 1006 n25 free_scaled stage 2 epoch 24/30    185 s
seed 1006 n25 free_scaled stage 2 epoch 25/30    187 s
seed 1006 n25 free_scaled stage 2 epoch 26/30    189 s
seed 1006 n25 free_scaled stage 2 epoch 27/30    192 s
seed 1006 n25 free_scaled stage 2 epoch 28/30    194 s
seed 1006 n25 free_scaled stage 2 epoch 29/30    195 s
seed 1006 n25 free_scaled stage 2 epoch 30/30    198 s
seed 1006 n50 prescribed stage 1 epoch  1/30      4 s
seed 1006 n50 prescribed stage 1 epoch  2/30      8 s
seed 1006 n50 prescribed stage 1 epoch  3/30     11 s
seed 1006 n50 prescribed stage 1 epoch  4/30     15 s
seed 1006 n50 prescribed stage 1 epoch  5/30     18 s
seed 1006 n50 prescribed stage 1 epoch  6/30     21 s
seed 1006 n50 prescribed stage 1 epoch  7/30     25 s
seed 1006 n50 prescribed stage 1 epoch  8/30     28 s
seed 1006 n50 prescribed stage 1 epoch  9/30     31 s
seed 1006 n50 prescribed stage 1 epoch 10/30     34 s
seed 1006 n50 prescribed stage 1 epoch 11/30     38 s
seed 1006 n50 prescribed stage 1 epoch 12/30     41 s
seed 1006 n50 prescribed stage 1 epoch 13/30     44 s
seed 1006 n50 prescribed stage 1 epoch 14/30     47 s
seed 1006 n50 prescribed stage 1 epoch 15/30     51 s
seed 1006 n50 prescribed stage 1 epoch 16/30     55 s
seed 1006 n50 prescribed stage 1 epoch 17/30     58 s
seed 1006 n50 prescribed stage 1 epoch 18/30     61 s
seed 1006 n50 prescribed stage 1 epoch 19/30     64 s
seed 1006 n50 prescribed stage 1 epoch 20/30     68 s
seed 1006 n50 prescribed stage 1 epoch 21/30     71 s
seed 1006 n50 prescribed stage 1 epoch 22/30     74 s
seed 1006 n50 prescribed stage 1 epoch 23/30     78 s
seed 1006 n50 prescribed stage 1 epoch 24/30     81 s
seed 1006 n50 prescribed stage 1 epoch 25/30     84 s
seed 1006 n50 prescribed stage 1 epoch 26/30     88 s
seed 1006 n50 prescribed stage 1 epoch 27/30     91 s
seed 1006 n50 prescribed stage 1 epoch 28/30     94 s
seed 1006 n50 prescribed stage 1 epoch 29/30     97 s
seed 1006 n50 prescribed stage 1 epoch 30/30    101 s
seed 1006 n50 prescribed stage 2 epoch  1/30    104 s
seed 1006 n50 prescribed stage 2 epoch  2/30    107 s
seed 1006 n50 prescribed stage 2 epoch  3/30    110 s
seed 1006 n50 prescribed stage 2 epoch  4/30    114 s
seed 1006 n50 prescribed stage 2 epoch  5/30    117 s
seed 1006 n50 prescribed stage 2 epoch  6/30    120 s
seed 1006 n50 prescribed stage 2 epoch  7/30    123 s
seed 1006 n50 prescribed stage 2 epoch  8/30    127 s
seed 1006 n50 prescribed stage 2 epoch  9/30    130 s
seed 1006 n50 prescribed stage 2 epoch 10/30    133 s
seed 1006 n50 prescribed stage 2 epoch 11/30    137 s
seed 1006 n50 prescribed stage 2 epoch 12/30    140 s
seed 1006 n50 prescribed stage 2 epoch 13/30    143 s
seed 1006 n50 prescribed stage 2 epoch 14/30    146 s
seed 1006 n50 prescribed stage 2 epoch 15/30    150 s
seed 1006 n50 prescribed stage 2 epoch 16/30    153 s
seed 1006 n50 prescribed stage 2 epoch 17/30    156 s
seed 1006 n50 prescribed stage 2 epoch 18/30    159 s
seed 1006 n50 prescribed stage 2 epoch 19/30    163 s
seed 1006 n50 prescribed stage 2 epoch 20/30    166 s
seed 1006 n50 prescribed stage 2 epoch 21/30    169 s
seed 1006 n50 prescribed stage 2 epoch 22/30    172 s
seed 1006 n50 prescribed stage 2 epoch 23/30    176 s
seed 1006 n50 prescribed stage 2 epoch 24/30    179 s
seed 1006 n50 prescribed stage 2 epoch 25/30    182 s
seed 1006 n50 prescribed stage 2 epoch 26/30    185 s
seed 1006 n50 prescribed stage 2 epoch 27/30    189 s
seed 1006 n50 prescribed stage 2 epoch 28/30    192 s
seed 1006 n50 prescribed stage 2 epoch 29/30    195 s
seed 1006 n50 prescribed stage 2 epoch 30/30    198 s
seed 1006 n50 free_scaled stage 1 epoch  1/30      9 s
seed 1006 n50 free_scaled stage 1 epoch  2/30     17 s
seed 1006 n50 free_scaled stage 1 epoch  3/30     26 s
seed 1006 n50 free_scaled stage 1 epoch  4/30     34 s
seed 1006 n50 free_scaled stage 1 epoch  5/30     43 s
seed 1006 n50 free_scaled stage 1 epoch  6/30     52 s
seed 1006 n50 free_scaled stage 1 epoch  7/30     60 s
seed 1006 n50 free_scaled stage 1 epoch  8/30     69 s
seed 1006 n50 free_scaled stage 1 epoch  9/30     77 s
seed 1006 n50 free_scaled stage 1 epoch 10/30     86 s
seed 1006 n50 free_scaled stage 1 epoch 11/30     94 s
seed 1006 n50 free_scaled stage 1 epoch 12/30    103 s
seed 1006 n50 free_scaled stage 1 epoch 13/30    112 s
seed 1006 n50 free_scaled stage 1 epoch 14/30    121 s
seed 1006 n50 free_scaled stage 1 epoch 15/30    129 s
seed 1006 n50 free_scaled stage 1 epoch 16/30    137 s
seed 1006 n50 free_scaled stage 1 epoch 17/30    146 s
seed 1006 n50 free_scaled stage 1 epoch 18/30    155 s
seed 1006 n50 free_scaled stage 1 epoch 19/30    163 s
seed 1006 n50 free_scaled stage 1 epoch 20/30    172 s
seed 1006 n50 free_scaled stage 1 epoch 21/30    180 s
seed 1006 n50 free_scaled stage 1 epoch 22/30    189 s
seed 1006 n50 free_scaled stage 1 epoch 23/30    197 s
seed 1006 n50 free_scaled stage 1 epoch 24/30    206 s
seed 1006 n50 free_scaled stage 1 epoch 25/30    215 s
seed 1006 n50 free_scaled stage 1 epoch 26/30    223 s
seed 1006 n50 free_scaled stage 1 epoch 27/30    232 s
seed 1006 n50 free_scaled stage 1 epoch 28/30    241 s
seed 1006 n50 free_scaled stage 1 epoch 29/30    249 s
seed 1006 n50 free_scaled stage 1 epoch 30/30    258 s
seed 1006 n50 free_scaled stage 2 epoch  1/30    261 s
seed 1006 n50 free_scaled stage 2 epoch  2/30    264 s
seed 1006 n50 free_scaled stage 2 epoch  3/30    268 s
seed 1006 n50 free_scaled stage 2 epoch  4/30    271 s
seed 1006 n50 free_scaled stage 2 epoch  5/30    274 s
seed 1006 n50 free_scaled stage 2 epoch  6/30    278 s
seed 1006 n50 free_scaled stage 2 epoch  7/30    281 s
seed 1006 n50 free_scaled stage 2 epoch  8/30    284 s
seed 1006 n50 free_scaled stage 2 epoch  9/30    288 s
seed 1006 n50 free_scaled stage 2 epoch 10/30    291 s
seed 1006 n50 free_scaled stage 2 epoch 11/30    294 s
seed 1006 n50 free_scaled stage 2 epoch 12/30    298 s
seed 1006 n50 free_scaled stage 2 epoch 13/30    301 s
seed 1006 n50 free_scaled stage 2 epoch 14/30    304 s
seed 1006 n50 free_scaled stage 2 epoch 15/30    308 s
seed 1006 n50 free_scaled stage 2 epoch 16/30    311 s
seed 1006 n50 free_scaled stage 2 epoch 17/30    314 s
seed 1006 n50 free_scaled stage 2 epoch 18/30    318 s
seed 1006 n50 free_scaled stage 2 epoch 19/30    321 s
seed 1006 n50 free_scaled stage 2 epoch 20/30    324 s
seed 1006 n50 free_scaled stage 2 epoch 21/30    327 s
seed 1006 n50 free_scaled stage 2 epoch 22/30    331 s
seed 1006 n50 free_scaled stage 2 epoch 23/30    334 s
seed 1006 n50 free_scaled stage 2 epoch 24/30    337 s
seed 1006 n50 free_scaled stage 2 epoch 25/30    341 s
seed 1006 n50 free_scaled stage 2 epoch 26/30    344 s
seed 1006 n50 free_scaled stage 2 epoch 27/30    347 s
seed 1006 n50 free_scaled stage 2 epoch 28/30    351 s
seed 1006 n50 free_scaled stage 2 epoch 29/30    354 s
seed 1006 n50 free_scaled stage 2 epoch 30/30    357 s
seed 1006 n200 prescribed_gate stage 2 epoch  1/30     13 s
seed 1006 n200 prescribed_gate stage 2 epoch  2/30     26 s
seed 1006 n200 prescribed_gate stage 2 epoch  3/30     39 s
seed 1006 n200 prescribed_gate stage 2 epoch  4/30     52 s
seed 1006 n200 prescribed_gate stage 2 epoch  5/30     65 s
seed 1006 n200 prescribed_gate stage 2 epoch  6/30     78 s
seed 1006 n200 prescribed_gate stage 2 epoch  7/30     92 s
seed 1006 n200 prescribed_gate stage 2 epoch  8/30    105 s
seed 1006 n200 prescribed_gate stage 2 epoch  9/30    118 s
seed 1006 n200 prescribed_gate stage 2 epoch 10/30    131 s
seed 1006 n200 prescribed_gate stage 2 epoch 11/30    144 s
seed 1006 n200 prescribed_gate stage 2 epoch 12/30    157 s
seed 1006 n200 prescribed_gate stage 2 epoch 13/30    170 s
seed 1006 n200 prescribed_gate stage 2 epoch 14/30    183 s
seed 1006 n200 prescribed_gate stage 2 epoch 15/30    196 s
seed 1006 n200 prescribed_gate stage 2 epoch 16/30    209 s
seed 1006 n200 prescribed_gate stage 2 epoch 17/30    222 s
seed 1006 n200 prescribed_gate stage 2 epoch 18/30    236 s
seed 1006 n200 prescribed_gate stage 2 epoch 19/30    249 s
seed 1006 n200 prescribed_gate stage 2 epoch 20/30    262 s
seed 1006 n200 prescribed_gate stage 2 epoch 21/30    275 s
seed 1006 n200 prescribed_gate stage 2 epoch 22/30    288 s
seed 1006 n200 prescribed_gate stage 2 epoch 23/30    301 s
seed 1006 n200 prescribed_gate stage 2 epoch 24/30    314 s
seed 1006 n200 prescribed_gate stage 2 epoch 25/30    327 s
seed 1006 n200 prescribed_gate stage 2 epoch 26/30    340 s
seed 1006 n200 prescribed_gate stage 2 epoch 27/30    353 s
seed 1006 n200 prescribed_gate stage 2 epoch 28/30    366 s
seed 1006 n200 prescribed_gate stage 2 epoch 29/30    379 s
seed 1006 n200 prescribed_gate stage 2 epoch 30/30    393 s
seed 1006 n200 prescribed_sincos stage 2 epoch  1/30     13 s
seed 1006 n200 prescribed_sincos stage 2 epoch  2/30     26 s
seed 1006 n200 prescribed_sincos stage 2 epoch  3/30     39 s
seed 1006 n200 prescribed_sincos stage 2 epoch  4/30     53 s
seed 1006 n200 prescribed_sincos stage 2 epoch  5/30     66 s
seed 1006 n200 prescribed_sincos stage 2 epoch  6/30     79 s
seed 1006 n200 prescribed_sincos stage 2 epoch  7/30     92 s
seed 1006 n200 prescribed_sincos stage 2 epoch  8/30    105 s
seed 1006 n200 prescribed_sincos stage 2 epoch  9/30    118 s
seed 1006 n200 prescribed_sincos stage 2 epoch 10/30    131 s
seed 1006 n200 prescribed_sincos stage 2 epoch 11/30    144 s
seed 1006 n200 prescribed_sincos stage 2 epoch 12/30    157 s
seed 1006 n200 prescribed_sincos stage 2 epoch 13/30    170 s
seed 1006 n200 prescribed_sincos stage 2 epoch 14/30    183 s
seed 1006 n200 prescribed_sincos stage 2 epoch 15/30    196 s
seed 1006 n200 prescribed_sincos stage 2 epoch 16/30    209 s
seed 1006 n200 prescribed_sincos stage 2 epoch 17/30    223 s
seed 1006 n200 prescribed_sincos stage 2 epoch 18/30    235 s
seed 1006 n200 prescribed_sincos stage 2 epoch 19/30    249 s
seed 1006 n200 prescribed_sincos stage 2 epoch 20/30    262 s
seed 1006 n200 prescribed_sincos stage 2 epoch 21/30    275 s
seed 1006 n200 prescribed_sincos stage 2 epoch 22/30    288 s
seed 1006 n200 prescribed_sincos stage 2 epoch 23/30    301 s
seed 1006 n200 prescribed_sincos stage 2 epoch 24/30    314 s
seed 1006 n200 prescribed_sincos stage 2 epoch 25/30    327 s
seed 1006 n200 prescribed_sincos stage 2 epoch 26/30    340 s
seed 1006 n200 prescribed_sincos stage 2 epoch 27/30    353 s
seed 1006 n200 prescribed_sincos stage 2 epoch 28/30    366 s
seed 1006 n200 prescribed_sincos stage 2 epoch 29/30    379 s
seed 1006 n200 prescribed_sincos stage 2 epoch 30/30    392 s
seed 1006 n200 prescribed_std stage 2 epoch  1/30     13 s
seed 1006 n200 prescribed_std stage 2 epoch  2/30     27 s
seed 1006 n200 prescribed_std stage 2 epoch  3/30     40 s
seed 1006 n200 prescribed_std stage 2 epoch  4/30     53 s
seed 1006 n200 prescribed_std stage 2 epoch  5/30     66 s
seed 1006 n200 prescribed_std stage 2 epoch  6/30     78 s
seed 1006 n200 prescribed_std stage 2 epoch  7/30     91 s
seed 1006 n200 prescribed_std stage 2 epoch  8/30    104 s
seed 1006 n200 prescribed_std stage 2 epoch  9/30    117 s
seed 1006 n200 prescribed_std stage 2 epoch 10/30    130 s
seed 1006 n200 prescribed_std stage 2 epoch 11/30    143 s
seed 1006 n200 prescribed_std stage 2 epoch 12/30    157 s
seed 1006 n200 prescribed_std stage 2 epoch 13/30    170 s
seed 1006 n200 prescribed_std stage 2 epoch 14/30    183 s
seed 1006 n200 prescribed_std stage 2 epoch 15/30    196 s
seed 1006 n200 prescribed_std stage 2 epoch 16/30    209 s
seed 1006 n200 prescribed_std stage 2 epoch 17/30    222 s
seed 1006 n200 prescribed_std stage 2 epoch 18/30    235 s
seed 1006 n200 prescribed_std stage 2 epoch 19/30    248 s
seed 1006 n200 prescribed_std stage 2 epoch 20/30    261 s
seed 1006 n200 prescribed_std stage 2 epoch 21/30    274 s
seed 1006 n200 prescribed_std stage 2 epoch 22/30    290 s
seed 1006 n200 prescribed_std stage 2 epoch 23/30    303 s
seed 1006 n200 prescribed_std stage 2 epoch 24/30    316 s
seed 1006 n200 prescribed_std stage 2 epoch 25/30    329 s
seed 1006 n200 prescribed_std stage 2 epoch 26/30    344 s
seed 1006 n200 prescribed_std stage 2 epoch 27/30    359 s
seed 1006 n200 prescribed_std stage 2 epoch 28/30    373 s
seed 1006 n200 prescribed_std stage 2 epoch 29/30    389 s
seed 1006 n200 prescribed_std stage 2 epoch 30/30    408 s
seed 1006: written
