nohup: ignoring input
seed 777 n25 prescribed stage 1 epoch  1/30      7 s
seed 777 n25 prescribed stage 1 epoch  2/30      9 s
seed 777 n25 prescribed stage 1 epoch  3/30     11 s
seed 777 n25 prescribed stage 1 epoch  4/30     13 s
seed 777 n25 prescribed stage 1 epoch  5/30     15 s
seed 777 n25 prescribed stage 1 epoch  6/30     17 s
seed 777 n25 prescribed stage 1 epoch  7/30     19 s
seed 777 n25 prescribed stage 1 epoch  8/30     21 s
seed 777 n25 prescribed stage 1 epoch  9/30     23 s
seed 777 n25 prescribed stage 1 epoch 10/30     25 s
seed 777 n25 prescribed stage 1 epoch 11/30     26 s
seed 777 n25 prescribed stage 1 epoch 12/30     28 s
seed 777 n25 prescribed stage 1 epoch 13/30     30 s
seed 777 n25 prescribed stage 1 epoch 14/30     33 s
seed 777 n25 prescribed stage 1 epoch 15/30     35 s
seed 777 n25 prescribed stage 1 epoch 16/30     37 s
seed 777 n25 prescribed stage 1 epoch 17/30     40 s
seed 777 n25 prescribed stage 1 epoch 18/30     42 s
seed 777 n25 prescribed stage 1 epoch 19/30     44 s
seed 777 n25 prescribed stage 1 epoch 20/30     47 s
seed 777 n25 prescribed stage 1 epoch 21/30     50 s
seed 777 n25 prescribed stage 1 epoch 22/30     52 s
seed 777 n25 prescribed stage 1 epoch 23/30     54 s
seed 777 n25 prescribed stage 1 epoch 24/30     57 s
seed 777 n25 prescribed stage 1 epoch 25/30     59 s
seed 777 n25 prescribed stage 1 epoch 26/30     60 s
seed 777 n25 prescribed stage 1 epoch 27/30     63 s
seed 777 n25 prescribed stage 1 epoch 28/30     65 s
seed 777 n25 prescribed stage 1 epoch 29/30     67 s
seed 777 n25 prescribed stage 1 epoch 30/30     69 s
seed 777 n25 prescribed stage 2 epoch  1/30     71 s
seed 777 n25 prescribed stage 2 epoch  2/30     73 s
seed 777 n25 prescribed stage 2 epoch  3/30     74 s
seed 777 n25 prescribed stage 2 epoch  4/30     76 s
seed 777 n25 prescribed stage 2 epoch  5/30     78 s
seed 777 n25 prescribed stage 2 epoch  6/30     80 s
seed 777 n25 prescribed stage 2 epoch  7/30     82 s
seed 777 n25 prescribed stage 2 epoch  8/30     84 s
seed 777 n25 prescribed stage 2 epoch  9/30     86 s
seed 777 n25 prescribed stage 2 epoch 10/30     88 s
seed 777 n25 prescribed stage 2 epoch 11/30     90 s
seed 777 n25 prescribed stage 2 epoch 12/30     92 s
seed 777 n25 prescribed stage 2 epoch 13/30     94 s
seed 777 n25 prescribed stage 2 epoch 14/30     96 s
seed 777 n25 prescribed stage 2 epoch 15/30     97 s
seed 777 n25 prescribed stage 2 epoch 16/30    100 s
seed 777 n25 prescribed stage 2 epoch 17/30    101 s
seed 777 n25 prescribed stage 2 epoch 18/30    103 s
seed 777 n25 prescribed stage 2 epoch 19/30    105 s
seed 777 n25 prescribed stage 2 epoch 20/30    107 s
seed 777 n25 prescribed stage 2 epoch 21/30    109 s
seed 777 n25 prescribed stage 2 epoch 22/30    111 s
seed 777 n25 prescribed stage 2 epoch 23/30    113 s
seed 777 n25 prescribed stage 2 epoch 24/30    115 s
seed 777 n25 prescribed stage 2 epoch 25/30    117 s
seed 777 n25 prescribed stage 2 epoch 26/30    119 s
seed 777 n25 prescribed stage 2 epoch 27/30    121 s
seed 777 n25 prescribed stage 2 epoch 28/30    124 s
seed 777 n25 prescribed stage 2 epoch 29/30    125 s
seed 777 n25 prescribed stage 2 epoch 30/30    127 s
seed 777 n25 free_scaled stage 1 epoch  1/30      5 s
seed 777 n25 free_scaled stage 1 epoch  2/30     10 s
seed 777 n25 free_scaled stage 1 epoch  3/30     14 s
seed 777 n25 free_scaled stage 1 epoch  4/30     20 s
seed 777 n25 free_scaled stage 1 epoch  5/30     29 s
seed 777 n25 free_scaled stage 1 epoch  6/30     36 s
seed 777 n25 free_scaled stage 1 epoch  7/30     43 s
seed 777 n25 free_scaled stage 1 epoch  8/30     50 s
seed 777 n25 free_scaled stage 1 epoch  9/30     56 s
seed 777 n25 free_scaled stage 1 epoch 10/30     63 s
seed 777 n25 free_scaled stage 1 epoch 11/30     68 s
seed 777 n25 free_scaled stage 1 epoch 12/30     73 s
seed 777 n25 free_scaled stage 1 epoch 13/30     79 s
seed 777 n25 free_scaled stage 1 epoch 14/30     84 s
seed 777 n25 free_scaled stage 1 epoch 15/30     91 s
seed 777 n25 free_scaled stage 1 epoch 16/30     97 s
seed 777 n25 free_scaled stage 1 epoch 17/30    103 s
seed 777 n25 free_scaled stage 1 epoch 18/30    108 s
seed 777 n25 free_scaled stage 1 epoch 19/30    113 s
seed 777 n25 free_scaled stage 1 epoch 20/30    118 s
seed 777 n25 free_scaled stage 1 epoch 21/30    123 s
seed 777 n25 free_scaled stage 1 epoch 22/30    130 s
seed 777 n25 free_scaled stage 1 epoch 23/30    135 s
seed 777 n25 free_scaled stage 1 epoch 24/30    140 s
seed 777 n25 free_scaled stage 1 epoch 25/30    147 s
seed 777 n25 free_scaled stage 1 epoch 26/30    152 s
seed 777 n25 free_scaled stage 1 epoch 27/30    158 s
seed 777 n25 free_scaled stage 1 epoch 28/30    164 s
seed 777 n25 free_scaled stage 1 epoch 29/30    169 s
seed 777 n25 free_scaled stage 1 epoch 30/30    174 s
seed 777 n25 free_scaled stage 2 epoch  1/30    176 s
seed 777 n25 free_scaled stage 2 epoch  2/30    178 s
seed 777 n25 free_scaled stage 2 epoch  3/30    180 s
seed 777 n25 free_scaled stage 2 epoch  4/30    182 s
seed 777 n25 free_scaled stage 2 epoch  5/30    184 s
seed 777 n25 free_scaled stage 2 epoch  6/30    186 s
seed 777 n25 free_scaled stage 2 epoch  7/30    187 s
seed 777 n25 free_scaled stage 2 epoch  8/30    189 s
seed 777 n25 free_scaled stage 2 epoch  9/30    191 s
seed 777 n25 free_scaled stage 2 epoch 10/30    194 s
seed 777 n25 free_scaled stage 2 epoch 11/30    196 s
seed 777 n25 free_scaled stage 2 epoch 12/30    198 s
seed 777 n25 free_scaled stage 2 epoch 13/30    199 s
seed 777 n25 free_scaled stage 2 epoch 14/30    201 s
seed 777 n25 free_scaled stage 2 epoch 15/30    203 s
seed 777 n25 free_scaled stage 2 epoch 16/30    208 s
seed 777 n25 free_scaled stage 2 epoch 17/30    212 s
seed 777 n25 free_scaled stage 2 epoch 18/30    215 s
seed 777 n25 free_scaled stage 2 epoch 19/30    219 s
seed 777 n25 free_scaled stage 2 epoch 20/30    223 s
seed 777 n25 free_scaled stage 2 epoch 21/30    227 s
seed 777 n25 free_scaled stage 2 epoch 22/30    231 s
seed 777 n25 free_scaled stage 2 epoch 23/30    234 s
seed 777 n25 free_scaled stage 2 epoch 24/30    239 s
seed 777 n25 free_scaled stage 2 epoch 25/30    242 s
seed 777 n25 free_scaled stage 2 epoch 26/30    244 s
seed 777 n25 free_scaled stage 2 epoch 27/30    249 s
seed 777 n25 free_scaled stage 2 epoch 28/30    251 s
seed 777 n25 free_scaled stage 2 epoch 29/30    254 s
seed 777 n25 free_scaled stage 2 epoch 30/30    256 s
seed 777 n50 prescribed stage 1 epoch  1/30      4 s
seed 777 n50 prescribed stage 1 epoch  2/30      8 s
seed 777 n50 prescribed stage 1 epoch  3/30     11 s
seed 777 n50 prescribed stage 1 epoch  4/30     15 s
seed 777 n50 prescribed stage 1 epoch  5/30     18 s
seed 777 n50 prescribed stage 1 epoch  6/30     22 s
seed 777 n50 prescribed stage 1 epoch  7/30     26 s
seed 777 n50 prescribed stage 1 epoch  8/30     30 s
seed 777 n50 prescribed stage 1 epoch  9/30     33 s
seed 777 n50 prescribed stage 1 epoch 10/30     37 s
seed 777 n50 prescribed stage 1 epoch 11/30     40 s
seed 777 n50 prescribed stage 1 epoch 12/30     44 s
seed 777 n50 prescribed stage 1 epoch 13/30     47 s
seed 777 n50 prescribed stage 1 epoch 14/30     50 s
seed 777 n50 prescribed stage 1 epoch 15/30     54 s
seed 777 n50 prescribed stage 1 epoch 16/30     58 s
seed 777 n50 prescribed stage 1 epoch 17/30     61 s
seed 777 n50 prescribed stage 1 epoch 18/30     66 s
seed 777 n50 prescribed stage 1 epoch 19/30     69 s
seed 777 n50 prescribed stage 1 epoch 20/30     72 s
seed 777 n50 prescribed stage 1 epoch 21/30     76 s
seed 777 n50 prescribed stage 1 epoch 22/30     79 s
seed 777 n50 prescribed stage 1 epoch 23/30     83 s
seed 777 n50 prescribed stage 1 epoch 24/30     87 s
seed 777 n50 prescribed stage 1 epoch 25/30     91 s
seed 777 n50 prescribed stage 1 epoch 26/30     95 s
seed 777 n50 prescribed stage 1 epoch 27/30    100 s
seed 777 n50 prescribed stage 1 epoch 28/30    103 s
seed 777 n50 prescribed stage 1 epoch 29/30    106 s
seed 777 n50 prescribed stage 1 epoch 30/30    110 s
seed 777 n50 prescribed stage 2 epoch  1/30    113 s
seed 777 n50 prescribed stage 2 epoch  2/30    118 s
seed 777 n50 prescribed stage 2 epoch  3/30    122 s
seed 777 n50 prescribed stage 2 epoch  4/30    125 s
seed 777 n50 prescribed stage 2 epoch  5/30    128 s
seed 777 n50 prescribed stage 2 epoch  6/30    132 s
seed 777 n50 prescribed stage 2 epoch  7/30    136 s
seed 777 n50 prescribed stage 2 epoch  8/30    139 s
seed 777 n50 prescribed stage 2 epoch  9/30    143 s
seed 777 n50 prescribed stage 2 epoch 10/30    147 s
seed 777 n50 prescribed stage 2 epoch 11/30    151 s
seed 777 n50 prescribed stage 2 epoch 12/30    154 s
seed 777 n50 prescribed stage 2 epoch 13/30    158 s
seed 777 n50 prescribed stage 2 epoch 14/30    161 s
seed 777 n50 prescribed stage 2 epoch 15/30    164 s
seed 777 n50 prescribed stage 2 epoch 16/30    168 s
seed 777 n50 prescribed stage 2 epoch 17/30    171 s
seed 777 n50 prescribed stage 2 epoch 18/30    175 s
seed 777 n50 prescribed stage 2 epoch 19/30    178 s
seed 777 n50 prescribed stage 2 epoch 20/30    182 s
seed 777 n50 prescribed stage 2 epoch 21/30    185 s
seed 777 n50 prescribed stage 2 epoch 22/30    188 s
seed 777 n50 prescribed stage 2 epoch 23/30    193 s
seed 777 n50 prescribed stage 2 epoch 24/30    196 s
seed 777 n50 prescribed stage 2 epoch 25/30    200 s
seed 777 n50 prescribed stage 2 epoch 26/30    203 s
seed 777 n50 prescribed stage 2 epoch 27/30    207 s
seed 777 n50 prescribed stage 2 epoch 28/30    210 s
seed 777 n50 prescribed stage 2 epoch 29/30    214 s
seed 777 n50 prescribed stage 2 epoch 30/30    218 s
seed 777 n50 free_scaled stage 1 epoch  1/30      9 s
seed 777 n50 free_scaled stage 1 epoch  2/30     18 s
seed 777 n50 free_scaled stage 1 epoch  3/30     28 s
seed 777 n50 free_scaled stage 1 epoch  4/30     38 s
seed 777 n50 free_scaled stage 1 epoch  5/30     49 s
seed 777 n50 free_scaled stage 1 epoch  6/30     60 s
seed 777 n50 free_scaled stage 1 epoch  7/30     70 s
seed 777 n50 free_scaled stage 1 epoch  8/30     81 s
seed 777 n50 free_scaled stage 1 epoch  9/30     91 s
seed 777 n50 free_scaled stage 1 epoch 10/30    101 s
seed 777 n50 free_scaled stage 1 epoch 11/30    110 s
seed 777 n50 free_scaled stage 1 epoch 12/30    120 s
seed 777 n50 free_scaled stage 1 epoch 13/30    128 s
seed 777 n50 free_scaled stage 1 epoch 14/30    139 s
seed 777 n50 free_scaled stage 1 epoch 15/30    151 s
seed 777 n50 free_scaled stage 1 epoch 16/30    162 s
seed 777 n50 free_scaled stage 1 epoch 17/30    171 s
seed 777 n50 free_scaled stage 1 epoch 18/30    184 s
seed 777 n50 free_scaled stage 1 epoch 19/30    194 s
seed 777 n50 free_scaled stage 1 epoch 20/30    204 s
seed 777 n50 free_scaled stage 1 epoch 21/30    217 s
seed 777 n50 free_scaled stage 1 epoch 22/30    229 s
seed 777 n50 free_scaled stage 1 epoch 23/30    238 s
seed 777 n50 free_scaled stage 1 epoch 24/30    248 s
seed 777 n50 free_scaled stage 1 epoch 25/30    258 s
seed 777 n50 free_scaled stage 1 epoch 26/30    268 s
seed 777 n50 free_scaled stage 1 epoch 27/30    280 s
seed 777 n50 free_scaled stage 1 epoch 28/30    292 s
seed 777 n50 free_scaled stage 1 epoch 29/30    302 s
seed 777 n50 free_scaled stage 1 epoch 30/30    313 s
seed 777 n50 free_scaled stage 2 epoch  1/30    317 s
seed 777 n50 free_scaled stage 2 epoch  2/30    321 s
seed 777 n50 free_scaled stage 2 epoch  3/30    326 s
seed 777 n50 free_scaled stage 2 epoch  4/30    330 s
seed 777 n50 free_scaled stage 2 epoch  5/30    334 s
seed 777 n50 free_scaled stage 2 epoch  6/30    340 s
seed 777 n50 free_scaled stage 2 epoch  7/30    345 s
seed 777 n50 free_scaled stage 2 epoch  8/30    349 s
seed 777 n50 free_scaled stage 2 epoch  9/30    355 s
seed 777 n50 free_scaled stage 2 epoch 10/30    359 s
seed 777 n50 free_scaled stage 2 epoch 11/30    362 s
seed 777 n50 free_scaled stage 2 epoch 12/30    366 s
seed 777 n50 free_scaled stage 2 epoch 13/30    370 s
seed 777 n50 free_scaled stage 2 epoch 14/30    373 s
seed 777 n50 free_scaled stage 2 epoch 15/30    377 s
seed 777 n50 free_scaled stage 2 epoch 16/30    380 s
seed 777 n50 free_scaled stage 2 epoch 17/30    385 s
seed 777 n50 free_scaled stage 2 epoch 18/30    389 s
seed 777 n50 free_scaled stage 2 epoch 19/30    392 s
seed 777 n50 free_scaled stage 2 epoch 20/30    396 s
seed 777 n50 free_scaled stage 2 epoch 21/30    400 s
seed 777 n50 free_scaled stage 2 epoch 22/30    405 s
seed 777 n50 free_scaled stage 2 epoch 23/30    411 s
seed 777 n50 free_scaled stage 2 epoch 24/30    414 s
seed 777 n50 free_scaled stage 2 epoch 25/30    421 s
seed 777 n50 free_scaled stage 2 epoch 26/30    424 s
seed 777 n50 free_scaled stage 2 epoch 27/30    428 s
seed 777 n50 free_scaled stage 2 epoch 28/30    431 s
seed 777 n50 free_scaled stage 2 epoch 29/30    435 s
seed 777 n50 free_scaled stage 2 epoch 30/30    438 s
seed 777 n200 prescribed_gate stage 2 epoch  1/30     23 s
seed 777 n200 prescribed_gate stage 2 epoch  2/30     44 s
seed 777 n200 prescribed_gate stage 2 epoch  3/30     66 s
seed 777 n200 prescribed_gate stage 2 epoch  4/30     82 s
seed 777 n200 prescribed_gate stage 2 epoch  5/30     98 s
seed 777 n200 prescribed_gate stage 2 epoch  6/30    119 s
seed 777 n200 prescribed_gate stage 2 epoch  7/30    149 s
seed 777 n200 prescribed_gate stage 2 epoch  8/30    176 s
seed 777 n200 prescribed_gate stage 2 epoch  9/30    193 s
seed 777 n200 prescribed_gate stage 2 epoch 10/30    211 s
seed 777 n200 prescribed_gate stage 2 epoch 11/30    227 s
seed 777 n200 prescribed_gate stage 2 epoch 12/30    243 s
seed 777 n200 prescribed_gate stage 2 epoch 13/30    262 s
seed 777 n200 prescribed_gate stage 2 epoch 14/30    279 s
seed 777 n200 prescribed_gate stage 2 epoch 15/30    296 s
seed 777 n200 prescribed_gate stage 2 epoch 16/30    312 s
seed 777 n200 prescribed_gate stage 2 epoch 17/30    330 s
seed 777 n200 prescribed_gate stage 2 epoch 18/30    348 s
seed 777 n200 prescribed_gate stage 2 epoch 19/30    365 s
seed 777 n200 prescribed_gate stage 2 epoch 20/30    386 s
seed 777 n200 prescribed_gate stage 2 epoch 21/30    405 s
seed 777 n200 prescribed_gate stage 2 epoch 22/30    424 s
seed 777 n200 prescribed_gate stage 2 epoch 23/30    452 s
seed 777 n200 prescribed_gate stage 2 epoch 24/30    473 s
seed 777 n200 prescribed_gate stage 2 epoch 25/30    489 s
seed 777 n200 prescribed_gate stage 2 epoch 26/30    504 s
seed 777 n200 prescribed_gate stage 2 epoch 27/30    520 s
seed 777 n200 prescribed_gate stage 2 epoch 28/30    536 s
seed 777 n200 prescribed_gate stage 2 epoch 29/30    552 s
seed 777 n200 prescribed_gate stage 2 epoch 30/30    576 s
seed 777 n200 prescribed_sincos stage 2 epoch  1/30     19 s
seed 777 n200 prescribed_sincos stage 2 epoch  2/30     44 s
seed 777 n200 prescribed_sincos stage 2 epoch  3/30     61 s
seed 777 n200 prescribed_sincos stage 2 epoch  4/30     79 s
seed 777 n200 prescribed_sincos stage 2 epoch  5/30     95 s
seed 777 n200 prescribed_sincos stage 2 epoch  6/30    115 s
seed 777 n200 prescribed_sincos stage 2 epoch  7/30    130 s
seed 777 n200 prescribed_sincos stage 2 epoch  8/30    149 s
seed 777 n200 prescribed_sincos stage 2 epoch  9/30    166 s
seed 777 n200 prescribed_sincos stage 2 epoch 10/30    189 s
seed 777 n200 prescribed_sincos stage 2 epoch 11/30    214 s
seed 777 n200 prescribed_sincos stage 2 epoch 12/30    239 s
seed 777 n200 prescribed_sincos stage 2 epoch 13/30    256 s
seed 777 n200 prescribed_sincos stage 2 epoch 14/30    273 s
seed 777 n200 prescribed_sincos stage 2 epoch 15/30    296 s
seed 777 n200 prescribed_sincos stage 2 epoch 16/30    316 s
seed 777 n200 prescribed_sincos stage 2 epoch 17/30    343 s
seed 777 n200 prescribed_sincos stage 2 epoch 18/30    364 s
seed 777 n200 prescribed_sincos stage 2 epoch 19/30    388 s
seed 777 n200 prescribed_sincos stage 2 epoch 20/30    414 s
seed 777 n200 prescribed_sincos stage 2 epoch 21/30    433 s
seed 777 n200 prescribed_sincos stage 2 epoch 22/30    452 s
seed 777 n200 prescribed_sincos stage 2 epoch 23/30    475 s
seed 777 n200 prescribed_sincos stage 2 epoch 24/30    491 s
seed 777 n200 prescribed_sincos stage 2 epoch 25/30    510 s
seed 777 n200 prescribed_sincos stage 2 epoch 26/30    528 s
seed 777 n200 prescribed_sincos stage 2 epoch 27/30    546 s
seed 777 n200 prescribed_sincos stage 2 epoch 28/30    563 s
seed 777 n200 prescribed_sincos stage 2 epoch 29/30    582 s
seed 777 n200 prescribed_sincos stage 2 epoch 30/30    599 s
seed 777 n200 prescribed_std stage 2 epoch  1/30     17 s
seed 777 n200 prescribed_std stage 2 epoch  2/30     34 s
seed 777 n200 prescribed_std stage 2 epoch  3/30     51 s
seed 777 n200 prescribed_std stage 2 epoch  4/30     69 s
seed 777 n200 prescribed_std stage 2 epoch  5/30     85 s
seed 777 n200 prescribed_std stage 2 epoch  6/30    102 s
seed 777 n200 prescribed_std stage 2 epoch  7/30    119 s
seed 777 n200 prescribed_std stage 2 epoch  8/30    138 s
seed 777 n200 prescribed_std stage 2 epoch  9/30    153 s
seed 777 n200 prescribed_std stage 2 epoch 10/30    169 s
seed 777 n200 prescribed_std stage 2 epoch 11/30    184 s
seed 777 n200 prescribed_std stage 2 epoch 12/30    202 s
seed 777 n200 prescribed_std stage 2 epoch 13/30    220 s
seed 777 n200 prescribed_std stage 2 epoch 14/30    237 s
seed 777 n200 prescribed_std stage 2 epoch 15/30    256 s
seed 777 n200 prescribed_std stage 2 epoch 16/30    276 s
seed 777 n200 prescribed_std stage 2 epoch 17/30    290 s
seed 777 n200 prescribed_std stage 2 epoch 18/30    307 s
seed 777 n200 prescribed_std stage 2 epoch 19/30    328 s
seed 777 n200 prescribed_std stage 2 epoch 20/30    350 s
seed 777 n200 prescribed_std stage 2 epoch 21/30    367 s
seed 777 n200 prescribed_std stage 2 epoch 22/30    386 s
seed 777 n200 prescribed_std stage 2 epoch 23/30    403 s
seed 777 n200 prescribed_std stage 2 epoch 24/30    421 s
seed 777 n200 prescribed_std stage 2 epoch 25/30    439 s
seed 777 n200 prescribed_std stage 2 epoch 26/30    456 s
seed 777 n200 prescribed_std stage 2 epoch 27/30    472 s
seed 777 n200 prescribed_std stage 2 epoch 28/30    487 s
seed 777 n200 prescribed_std stage 2 epoch 29/30    508 s
seed 777 n200 prescribed_std stage 2 epoch 30/30    535 s
seed 777: written
seed 1003 n25 prescribed stage 1 epoch  1/30      2 s
seed 1003 n25 prescribed stage 1 epoch  2/30      5 s
seed 1003 n25 prescribed stage 1 epoch  3/30      8 s
seed 1003 n25 prescribed stage 1 epoch  4/30     11 s
seed 1003 n25 prescribed stage 1 epoch  5/30     14 s
seed 1003 n25 prescribed stage 1 epoch  6/30     17 s
seed 1003 n25 prescribed stage 1 epoch  7/30     19 s
seed 1003 n25 prescribed stage 1 epoch  8/30     21 s
seed 1003 n25 prescribed stage 1 epoch  9/30     23 s
seed 1003 n25 prescribed stage 1 epoch 10/30     26 s
seed 1003 n25 prescribed stage 1 epoch 11/30     28 s
seed 1003 n25 prescribed stage 1 epoch 12/30     30 s
seed 1003 n25 prescribed stage 1 epoch 13/30     33 s
seed 1003 n25 prescribed stage 1 epoch 14/30     36 s
seed 1003 n25 prescribed stage 1 epoch 15/30     39 s
seed 1003 n25 prescribed stage 1 epoch 16/30     42 s
seed 1003 n25 prescribed stage 1 epoch 17/30     44 s
seed 1003 n25 prescribed stage 1 epoch 18/30     46 s
seed 1003 n25 prescribed stage 1 epoch 19/30     48 s
seed 1003 n25 prescribed stage 1 epoch 20/30     51 s
seed 1003 n25 prescribed stage 1 epoch 21/30     53 s
seed 1003 n25 prescribed stage 1 epoch 22/30     56 s
seed 1003 n25 prescribed stage 1 epoch 23/30     58 s
seed 1003 n25 prescribed stage 1 epoch 24/30     60 s
seed 1003 n25 prescribed stage 1 epoch 25/30     62 s
seed 1003 n25 prescribed stage 1 epoch 26/30     64 s
seed 1003 n25 prescribed stage 1 epoch 27/30     66 s
seed 1003 n25 prescribed stage 1 epoch 28/30     69 s
seed 1003 n25 prescribed stage 1 epoch 29/30     72 s
seed 1003 n25 prescribed stage 1 epoch 30/30     74 s
seed 1003 n25 prescribed stage 2 epoch  1/30     77 s
seed 1003 n25 prescribed stage 2 epoch  2/30     80 s
seed 1003 n25 prescribed stage 2 epoch  3/30     83 s
seed 1003 n25 prescribed stage 2 epoch  4/30     86 s
seed 1003 n25 prescribed stage 2 epoch  5/30     88 s
seed 1003 n25 prescribed stage 2 epoch  6/30     91 s
seed 1003 n25 prescribed stage 2 epoch  7/30     95 s
seed 1003 n25 prescribed stage 2 epoch  8/30     99 s
seed 1003 n25 prescribed stage 2 epoch  9/30    101 s
seed 1003 n25 prescribed stage 2 epoch 10/30    103 s
seed 1003 n25 prescribed stage 2 epoch 11/30    105 s
seed 1003 n25 prescribed stage 2 epoch 12/30    106 s
seed 1003 n25 prescribed stage 2 epoch 13/30    108 s
seed 1003 n25 prescribed stage 2 epoch 14/30    110 s
seed 1003 n25 prescribed stage 2 epoch 15/30    112 s
seed 1003 n25 prescribed stage 2 epoch 16/30    115 s
seed 1003 n25 prescribed stage 2 epoch 17/30    118 s
seed 1003 n25 prescribed stage 2 epoch 18/30    120 s
seed 1003 n25 prescribed stage 2 epoch 19/30    122 s
seed 1003 n25 prescribed stage 2 epoch 20/30    125 s
seed 1003 n25 prescribed stage 2 epoch 21/30    128 s
seed 1003 n25 prescribed stage 2 epoch 22/30    133 s
seed 1003 n25 prescribed stage 2 epoch 23/30    138 s
seed 1003 n25 prescribed stage 2 epoch 24/30    141 s
seed 1003 n25 prescribed stage 2 epoch 25/30    144 s
seed 1003 n25 prescribed stage 2 epoch 26/30    146 s
seed 1003 n25 prescribed stage 2 epoch 27/30    148 s
seed 1003 n25 prescribed stage 2 epoch 28/30    150 s
seed 1003 n25 prescribed stage 2 epoch 29/30    154 s
seed 1003 n25 prescribed stage 2 epoch 30/30    157 s
seed 1003 n25 free_scaled stage 1 epoch  1/30      5 s
seed 1003 n25 free_scaled stage 1 epoch  2/30     11 s
seed 1003 n25 free_scaled stage 1 epoch  3/30     16 s
seed 1003 n25 free_scaled stage 1 epoch  4/30     22 s
seed 1003 n25 free_scaled stage 1 epoch  5/30     27 s
seed 1003 n25 free_scaled stage 1 epoch  6/30     32 s
seed 1003 n25 free_scaled stage 1 epoch  7/30     37 s
seed 1003 n25 free_scaled stage 1 epoch  8/30     43 s
seed 1003 n25 free_scaled stage 1 epoch  9/30     47 s
seed 1003 n25 free_scaled stage 1 epoch 10/30     52 s
seed 1003 n25 free_scaled stage 1 epoch 11/30     57 s
seed 1003 n25 free_scaled stage 1 epoch 12/30     61 s
seed 1003 n25 free_scaled stage 1 epoch 13/30     66 s
seed 1003 n25 free_scaled stage 1 epoch 14/30     71 s
seed 1003 n25 free_scaled stage 1 epoch 15/30     76 s
seed 1003 n25 free_scaled stage 1 epoch 16/30     82 s
seed 1003 n25 free_scaled stage 1 epoch 17/30     87 s
seed 1003 n25 free_scaled stage 1 epoch 18/30     92 s
seed 1003 n25 free_scaled stage 1 epoch 19/30     97 s
seed 1003 n25 free_scaled stage 1 epoch 20/30    103 s
seed 1003 n25 free_scaled stage 1 epoch 21/30    110 s
seed 1003 n25 free_scaled stage 1 epoch 22/30    116 s
seed 1003 n25 free_scaled stage 1 epoch 23/30    122 s
seed 1003 n25 free_scaled stage 1 epoch 24/30    128 s
seed 1003 n25 free_scaled stage 1 epoch 25/30    133 s
seed 1003 n25 free_scaled stage 1 epoch 26/30    139 s
seed 1003 n25 free_scaled stage 1 epoch 27/30    146 s
seed 1003 n25 free_scaled stage 1 epoch 28/30    151 s
seed 1003 n25 free_scaled stage 1 epoch 29/30    157 s
seed 1003 n25 free_scaled stage 1 epoch 30/30    162 s
seed 1003 n25 free_scaled stage 2 epoch  1/30    164 s
seed 1003 n25 free_scaled stage 2 epoch  2/30    167 s
seed 1003 n25 free_scaled stage 2 epoch  3/30    169 s
seed 1003 n25 free_scaled stage 2 epoch  4/30    172 s
seed 1003 n25 free_scaled stage 2 epoch  5/30    175 s
seed 1003 n25 free_scaled stage 2 epoch  6/30    177 s
seed 1003 n25 free_scaled stage 2 epoch  7/30    180 s
seed 1003 n25 free_scaled stage 2 epoch  8/30    184 s
seed 1003 n25 free_scaled stage 2 epoch  9/30    187 s
seed 1003 n25 free_scaled stage 2 epoch 10/30    190 s
seed 1003 n25 free_scaled stage 2 epoch 11/30    192 s
seed 1003 n25 free_scaled stage 2 epoch 12/30    195 s
seed 1003 n25 free_scaled stage 2 epoch 13/30    197 s
seed 1003 n25 free_scaled stage 2 epoch 14/30    201 s
seed 1003 n25 free_scaled stage 2 epoch 15/30    206 s
seed 1003 n25 free_scaled stage 2 epoch 16/30    210 s
seed 1003 n25 free_scaled stage 2 epoch 17/30    213 s
seed 1003 n25 free_scaled stage 2 epoch 18/30    217 s
seed 1003 n25 free_scaled stage 2 epoch 19/30    219 s
seed 1003 n25 free_scaled stage 2 epoch 20/30    222 s
seed 1003 n25 free_scaled stage 2 epoch 21/30    225 s
seed 1003 n25 free_scaled stage 2 epoch 22/30    227 s
seed 1003 n25 free_scaled stage 2 epoch 23/30    230 s
seed 1003 n25 free_scaled stage 2 epoch 24/30    232 s
seed 1003 n25 free_scaled stage 2 epoch 25/30    235 s
seed 1003 n25 free_scaled stage 2 epoch 26/30    238 s
seed 1003 n25 free_scaled stage 2 epoch 27/30    241 s
seed 1003 n25 free_scaled stage 2 epoch 28/30    244 s
seed 1003 n25 free_scaled stage 2 epoch 29/30    247 s
seed 1003 n25 free_scaled stage 2 epoch 30/30    250 s
seed 1003 n50 prescribed stage 1 epoch  1/30      5 s
seed 1003 n50 prescribed stage 1 epoch  2/30     12 s
seed 1003 n50 prescribed stage 1 epoch  3/30     19 s
seed 1003 n50 prescribed stage 1 epoch  4/30     24 s
seed 1003 n50 prescribed stage 1 epoch  5/30     30 s
seed 1003 n50 prescribed stage 1 epoch  6/30     42 s
seed 1003 n50 prescribed stage 1 epoch  7/30     53 s
seed 1003 n50 prescribed stage 1 epoch  8/30     65 s
seed 1003 n50 prescribed stage 1 epoch  9/30     74 s
seed 1003 n50 prescribed stage 1 epoch 10/30     81 s
seed 1003 n50 prescribed stage 1 epoch 11/30     88 s
seed 1003 n50 prescribed stage 1 epoch 12/30     95 s
seed 1003 n50 prescribed stage 1 epoch 13/30    100 s
seed 1003 n50 prescribed stage 1 epoch 14/30    105 s
seed 1003 n50 prescribed stage 1 epoch 15/30    109 s
seed 1003 n50 prescribed stage 1 epoch 16/30    113 s
seed 1003 n50 prescribed stage 1 epoch 17/30    118 s
seed 1003 n50 prescribed stage 1 epoch 18/30    122 s
seed 1003 n50 prescribed stage 1 epoch 19/30    127 s
seed 1003 n50 prescribed stage 1 epoch 20/30    131 s
seed 1003 n50 prescribed stage 1 epoch 21/30    138 s
seed 1003 n50 prescribed stage 1 epoch 22/30    142 s
seed 1003 n50 prescribed stage 1 epoch 23/30    146 s
seed 1003 n50 prescribed stage 1 epoch 24/30    153 s
seed 1003 n50 prescribed stage 1 epoch 25/30    159 s
seed 1003 n50 prescribed stage 1 epoch 26/30    164 s
seed 1003 n50 prescribed stage 1 epoch 27/30    168 s
seed 1003 n50 prescribed stage 1 epoch 28/30    173 s
seed 1003 n50 prescribed stage 1 epoch 29/30    180 s
seed 1003 n50 prescribed stage 1 epoch 30/30    185 s
seed 1003 n50 prescribed stage 2 epoch  1/30    191 s
seed 1003 n50 prescribed stage 2 epoch  2/30    196 s
seed 1003 n50 prescribed stage 2 epoch  3/30    200 s
seed 1003 n50 prescribed stage 2 epoch  4/30    205 s
seed 1003 n50 prescribed stage 2 epoch  5/30    209 s
seed 1003 n50 prescribed stage 2 epoch  6/30    214 s
seed 1003 n50 prescribed stage 2 epoch  7/30    219 s
seed 1003 n50 prescribed stage 2 epoch  8/30    223 s
seed 1003 n50 prescribed stage 2 epoch  9/30    228 s
seed 1003 n50 prescribed stage 2 epoch 10/30    233 s
seed 1003 n50 prescribed stage 2 epoch 11/30    236 s
seed 1003 n50 prescribed stage 2 epoch 12/30    240 s
seed 1003 n50 prescribed stage 2 epoch 13/30    245 s
seed 1003 n50 prescribed stage 2 epoch 14/30    250 s
seed 1003 n50 prescribed stage 2 epoch 15/30    254 s
seed 1003 n50 prescribed stage 2 epoch 16/30    258 s
seed 1003 n50 prescribed stage 2 epoch 17/30    262 s
seed 1003 n50 prescribed stage 2 epoch 18/30    265 s
seed 1003 n50 prescribed stage 2 epoch 19/30    270 s
seed 1003 n50 prescribed stage 2 epoch 20/30    274 s
seed 1003 n50 prescribed stage 2 epoch 21/30    278 s
seed 1003 n50 prescribed stage 2 epoch 22/30    281 s
seed 1003 n50 prescribed stage 2 epoch 23/30    285 s
seed 1003 n50 prescribed stage 2 epoch 24/30    288 s
seed 1003 n50 prescribed stage 2 epoch 25/30    292 s
seed 1003 n50 prescribed stage 2 epoch 26/30    295 s
seed 1003 n50 prescribed stage 2 epoch 27/30    299 s
seed 1003 n50 prescribed stage 2 epoch 28/30    303 s
seed 1003 n50 prescribed stage 2 epoch 29/30    306 s
seed 1003 n50 prescribed stage 2 epoch 30/30    310 s
seed 1003 n50 free_scaled stage 1 epoch  1/30     10 s
seed 1003 n50 free_scaled stage 1 epoch  2/30     21 s
seed 1003 n50 free_scaled stage 1 epoch  3/30     32 s
seed 1003 n50 free_scaled stage 1 epoch  4/30     45 s
seed 1003 n50 free_scaled stage 1 epoch  5/30     55 s
seed 1003 n50 free_scaled stage 1 epoch  6/30     66 s
seed 1003 n50 free_scaled stage 1 epoch  7/30     75 s
seed 1003 n50 free_scaled stage 1 epoch  8/30     87 s
seed 1003 n50 free_scaled stage 1 epoch  9/30    106 s
seed 1003 n50 free_scaled stage 1 epoch 10/30    117 s
seed 1003 n50 free_scaled stage 1 epoch 11/30    131 s
seed 1003 n50 free_scaled stage 1 epoch 12/30    141 s
seed 1003 n50 free_scaled stage 1 epoch 13/30    154 s
seed 1003 n50 free_scaled stage 1 epoch 14/30    167 s
seed 1003 n50 free_scaled stage 1 epoch 15/30    179 s
seed 1003 n50 free_scaled stage 1 epoch 16/30    192 s
seed 1003 n50 free_scaled stage 1 epoch 17/30    205 s
seed 1003 n50 free_scaled stage 1 epoch 18/30    222 s
seed 1003 n50 free_scaled stage 1 epoch 19/30    234 s
seed 1003 n50 free_scaled stage 1 epoch 20/30    244 s
seed 1003 n50 free_scaled stage 1 epoch 21/30    255 s
seed 1003 n50 free_scaled stage 1 epoch 22/30    266 s
seed 1003 n50 free_scaled stage 1 epoch 23/30    276 s
seed 1003 n50 free_scaled stage 1 epoch 24/30    286 s
seed 1003 n50 free_scaled stage 1 epoch 25/30    297 s
seed 1003 n50 free_scaled stage 1 epoch 26/30    308 s
seed 1003 n50 free_scaled stage 1 epoch 27/30    321 s
seed 1003 n50 free_scaled stage 1 epoch 28/30    332 s
seed 1003 n50 free_scaled stage 1 epoch 29/30    343 s
seed 1003 n50 free_scaled stage 1 epoch 30/30    353 s
seed 1003 n50 free_scaled stage 2 epoch  1/30    358 s
seed 1003 n50 free_scaled stage 2 epoch  2/30    363 s
seed 1003 n50 free_scaled stage 2 epoch  3/30    366 s
seed 1003 n50 free_scaled stage 2 epoch  4/30    370 s
seed 1003 n50 free_scaled stage 2 epoch  5/30    375 s
seed 1003 n50 free_scaled stage 2 epoch  6/30    379 s
seed 1003 n50 free_scaled stage 2 epoch  7/30    382 s
seed 1003 n50 free_scaled stage 2 epoch  8/30    386 s
seed 1003 n50 free_scaled stage 2 epoch  9/30    390 s
seed 1003 n50 free_scaled stage 2 epoch 10/30    394 s
seed 1003 n50 free_scaled stage 2 epoch 11/30    399 s
seed 1003 n50 free_scaled stage 2 epoch 12/30    404 s
seed 1003 n50 free_scaled stage 2 epoch 13/30    408 s
seed 1003 n50 free_scaled stage 2 epoch 14/30    411 s
seed 1003 n50 free_scaled stage 2 epoch 15/30    415 s
seed 1003 n50 free_scaled stage 2 epoch 16/30    419 s
seed 1003 n50 free_scaled stage 2 epoch 17/30    423 s
seed 1003 n50 free_scaled stage 2 epoch 18/30    428 s
seed 1003 n50 free_scaled stage 2 epoch 19/30    433 s
seed 1003 n50 free_scaled stage 2 epoch 20/30    437 s
seed 1003 n50 free_scaled stage 2 epoch 21/30    441 s
seed 1003 n50 free_scaled stage 2 epoch 22/30    446 s
seed 1003 n50 free_scaled stage 2 epoch 23/30    450 s
seed 1003 n50 free_scaled stage 2 epoch 24/30    455 s
seed 1003 n50 free_scaled stage 2 epoch 25/30    459 s
seed 1003 n50 free_scaled stage 2 epoch 26/30    463 s
seed 1003 n50 free_scaled stage 2 epoch 27/30    467 s
seed 1003 n50 free_scaled stage 2 epoch 28/30    471 s
seed 1003 n50 free_scaled stage 2 epoch 29/30    475 s
seed 1003 n50 free_scaled stage 2 epoch 30/30    479 s
seed 1003 n200 prescribed_gate stage 2 epoch  1/30     17 s
seed 1003 n200 prescribed_gate stage 2 epoch  2/30     37 s
seed 1003 n200 prescribed_gate stage 2 epoch  3/30     53 s
seed 1003 n200 prescribed_gate stage 2 epoch  4/30     69 s
seed 1003 n200 prescribed_gate stage 2 epoch  5/30     84 s
seed 1003 n200 prescribed_gate stage 2 epoch  6/30     99 s
seed 1003 n200 prescribed_gate stage 2 epoch  7/30    119 s
seed 1003 n200 prescribed_gate stage 2 epoch  8/30    134 s
seed 1003 n200 prescribed_gate stage 2 epoch  9/30    150 s
seed 1003 n200 prescribed_gate stage 2 epoch 10/30    166 s
seed 1003 n200 prescribed_gate stage 2 epoch 11/30    190 s
seed 1003 n200 prescribed_gate stage 2 epoch 12/30    206 s
seed 1003 n200 prescribed_gate stage 2 epoch 13/30    224 s
seed 1003 n200 prescribed_gate stage 2 epoch 14/30    243 s
seed 1003 n200 prescribed_gate stage 2 epoch 15/30    259 s
seed 1003 n200 prescribed_gate stage 2 epoch 16/30    275 s
seed 1003 n200 prescribed_gate stage 2 epoch 17/30    291 s
seed 1003 n200 prescribed_gate stage 2 epoch 18/30    309 s
seed 1003 n200 prescribed_gate stage 2 epoch 19/30    324 s
seed 1003 n200 prescribed_gate stage 2 epoch 20/30    343 s
seed 1003 n200 prescribed_gate stage 2 epoch 21/30    359 s
seed 1003 n200 prescribed_gate stage 2 epoch 22/30    380 s
seed 1003 n200 prescribed_gate stage 2 epoch 23/30    398 s
seed 1003 n200 prescribed_gate stage 2 epoch 24/30    418 s
seed 1003 n200 prescribed_gate stage 2 epoch 25/30    434 s
seed 1003 n200 prescribed_gate stage 2 epoch 26/30    449 s
seed 1003 n200 prescribed_gate stage 2 epoch 27/30    463 s
seed 1003 n200 prescribed_gate stage 2 epoch 28/30    480 s
seed 1003 n200 prescribed_gate stage 2 epoch 29/30    502 s
seed 1003 n200 prescribed_gate stage 2 epoch 30/30    520 s
seed 1003 n200 prescribed_sincos stage 2 epoch  1/30     14 s
seed 1003 n200 prescribed_sincos stage 2 epoch  2/30     31 s
seed 1003 n200 prescribed_sincos stage 2 epoch  3/30     50 s
seed 1003 n200 prescribed_sincos stage 2 epoch  4/30     70 s
seed 1003 n200 prescribed_sincos stage 2 epoch  5/30     89 s
seed 1003 n200 prescribed_sincos stage 2 epoch  6/30    105 s
seed 1003 n200 prescribed_sincos stage 2 epoch  7/30    119 s
seed 1003 n200 prescribed_sincos stage 2 epoch  8/30    134 s
seed 1003 n200 prescribed_sincos stage 2 epoch  9/30    148 s
seed 1003 n200 prescribed_sincos stage 2 epoch 10/30    162 s
seed 1003 n200 prescribed_sincos stage 2 epoch 11/30    176 s
seed 1003 n200 prescribed_sincos stage 2 epoch 12/30    193 s
seed 1003 n200 prescribed_sincos stage 2 epoch 13/30    209 s
seed 1003 n200 prescribed_sincos stage 2 epoch 14/30    226 s
seed 1003 n200 prescribed_sincos stage 2 epoch 15/30    244 s
seed 1003 n200 prescribed_sincos stage 2 epoch 16/30    259 s
seed 1003 n200 prescribed_sincos stage 2 epoch 17/30    275 s
seed 1003 n200 prescribed_sincos stage 2 epoch 18/30    289 s
seed 1003 n200 prescribed_sincos stage 2 epoch 19/30    303 s
seed 1003 n200 prescribed_sincos stage 2 epoch 20/30    319 s
seed 1003 n200 prescribed_sincos stage 2 epoch 21/30    338 s
seed 1003 n200 prescribed_sincos stage 2 epoch 22/30    356 s
seed 1003 n200 prescribed_sincos stage 2 epoch 23/30    372 s
seed 1003 n200 prescribed_sincos stage 2 epoch 24/30    390 s
seed 1003 n200 prescribed_sincos stage 2 epoch 25/30    407 s
seed 1003 n200 prescribed_sincos stage 2 epoch 26/30    426 s
seed 1003 n200 prescribed_sincos stage 2 epoch 27/30    445 s
seed 1003 n200 prescribed_sincos stage 2 epoch 28/30    466 s
seed 1003 n200 prescribed_sincos stage 2 epoch 29/30    488 s
seed 1003 n200 prescribed_sincos stage 2 epoch 30/30    506 s
seed 1003 n200 prescribed_std stage 2 epoch  1/30     16 s
seed 1003 n200 prescribed_std stage 2 epoch  2/30     32 s
seed 1003 n200 prescribed_std stage 2 epoch  3/30     51 s
seed 1003 n200 prescribed_std stage 2 epoch  4/30     69 s
seed 1003 n200 prescribed_std stage 2 epoch  5/30     86 s
seed 1003 n200 prescribed_std stage 2 epoch  6/30    104 s
seed 1003 n200 prescribed_std stage 2 epoch  7/30    128 s
seed 1003 n200 prescribed_std stage 2 epoch  8/30    144 s
seed 1003 n200 prescribed_std stage 2 epoch  9/30    159 s
seed 1003 n200 prescribed_std stage 2 epoch 10/30    178 s
seed 1003 n200 prescribed_std stage 2 epoch 11/30    198 s
seed 1003 n200 prescribed_std stage 2 epoch 12/30    225 s
seed 1003 n200 prescribed_std stage 2 epoch 13/30    264 s
seed 1003 n200 prescribed_std stage 2 epoch 14/30    283 s
seed 1003 n200 prescribed_std stage 2 epoch 15/30    298 s
seed 1003 n200 prescribed_std stage 2 epoch 16/30    313 s
seed 1003 n200 prescribed_std stage 2 epoch 17/30    328 s
seed 1003 n200 prescribed_std stage 2 epoch 18/30    344 s
seed 1003 n200 prescribed_std stage 2 epoch 19/30    359 s
seed 1003 n200 prescribed_std stage 2 epoch 20/30    374 s
seed 1003 n200 prescribed_std stage 2 epoch 21/30    396 s
seed 1003 n200 prescribed_std stage 2 epoch 22/30    423 s
seed 1003 n200 prescribed_std stage 2 epoch 23/30    442 s
seed 1003 n200 prescribed_std stage 2 epoch 24/30    457 s
seed 1003 n200 prescribed_std stage 2 epoch 25/30    471 s
seed 1003 n200 prescribed_std stage 2 epoch 26/30    486 s
seed 1003 n200 prescribed_std stage 2 epoch 27/30    505 s
seed 1003 n200 prescribed_std stage 2 epoch 28/30    524 s
seed 1003 n200 prescribed_std stage 2 epoch 29/30    541 s
seed 1003 n200 prescribed_std stage 2 epoch 30/30    559 s
seed 1003: written
