nohup: ignoring input
seed 1004 n25 prescribed stage 1 epoch  1/30      7 s
seed 1004 n25 prescribed stage 1 epoch  2/30      9 s
seed 1004 n25 prescribed stage 1 epoch  3/30     11 s
seed 1004 n25 prescribed stage 1 epoch  4/30     13 s
seed 1004 n25 prescribed stage 1 epoch  5/30     15 s
seed 1004 n25 prescribed stage 1 epoch  6/30     17 s
seed 1004 n25 prescribed stage 1 epoch  7/30     19 s
seed 1004 n25 prescribed stage 1 epoch  8/30     21 s
seed 1004 n25 prescribed stage 1 epoch  9/30     23 s
seed 1004 n25 prescribed stage 1 epoch 10/30     25 s
seed 1004 n25 prescribed stage 1 epoch 11/30     26 s
seed 1004 n25 prescribed stage 1 epoch 12/30     28 s
seed 1004 n25 prescribed stage 1 epoch 13/30     30 s
seed 1004 n25 prescribed stage 1 epoch 14/30     33 s
seed 1004 n25 prescribed stage 1 epoch 15/30     35 s
seed 1004 n25 prescribed stage 1 epoch 16/30     37 s
seed 1004 n25 prescribed stage 1 epoch 17/30     40 s
seed 1004 n25 prescribed stage 1 epoch 18/30     42 s
seed 1004 n25 prescribed stage 1 epoch 19/30     44 s
seed 1004 n25 prescribed stage 1 epoch 20/30     47 s
seed 1004 n25 prescribed stage 1 epoch 21/30     50 s
seed 1004 n25 prescribed stage 1 epoch 22/30     52 s
seed 1004 n25 prescribed stage 1 epoch 23/30     54 s
seed 1004 n25 prescribed stage 1 epoch 24/30     56 s
seed 1004 n25 prescribed stage 1 epoch 25/30     58 s
seed 1004 n25 prescribed stage 1 epoch 26/30     60 s
seed 1004 n25 prescribed stage 1 epoch 27/30     62 s
seed 1004 n25 prescribed stage 1 epoch 28/30     65 s
seed 1004 n25 prescribed stage 1 epoch 29/30     67 s
seed 1004 n25 prescribed stage 1 epoch 30/30     69 s
seed 1004 n25 prescribed stage 2 epoch  1/30     70 s
seed 1004 n25 prescribed stage 2 epoch  2/30     72 s
seed 1004 n25 prescribed stage 2 epoch  3/30     74 s
seed 1004 n25 prescribed stage 2 epoch  4/30     76 s
seed 1004 n25 prescribed stage 2 epoch  5/30     77 s
seed 1004 n25 prescribed stage 2 epoch  6/30     79 s
seed 1004 n25 prescribed stage 2 epoch  7/30     82 s
seed 1004 n25 prescribed stage 2 epoch  8/30     84 s
seed 1004 n25 prescribed stage 2 epoch  9/30     86 s
seed 1004 n25 prescribed stage 2 epoch 10/30     88 s
seed 1004 n25 prescribed stage 2 epoch 11/30     89 s
seed 1004 n25 prescribed stage 2 epoch 12/30     91 s
seed 1004 n25 prescribed stage 2 epoch 13/30     93 s
seed 1004 n25 prescribed stage 2 epoch 14/30     95 s
seed 1004 n25 prescribed stage 2 epoch 15/30     97 s
seed 1004 n25 prescribed stage 2 epoch 16/30     99 s
seed 1004 n25 prescribed stage 2 epoch 17/30    101 s
seed 1004 n25 prescribed stage 2 epoch 18/30    103 s
seed 1004 n25 prescribed stage 2 epoch 19/30    104 s
seed 1004 n25 prescribed stage 2 epoch 20/30    107 s
seed 1004 n25 prescribed stage 2 epoch 21/30    108 s
seed 1004 n25 prescribed stage 2 epoch 22/30    111 s
seed 1004 n25 prescribed stage 2 epoch 23/30    113 s
seed 1004 n25 prescribed stage 2 epoch 24/30    115 s
seed 1004 n25 prescribed stage 2 epoch 25/30    117 s
seed 1004 n25 prescribed stage 2 epoch 26/30    119 s
seed 1004 n25 prescribed stage 2 epoch 27/30    121 s
seed 1004 n25 prescribed stage 2 epoch 28/30    123 s
seed 1004 n25 prescribed stage 2 epoch 29/30    125 s
seed 1004 n25 prescribed stage 2 epoch 30/30    127 s
seed 1004 n25 free_scaled stage 1 epoch  1/30      4 s
seed 1004 n25 free_scaled stage 1 epoch  2/30      9 s
seed 1004 n25 free_scaled stage 1 epoch  3/30     13 s
seed 1004 n25 free_scaled stage 1 epoch  4/30     18 s
seed 1004 n25 free_scaled stage 1 epoch  5/30     25 s
seed 1004 n25 free_scaled stage 1 epoch  6/30     34 s
seed 1004 n25 free_scaled stage 1 epoch  7/30     41 s
seed 1004 n25 free_scaled stage 1 epoch  8/30     46 s
seed 1004 n25 free_scaled stage 1 epoch  9/30     52 s
seed 1004 n25 free_scaled stage 1 epoch 10/30     59 s
seed 1004 n25 free_scaled stage 1 epoch 11/30     64 s
seed 1004 n25 free_scaled stage 1 epoch 12/30     69 s
seed 1004 n25 free_scaled stage 1 epoch 13/30     74 s
seed 1004 n25 free_scaled stage 1 epoch 14/30     79 s
seed 1004 n25 free_scaled stage 1 epoch 15/30     84 s
seed 1004 n25 free_scaled stage 1 epoch 16/30     90 s
seed 1004 n25 free_scaled stage 1 epoch 17/30     95 s
seed 1004 n25 free_scaled stage 1 epoch 18/30    101 s
seed 1004 n25 free_scaled stage 1 epoch 19/30    106 s
seed 1004 n25 free_scaled stage 1 epoch 20/30    111 s
seed 1004 n25 free_scaled stage 1 epoch 21/30    115 s
seed 1004 n25 free_scaled stage 1 epoch 22/30    120 s
seed 1004 n25 free_scaled stage 1 epoch 23/30    125 s
seed 1004 n25 free_scaled stage 1 epoch 24/30    131 s
seed 1004 n25 free_scaled stage 1 epoch 25/30    136 s
seed 1004 n25 free_scaled stage 1 epoch 26/30    141 s
seed 1004 n25 free_scaled stage 1 epoch 27/30    147 s
seed 1004 n25 free_scaled stage 1 epoch 28/30    152 s
seed 1004 n25 free_scaled stage 1 epoch 29/30    158 s
seed 1004 n25 free_scaled stage 1 epoch 30/30    164 s
seed 1004 n25 free_scaled stage 2 epoch  1/30    166 s
seed 1004 n25 free_scaled stage 2 epoch  2/30    168 s
seed 1004 n25 free_scaled stage 2 epoch  3/30    170 s
seed 1004 n25 free_scaled stage 2 epoch  4/30    172 s
seed 1004 n25 free_scaled stage 2 epoch  5/30    174 s
seed 1004 n25 free_scaled stage 2 epoch  6/30    176 s
seed 1004 n25 free_scaled stage 2 epoch  7/30    178 s
seed 1004 n25 free_scaled stage 2 epoch  8/30    180 s
seed 1004 n25 free_scaled stage 2 epoch  9/30    182 s
seed 1004 n25 free_scaled stage 2 epoch 10/30    184 s
seed 1004 n25 free_scaled stage 2 epoch 11/30    186 s
seed 1004 n25 free_scaled stage 2 epoch 12/30    187 s
seed 1004 n25 free_scaled stage 2 epoch 13/30    189 s
seed 1004 n25 free_scaled stage 2 epoch 14/30    191 s
seed 1004 n25 free_scaled stage 2 epoch 15/30    193 s
seed 1004 n25 free_scaled stage 2 epoch 16/30    195 s
seed 1004 n25 free_scaled stage 2 epoch 17/30    198 s
seed 1004 n25 free_scaled stage 2 epoch 18/30    199 s
seed 1004 n25 free_scaled stage 2 epoch 19/30    201 s
seed 1004 n25 free_scaled stage 2 epoch 20/30    203 s
seed 1004 n25 free_scaled stage 2 epoch 21/30    208 s
seed 1004 n25 free_scaled stage 2 epoch 22/30    212 s
seed 1004 n25 free_scaled stage 2 epoch 23/30    215 s
seed 1004 n25 free_scaled stage 2 epoch 24/30    219 s
seed 1004 n25 free_scaled stage 2 epoch 25/30    222 s
seed 1004 n25 free_scaled stage 2 epoch 26/30    227 s
seed 1004 n25 free_scaled stage 2 epoch 27/30    231 s
seed 1004 n25 free_scaled stage 2 epoch 28/30    234 s
seed 1004 n25 free_scaled stage 2 epoch 29/30    238 s
seed 1004 n25 free_scaled stage 2 epoch 30/30    242 s
seed 1004 n50 prescribed stage 1 epoch  1/30      7 s
seed 1004 n50 prescribed stage 1 epoch  2/30     12 s
seed 1004 n50 prescribed stage 1 epoch  3/30     16 s
seed 1004 n50 prescribed stage 1 epoch  4/30     20 s
seed 1004 n50 prescribed stage 1 epoch  5/30     24 s
seed 1004 n50 prescribed stage 1 epoch  6/30     27 s
seed 1004 n50 prescribed stage 1 epoch  7/30     31 s
seed 1004 n50 prescribed stage 1 epoch  8/30     34 s
seed 1004 n50 prescribed stage 1 epoch  9/30     38 s
seed 1004 n50 prescribed stage 1 epoch 10/30     42 s
seed 1004 n50 prescribed stage 1 epoch 11/30     45 s
seed 1004 n50 prescribed stage 1 epoch 12/30     49 s
seed 1004 n50 prescribed stage 1 epoch 13/30     52 s
seed 1004 n50 prescribed stage 1 epoch 14/30     56 s
seed 1004 n50 prescribed stage 1 epoch 15/30     59 s
seed 1004 n50 prescribed stage 1 epoch 16/30     63 s
seed 1004 n50 prescribed stage 1 epoch 17/30     66 s
seed 1004 n50 prescribed stage 1 epoch 18/30     70 s
seed 1004 n50 prescribed stage 1 epoch 19/30     74 s
seed 1004 n50 prescribed stage 1 epoch 20/30     78 s
seed 1004 n50 prescribed stage 1 epoch 21/30     81 s
seed 1004 n50 prescribed stage 1 epoch 22/30     85 s
seed 1004 n50 prescribed stage 1 epoch 23/30     88 s
seed 1004 n50 prescribed stage 1 epoch 24/30     91 s
seed 1004 n50 prescribed stage 1 epoch 25/30     95 s
seed 1004 n50 prescribed stage 1 epoch 26/30     99 s
seed 1004 n50 prescribed stage 1 epoch 27/30    103 s
seed 1004 n50 prescribed stage 1 epoch 28/30    106 s
seed 1004 n50 prescribed stage 1 epoch 29/30    111 s
seed 1004 n50 prescribed stage 1 epoch 30/30    115 s
seed 1004 n50 prescribed stage 2 epoch  1/30    118 s
seed 1004 n50 prescribed stage 2 epoch  2/30    122 s
seed 1004 n50 prescribed stage 2 epoch  3/30    125 s
seed 1004 n50 prescribed stage 2 epoch  4/30    129 s
seed 1004 n50 prescribed stage 2 epoch  5/30    134 s
seed 1004 n50 prescribed stage 2 epoch  6/30    137 s
seed 1004 n50 prescribed stage 2 epoch  7/30    140 s
seed 1004 n50 prescribed stage 2 epoch  8/30    144 s
seed 1004 n50 prescribed stage 2 epoch  9/30    148 s
seed 1004 n50 prescribed stage 2 epoch 10/30    151 s
seed 1004 n50 prescribed stage 2 epoch 11/30    154 s
seed 1004 n50 prescribed stage 2 epoch 12/30    158 s
seed 1004 n50 prescribed stage 2 epoch 13/30    162 s
seed 1004 n50 prescribed stage 2 epoch 14/30    166 s
seed 1004 n50 prescribed stage 2 epoch 15/30    169 s
seed 1004 n50 prescribed stage 2 epoch 16/30    173 s
seed 1004 n50 prescribed stage 2 epoch 17/30    176 s
seed 1004 n50 prescribed stage 2 epoch 18/30    179 s
seed 1004 n50 prescribed stage 2 epoch 19/30    183 s
seed 1004 n50 prescribed stage 2 epoch 20/30    186 s
seed 1004 n50 prescribed stage 2 epoch 21/30    189 s
seed 1004 n50 prescribed stage 2 epoch 22/30    193 s
seed 1004 n50 prescribed stage 2 epoch 23/30    197 s
seed 1004 n50 prescribed stage 2 epoch 24/30    200 s
seed 1004 n50 prescribed stage 2 epoch 25/30    203 s
seed 1004 n50 prescribed stage 2 epoch 26/30    208 s
seed 1004 n50 prescribed stage 2 epoch 27/30    211 s
seed 1004 n50 prescribed stage 2 epoch 28/30    215 s
seed 1004 n50 prescribed stage 2 epoch 29/30    218 s
seed 1004 n50 prescribed stage 2 epoch 30/30    222 s
seed 1004 n50 free_scaled stage 1 epoch  1/30      9 s
seed 1004 n50 free_scaled stage 1 epoch  2/30     18 s
seed 1004 n50 free_scaled stage 1 epoch  3/30     27 s
seed 1004 n50 free_scaled stage 1 epoch  4/30     37 s
seed 1004 n50 free_scaled stage 1 epoch  5/30     47 s
seed 1004 n50 free_scaled stage 1 epoch  6/30     58 s
seed 1004 n50 free_scaled stage 1 epoch  7/30     68 s
seed 1004 n50 free_scaled stage 1 epoch  8/30     78 s
seed 1004 n50 free_scaled stage 1 epoch  9/30     90 s
seed 1004 n50 free_scaled stage 1 epoch 10/30     99 s
seed 1004 n50 free_scaled stage 1 epoch 11/30    110 s
seed 1004 n50 free_scaled stage 1 epoch 12/30    118 s
seed 1004 n50 free_scaled stage 1 epoch 13/30    128 s
seed 1004 n50 free_scaled stage 1 epoch 14/30    137 s
seed 1004 n50 free_scaled stage 1 epoch 15/30    146 s
seed 1004 n50 free_scaled stage 1 epoch 16/30    159 s
seed 1004 n50 free_scaled stage 1 epoch 17/30    170 s
seed 1004 n50 free_scaled stage 1 epoch 18/30    179 s
seed 1004 n50 free_scaled stage 1 epoch 19/30    192 s
seed 1004 n50 free_scaled stage 1 epoch 20/30    202 s
seed 1004 n50 free_scaled stage 1 epoch 21/30    213 s
seed 1004 n50 free_scaled stage 1 epoch 22/30    225 s
seed 1004 n50 free_scaled stage 1 epoch 23/30    237 s
seed 1004 n50 free_scaled stage 1 epoch 24/30    247 s
seed 1004 n50 free_scaled stage 1 epoch 25/30    257 s
seed 1004 n50 free_scaled stage 1 epoch 26/30    267 s
seed 1004 n50 free_scaled stage 1 epoch 27/30    277 s
seed 1004 n50 free_scaled stage 1 epoch 28/30    288 s
seed 1004 n50 free_scaled stage 1 epoch 29/30    300 s
seed 1004 n50 free_scaled stage 1 epoch 30/30    310 s
seed 1004 n50 free_scaled stage 2 epoch  1/30    315 s
seed 1004 n50 free_scaled stage 2 epoch  2/30    319 s
seed 1004 n50 free_scaled stage 2 epoch  3/30    323 s
seed 1004 n50 free_scaled stage 2 epoch  4/30    327 s
seed 1004 n50 free_scaled stage 2 epoch  5/30    331 s
seed 1004 n50 free_scaled stage 2 epoch  6/30    336 s
seed 1004 n50 free_scaled stage 2 epoch  7/30    340 s
seed 1004 n50 free_scaled stage 2 epoch  8/30    344 s
seed 1004 n50 free_scaled stage 2 epoch  9/30    350 s
seed 1004 n50 free_scaled stage 2 epoch 10/30    355 s
seed 1004 n50 free_scaled stage 2 epoch 11/30    359 s
seed 1004 n50 free_scaled stage 2 epoch 12/30    365 s
seed 1004 n50 free_scaled stage 2 epoch 13/30    369 s
seed 1004 n50 free_scaled stage 2 epoch 14/30    372 s
seed 1004 n50 free_scaled stage 2 epoch 15/30    376 s
seed 1004 n50 free_scaled stage 2 epoch 16/30    380 s
seed 1004 n50 free_scaled stage 2 epoch 17/30    383 s
seed 1004 n50 free_scaled stage 2 epoch 18/30    387 s
seed 1004 n50 free_scaled stage 2 epoch 19/30    390 s
seed 1004 n50 free_scaled stage 2 epoch 20/30    395 s
seed 1004 n50 free_scaled stage 2 epoch 21/30    399 s
seed 1004 n50 free_scaled stage 2 epoch 22/30    402 s
seed 1004 n50 free_scaled stage 2 epoch 23/30    406 s
seed 1004 n50 free_scaled stage 2 epoch 24/30    410 s
seed 1004 n50 free_scaled stage 2 epoch 25/30    415 s
seed 1004 n50 free_scaled stage 2 epoch 26/30    421 s
seed 1004 n50 free_scaled stage 2 epoch 27/30    424 s
seed 1004 n50 free_scaled stage 2 epoch 28/30    431 s
seed 1004 n50 free_scaled stage 2 epoch 29/30    434 s
seed 1004 n50 free_scaled stage 2 epoch 30/30    438 s
seed 1004 n200 prescribed_gate stage 2 epoch  1/30     15 s
seed 1004 n200 prescribed_gate stage 2 epoch  2/30     40 s
seed 1004 n200 prescribed_gate stage 2 epoch  3/30     59 s
seed 1004 n200 prescribed_gate stage 2 epoch  4/30     81 s
seed 1004 n200 prescribed_gate stage 2 epoch  5/30     98 s
seed 1004 n200 prescribed_gate stage 2 epoch  6/30    115 s
seed 1004 n200 prescribed_gate stage 2 epoch  7/30    139 s
seed 1004 n200 prescribed_gate stage 2 epoch  8/30    170 s
seed 1004 n200 prescribed_gate stage 2 epoch  9/30    192 s
seed 1004 n200 prescribed_gate stage 2 epoch 10/30    208 s
seed 1004 n200 prescribed_gate stage 2 epoch 11/30    228 s
seed 1004 n200 prescribed_gate stage 2 epoch 12/30    243 s
seed 1004 n200 prescribed_gate stage 2 epoch 13/30    260 s
seed 1004 n200 prescribed_gate stage 2 epoch 14/30    279 s
seed 1004 n200 prescribed_gate stage 2 epoch 15/30    295 s
seed 1004 n200 prescribed_gate stage 2 epoch 16/30    311 s
seed 1004 n200 prescribed_gate stage 2 epoch 17/30    330 s
seed 1004 n200 prescribed_gate stage 2 epoch 18/30    349 s
seed 1004 n200 prescribed_gate stage 2 epoch 19/30    365 s
seed 1004 n200 prescribed_gate stage 2 epoch 20/30    382 s
seed 1004 n200 prescribed_gate stage 2 epoch 21/30    403 s
seed 1004 n200 prescribed_gate stage 2 epoch 22/30    422 s
seed 1004 n200 prescribed_gate stage 2 epoch 23/30    442 s
seed 1004 n200 prescribed_gate stage 2 epoch 24/30    473 s
seed 1004 n200 prescribed_gate stage 2 epoch 25/30    489 s
seed 1004 n200 prescribed_gate stage 2 epoch 26/30    505 s
seed 1004 n200 prescribed_gate stage 2 epoch 27/30    521 s
seed 1004 n200 prescribed_gate stage 2 epoch 28/30    537 s
seed 1004 n200 prescribed_gate stage 2 epoch 29/30    552 s
seed 1004 n200 prescribed_gate stage 2 epoch 30/30    569 s
seed 1004 n200 prescribed_sincos stage 2 epoch  1/30     22 s
seed 1004 n200 prescribed_sincos stage 2 epoch  2/30     46 s
seed 1004 n200 prescribed_sincos stage 2 epoch  3/30     67 s
seed 1004 n200 prescribed_sincos stage 2 epoch  4/30     85 s
seed 1004 n200 prescribed_sincos stage 2 epoch  5/30    101 s
seed 1004 n200 prescribed_sincos stage 2 epoch  6/30    117 s
seed 1004 n200 prescribed_sincos stage 2 epoch  7/30    138 s
seed 1004 n200 prescribed_sincos stage 2 epoch  8/30    154 s
seed 1004 n200 prescribed_sincos stage 2 epoch  9/30    172 s
seed 1004 n200 prescribed_sincos stage 2 epoch 10/30    191 s
seed 1004 n200 prescribed_sincos stage 2 epoch 11/30    212 s
seed 1004 n200 prescribed_sincos stage 2 epoch 12/30    244 s
seed 1004 n200 prescribed_sincos stage 2 epoch 13/30    262 s
seed 1004 n200 prescribed_sincos stage 2 epoch 14/30    278 s
seed 1004 n200 prescribed_sincos stage 2 epoch 15/30    297 s
seed 1004 n200 prescribed_sincos stage 2 epoch 16/30    321 s
seed 1004 n200 prescribed_sincos stage 2 epoch 17/30    339 s
seed 1004 n200 prescribed_sincos stage 2 epoch 18/30    366 s
seed 1004 n200 prescribed_sincos stage 2 epoch 19/30    387 s
seed 1004 n200 prescribed_sincos stage 2 epoch 20/30    416 s
seed 1004 n200 prescribed_sincos stage 2 epoch 21/30    437 s
seed 1004 n200 prescribed_sincos stage 2 epoch 22/30    458 s
seed 1004 n200 prescribed_sincos stage 2 epoch 23/30    479 s
seed 1004 n200 prescribed_sincos stage 2 epoch 24/30    500 s
seed 1004 n200 prescribed_sincos stage 2 epoch 25/30    515 s
seed 1004 n200 prescribed_sincos stage 2 epoch 26/30    533 s
seed 1004 n200 prescribed_sincos stage 2 epoch 27/30    553 s
seed 1004 n200 prescribed_sincos stage 2 epoch 28/30    570 s
seed 1004 n200 prescribed_sincos stage 2 epoch 29/30    586 s
seed 1004 n200 prescribed_sincos stage 2 epoch 30/30    606 s
seed 1004 n200 prescribed_std stage 2 epoch  1/30     16 s
seed 1004 n200 prescribed_std stage 2 epoch  2/30     33 s
seed 1004 n200 prescribed_std stage 2 epoch  3/30     51 s
seed 1004 n200 prescribed_std stage 2 epoch  4/30     69 s
seed 1004 n200 prescribed_std stage 2 epoch  5/30     85 s
seed 1004 n200 prescribed_std stage 2 epoch  6/30    102 s
seed 1004 n200 prescribed_std stage 2 epoch  7/30    119 s
seed 1004 n200 prescribed_std stage 2 epoch  8/30    137 s
seed 1004 n200 prescribed_std stage 2 epoch  9/30    155 s
seed 1004 n200 prescribed_std stage 2 epoch 10/30    170 s
seed 1004 n200 prescribed_std stage 2 epoch 11/30    185 s
seed 1004 n200 prescribed_std stage 2 epoch 12/30    203 s
seed 1004 n200 prescribed_std stage 2 epoch 13/30    219 s
seed 1004 n200 prescribed_std stage 2 epoch 14/30    238 s
seed 1004 n200 prescribed_std stage 2 epoch 15/30    256 s
seed 1004 n200 prescribed_std stage 2 epoch 16/30    276 s
seed 1004 n200 prescribed_std stage 2 epoch 17/30    293 s
seed 1004 n200 prescribed_std stage 2 epoch 18/30    308 s
seed 1004 n200 prescribed_std stage 2 epoch 19/30    326 s
seed 1004 n200 prescribed_std stage 2 epoch 20/30    349 s
seed 1004 n200 prescribed_std stage 2 epoch 21/30    368 s
seed 1004 n200 prescribed_std stage 2 epoch 22/30    385 s
seed 1004 n200 prescribed_std stage 2 epoch 23/30    405 s
seed 1004 n200 prescribed_std stage 2 epoch 24/30    422 s
seed 1004 n200 prescribed_std stage 2 epoch 25/30    439 s
seed 1004 n200 prescribed_std stage 2 epoch 26/30    459 s
seed 1004 n200 prescribed_std stage 2 epoch 27/30    474 s
seed 1004 n200 prescribed_std stage 2 epoch 28/30    489 s
seed 1004 n200 prescribed_std stage 2 epoch 29/30    506 s
seed 1004 n200 prescribed_std stage 2 epoch 30/30    532 s
seed 1004: written
seed 1007 n25 prescribed stage 1 epoch  1/30      3 s
seed 1007 n25 prescribed stage 1 epoch  2/30      5 s
seed 1007 n25 prescribed stage 1 epoch  3/30      8 s
seed 1007 n25 prescribed stage 1 epoch  4/30     10 s
seed 1007 n25 prescribed stage 1 epoch  5/30     13 s
seed 1007 n25 prescribed stage 1 epoch  6/30     16 s
seed 1007 n25 prescribed stage 1 epoch  7/30     18 s
seed 1007 n25 prescribed stage 1 epoch  8/30     22 s
seed 1007 n25 prescribed stage 1 epoch  9/30     24 s
seed 1007 n25 prescribed stage 1 epoch 10/30     27 s
seed 1007 n25 prescribed stage 1 epoch 11/30     30 s
seed 1007 n25 prescribed stage 1 epoch 12/30     31 s
seed 1007 n25 prescribed stage 1 epoch 13/30     33 s
seed 1007 n25 prescribed stage 1 epoch 14/30     36 s
seed 1007 n25 prescribed stage 1 epoch 15/30     39 s
seed 1007 n25 prescribed stage 1 epoch 16/30     41 s
seed 1007 n25 prescribed stage 1 epoch 17/30     43 s
seed 1007 n25 prescribed stage 1 epoch 18/30     46 s
seed 1007 n25 prescribed stage 1 epoch 19/30     49 s
seed 1007 n25 prescribed stage 1 epoch 20/30     52 s
seed 1007 n25 prescribed stage 1 epoch 21/30     55 s
seed 1007 n25 prescribed stage 1 epoch 22/30     57 s
seed 1007 n25 prescribed stage 1 epoch 23/30     59 s
seed 1007 n25 prescribed stage 1 epoch 24/30     61 s
seed 1007 n25 prescribed stage 1 epoch 25/30     64 s
seed 1007 n25 prescribed stage 1 epoch 26/30     66 s
seed 1007 n25 prescribed stage 1 epoch 27/30     68 s
seed 1007 n25 prescribed stage 1 epoch 28/30     70 s
seed 1007 n25 prescribed stage 1 epoch 29/30     72 s
seed 1007 n25 prescribed stage 1 epoch 30/30     74 s
seed 1007 n25 prescribed stage 2 epoch  1/30     76 s
seed 1007 n25 prescribed stage 2 epoch  2/30     78 s
seed 1007 n25 prescribed stage 2 epoch  3/30     81 s
seed 1007 n25 prescribed stage 2 epoch  4/30     84 s
seed 1007 n25 prescribed stage 2 epoch  5/30     87 s
seed 1007 n25 prescribed stage 2 epoch  6/30     89 s
seed 1007 n25 prescribed stage 2 epoch  7/30     93 s
seed 1007 n25 prescribed stage 2 epoch  8/30     95 s
seed 1007 n25 prescribed stage 2 epoch  9/30     98 s
seed 1007 n25 prescribed stage 2 epoch 10/30    101 s
seed 1007 n25 prescribed stage 2 epoch 11/30    104 s
seed 1007 n25 prescribed stage 2 epoch 12/30    108 s
seed 1007 n25 prescribed stage 2 epoch 13/30    111 s
seed 1007 n25 prescribed stage 2 epoch 14/30    113 s
seed 1007 n25 prescribed stage 2 epoch 15/30    115 s
seed 1007 n25 prescribed stage 2 epoch 16/30    117 s
seed 1007 n25 prescribed stage 2 epoch 17/30    119 s
seed 1007 n25 prescribed stage 2 epoch 18/30    121 s
seed 1007 n25 prescribed stage 2 epoch 19/30    122 s
seed 1007 n25 prescribed stage 2 epoch 20/30    124 s
seed 1007 n25 prescribed stage 2 epoch 21/30    128 s
seed 1007 n25 prescribed stage 2 epoch 22/30    130 s
seed 1007 n25 prescribed stage 2 epoch 23/30    133 s
seed 1007 n25 prescribed stage 2 epoch 24/30    135 s
seed 1007 n25 prescribed stage 2 epoch 25/30    138 s
seed 1007 n25 prescribed stage 2 epoch 26/30    142 s
seed 1007 n25 prescribed stage 2 epoch 27/30    147 s
seed 1007 n25 prescribed stage 2 epoch 28/30    151 s
seed 1007 n25 prescribed stage 2 epoch 29/30    154 s
seed 1007 n25 prescribed stage 2 epoch 30/30    156 s
seed 1007 n25 free_scaled stage 1 epoch  1/30      6 s
seed 1007 n25 free_scaled stage 1 epoch  2/30     14 s
seed 1007 n25 free_scaled stage 1 epoch  3/30     20 s
seed 1007 n25 free_scaled stage 1 epoch  4/30     25 s
seed 1007 n25 free_scaled stage 1 epoch  5/30     30 s
seed 1007 n25 free_scaled stage 1 epoch  6/30     36 s
seed 1007 n25 free_scaled stage 1 epoch  7/30     41 s
seed 1007 n25 free_scaled stage 1 epoch  8/30     46 s
seed 1007 n25 free_scaled stage 1 epoch  9/30     51 s
seed 1007 n25 free_scaled stage 1 epoch 10/30     57 s
seed 1007 n25 free_scaled stage 1 epoch 11/30     61 s
seed 1007 n25 free_scaled stage 1 epoch 12/30     66 s
seed 1007 n25 free_scaled stage 1 epoch 13/30     71 s
seed 1007 n25 free_scaled stage 1 epoch 14/30     76 s
seed 1007 n25 free_scaled stage 1 epoch 15/30     81 s
seed 1007 n25 free_scaled stage 1 epoch 16/30     85 s
seed 1007 n25 free_scaled stage 1 epoch 17/30     90 s
seed 1007 n25 free_scaled stage 1 epoch 18/30     97 s
seed 1007 n25 free_scaled stage 1 epoch 19/30    102 s
seed 1007 n25 free_scaled stage 1 epoch 20/30    106 s
seed 1007 n25 free_scaled stage 1 epoch 21/30    112 s
seed 1007 n25 free_scaled stage 1 epoch 22/30    118 s
seed 1007 n25 free_scaled stage 1 epoch 23/30    125 s
seed 1007 n25 free_scaled stage 1 epoch 24/30    131 s
seed 1007 n25 free_scaled stage 1 epoch 25/30    137 s
seed 1007 n25 free_scaled stage 1 epoch 26/30    143 s
seed 1007 n25 free_scaled stage 1 epoch 27/30    148 s
seed 1007 n25 free_scaled stage 1 epoch 28/30    155 s
seed 1007 n25 free_scaled stage 1 epoch 29/30    161 s
seed 1007 n25 free_scaled stage 1 epoch 30/30    166 s
seed 1007 n25 free_scaled stage 2 epoch  1/30    169 s
seed 1007 n25 free_scaled stage 2 epoch  2/30    171 s
seed 1007 n25 free_scaled stage 2 epoch  3/30    173 s
seed 1007 n25 free_scaled stage 2 epoch  4/30    175 s
seed 1007 n25 free_scaled stage 2 epoch  5/30    177 s
seed 1007 n25 free_scaled stage 2 epoch  6/30    179 s
seed 1007 n25 free_scaled stage 2 epoch  7/30    182 s
seed 1007 n25 free_scaled stage 2 epoch  8/30    185 s
seed 1007 n25 free_scaled stage 2 epoch  9/30    187 s
seed 1007 n25 free_scaled stage 2 epoch 10/30    190 s
seed 1007 n25 free_scaled stage 2 epoch 11/30    193 s
seed 1007 n25 free_scaled stage 2 epoch 12/30    196 s
seed 1007 n25 free_scaled stage 2 epoch 13/30    200 s
seed 1007 n25 free_scaled stage 2 epoch 14/30    202 s
seed 1007 n25 free_scaled stage 2 epoch 15/30    205 s
seed 1007 n25 free_scaled stage 2 epoch 16/30    207 s
seed 1007 n25 free_scaled stage 2 epoch 17/30    210 s
seed 1007 n25 free_scaled stage 2 epoch 18/30    213 s
seed 1007 n25 free_scaled stage 2 epoch 19/30    218 s
seed 1007 n25 free_scaled stage 2 epoch 20/30    223 s
seed 1007 n25 free_scaled stage 2 epoch 21/30    226 s
seed 1007 n25 free_scaled stage 2 epoch 22/30    228 s
seed 1007 n25 free_scaled stage 2 epoch 23/30    231 s
seed 1007 n25 free_scaled stage 2 epoch 24/30    234 s
seed 1007 n25 free_scaled stage 2 epoch 25/30    236 s
seed 1007 n25 free_scaled stage 2 epoch 26/30    239 s
seed 1007 n25 free_scaled stage 2 epoch 27/30    242 s
seed 1007 n25 free_scaled stage 2 epoch 28/30    244 s
seed 1007 n25 free_scaled stage 2 epoch 29/30    247 s
seed 1007 n25 free_scaled stage 2 epoch 30/30    250 s
seed 1007 n50 prescribed stage 1 epoch  1/30      7 s
seed 1007 n50 prescribed stage 1 epoch  2/30     12 s
seed 1007 n50 prescribed stage 1 epoch  3/30     17 s
seed 1007 n50 prescribed stage 1 epoch  4/30     23 s
seed 1007 n50 prescribed stage 1 epoch  5/30     30 s
seed 1007 n50 prescribed stage 1 epoch  6/30     36 s
seed 1007 n50 prescribed stage 1 epoch  7/30     41 s
seed 1007 n50 prescribed stage 1 epoch  8/30     51 s
seed 1007 n50 prescribed stage 1 epoch  9/30     64 s
seed 1007 n50 prescribed stage 1 epoch 10/30     76 s
seed 1007 n50 prescribed stage 1 epoch 11/30     86 s
seed 1007 n50 prescribed stage 1 epoch 12/30     92 s
seed 1007 n50 prescribed stage 1 epoch 13/30    100 s
seed 1007 n50 prescribed stage 1 epoch 14/30    107 s
seed 1007 n50 prescribed stage 1 epoch 15/30    112 s
seed 1007 n50 prescribed stage 1 epoch 16/30    117 s
seed 1007 n50 prescribed stage 1 epoch 17/30    121 s
seed 1007 n50 prescribed stage 1 epoch 18/30    126 s
seed 1007 n50 prescribed stage 1 epoch 19/30    130 s
seed 1007 n50 prescribed stage 1 epoch 20/30    135 s
seed 1007 n50 prescribed stage 1 epoch 21/30    140 s
seed 1007 n50 prescribed stage 1 epoch 22/30    144 s
seed 1007 n50 prescribed stage 1 epoch 23/30    151 s
seed 1007 n50 prescribed stage 1 epoch 24/30    155 s
seed 1007 n50 prescribed stage 1 epoch 25/30    159 s
seed 1007 n50 prescribed stage 1 epoch 26/30    166 s
seed 1007 n50 prescribed stage 1 epoch 27/30    172 s
seed 1007 n50 prescribed stage 1 epoch 28/30    176 s
seed 1007 n50 prescribed stage 1 epoch 29/30    181 s
seed 1007 n50 prescribed stage 1 epoch 30/30    186 s
seed 1007 n50 prescribed stage 2 epoch  1/30    193 s
seed 1007 n50 prescribed stage 2 epoch  2/30    198 s
seed 1007 n50 prescribed stage 2 epoch  3/30    204 s
seed 1007 n50 prescribed stage 2 epoch  4/30    209 s
seed 1007 n50 prescribed stage 2 epoch  5/30    214 s
seed 1007 n50 prescribed stage 2 epoch  6/30    218 s
seed 1007 n50 prescribed stage 2 epoch  7/30    223 s
seed 1007 n50 prescribed stage 2 epoch  8/30    228 s
seed 1007 n50 prescribed stage 2 epoch  9/30    233 s
seed 1007 n50 prescribed stage 2 epoch 10/30    237 s
seed 1007 n50 prescribed stage 2 epoch 11/30    242 s
seed 1007 n50 prescribed stage 2 epoch 12/30    246 s
seed 1007 n50 prescribed stage 2 epoch 13/30    250 s
seed 1007 n50 prescribed stage 2 epoch 14/30    254 s
seed 1007 n50 prescribed stage 2 epoch 15/30    260 s
seed 1007 n50 prescribed stage 2 epoch 16/30    264 s
seed 1007 n50 prescribed stage 2 epoch 17/30    269 s
seed 1007 n50 prescribed stage 2 epoch 18/30    273 s
seed 1007 n50 prescribed stage 2 epoch 19/30    276 s
seed 1007 n50 prescribed stage 2 epoch 20/30    280 s
seed 1007 n50 prescribed stage 2 epoch 21/30    285 s
seed 1007 n50 prescribed stage 2 epoch 22/30    289 s
seed 1007 n50 prescribed stage 2 epoch 23/30    292 s
seed 1007 n50 prescribed stage 2 epoch 24/30    296 s
seed 1007 n50 prescribed stage 2 epoch 25/30    300 s
seed 1007 n50 prescribed stage 2 epoch 26/30    303 s
seed 1007 n50 prescribed stage 2 epoch 27/30    306 s
seed 1007 n50 prescribed stage 2 epoch 28/30    310 s
seed 1007 n50 prescribed stage 2 epoch 29/30    313 s
seed 1007 n50 prescribed stage 2 epoch 30/30    317 s
seed 1007 n50 free_scaled stage 1 epoch  1/30     10 s
seed 1007 n50 free_scaled stage 1 epoch  2/30     20 s
seed 1007 n50 free_scaled stage 1 epoch  3/30     31 s
seed 1007 n50 free_scaled stage 1 epoch  4/30     44 s
seed 1007 n50 free_scaled stage 1 epoch  5/30     55 s
seed 1007 n50 free_scaled stage 1 epoch  6/30     65 s
seed 1007 n50 free_scaled stage 1 epoch  7/30     75 s
seed 1007 n50 free_scaled stage 1 epoch  8/30     85 s
seed 1007 n50 free_scaled stage 1 epoch  9/30     98 s
seed 1007 n50 free_scaled stage 1 epoch 10/30    116 s
seed 1007 n50 free_scaled stage 1 epoch 11/30    129 s
seed 1007 n50 free_scaled stage 1 epoch 12/30    140 s
seed 1007 n50 free_scaled stage 1 epoch 13/30    152 s
seed 1007 n50 free_scaled stage 1 epoch 14/30    166 s
seed 1007 n50 free_scaled stage 1 epoch 15/30    177 s
seed 1007 n50 free_scaled stage 1 epoch 16/30    191 s
seed 1007 n50 free_scaled stage 1 epoch 17/30    203 s
seed 1007 n50 free_scaled stage 1 epoch 18/30    218 s
seed 1007 n50 free_scaled stage 1 epoch 19/30    232 s
seed 1007 n50 free_scaled stage 1 epoch 20/30    243 s
seed 1007 n50 free_scaled stage 1 epoch 21/30    255 s
seed 1007 n50 free_scaled stage 1 epoch 22/30    265 s
seed 1007 n50 free_scaled stage 1 epoch 23/30    275 s
seed 1007 n50 free_scaled stage 1 epoch 24/30    285 s
seed 1007 n50 free_scaled stage 1 epoch 25/30    296 s
seed 1007 n50 free_scaled stage 1 epoch 26/30    308 s
seed 1007 n50 free_scaled stage 1 epoch 27/30    319 s
seed 1007 n50 free_scaled stage 1 epoch 28/30    331 s
seed 1007 n50 free_scaled stage 1 epoch 29/30    343 s
seed 1007 n50 free_scaled stage 1 epoch 30/30    353 s
seed 1007 n50 free_scaled stage 2 epoch  1/30    357 s
seed 1007 n50 free_scaled stage 2 epoch  2/30    361 s
seed 1007 n50 free_scaled stage 2 epoch  3/30    366 s
seed 1007 n50 free_scaled stage 2 epoch  4/30    370 s
seed 1007 n50 free_scaled stage 2 epoch  5/30    374 s
seed 1007 n50 free_scaled stage 2 epoch  6/30    378 s
seed 1007 n50 free_scaled stage 2 epoch  7/30    383 s
seed 1007 n50 free_scaled stage 2 epoch  8/30    386 s
seed 1007 n50 free_scaled stage 2 epoch  9/30    390 s
seed 1007 n50 free_scaled stage 2 epoch 10/30    394 s
seed 1007 n50 free_scaled stage 2 epoch 11/30    397 s
seed 1007 n50 free_scaled stage 2 epoch 12/30    402 s
seed 1007 n50 free_scaled stage 2 epoch 13/30    408 s
seed 1007 n50 free_scaled stage 2 epoch 14/30    411 s
seed 1007 n50 free_scaled stage 2 epoch 15/30    415 s
seed 1007 n50 free_scaled stage 2 epoch 16/30    419 s
seed 1007 n50 free_scaled stage 2 epoch 17/30    423 s
seed 1007 n50 free_scaled stage 2 epoch 18/30    427 s
seed 1007 n50 free_scaled stage 2 epoch 19/30    431 s
seed 1007 n50 free_scaled stage 2 epoch 20/30    436 s
seed 1007 n50 free_scaled stage 2 epoch 21/30    440 s
seed 1007 n50 free_scaled stage 2 epoch 22/30    445 s
seed 1007 n50 free_scaled stage 2 epoch 23/30    449 s
seed 1007 n50 free_scaled stage 2 epoch 24/30    453 s
seed 1007 n50 free_scaled stage 2 epoch 25/30    458 s
seed 1007 n50 free_scaled stage 2 epoch 26/30    462 s
seed 1007 n50 free_scaled stage 2 epoch 27/30    466 s
seed 1007 n50 free_scaled stage 2 epoch 28/30    470 s
seed 1007 n50 free_scaled stage 2 epoch 29/30    475 s
seed 1007 n50 free_scaled stage 2 epoch 30/30    479 s
seed 1007 n200 prescribed_gate stage 2 epoch  1/30     17 s
seed 1007 n200 prescribed_gate stage 2 epoch  2/30     35 s
seed 1007 n200 prescribed_gate stage 2 epoch  3/30     53 s
seed 1007 n200 prescribed_gate stage 2 epoch  4/30     69 s
seed 1007 n200 prescribed_gate stage 2 epoch  5/30     85 s
seed 1007 n200 prescribed_gate stage 2 epoch  6/30    100 s
seed 1007 n200 prescribed_gate stage 2 epoch  7/30    118 s
seed 1007 n200 prescribed_gate stage 2 epoch  8/30    135 s
seed 1007 n200 prescribed_gate stage 2 epoch  9/30    151 s
seed 1007 n200 prescribed_gate stage 2 epoch 10/30    166 s
seed 1007 n200 prescribed_gate stage 2 epoch 11/30    183 s
seed 1007 n200 prescribed_gate stage 2 epoch 12/30    208 s
seed 1007 n200 prescribed_gate stage 2 epoch 13/30    226 s
seed 1007 n200 prescribed_gate stage 2 epoch 14/30    243 s
seed 1007 n200 prescribed_gate stage 2 epoch 15/30    261 s
seed 1007 n200 prescribed_gate stage 2 epoch 16/30    276 s
seed 1007 n200 prescribed_gate stage 2 epoch 17/30    293 s
seed 1007 n200 prescribed_gate stage 2 epoch 18/30    310 s
seed 1007 n200 prescribed_gate stage 2 epoch 19/30    326 s
seed 1007 n200 prescribed_gate stage 2 epoch 20/30    344 s
seed 1007 n200 prescribed_gate stage 2 epoch 21/30    361 s
seed 1007 n200 prescribed_gate stage 2 epoch 22/30    378 s
seed 1007 n200 prescribed_gate stage 2 epoch 23/30    398 s
seed 1007 n200 prescribed_gate stage 2 epoch 24/30    416 s
seed 1007 n200 prescribed_gate stage 2 epoch 25/30    436 s
seed 1007 n200 prescribed_gate stage 2 epoch 26/30    450 s
seed 1007 n200 prescribed_gate stage 2 epoch 27/30    464 s
seed 1007 n200 prescribed_gate stage 2 epoch 28/30    480 s
seed 1007 n200 prescribed_gate stage 2 epoch 29/30    503 s
seed 1007 n200 prescribed_gate stage 2 epoch 30/30    521 s
seed 1007 n200 prescribed_sincos stage 2 epoch  1/30     15 s
seed 1007 n200 prescribed_sincos stage 2 epoch  2/30     31 s
seed 1007 n200 prescribed_sincos stage 2 epoch  3/30     49 s
seed 1007 n200 prescribed_sincos stage 2 epoch  4/30     69 s
seed 1007 n200 prescribed_sincos stage 2 epoch  5/30     86 s
seed 1007 n200 prescribed_sincos stage 2 epoch  6/30    105 s
seed 1007 n200 prescribed_sincos stage 2 epoch  7/30    120 s
seed 1007 n200 prescribed_sincos stage 2 epoch  8/30    135 s
seed 1007 n200 prescribed_sincos stage 2 epoch  9/30    149 s
seed 1007 n200 prescribed_sincos stage 2 epoch 10/30    164 s
seed 1007 n200 prescribed_sincos stage 2 epoch 11/30    178 s
seed 1007 n200 prescribed_sincos stage 2 epoch 12/30    193 s
seed 1007 n200 prescribed_sincos stage 2 epoch 13/30    210 s
seed 1007 n200 prescribed_sincos stage 2 epoch 14/30    225 s
seed 1007 n200 prescribed_sincos stage 2 epoch 15/30    243 s
seed 1007 n200 prescribed_sincos stage 2 epoch 16/30    261 s
seed 1007 n200 prescribed_sincos stage 2 epoch 17/30    276 s
seed 1007 n200 prescribed_sincos stage 2 epoch 18/30    290 s
seed 1007 n200 prescribed_sincos stage 2 epoch 19/30    304 s
seed 1007 n200 prescribed_sincos stage 2 epoch 20/30    318 s
seed 1007 n200 prescribed_sincos stage 2 epoch 21/30    336 s
seed 1007 n200 prescribed_sincos stage 2 epoch 22/30    356 s
seed 1007 n200 prescribed_sincos stage 2 epoch 23/30    371 s
seed 1007 n200 prescribed_sincos stage 2 epoch 24/30    387 s
seed 1007 n200 prescribed_sincos stage 2 epoch 25/30    406 s
seed 1007 n200 prescribed_sincos stage 2 epoch 26/30    423 s
seed 1007 n200 prescribed_sincos stage 2 epoch 27/30    443 s
seed 1007 n200 prescribed_sincos stage 2 epoch 28/30    463 s
seed 1007 n200 prescribed_sincos stage 2 epoch 29/30    485 s
seed 1007 n200 prescribed_sincos stage 2 epoch 30/30    504 s
seed 1007 n200 prescribed_std stage 2 epoch  1/30     18 s
seed 1007 n200 prescribed_std stage 2 epoch  2/30     33 s
seed 1007 n200 prescribed_std stage 2 epoch  3/30     51 s
seed 1007 n200 prescribed_std stage 2 epoch  4/30     70 s
seed 1007 n200 prescribed_std stage 2 epoch  5/30     86 s
seed 1007 n200 prescribed_std stage 2 epoch  6/30    105 s
seed 1007 n200 prescribed_std stage 2 epoch  7/30    126 s
seed 1007 n200 prescribed_std stage 2 epoch  8/30    144 s
seed 1007 n200 prescribed_std stage 2 epoch  9/30    161 s
seed 1007 n200 prescribed_std stage 2 epoch 10/30    177 s
seed 1007 n200 prescribed_std stage 2 epoch 11/30    199 s
seed 1007 n200 prescribed_std stage 2 epoch 12/30    216 s
seed 1007 n200 prescribed_std stage 2 epoch 13/30    256 s
seed 1007 n200 prescribed_std stage 2 epoch 14/30    281 s
seed 1007 n200 prescribed_std stage 2 epoch 15/30    298 s
seed 1007 n200 prescribed_std stage 2 epoch 16/30    314 s
seed 1007 n200 prescribed_std stage 2 epoch 17/30    329 s
seed 1007 n200 prescribed_std stage 2 epoch 18/30    344 s
seed 1007 n200 prescribed_std stage 2 epoch 19/30    360 s
seed 1007 n200 prescribed_std stage 2 epoch 20/30    375 s
seed 1007 n200 prescribed_std stage 2 epoch 21/30    390 s
seed 1007 n200 prescribed_std stage 2 epoch 22/30    417 s
seed 1007 n200 prescribed_std stage 2 epoch 23/30    440 s
seed 1007 n200 prescribed_std stage 2 epoch 24/30    458 s
seed 1007 n200 prescribed_std stage 2 epoch 25/30    472 s
seed 1007 n200 prescribed_std stage 2 epoch 26/30    487 s
seed 1007 n200 prescribed_std stage 2 epoch 27/30    503 s
seed 1007 n200 prescribed_std stage 2 epoch 28/30    523 s
seed 1007 n200 prescribed_std stage 2 epoch 29/30    541 s
seed 1007 n200 prescribed_std stage 2 epoch 30/30    559 s
seed 1007: written
