nohup: ignoring input
seed 42 n25 prescribed stage 1 epoch  1/30      7 s
seed 42 n25 prescribed stage 1 epoch  2/30      8 s
seed 42 n25 prescribed stage 1 epoch  3/30     11 s
seed 42 n25 prescribed stage 1 epoch  4/30     13 s
seed 42 n25 prescribed stage 1 epoch  5/30     15 s
seed 42 n25 prescribed stage 1 epoch  6/30     17 s
seed 42 n25 prescribed stage 1 epoch  7/30     19 s
seed 42 n25 prescribed stage 1 epoch  8/30     21 s
seed 42 n25 prescribed stage 1 epoch  9/30     23 s
seed 42 n25 prescribed stage 1 epoch 10/30     24 s
seed 42 n25 prescribed stage 1 epoch 11/30     26 s
seed 42 n25 prescribed stage 1 epoch 12/30     28 s
seed 42 n25 prescribed stage 1 epoch 13/30     30 s
seed 42 n25 prescribed stage 1 epoch 14/30     32 s
seed 42 n25 prescribed stage 1 epoch 15/30     35 s
seed 42 n25 prescribed stage 1 epoch 16/30     37 s
seed 42 n25 prescribed stage 1 epoch 17/30     39 s
seed 42 n25 prescribed stage 1 epoch 18/30     41 s
seed 42 n25 prescribed stage 1 epoch 19/30     44 s
seed 42 n25 prescribed stage 1 epoch 20/30     47 s
seed 42 n25 prescribed stage 1 epoch 21/30     50 s
seed 42 n25 prescribed stage 1 epoch 22/30     52 s
seed 42 n25 prescribed stage 1 epoch 23/30     54 s
seed 42 n25 prescribed stage 1 epoch 24/30     56 s
seed 42 n25 prescribed stage 1 epoch 25/30     58 s
seed 42 n25 prescribed stage 1 epoch 26/30     60 s
seed 42 n25 prescribed stage 1 epoch 27/30     62 s
seed 42 n25 prescribed stage 1 epoch 28/30     64 s
seed 42 n25 prescribed stage 1 epoch 29/30     66 s
seed 42 n25 prescribed stage 1 epoch 30/30     68 s
seed 42 n25 prescribed stage 2 epoch  1/30     70 s
seed 42 n25 prescribed stage 2 epoch  2/30     72 s
seed 42 n25 prescribed stage 2 epoch  3/30     73 s
seed 42 n25 prescribed stage 2 epoch  4/30     75 s
seed 42 n25 prescribed stage 2 epoch  5/30     77 s
seed 42 n25 prescribed stage 2 epoch  6/30     79 s
seed 42 n25 prescribed stage 2 epoch  7/30     81 s
seed 42 n25 prescribed stage 2 epoch  8/30     83 s
seed 42 n25 prescribed stage 2 epoch  9/30     85 s
seed 42 n25 prescribed stage 2 epoch 10/30     87 s
seed 42 n25 prescribed stage 2 epoch 11/30     88 s
seed 42 n25 prescribed stage 2 epoch 12/30     90 s
seed 42 n25 prescribed stage 2 epoch 13/30     92 s
seed 42 n25 prescribed stage 2 epoch 14/30     94 s
seed 42 n25 prescribed stage 2 epoch 15/30     96 s
seed 42 n25 prescribed stage 2 epoch 16/30     98 s
seed 42 n25 prescribed stage 2 epoch 17/30    100 s
seed 42 n25 prescribed stage 2 epoch 18/30    102 s
seed 42 n25 prescribed stage 2 epoch 19/30    103 s
seed 42 n25 prescribed stage 2 epoch 20/30    105 s
seed 42 n25 prescribed stage 2 epoch 21/30    107 s
seed 42 n25 prescribed stage 2 epoch 22/30    109 s
seed 42 n25 prescribed stage 2 epoch 23/30    112 s
seed 42 n25 prescribed stage 2 epoch 24/30    113 s
seed 42 n25 prescribed stage 2 epoch 25/30    115 s
seed 42 n25 prescribed stage 2 epoch 26/30    117 s
seed 42 n25 prescribed stage 2 epoch 27/30    119 s
seed 42 n25 prescribed stage 2 epoch 28/30    122 s
seed 42 n25 prescribed stage 2 epoch 29/30    124 s
seed 42 n25 prescribed stage 2 epoch 30/30    125 s
seed 42 n25 free_scaled stage 1 epoch  1/30      4 s
seed 42 n25 free_scaled stage 1 epoch  2/30      9 s
seed 42 n25 free_scaled stage 1 epoch  3/30     14 s
seed 42 n25 free_scaled stage 1 epoch  4/30     19 s
seed 42 n25 free_scaled stage 1 epoch  5/30     27 s
seed 42 n25 free_scaled stage 1 epoch  6/30     36 s
seed 42 n25 free_scaled stage 1 epoch  7/30     43 s
seed 42 n25 free_scaled stage 1 epoch  8/30     49 s
seed 42 n25 free_scaled stage 1 epoch  9/30     55 s
seed 42 n25 free_scaled stage 1 epoch 10/30     62 s
seed 42 n25 free_scaled stage 1 epoch 11/30     68 s
seed 42 n25 free_scaled stage 1 epoch 12/30     73 s
seed 42 n25 free_scaled stage 1 epoch 13/30     78 s
seed 42 n25 free_scaled stage 1 epoch 14/30     84 s
seed 42 n25 free_scaled stage 1 epoch 15/30     90 s
seed 42 n25 free_scaled stage 1 epoch 16/30     96 s
seed 42 n25 free_scaled stage 1 epoch 17/30    102 s
seed 42 n25 free_scaled stage 1 epoch 18/30    107 s
seed 42 n25 free_scaled stage 1 epoch 19/30    112 s
seed 42 n25 free_scaled stage 1 epoch 20/30    117 s
seed 42 n25 free_scaled stage 1 epoch 21/30    122 s
seed 42 n25 free_scaled stage 1 epoch 22/30    127 s
seed 42 n25 free_scaled stage 1 epoch 23/30    134 s
seed 42 n25 free_scaled stage 1 epoch 24/30    139 s
seed 42 n25 free_scaled stage 1 epoch 25/30    144 s
seed 42 n25 free_scaled stage 1 epoch 26/30    150 s
seed 42 n25 free_scaled stage 1 epoch 27/30    156 s
seed 42 n25 free_scaled stage 1 epoch 28/30    162 s
seed 42 n25 free_scaled stage 1 epoch 29/30    168 s
seed 42 n25 free_scaled stage 1 epoch 30/30    172 s
seed 42 n25 free_scaled stage 2 epoch  1/30    175 s
seed 42 n25 free_scaled stage 2 epoch  2/30    177 s
seed 42 n25 free_scaled stage 2 epoch  3/30    179 s
seed 42 n25 free_scaled stage 2 epoch  4/30    181 s
seed 42 n25 free_scaled stage 2 epoch  5/30    183 s
seed 42 n25 free_scaled stage 2 epoch  6/30    185 s
seed 42 n25 free_scaled stage 2 epoch  7/30    186 s
seed 42 n25 free_scaled stage 2 epoch  8/30    188 s
seed 42 n25 free_scaled stage 2 epoch  9/30    190 s
seed 42 n25 free_scaled stage 2 epoch 10/30    192 s
seed 42 n25 free_scaled stage 2 epoch 11/30    194 s
seed 42 n25 free_scaled stage 2 epoch 12/30    196 s
seed 42 n25 free_scaled stage 2 epoch 13/30    198 s
seed 42 n25 free_scaled stage 2 epoch 14/30    200 s
seed 42 n25 free_scaled stage 2 epoch 15/30    202 s
seed 42 n25 free_scaled stage 2 epoch 16/30    204 s
seed 42 n25 free_scaled stage 2 epoch 17/30    208 s
seed 42 n25 free_scaled stage 2 epoch 18/30    212 s
seed 42 n25 free_scaled stage 2 epoch 19/30    215 s
seed 42 n25 free_scaled stage 2 epoch 20/30    219 s
seed 42 n25 free_scaled stage 2 epoch 21/30    222 s
seed 42 n25 free_scaled stage 2 epoch 22/30    227 s
seed 42 n25 free_scaled stage 2 epoch 23/30    231 s
seed 42 n25 free_scaled stage 2 epoch 24/30    234 s
seed 42 n25 free_scaled stage 2 epoch 25/30    237 s
seed 42 n25 free_scaled stage 2 epoch 26/30    242 s
seed 42 n25 free_scaled stage 2 epoch 27/30    244 s
seed 42 n25 free_scaled stage 2 epoch 28/30    248 s
seed 42 n25 free_scaled stage 2 epoch 29/30    251 s
seed 42 n25 free_scaled stage 2 epoch 30/30    254 s
seed 42 n50 prescribed stage 1 epoch  1/30      4 s
seed 42 n50 prescribed stage 1 epoch  2/30      8 s
seed 42 n50 prescribed stage 1 epoch  3/30     12 s
seed 42 n50 prescribed stage 1 epoch  4/30     15 s
seed 42 n50 prescribed stage 1 epoch  5/30     19 s
seed 42 n50 prescribed stage 1 epoch  6/30     22 s
seed 42 n50 prescribed stage 1 epoch  7/30     26 s
seed 42 n50 prescribed stage 1 epoch  8/30     30 s
seed 42 n50 prescribed stage 1 epoch  9/30     34 s
seed 42 n50 prescribed stage 1 epoch 10/30     37 s
seed 42 n50 prescribed stage 1 epoch 11/30     40 s
seed 42 n50 prescribed stage 1 epoch 12/30     44 s
seed 42 n50 prescribed stage 1 epoch 13/30     47 s
seed 42 n50 prescribed stage 1 epoch 14/30     50 s
seed 42 n50 prescribed stage 1 epoch 15/30     54 s
seed 42 n50 prescribed stage 1 epoch 16/30     58 s
seed 42 n50 prescribed stage 1 epoch 17/30     61 s
seed 42 n50 prescribed stage 1 epoch 18/30     65 s
seed 42 n50 prescribed stage 1 epoch 19/30     69 s
seed 42 n50 prescribed stage 1 epoch 20/30     72 s
seed 42 n50 prescribed stage 1 epoch 21/30     76 s
seed 42 n50 prescribed stage 1 epoch 22/30     79 s
seed 42 n50 prescribed stage 1 epoch 23/30     83 s
seed 42 n50 prescribed stage 1 epoch 24/30     86 s
seed 42 n50 prescribed stage 1 epoch 25/30     90 s
seed 42 n50 prescribed stage 1 epoch 26/30     94 s
seed 42 n50 prescribed stage 1 epoch 27/30     99 s
seed 42 n50 prescribed stage 1 epoch 28/30    103 s
seed 42 n50 prescribed stage 1 epoch 29/30    106 s
seed 42 n50 prescribed stage 1 epoch 30/30    109 s
seed 42 n50 prescribed stage 2 epoch  1/30    113 s
seed 42 n50 prescribed stage 2 epoch  2/30    116 s
seed 42 n50 prescribed stage 2 epoch  3/30    120 s
seed 42 n50 prescribed stage 2 epoch  4/30    125 s
seed 42 n50 prescribed stage 2 epoch  5/30    128 s
seed 42 n50 prescribed stage 2 epoch  6/30    131 s
seed 42 n50 prescribed stage 2 epoch  7/30    135 s
seed 42 n50 prescribed stage 2 epoch  8/30    138 s
seed 42 n50 prescribed stage 2 epoch  9/30    142 s
seed 42 n50 prescribed stage 2 epoch 10/30    146 s
seed 42 n50 prescribed stage 2 epoch 11/30    150 s
seed 42 n50 prescribed stage 2 epoch 12/30    153 s
seed 42 n50 prescribed stage 2 epoch 13/30    157 s
seed 42 n50 prescribed stage 2 epoch 14/30    160 s
seed 42 n50 prescribed stage 2 epoch 15/30    163 s
seed 42 n50 prescribed stage 2 epoch 16/30    167 s
seed 42 n50 prescribed stage 2 epoch 17/30    170 s
seed 42 n50 prescribed stage 2 epoch 18/30    174 s
seed 42 n50 prescribed stage 2 epoch 19/30    177 s
seed 42 n50 prescribed stage 2 epoch 20/30    180 s
seed 42 n50 prescribed stage 2 epoch 21/30    184 s
seed 42 n50 prescribed stage 2 epoch 22/30    187 s
seed 42 n50 prescribed stage 2 epoch 23/30    191 s
seed 42 n50 prescribed stage 2 epoch 24/30    195 s
seed 42 n50 prescribed stage 2 epoch 25/30    199 s
seed 42 n50 prescribed stage 2 epoch 26/30    202 s
seed 42 n50 prescribed stage 2 epoch 27/30    206 s
seed 42 n50 prescribed stage 2 epoch 28/30    209 s
seed 42 n50 prescribed stage 2 epoch 29/30    213 s
seed 42 n50 prescribed stage 2 epoch 30/30    216 s
seed 42 n50 free_scaled stage 1 epoch  1/30      9 s
seed 42 n50 free_scaled stage 1 epoch  2/30     18 s
seed 42 n50 free_scaled stage 1 epoch  3/30     27 s
seed 42 n50 free_scaled stage 1 epoch  4/30     37 s
seed 42 n50 free_scaled stage 1 epoch  5/30     48 s
seed 42 n50 free_scaled stage 1 epoch  6/30     58 s
seed 42 n50 free_scaled stage 1 epoch  7/30     68 s
seed 42 n50 free_scaled stage 1 epoch  8/30     78 s
seed 42 n50 free_scaled stage 1 epoch  9/30     89 s
seed 42 n50 free_scaled stage 1 epoch 10/30     99 s
seed 42 n50 free_scaled stage 1 epoch 11/30    108 s
seed 42 n50 free_scaled stage 1 epoch 12/30    117 s
seed 42 n50 free_scaled stage 1 epoch 13/30    127 s
seed 42 n50 free_scaled stage 1 epoch 14/30    135 s
seed 42 n50 free_scaled stage 1 epoch 15/30    146 s
seed 42 n50 free_scaled stage 1 epoch 16/30    159 s
seed 42 n50 free_scaled stage 1 epoch 17/30    169 s
seed 42 n50 free_scaled stage 1 epoch 18/30    178 s
seed 42 n50 free_scaled stage 1 epoch 19/30    191 s
seed 42 n50 free_scaled stage 1 epoch 20/30    201 s
seed 42 n50 free_scaled stage 1 epoch 21/30    212 s
seed 42 n50 free_scaled stage 1 epoch 22/30    224 s
seed 42 n50 free_scaled stage 1 epoch 23/30    236 s
seed 42 n50 free_scaled stage 1 epoch 24/30    245 s
seed 42 n50 free_scaled stage 1 epoch 25/30    255 s
seed 42 n50 free_scaled stage 1 epoch 26/30    265 s
seed 42 n50 free_scaled stage 1 epoch 27/30    275 s
seed 42 n50 free_scaled stage 1 epoch 28/30    287 s
seed 42 n50 free_scaled stage 1 epoch 29/30    298 s
seed 42 n50 free_scaled stage 1 epoch 30/30    308 s
seed 42 n50 free_scaled stage 2 epoch  1/30    313 s
seed 42 n50 free_scaled stage 2 epoch  2/30    317 s
seed 42 n50 free_scaled stage 2 epoch  3/30    321 s
seed 42 n50 free_scaled stage 2 epoch  4/30    325 s
seed 42 n50 free_scaled stage 2 epoch  5/30    329 s
seed 42 n50 free_scaled stage 2 epoch  6/30    333 s
seed 42 n50 free_scaled stage 2 epoch  7/30    338 s
seed 42 n50 free_scaled stage 2 epoch  8/30    343 s
seed 42 n50 free_scaled stage 2 epoch  9/30    348 s
seed 42 n50 free_scaled stage 2 epoch 10/30    353 s
seed 42 n50 free_scaled stage 2 epoch 11/30    358 s
seed 42 n50 free_scaled stage 2 epoch 12/30    362 s
seed 42 n50 free_scaled stage 2 epoch 13/30    366 s
seed 42 n50 free_scaled stage 2 epoch 14/30    369 s
seed 42 n50 free_scaled stage 2 epoch 15/30    373 s
seed 42 n50 free_scaled stage 2 epoch 16/30    376 s
seed 42 n50 free_scaled stage 2 epoch 17/30    380 s
seed 42 n50 free_scaled stage 2 epoch 18/30    384 s
seed 42 n50 free_scaled stage 2 epoch 19/30    388 s
seed 42 n50 free_scaled stage 2 epoch 20/30    392 s
seed 42 n50 free_scaled stage 2 epoch 21/30    395 s
seed 42 n50 free_scaled stage 2 epoch 22/30    399 s
seed 42 n50 free_scaled stage 2 epoch 23/30    403 s
seed 42 n50 free_scaled stage 2 epoch 24/30    407 s
seed 42 n50 free_scaled stage 2 epoch 25/30    413 s
seed 42 n50 free_scaled stage 2 epoch 26/30    417 s
seed 42 n50 free_scaled stage 2 epoch 27/30    423 s
seed 42 n50 free_scaled stage 2 epoch 28/30    427 s
seed 42 n50 free_scaled stage 2 epoch 29/30    431 s
seed 42 n50 free_scaled stage 2 epoch 30/30    434 s
seed 42 n200 prescribed_gate stage 2 epoch  1/30     16 s
seed 42 n200 prescribed_gate stage 2 epoch  2/30     41 s
seed 42 n200 prescribed_gate stage 2 epoch  3/30     60 s
seed 42 n200 prescribed_gate stage 2 epoch  4/30     81 s
seed 42 n200 prescribed_gate stage 2 epoch  5/30     98 s
seed 42 n200 prescribed_gate stage 2 epoch  6/30    117 s
seed 42 n200 prescribed_gate stage 2 epoch  7/30    140 s
seed 42 n200 prescribed_gate stage 2 epoch  8/30    172 s
seed 42 n200 prescribed_gate stage 2 epoch  9/30    193 s
seed 42 n200 prescribed_gate stage 2 epoch 10/30    209 s
seed 42 n200 prescribed_gate stage 2 epoch 11/30    228 s
seed 42 n200 prescribed_gate stage 2 epoch 12/30    243 s
seed 42 n200 prescribed_gate stage 2 epoch 13/30    260 s
seed 42 n200 prescribed_gate stage 2 epoch 14/30    279 s
seed 42 n200 prescribed_gate stage 2 epoch 15/30    295 s
seed 42 n200 prescribed_gate stage 2 epoch 16/30    311 s
seed 42 n200 prescribed_gate stage 2 epoch 17/30    330 s
seed 42 n200 prescribed_gate stage 2 epoch 18/30    348 s
seed 42 n200 prescribed_gate stage 2 epoch 19/30    365 s
seed 42 n200 prescribed_gate stage 2 epoch 20/30    383 s
seed 42 n200 prescribed_gate stage 2 epoch 21/30    405 s
seed 42 n200 prescribed_gate stage 2 epoch 22/30    422 s
seed 42 n200 prescribed_gate stage 2 epoch 23/30    443 s
seed 42 n200 prescribed_gate stage 2 epoch 24/30    472 s
seed 42 n200 prescribed_gate stage 2 epoch 25/30    489 s
seed 42 n200 prescribed_gate stage 2 epoch 26/30    504 s
seed 42 n200 prescribed_gate stage 2 epoch 27/30    520 s
seed 42 n200 prescribed_gate stage 2 epoch 28/30    536 s
seed 42 n200 prescribed_gate stage 2 epoch 29/30    552 s
seed 42 n200 prescribed_gate stage 2 epoch 30/30    568 s
seed 42 n200 prescribed_sincos stage 2 epoch  1/30     22 s
seed 42 n200 prescribed_sincos stage 2 epoch  2/30     47 s
seed 42 n200 prescribed_sincos stage 2 epoch  3/30     67 s
seed 42 n200 prescribed_sincos stage 2 epoch  4/30     85 s
seed 42 n200 prescribed_sincos stage 2 epoch  5/30    101 s
seed 42 n200 prescribed_sincos stage 2 epoch  6/30    119 s
seed 42 n200 prescribed_sincos stage 2 epoch  7/30    137 s
seed 42 n200 prescribed_sincos stage 2 epoch  8/30    154 s
seed 42 n200 prescribed_sincos stage 2 epoch  9/30    172 s
seed 42 n200 prescribed_sincos stage 2 epoch 10/30    190 s
seed 42 n200 prescribed_sincos stage 2 epoch 11/30    212 s
seed 42 n200 prescribed_sincos stage 2 epoch 12/30    244 s
seed 42 n200 prescribed_sincos stage 2 epoch 13/30    261 s
seed 42 n200 prescribed_sincos stage 2 epoch 14/30    278 s
seed 42 n200 prescribed_sincos stage 2 epoch 15/30    296 s
seed 42 n200 prescribed_sincos stage 2 epoch 16/30    321 s
seed 42 n200 prescribed_sincos stage 2 epoch 17/30    338 s
seed 42 n200 prescribed_sincos stage 2 epoch 18/30    365 s
seed 42 n200 prescribed_sincos stage 2 epoch 19/30    386 s
seed 42 n200 prescribed_sincos stage 2 epoch 20/30    415 s
seed 42 n200 prescribed_sincos stage 2 epoch 21/30    436 s
seed 42 n200 prescribed_sincos stage 2 epoch 22/30    457 s
seed 42 n200 prescribed_sincos stage 2 epoch 23/30    477 s
seed 42 n200 prescribed_sincos stage 2 epoch 24/30    498 s
seed 42 n200 prescribed_sincos stage 2 epoch 25/30    514 s
seed 42 n200 prescribed_sincos stage 2 epoch 26/30    532 s
seed 42 n200 prescribed_sincos stage 2 epoch 27/30    551 s
seed 42 n200 prescribed_sincos stage 2 epoch 28/30    568 s
seed 42 n200 prescribed_sincos stage 2 epoch 29/30    585 s
seed 42 n200 prescribed_sincos stage 2 epoch 30/30    604 s
seed 42 n200 prescribed_std stage 2 epoch  1/30     16 s
seed 42 n200 prescribed_std stage 2 epoch  2/30     33 s
seed 42 n200 prescribed_std stage 2 epoch  3/30     51 s
seed 42 n200 prescribed_std stage 2 epoch  4/30     68 s
seed 42 n200 prescribed_std stage 2 epoch  5/30     85 s
seed 42 n200 prescribed_std stage 2 epoch  6/30    101 s
seed 42 n200 prescribed_std stage 2 epoch  7/30    118 s
seed 42 n200 prescribed_std stage 2 epoch  8/30    136 s
seed 42 n200 prescribed_std stage 2 epoch  9/30    154 s
seed 42 n200 prescribed_std stage 2 epoch 10/30    169 s
seed 42 n200 prescribed_std stage 2 epoch 11/30    184 s
seed 42 n200 prescribed_std stage 2 epoch 12/30    200 s
seed 42 n200 prescribed_std stage 2 epoch 13/30    217 s
seed 42 n200 prescribed_std stage 2 epoch 14/30    236 s
seed 42 n200 prescribed_std stage 2 epoch 15/30    254 s
seed 42 n200 prescribed_std stage 2 epoch 16/30    273 s
seed 42 n200 prescribed_std stage 2 epoch 17/30    291 s
seed 42 n200 prescribed_std stage 2 epoch 18/30    306 s
seed 42 n200 prescribed_std stage 2 epoch 19/30    323 s
seed 42 n200 prescribed_std stage 2 epoch 20/30    345 s
seed 42 n200 prescribed_std stage 2 epoch 21/30    366 s
seed 42 n200 prescribed_std stage 2 epoch 22/30    383 s
seed 42 n200 prescribed_std stage 2 epoch 23/30    402 s
seed 42 n200 prescribed_std stage 2 epoch 24/30    419 s
seed 42 n200 prescribed_std stage 2 epoch 25/30    437 s
seed 42 n200 prescribed_std stage 2 epoch 26/30    456 s
seed 42 n200 prescribed_std stage 2 epoch 27/30    472 s
seed 42 n200 prescribed_std stage 2 epoch 28/30    486 s
seed 42 n200 prescribed_std stage 2 epoch 29/30    503 s
seed 42 n200 prescribed_std stage 2 epoch 30/30    525 s
seed 42: written
seed 1001 n25 prescribed stage 1 epoch  1/30      5 s
seed 1001 n25 prescribed stage 1 epoch  2/30     10 s
seed 1001 n25 prescribed stage 1 epoch  3/30     12 s
seed 1001 n25 prescribed stage 1 epoch  4/30     15 s
seed 1001 n25 prescribed stage 1 epoch  5/30     17 s
seed 1001 n25 prescribed stage 1 epoch  6/30     20 s
seed 1001 n25 prescribed stage 1 epoch  7/30     22 s
seed 1001 n25 prescribed stage 1 epoch  8/30     25 s
seed 1001 n25 prescribed stage 1 epoch  9/30     28 s
seed 1001 n25 prescribed stage 1 epoch 10/30     31 s
seed 1001 n25 prescribed stage 1 epoch 11/30     34 s
seed 1001 n25 prescribed stage 1 epoch 12/30     37 s
seed 1001 n25 prescribed stage 1 epoch 13/30     39 s
seed 1001 n25 prescribed stage 1 epoch 14/30     41 s
seed 1001 n25 prescribed stage 1 epoch 15/30     43 s
seed 1001 n25 prescribed stage 1 epoch 16/30     46 s
seed 1001 n25 prescribed stage 1 epoch 17/30     48 s
seed 1001 n25 prescribed stage 1 epoch 18/30     50 s
seed 1001 n25 prescribed stage 1 epoch 19/30     53 s
seed 1001 n25 prescribed stage 1 epoch 20/30     55 s
seed 1001 n25 prescribed stage 1 epoch 21/30     59 s
seed 1001 n25 prescribed stage 1 epoch 22/30     62 s
seed 1001 n25 prescribed stage 1 epoch 23/30     64 s
seed 1001 n25 prescribed stage 1 epoch 24/30     67 s
seed 1001 n25 prescribed stage 1 epoch 25/30     68 s
seed 1001 n25 prescribed stage 1 epoch 26/30     71 s
seed 1001 n25 prescribed stage 1 epoch 27/30     73 s
seed 1001 n25 prescribed stage 1 epoch 28/30     76 s
seed 1001 n25 prescribed stage 1 epoch 29/30     78 s
seed 1001 n25 prescribed stage 1 epoch 30/30     80 s
seed 1001 n25 prescribed stage 2 epoch  1/30     82 s
seed 1001 n25 prescribed stage 2 epoch  2/30     84 s
seed 1001 n25 prescribed stage 2 epoch  3/30     86 s
seed 1001 n25 prescribed stage 2 epoch  4/30     88 s
seed 1001 n25 prescribed stage 2 epoch  5/30     92 s
seed 1001 n25 prescribed stage 2 epoch  6/30     94 s
seed 1001 n25 prescribed stage 2 epoch  7/30     97 s
seed 1001 n25 prescribed stage 2 epoch  8/30    100 s
seed 1001 n25 prescribed stage 2 epoch  9/30    103 s
seed 1001 n25 prescribed stage 2 epoch 10/30    106 s
seed 1001 n25 prescribed stage 2 epoch 11/30    108 s
seed 1001 n25 prescribed stage 2 epoch 12/30    111 s
seed 1001 n25 prescribed stage 2 epoch 13/30    114 s
seed 1001 n25 prescribed stage 2 epoch 14/30    118 s
seed 1001 n25 prescribed stage 2 epoch 15/30    121 s
seed 1001 n25 prescribed stage 2 epoch 16/30    123 s
seed 1001 n25 prescribed stage 2 epoch 17/30    125 s
seed 1001 n25 prescribed stage 2 epoch 18/30    126 s
seed 1001 n25 prescribed stage 2 epoch 19/30    128 s
seed 1001 n25 prescribed stage 2 epoch 20/30    130 s
seed 1001 n25 prescribed stage 2 epoch 21/30    132 s
seed 1001 n25 prescribed stage 2 epoch 22/30    134 s
seed 1001 n25 prescribed stage 2 epoch 23/30    137 s
seed 1001 n25 prescribed stage 2 epoch 24/30    140 s
seed 1001 n25 prescribed stage 2 epoch 25/30    142 s
seed 1001 n25 prescribed stage 2 epoch 26/30    145 s
seed 1001 n25 prescribed stage 2 epoch 27/30    147 s
seed 1001 n25 prescribed stage 2 epoch 28/30    151 s
seed 1001 n25 prescribed stage 2 epoch 29/30    156 s
seed 1001 n25 prescribed stage 2 epoch 30/30    161 s
seed 1001 n25 free_scaled stage 1 epoch  1/30      6 s
seed 1001 n25 free_scaled stage 1 epoch  2/30     14 s
seed 1001 n25 free_scaled stage 1 epoch  3/30     20 s
seed 1001 n25 free_scaled stage 1 epoch  4/30     26 s
seed 1001 n25 free_scaled stage 1 epoch  5/30     31 s
seed 1001 n25 free_scaled stage 1 epoch  6/30     36 s
seed 1001 n25 free_scaled stage 1 epoch  7/30     42 s
seed 1001 n25 free_scaled stage 1 epoch  8/30     46 s
seed 1001 n25 free_scaled stage 1 epoch  9/30     52 s
seed 1001 n25 free_scaled stage 1 epoch 10/30     57 s
seed 1001 n25 free_scaled stage 1 epoch 11/30     62 s
seed 1001 n25 free_scaled stage 1 epoch 12/30     67 s
seed 1001 n25 free_scaled stage 1 epoch 13/30     72 s
seed 1001 n25 free_scaled stage 1 epoch 14/30     76 s
seed 1001 n25 free_scaled stage 1 epoch 15/30     81 s
seed 1001 n25 free_scaled stage 1 epoch 16/30     86 s
seed 1001 n25 free_scaled stage 1 epoch 17/30     91 s
seed 1001 n25 free_scaled stage 1 epoch 18/30     95 s
seed 1001 n25 free_scaled stage 1 epoch 19/30    102 s
seed 1001 n25 free_scaled stage 1 epoch 20/30    107 s
seed 1001 n25 free_scaled stage 1 epoch 21/30    111 s
seed 1001 n25 free_scaled stage 1 epoch 22/30    117 s
seed 1001 n25 free_scaled stage 1 epoch 23/30    124 s
seed 1001 n25 free_scaled stage 1 epoch 24/30    130 s
seed 1001 n25 free_scaled stage 1 epoch 25/30    136 s
seed 1001 n25 free_scaled stage 1 epoch 26/30    143 s
seed 1001 n25 free_scaled stage 1 epoch 27/30    148 s
seed 1001 n25 free_scaled stage 1 epoch 28/30    154 s
seed 1001 n25 free_scaled stage 1 epoch 29/30    160 s
seed 1001 n25 free_scaled stage 1 epoch 30/30    166 s
seed 1001 n25 free_scaled stage 2 epoch  1/30    168 s
seed 1001 n25 free_scaled stage 2 epoch  2/30    170 s
seed 1001 n25 free_scaled stage 2 epoch  3/30    173 s
seed 1001 n25 free_scaled stage 2 epoch  4/30    175 s
seed 1001 n25 free_scaled stage 2 epoch  5/30    177 s
seed 1001 n25 free_scaled stage 2 epoch  6/30    179 s
seed 1001 n25 free_scaled stage 2 epoch  7/30    181 s
seed 1001 n25 free_scaled stage 2 epoch  8/30    183 s
seed 1001 n25 free_scaled stage 2 epoch  9/30    186 s
seed 1001 n25 free_scaled stage 2 epoch 10/30    189 s
seed 1001 n25 free_scaled stage 2 epoch 11/30    191 s
seed 1001 n25 free_scaled stage 2 epoch 12/30    194 s
seed 1001 n25 free_scaled stage 2 epoch 13/30    197 s
seed 1001 n25 free_scaled stage 2 epoch 14/30    200 s
seed 1001 n25 free_scaled stage 2 epoch 15/30    204 s
seed 1001 n25 free_scaled stage 2 epoch 16/30    206 s
seed 1001 n25 free_scaled stage 2 epoch 17/30    209 s
seed 1001 n25 free_scaled stage 2 epoch 18/30    211 s
seed 1001 n25 free_scaled stage 2 epoch 19/30    214 s
seed 1001 n25 free_scaled stage 2 epoch 20/30    217 s
seed 1001 n25 free_scaled stage 2 epoch 21/30    222 s
seed 1001 n25 free_scaled stage 2 epoch 22/30    227 s
seed 1001 n25 free_scaled stage 2 epoch 23/30    230 s
seed 1001 n25 free_scaled stage 2 epoch 24/30    233 s
seed 1001 n25 free_scaled stage 2 epoch 25/30    236 s
seed 1001 n25 free_scaled stage 2 epoch 26/30    238 s
seed 1001 n25 free_scaled stage 2 epoch 27/30    241 s
seed 1001 n25 free_scaled stage 2 epoch 28/30    244 s
seed 1001 n25 free_scaled stage 2 epoch 29/30    246 s
seed 1001 n25 free_scaled stage 2 epoch 30/30    249 s
seed 1001 n50 prescribed stage 1 epoch  1/30      5 s
seed 1001 n50 prescribed stage 1 epoch  2/30     12 s
seed 1001 n50 prescribed stage 1 epoch  3/30     17 s
seed 1001 n50 prescribed stage 1 epoch  4/30     22 s
seed 1001 n50 prescribed stage 1 epoch  5/30     29 s
seed 1001 n50 prescribed stage 1 epoch  6/30     35 s
seed 1001 n50 prescribed stage 1 epoch  7/30     42 s
seed 1001 n50 prescribed stage 1 epoch  8/30     47 s
seed 1001 n50 prescribed stage 1 epoch  9/30     55 s
seed 1001 n50 prescribed stage 1 epoch 10/30     68 s
seed 1001 n50 prescribed stage 1 epoch 11/30     80 s
seed 1001 n50 prescribed stage 1 epoch 12/30     88 s
seed 1001 n50 prescribed stage 1 epoch 13/30     96 s
seed 1001 n50 prescribed stage 1 epoch 14/30    104 s
seed 1001 n50 prescribed stage 1 epoch 15/30    111 s
seed 1001 n50 prescribed stage 1 epoch 16/30    116 s
seed 1001 n50 prescribed stage 1 epoch 17/30    121 s
seed 1001 n50 prescribed stage 1 epoch 18/30    126 s
seed 1001 n50 prescribed stage 1 epoch 19/30    130 s
seed 1001 n50 prescribed stage 1 epoch 20/30    135 s
seed 1001 n50 prescribed stage 1 epoch 21/30    139 s
seed 1001 n50 prescribed stage 1 epoch 22/30    144 s
seed 1001 n50 prescribed stage 1 epoch 23/30    148 s
seed 1001 n50 prescribed stage 1 epoch 24/30    155 s
seed 1001 n50 prescribed stage 1 epoch 25/30    159 s
seed 1001 n50 prescribed stage 1 epoch 26/30    164 s
seed 1001 n50 prescribed stage 1 epoch 27/30    170 s
seed 1001 n50 prescribed stage 1 epoch 28/30    176 s
seed 1001 n50 prescribed stage 1 epoch 29/30    181 s
seed 1001 n50 prescribed stage 1 epoch 30/30    186 s
seed 1001 n50 prescribed stage 2 epoch  1/30    190 s
seed 1001 n50 prescribed stage 2 epoch  2/30    196 s
seed 1001 n50 prescribed stage 2 epoch  3/30    203 s
seed 1001 n50 prescribed stage 2 epoch  4/30    208 s
seed 1001 n50 prescribed stage 2 epoch  5/30    213 s
seed 1001 n50 prescribed stage 2 epoch  6/30    217 s
seed 1001 n50 prescribed stage 2 epoch  7/30    222 s
seed 1001 n50 prescribed stage 2 epoch  8/30    226 s
seed 1001 n50 prescribed stage 2 epoch  9/30    231 s
seed 1001 n50 prescribed stage 2 epoch 10/30    236 s
seed 1001 n50 prescribed stage 2 epoch 11/30    241 s
seed 1001 n50 prescribed stage 2 epoch 12/30    245 s
seed 1001 n50 prescribed stage 2 epoch 13/30    250 s
seed 1001 n50 prescribed stage 2 epoch 14/30    254 s
seed 1001 n50 prescribed stage 2 epoch 15/30    258 s
seed 1001 n50 prescribed stage 2 epoch 16/30    263 s
seed 1001 n50 prescribed stage 2 epoch 17/30    268 s
seed 1001 n50 prescribed stage 2 epoch 18/30    272 s
seed 1001 n50 prescribed stage 2 epoch 19/30    277 s
seed 1001 n50 prescribed stage 2 epoch 20/30    280 s
seed 1001 n50 prescribed stage 2 epoch 21/30    284 s
seed 1001 n50 prescribed stage 2 epoch 22/30    288 s
seed 1001 n50 prescribed stage 2 epoch 23/30    292 s
seed 1001 n50 prescribed stage 2 epoch 24/30    296 s
seed 1001 n50 prescribed stage 2 epoch 25/30    300 s
seed 1001 n50 prescribed stage 2 epoch 26/30    303 s
seed 1001 n50 prescribed stage 2 epoch 27/30    307 s
seed 1001 n50 prescribed stage 2 epoch 28/30    310 s
seed 1001 n50 prescribed stage 2 epoch 29/30    314 s
seed 1001 n50 prescribed stage 2 epoch 30/30    317 s
seed 1001 n50 free_scaled stage 1 epoch  1/30     10 s
seed 1001 n50 free_scaled stage 1 epoch  2/30     20 s
seed 1001 n50 free_scaled stage 1 epoch  3/30     30 s
seed 1001 n50 free_scaled stage 1 epoch  4/30     42 s
seed 1001 n50 free_scaled stage 1 epoch  5/30     55 s
seed 1001 n50 free_scaled stage 1 epoch  6/30     65 s
seed 1001 n50 free_scaled stage 1 epoch  7/30     76 s
seed 1001 n50 free_scaled stage 1 epoch  8/30     85 s
seed 1001 n50 free_scaled stage 1 epoch  9/30     97 s
seed 1001 n50 free_scaled stage 1 epoch 10/30    115 s
seed 1001 n50 free_scaled stage 1 epoch 11/30    126 s
seed 1001 n50 free_scaled stage 1 epoch 12/30    140 s
seed 1001 n50 free_scaled stage 1 epoch 13/30    151 s
seed 1001 n50 free_scaled stage 1 epoch 14/30    163 s
seed 1001 n50 free_scaled stage 1 epoch 15/30    177 s
seed 1001 n50 free_scaled stage 1 epoch 16/30    188 s
seed 1001 n50 free_scaled stage 1 epoch 17/30    202 s
seed 1001 n50 free_scaled stage 1 epoch 18/30    214 s
seed 1001 n50 free_scaled stage 1 epoch 19/30    232 s
seed 1001 n50 free_scaled stage 1 epoch 20/30    243 s
seed 1001 n50 free_scaled stage 1 epoch 21/30    254 s
seed 1001 n50 free_scaled stage 1 epoch 22/30    264 s
seed 1001 n50 free_scaled stage 1 epoch 23/30    275 s
seed 1001 n50 free_scaled stage 1 epoch 24/30    285 s
seed 1001 n50 free_scaled stage 1 epoch 25/30    295 s
seed 1001 n50 free_scaled stage 1 epoch 26/30    306 s
seed 1001 n50 free_scaled stage 1 epoch 27/30    318 s
seed 1001 n50 free_scaled stage 1 epoch 28/30    330 s
seed 1001 n50 free_scaled stage 1 epoch 29/30    341 s
seed 1001 n50 free_scaled stage 1 epoch 30/30    353 s
seed 1001 n50 free_scaled stage 2 epoch  1/30    357 s
seed 1001 n50 free_scaled stage 2 epoch  2/30    360 s
seed 1001 n50 free_scaled stage 2 epoch  3/30    364 s
seed 1001 n50 free_scaled stage 2 epoch  4/30    369 s
seed 1001 n50 free_scaled stage 2 epoch  5/30    374 s
seed 1001 n50 free_scaled stage 2 epoch  6/30    378 s
seed 1001 n50 free_scaled stage 2 epoch  7/30    382 s
seed 1001 n50 free_scaled stage 2 epoch  8/30    386 s
seed 1001 n50 free_scaled stage 2 epoch  9/30    390 s
seed 1001 n50 free_scaled stage 2 epoch 10/30    394 s
seed 1001 n50 free_scaled stage 2 epoch 11/30    397 s
seed 1001 n50 free_scaled stage 2 epoch 12/30    401 s
seed 1001 n50 free_scaled stage 2 epoch 13/30    405 s
seed 1001 n50 free_scaled stage 2 epoch 14/30    410 s
seed 1001 n50 free_scaled stage 2 epoch 15/30    415 s
seed 1001 n50 free_scaled stage 2 epoch 16/30    419 s
seed 1001 n50 free_scaled stage 2 epoch 17/30    423 s
seed 1001 n50 free_scaled stage 2 epoch 18/30    427 s
seed 1001 n50 free_scaled stage 2 epoch 19/30    430 s
seed 1001 n50 free_scaled stage 2 epoch 20/30    434 s
seed 1001 n50 free_scaled stage 2 epoch 21/30    439 s
seed 1001 n50 free_scaled stage 2 epoch 22/30    444 s
seed 1001 n50 free_scaled stage 2 epoch 23/30    448 s
seed 1001 n50 free_scaled stage 2 epoch 24/30    452 s
seed 1001 n50 free_scaled stage 2 epoch 25/30    457 s
seed 1001 n50 free_scaled stage 2 epoch 26/30    460 s
seed 1001 n50 free_scaled stage 2 epoch 27/30    466 s
seed 1001 n50 free_scaled stage 2 epoch 28/30    470 s
seed 1001 n50 free_scaled stage 2 epoch 29/30    474 s
seed 1001 n50 free_scaled stage 2 epoch 30/30    478 s
seed 1001 n200 prescribed_gate stage 2 epoch  1/30     17 s
seed 1001 n200 prescribed_gate stage 2 epoch  2/30     34 s
seed 1001 n200 prescribed_gate stage 2 epoch  3/30     53 s
seed 1001 n200 prescribed_gate stage 2 epoch  4/30     68 s
seed 1001 n200 prescribed_gate stage 2 epoch  5/30     84 s
seed 1001 n200 prescribed_gate stage 2 epoch  6/30     99 s
seed 1001 n200 prescribed_gate stage 2 epoch  7/30    115 s
seed 1001 n200 prescribed_gate stage 2 epoch  8/30    134 s
seed 1001 n200 prescribed_gate stage 2 epoch  9/30    149 s
seed 1001 n200 prescribed_gate stage 2 epoch 10/30    165 s
seed 1001 n200 prescribed_gate stage 2 epoch 11/30    181 s
seed 1001 n200 prescribed_gate stage 2 epoch 12/30    204 s
seed 1001 n200 prescribed_gate stage 2 epoch 13/30    221 s
seed 1001 n200 prescribed_gate stage 2 epoch 14/30    239 s
seed 1001 n200 prescribed_gate stage 2 epoch 15/30    258 s
seed 1001 n200 prescribed_gate stage 2 epoch 16/30    273 s
seed 1001 n200 prescribed_gate stage 2 epoch 17/30    290 s
seed 1001 n200 prescribed_gate stage 2 epoch 18/30    305 s
seed 1001 n200 prescribed_gate stage 2 epoch 19/30    323 s
seed 1001 n200 prescribed_gate stage 2 epoch 20/30    338 s
seed 1001 n200 prescribed_gate stage 2 epoch 21/30    356 s
seed 1001 n200 prescribed_gate stage 2 epoch 22/30    372 s
seed 1001 n200 prescribed_gate stage 2 epoch 23/30    391 s
seed 1001 n200 prescribed_gate stage 2 epoch 24/30    409 s
seed 1001 n200 prescribed_gate stage 2 epoch 25/30    428 s
seed 1001 n200 prescribed_gate stage 2 epoch 26/30    446 s
seed 1001 n200 prescribed_gate stage 2 epoch 27/30    460 s
seed 1001 n200 prescribed_gate stage 2 epoch 28/30    474 s
seed 1001 n200 prescribed_gate stage 2 epoch 29/30    490 s
seed 1001 n200 prescribed_gate stage 2 epoch 30/30    512 s
seed 1001 n200 prescribed_sincos stage 2 epoch  1/30     18 s
seed 1001 n200 prescribed_sincos stage 2 epoch  2/30     32 s
seed 1001 n200 prescribed_sincos stage 2 epoch  3/30     49 s
seed 1001 n200 prescribed_sincos stage 2 epoch  4/30     66 s
seed 1001 n200 prescribed_sincos stage 2 epoch  5/30     87 s
seed 1001 n200 prescribed_sincos stage 2 epoch  6/30    105 s
seed 1001 n200 prescribed_sincos stage 2 epoch  7/30    122 s
seed 1001 n200 prescribed_sincos stage 2 epoch  8/30    136 s
seed 1001 n200 prescribed_sincos stage 2 epoch  9/30    151 s
seed 1001 n200 prescribed_sincos stage 2 epoch 10/30    165 s
seed 1001 n200 prescribed_sincos stage 2 epoch 11/30    179 s
seed 1001 n200 prescribed_sincos stage 2 epoch 12/30    193 s
seed 1001 n200 prescribed_sincos stage 2 epoch 13/30    209 s
seed 1001 n200 prescribed_sincos stage 2 epoch 14/30    225 s
seed 1001 n200 prescribed_sincos stage 2 epoch 15/30    241 s
seed 1001 n200 prescribed_sincos stage 2 epoch 16/30    258 s
seed 1001 n200 prescribed_sincos stage 2 epoch 17/30    275 s
seed 1001 n200 prescribed_sincos stage 2 epoch 18/30    290 s
seed 1001 n200 prescribed_sincos stage 2 epoch 19/30    304 s
seed 1001 n200 prescribed_sincos stage 2 epoch 20/30    318 s
seed 1001 n200 prescribed_sincos stage 2 epoch 21/30    333 s
seed 1001 n200 prescribed_sincos stage 2 epoch 22/30    350 s
seed 1001 n200 prescribed_sincos stage 2 epoch 23/30    370 s
seed 1001 n200 prescribed_sincos stage 2 epoch 24/30    385 s
seed 1001 n200 prescribed_sincos stage 2 epoch 25/30    401 s
seed 1001 n200 prescribed_sincos stage 2 epoch 26/30    420 s
seed 1001 n200 prescribed_sincos stage 2 epoch 27/30    437 s
seed 1001 n200 prescribed_sincos stage 2 epoch 28/30    457 s
seed 1001 n200 prescribed_sincos stage 2 epoch 29/30    477 s
seed 1001 n200 prescribed_sincos stage 2 epoch 30/30    501 s
seed 1001 n200 prescribed_std stage 2 epoch  1/30     20 s
seed 1001 n200 prescribed_std stage 2 epoch  2/30     37 s
seed 1001 n200 prescribed_std stage 2 epoch  3/30     53 s
seed 1001 n200 prescribed_std stage 2 epoch  4/30     71 s
seed 1001 n200 prescribed_std stage 2 epoch  5/30     90 s
seed 1001 n200 prescribed_std stage 2 epoch  6/30    105 s
seed 1001 n200 prescribed_std stage 2 epoch  7/30    124 s
seed 1001 n200 prescribed_std stage 2 epoch  8/30    146 s
seed 1001 n200 prescribed_std stage 2 epoch  9/30    163 s
seed 1001 n200 prescribed_std stage 2 epoch 10/30    179 s
seed 1001 n200 prescribed_std stage 2 epoch 11/30    196 s
seed 1001 n200 prescribed_std stage 2 epoch 12/30    218 s
seed 1001 n200 prescribed_std stage 2 epoch 13/30    236 s
seed 1001 n200 prescribed_std stage 2 epoch 14/30    277 s
seed 1001 n200 prescribed_std stage 2 epoch 15/30    300 s
seed 1001 n200 prescribed_std stage 2 epoch 16/30    317 s
seed 1001 n200 prescribed_std stage 2 epoch 17/30    333 s
seed 1001 n200 prescribed_std stage 2 epoch 18/30    348 s
seed 1001 n200 prescribed_std stage 2 epoch 19/30    363 s
seed 1001 n200 prescribed_std stage 2 epoch 20/30    378 s
seed 1001 n200 prescribed_std stage 2 epoch 21/30    394 s
seed 1001 n200 prescribed_std stage 2 epoch 22/30    409 s
seed 1001 n200 prescribed_std stage 2 epoch 23/30    436 s
seed 1001 n200 prescribed_std stage 2 epoch 24/30    459 s
seed 1001 n200 prescribed_std stage 2 epoch 25/30    476 s
seed 1001 n200 prescribed_std stage 2 epoch 26/30    490 s
seed 1001 n200 prescribed_std stage 2 epoch 27/30    505 s
seed 1001 n200 prescribed_std stage 2 epoch 28/30    521 s
seed 1001 n200 prescribed_std stage 2 epoch 29/30    540 s
seed 1001 n200 prescribed_std stage 2 epoch 30/30    559 s
seed 1001: written
seed 1005 n25 prescribed stage 1 epoch  1/30      2 s
seed 1005 n25 prescribed stage 1 epoch  2/30      4 s
seed 1005 n25 prescribed stage 1 epoch  3/30      6 s
seed 1005 n25 prescribed stage 1 epoch  4/30      8 s
seed 1005 n25 prescribed stage 1 epoch  5/30     11 s
seed 1005 n25 prescribed stage 1 epoch  6/30     13 s
seed 1005 n25 prescribed stage 1 epoch  7/30     15 s
seed 1005 n25 prescribed stage 1 epoch  8/30     17 s
seed 1005 n25 prescribed stage 1 epoch  9/30     20 s
seed 1005 n25 prescribed stage 1 epoch 10/30     22 s
seed 1005 n25 prescribed stage 1 epoch 11/30     24 s
seed 1005 n25 prescribed stage 1 epoch 12/30     26 s
seed 1005 n25 prescribed stage 1 epoch 13/30     28 s
seed 1005 n25 prescribed stage 1 epoch 14/30     30 s
seed 1005 n25 prescribed stage 1 epoch 15/30     31 s
seed 1005 n25 prescribed stage 1 epoch 16/30     33 s
seed 1005 n25 prescribed stage 1 epoch 17/30     35 s
seed 1005 n25 prescribed stage 1 epoch 18/30     37 s
seed 1005 n25 prescribed stage 1 epoch 19/30     39 s
seed 1005 n25 prescribed stage 1 epoch 20/30     41 s
seed 1005 n25 prescribed stage 1 epoch 21/30     43 s
seed 1005 n25 prescribed stage 1 epoch 22/30     45 s
seed 1005 n25 prescribed stage 1 epoch 23/30     47 s
seed 1005 n25 prescribed stage 1 epoch 24/30     49 s
seed 1005 n25 prescribed stage 1 epoch 25/30     51 s
seed 1005 n25 prescribed stage 1 epoch 26/30     53 s
seed 1005 n25 prescribed stage 1 epoch 27/30     55 s
seed 1005 n25 prescribed stage 1 epoch 28/30     57 s
seed 1005 n25 prescribed stage 1 epoch 29/30     59 s
seed 1005 n25 prescribed stage 1 epoch 30/30     60 s
seed 1005 n25 prescribed stage 2 epoch  1/30     62 s
seed 1005 n25 prescribed stage 2 epoch  2/30     64 s
seed 1005 n25 prescribed stage 2 epoch  3/30     65 s
seed 1005 n25 prescribed stage 2 epoch  4/30     67 s
seed 1005 n25 prescribed stage 2 epoch  5/30     69 s
seed 1005 n25 prescribed stage 2 epoch  6/30     70 s
seed 1005 n25 prescribed stage 2 epoch  7/30     72 s
seed 1005 n25 prescribed stage 2 epoch  8/30     74 s
seed 1005 n25 prescribed stage 2 epoch  9/30     76 s
seed 1005 n25 prescribed stage 2 epoch 10/30     77 s
seed 1005 n25 prescribed stage 2 epoch 11/30     79 s
seed 1005 n25 prescribed stage 2 epoch 12/30     81 s
seed 1005 n25 prescribed stage 2 epoch 13/30     82 s
seed 1005 n25 prescribed stage 2 epoch 14/30     84 s
seed 1005 n25 prescribed stage 2 epoch 15/30     86 s
seed 1005 n25 prescribed stage 2 epoch 16/30     87 s
seed 1005 n25 prescribed stage 2 epoch 17/30     89 s
seed 1005 n25 prescribed stage 2 epoch 18/30     91 s
seed 1005 n25 prescribed stage 2 epoch 19/30     92 s
seed 1005 n25 prescribed stage 2 epoch 20/30     94 s
seed 1005 n25 prescribed stage 2 epoch 21/30     96 s
seed 1005 n25 prescribed stage 2 epoch 22/30     97 s
seed 1005 n25 prescribed stage 2 epoch 23/30     99 s
seed 1005 n25 prescribed stage 2 epoch 24/30    101 s
seed 1005 n25 prescribed stage 2 epoch 25/30    102 s
seed 1005 n25 prescribed stage 2 epoch 26/30    104 s
seed 1005 n25 prescribed stage 2 epoch 27/30    106 s
seed 1005 n25 prescribed stage 2 epoch 28/30    107 s
seed 1005 n25 prescribed stage 2 epoch 29/30    109 s
seed 1005 n25 prescribed stage 2 epoch 30/30    111 s
seed 1005 n25 free_scaled stage 1 epoch  1/30      4 s
seed 1005 n25 free_scaled stage 1 epoch  2/30      9 s
seed 1005 n25 free_scaled stage 1 epoch  3/30     13 s
seed 1005 n25 free_scaled stage 1 epoch  4/30     17 s
seed 1005 n25 free_scaled stage 1 epoch  5/30     22 s
seed 1005 n25 free_scaled stage 1 epoch  6/30     26 s
seed 1005 n25 free_scaled stage 1 epoch  7/30     31 s
seed 1005 n25 free_scaled stage 1 epoch  8/30     35 s
seed 1005 n25 free_scaled stage 1 epoch  9/30     39 s
seed 1005 n25 free_scaled stage 1 epoch 10/30     43 s
seed 1005 n25 free_scaled stage 1 epoch 11/30     48 s
seed 1005 n25 free_scaled stage 1 epoch 12/30     53 s
seed 1005 n25 free_scaled stage 1 epoch 13/30     57 s
seed 1005 n25 free_scaled stage 1 epoch 14/30     62 s
seed 1005 n25 free_scaled stage 1 epoch 15/30     67 s
seed 1005 n25 free_scaled stage 1 epoch 16/30     72 s
seed 1005 n25 free_scaled stage 1 epoch 17/30     77 s
seed 1005 n25 free_scaled stage 1 epoch 18/30     81 s
seed 1005 n25 free_scaled stage 1 epoch 19/30     86 s
seed 1005 n25 free_scaled stage 1 epoch 20/30     91 s
seed 1005 n25 free_scaled stage 1 epoch 21/30     95 s
seed 1005 n25 free_scaled stage 1 epoch 22/30    100 s
seed 1005 n25 free_scaled stage 1 epoch 23/30    104 s
seed 1005 n25 free_scaled stage 1 epoch 24/30    109 s
seed 1005 n25 free_scaled stage 1 epoch 25/30    113 s
seed 1005 n25 free_scaled stage 1 epoch 26/30    118 s
seed 1005 n25 free_scaled stage 1 epoch 27/30    122 s
seed 1005 n25 free_scaled stage 1 epoch 28/30    127 s
seed 1005 n25 free_scaled stage 1 epoch 29/30    131 s
seed 1005 n25 free_scaled stage 1 epoch 30/30    136 s
seed 1005 n25 free_scaled stage 2 epoch  1/30    139 s
seed 1005 n25 free_scaled stage 2 epoch  2/30    140 s
seed 1005 n25 free_scaled stage 2 epoch  3/30    142 s
seed 1005 n25 free_scaled stage 2 epoch  4/30    144 s
seed 1005 n25 free_scaled stage 2 epoch  5/30    146 s
seed 1005 n25 free_scaled stage 2 epoch  6/30    149 s
seed 1005 n25 free_scaled stage 2 epoch  7/30    150 s
seed 1005 n25 free_scaled stage 2 epoch  8/30    152 s
seed 1005 n25 free_scaled stage 2 epoch  9/30    153 s
seed 1005 n25 free_scaled stage 2 epoch 10/30    155 s
seed 1005 n25 free_scaled stage 2 epoch 11/30    157 s
seed 1005 n25 free_scaled stage 2 epoch 12/30    159 s
seed 1005 n25 free_scaled stage 2 epoch 13/30    160 s
seed 1005 n25 free_scaled stage 2 epoch 14/30    162 s
seed 1005 n25 free_scaled stage 2 epoch 15/30    164 s
seed 1005 n25 free_scaled stage 2 epoch 16/30    165 s
seed 1005 n25 free_scaled stage 2 epoch 17/30    167 s
seed 1005 n25 free_scaled stage 2 epoch 18/30    169 s
seed 1005 n25 free_scaled stage 2 epoch 19/30    170 s
seed 1005 n25 free_scaled stage 2 epoch 20/30    172 s
seed 1005 n25 free_scaled stage 2 epoch 21/30    174 s
seed 1005 n25 free_scaled stage 2 epoch 22/30    175 s
seed 1005 n25 free_scaled stage 2 epoch 23/30    177 s
seed 1005 n25 free_scaled stage 2 epoch 24/30    179 s
seed 1005 n25 free_scaled stage 2 epoch 25/30    180 s
seed 1005 n25 free_scaled stage 2 epoch 26/30    182 s
seed 1005 n25 free_scaled stage 2 epoch 27/30    184 s
seed 1005 n25 free_scaled stage 2 epoch 28/30    185 s
seed 1005 n25 free_scaled stage 2 epoch 29/30    187 s
seed 1005 n25 free_scaled stage 2 epoch 30/30    189 s
seed 1005 n50 prescribed stage 1 epoch  1/30      3 s
seed 1005 n50 prescribed stage 1 epoch  2/30      7 s
seed 1005 n50 prescribed stage 1 epoch  3/30     10 s
seed 1005 n50 prescribed stage 1 epoch  4/30     14 s
seed 1005 n50 prescribed stage 1 epoch  5/30     18 s
seed 1005 n50 prescribed stage 1 epoch  6/30     21 s
seed 1005 n50 prescribed stage 1 epoch  7/30     25 s
seed 1005 n50 prescribed stage 1 epoch  8/30     29 s
seed 1005 n50 prescribed stage 1 epoch  9/30     33 s
seed 1005 n50 prescribed stage 1 epoch 10/30     36 s
seed 1005 n50 prescribed stage 1 epoch 11/30     39 s
seed 1005 n50 prescribed stage 1 epoch 12/30     44 s
seed 1005 n50 prescribed stage 1 epoch 13/30     48 s
seed 1005 n50 prescribed stage 1 epoch 14/30     52 s
seed 1005 n50 prescribed stage 1 epoch 15/30     56 s
seed 1005 n50 prescribed stage 1 epoch 16/30     61 s
seed 1005 n50 prescribed stage 1 epoch 17/30     64 s
seed 1005 n50 prescribed stage 1 epoch 18/30     67 s
seed 1005 n50 prescribed stage 1 epoch 19/30     71 s
seed 1005 n50 prescribed stage 1 epoch 20/30     74 s
seed 1005 n50 prescribed stage 1 epoch 21/30     77 s
seed 1005 n50 prescribed stage 1 epoch 22/30     80 s
seed 1005 n50 prescribed stage 1 epoch 23/30     84 s
seed 1005 n50 prescribed stage 1 epoch 24/30     87 s
seed 1005 n50 prescribed stage 1 epoch 25/30     90 s
seed 1005 n50 prescribed stage 1 epoch 26/30     93 s
seed 1005 n50 prescribed stage 1 epoch 27/30     97 s
seed 1005 n50 prescribed stage 1 epoch 28/30    100 s
seed 1005 n50 prescribed stage 1 epoch 29/30    103 s
seed 1005 n50 prescribed stage 1 epoch 30/30    107 s
seed 1005 n50 prescribed stage 2 epoch  1/30    111 s
seed 1005 n50 prescribed stage 2 epoch  2/30    114 s
seed 1005 n50 prescribed stage 2 epoch  3/30    117 s
seed 1005 n50 prescribed stage 2 epoch  4/30    120 s
seed 1005 n50 prescribed stage 2 epoch  5/30    124 s
seed 1005 n50 prescribed stage 2 epoch  6/30    127 s
seed 1005 n50 prescribed stage 2 epoch  7/30    130 s
seed 1005 n50 prescribed stage 2 epoch  8/30    134 s
seed 1005 n50 prescribed stage 2 epoch  9/30    137 s
seed 1005 n50 prescribed stage 2 epoch 10/30    140 s
seed 1005 n50 prescribed stage 2 epoch 11/30    143 s
seed 1005 n50 prescribed stage 2 epoch 12/30    147 s
seed 1005 n50 prescribed stage 2 epoch 13/30    150 s
seed 1005 n50 prescribed stage 2 epoch 14/30    153 s
seed 1005 n50 prescribed stage 2 epoch 15/30    156 s
seed 1005 n50 prescribed stage 2 epoch 16/30    160 s
seed 1005 n50 prescribed stage 2 epoch 17/30    163 s
seed 1005 n50 prescribed stage 2 epoch 18/30    166 s
seed 1005 n50 prescribed stage 2 epoch 19/30    170 s
seed 1005 n50 prescribed stage 2 epoch 20/30    173 s
seed 1005 n50 prescribed stage 2 epoch 21/30    176 s
seed 1005 n50 prescribed stage 2 epoch 22/30    179 s
seed 1005 n50 prescribed stage 2 epoch 23/30    183 s
seed 1005 n50 prescribed stage 2 epoch 24/30    186 s
seed 1005 n50 prescribed stage 2 epoch 25/30    189 s
seed 1005 n50 prescribed stage 2 epoch 26/30    193 s
seed 1005 n50 prescribed stage 2 epoch 27/30    196 s
seed 1005 n50 prescribed stage 2 epoch 28/30    199 s
seed 1005 n50 prescribed stage 2 epoch 29/30    202 s
seed 1005 n50 prescribed stage 2 epoch 30/30    206 s
seed 1005 n50 free_scaled stage 1 epoch  1/30      8 s
seed 1005 n50 free_scaled stage 1 epoch  2/30     17 s
seed 1005 n50 free_scaled stage 1 epoch  3/30     25 s
seed 1005 n50 free_scaled stage 1 epoch  4/30     34 s
seed 1005 n50 free_scaled stage 1 epoch  5/30     42 s
seed 1005 n50 free_scaled stage 1 epoch  6/30     51 s
seed 1005 n50 free_scaled stage 1 epoch  7/30     59 s
seed 1005 n50 free_scaled stage 1 epoch  8/30     68 s
seed 1005 n50 free_scaled stage 1 epoch  9/30     76 s
seed 1005 n50 free_scaled stage 1 epoch 10/30     85 s
seed 1005 n50 free_scaled stage 1 epoch 11/30     93 s
seed 1005 n50 free_scaled stage 1 epoch 12/30    102 s
seed 1005 n50 free_scaled stage 1 epoch 13/30    110 s
seed 1005 n50 free_scaled stage 1 epoch 14/30    119 s
seed 1005 n50 free_scaled stage 1 epoch 15/30    127 s
seed 1005 n50 free_scaled stage 1 epoch 16/30    136 s
seed 1005 n50 free_scaled stage 1 epoch 17/30    144 s
seed 1005 n50 free_scaled stage 1 epoch 18/30    153 s
seed 1005 n50 free_scaled stage 1 epoch 19/30    161 s
seed 1005 n50 free_scaled stage 1 epoch 20/30    170 s
seed 1005 n50 free_scaled stage 1 epoch 21/30    178 s
seed 1005 n50 free_scaled stage 1 epoch 22/30    187 s
seed 1005 n50 free_scaled stage 1 epoch 23/30    195 s
seed 1005 n50 free_scaled stage 1 epoch 24/30    203 s
seed 1005 n50 free_scaled stage 1 epoch 25/30    212 s
seed 1005 n50 free_scaled stage 1 epoch 26/30    221 s
seed 1005 n50 free_scaled stage 1 epoch 27/30    229 s
seed 1005 n50 free_scaled stage 1 epoch 28/30    237 s
seed 1005 n50 free_scaled stage 1 epoch 29/30    246 s
seed 1005 n50 free_scaled stage 1 epoch 30/30    254 s
seed 1005 n50 free_scaled stage 2 epoch  1/30    257 s
seed 1005 n50 free_scaled stage 2 epoch  2/30    261 s
seed 1005 n50 free_scaled stage 2 epoch  3/30    264 s
seed 1005 n50 free_scaled stage 2 epoch  4/30    268 s
seed 1005 n50 free_scaled stage 2 epoch  5/30    271 s
seed 1005 n50 free_scaled stage 2 epoch  6/30    274 s
seed 1005 n50 free_scaled stage 2 epoch  7/30    277 s
seed 1005 n50 free_scaled stage 2 epoch  8/30    281 s
seed 1005 n50 free_scaled stage 2 epoch  9/30    284 s
seed 1005 n50 free_scaled stage 2 epoch 10/30    287 s
seed 1005 n50 free_scaled stage 2 epoch 11/30    290 s
seed 1005 n50 free_scaled stage 2 epoch 12/30    294 s
seed 1005 n50 free_scaled stage 2 epoch 13/30    297 s
seed 1005 n50 free_scaled stage 2 epoch 14/30    300 s
seed 1005 n50 free_scaled stage 2 epoch 15/30    303 s
seed 1005 n50 free_scaled stage 2 epoch 16/30    307 s
seed 1005 n50 free_scaled stage 2 epoch 17/30    310 s
seed 1005 n50 free_scaled stage 2 epoch 18/30    313 s
seed 1005 n50 free_scaled stage 2 epoch 19/30    317 s
seed 1005 n50 free_scaled stage 2 epoch 20/30    320 s
seed 1005 n50 free_scaled stage 2 epoch 21/30    323 s
seed 1005 n50 free_scaled stage 2 epoch 22/30    327 s
seed 1005 n50 free_scaled stage 2 epoch 23/30    330 s
seed 1005 n50 free_scaled stage 2 epoch 24/30    333 s
seed 1005 n50 free_scaled stage 2 epoch 25/30    337 s
seed 1005 n50 free_scaled stage 2 epoch 26/30    340 s
seed 1005 n50 free_scaled stage 2 epoch 27/30    343 s
seed 1005 n50 free_scaled stage 2 epoch 28/30    346 s
seed 1005 n50 free_scaled stage 2 epoch 29/30    350 s
seed 1005 n50 free_scaled stage 2 epoch 30/30    353 s
seed 1005 n200 prescribed_gate stage 2 epoch  1/30     13 s
seed 1005 n200 prescribed_gate stage 2 epoch  2/30     26 s
seed 1005 n200 prescribed_gate stage 2 epoch  3/30     39 s
seed 1005 n200 prescribed_gate stage 2 epoch  4/30     53 s
seed 1005 n200 prescribed_gate stage 2 epoch  5/30     66 s
seed 1005 n200 prescribed_gate stage 2 epoch  6/30     79 s
seed 1005 n200 prescribed_gate stage 2 epoch  7/30     92 s
seed 1005 n200 prescribed_gate stage 2 epoch  8/30    105 s
seed 1005 n200 prescribed_gate stage 2 epoch  9/30    118 s
seed 1005 n200 prescribed_gate stage 2 epoch 10/30    131 s
seed 1005 n200 prescribed_gate stage 2 epoch 11/30    144 s
seed 1005 n200 prescribed_gate stage 2 epoch 12/30    157 s
seed 1005 n200 prescribed_gate stage 2 epoch 13/30    170 s
seed 1005 n200 prescribed_gate stage 2 epoch 14/30    183 s
seed 1005 n200 prescribed_gate stage 2 epoch 15/30    196 s
seed 1005 n200 prescribed_gate stage 2 epoch 16/30    209 s
seed 1005 n200 prescribed_gate stage 2 epoch 17/30    222 s
seed 1005 n200 prescribed_gate stage 2 epoch 18/30    235 s
seed 1005 n200 prescribed_gate stage 2 epoch 19/30    248 s
seed 1005 n200 prescribed_gate stage 2 epoch 20/30    261 s
seed 1005 n200 prescribed_gate stage 2 epoch 21/30    274 s
seed 1005 n200 prescribed_gate stage 2 epoch 22/30    287 s
seed 1005 n200 prescribed_gate stage 2 epoch 23/30    300 s
seed 1005 n200 prescribed_gate stage 2 epoch 24/30    314 s
seed 1005 n200 prescribed_gate stage 2 epoch 25/30    327 s
seed 1005 n200 prescribed_gate stage 2 epoch 26/30    339 s
seed 1005 n200 prescribed_gate stage 2 epoch 27/30    352 s
seed 1005 n200 prescribed_gate stage 2 epoch 28/30    365 s
seed 1005 n200 prescribed_gate stage 2 epoch 29/30    378 s
seed 1005 n200 prescribed_gate stage 2 epoch 30/30    392 s
seed 1005 n200 prescribed_sincos stage 2 epoch  1/30     13 s
seed 1005 n200 prescribed_sincos stage 2 epoch  2/30     26 s
seed 1005 n200 prescribed_sincos stage 2 epoch  3/30     39 s
seed 1005 n200 prescribed_sincos stage 2 epoch  4/30     52 s
seed 1005 n200 prescribed_sincos stage 2 epoch  5/30     65 s
seed 1005 n200 prescribed_sincos stage 2 epoch  6/30     79 s
seed 1005 n200 prescribed_sincos stage 2 epoch  7/30     92 s
seed 1005 n200 prescribed_sincos stage 2 epoch  8/30    105 s
seed 1005 n200 prescribed_sincos stage 2 epoch  9/30    118 s
seed 1005 n200 prescribed_sincos stage 2 epoch 10/30    131 s
seed 1005 n200 prescribed_sincos stage 2 epoch 11/30    144 s
seed 1005 n200 prescribed_sincos stage 2 epoch 12/30    157 s
seed 1005 n200 prescribed_sincos stage 2 epoch 13/30    170 s
seed 1005 n200 prescribed_sincos stage 2 epoch 14/30    183 s
seed 1005 n200 prescribed_sincos stage 2 epoch 15/30    196 s
seed 1005 n200 prescribed_sincos stage 2 epoch 16/30    209 s
seed 1005 n200 prescribed_sincos stage 2 epoch 17/30    222 s
seed 1005 n200 prescribed_sincos stage 2 epoch 18/30    235 s
seed 1005 n200 prescribed_sincos stage 2 epoch 19/30    248 s
seed 1005 n200 prescribed_sincos stage 2 epoch 20/30    261 s
seed 1005 n200 prescribed_sincos stage 2 epoch 21/30    275 s
seed 1005 n200 prescribed_sincos stage 2 epoch 22/30    288 s
seed 1005 n200 prescribed_sincos stage 2 epoch 23/30    301 s
seed 1005 n200 prescribed_sincos stage 2 epoch 24/30    314 s
seed 1005 n200 prescribed_sincos stage 2 epoch 25/30    327 s
seed 1005 n200 prescribed_sincos stage 2 epoch 26/30    340 s
seed 1005 n200 prescribed_sincos stage 2 epoch 27/30    353 s
seed 1005 n200 prescribed_sincos stage 2 epoch 28/30    366 s
seed 1005 n200 prescribed_sincos stage 2 epoch 29/30    379 s
seed 1005 n200 prescribed_sincos stage 2 epoch 30/30    392 s
seed 1005 n200 prescribed_std stage 2 epoch  1/30     13 s
seed 1005 n200 prescribed_std stage 2 epoch  2/30     26 s
seed 1005 n200 prescribed_std stage 2 epoch  3/30     39 s
seed 1005 n200 prescribed_std stage 2 epoch  4/30     52 s
seed 1005 n200 prescribed_std stage 2 epoch  5/30     65 s
seed 1005 n200 prescribed_std stage 2 epoch  6/30     79 s
seed 1005 n200 prescribed_std stage 2 epoch  7/30     92 s
seed 1005 n200 prescribed_std stage 2 epoch  8/30    105 s
seed 1005 n200 prescribed_std stage 2 epoch  9/30    118 s
seed 1005 n200 prescribed_std stage 2 epoch 10/30    131 s
seed 1005 n200 prescribed_std stage 2 epoch 11/30    144 s
seed 1005 n200 prescribed_std stage 2 epoch 12/30    157 s
seed 1005 n200 prescribed_std stage 2 epoch 13/30    170 s
seed 1005 n200 prescribed_std stage 2 epoch 14/30    183 s
seed 1005 n200 prescribed_std stage 2 epoch 15/30    196 s
seed 1005 n200 prescribed_std stage 2 epoch 16/30    209 s
seed 1005 n200 prescribed_std stage 2 epoch 17/30    222 s
seed 1005 n200 prescribed_std stage 2 epoch 18/30    235 s
seed 1005 n200 prescribed_std stage 2 epoch 19/30    248 s
seed 1005 n200 prescribed_std stage 2 epoch 20/30    261 s
seed 1005 n200 prescribed_std stage 2 epoch 21/30    274 s
seed 1005 n200 prescribed_std stage 2 epoch 22/30    287 s
seed 1005 n200 prescribed_std stage 2 epoch 23/30    300 s
seed 1005 n200 prescribed_std stage 2 epoch 24/30    313 s
seed 1005 n200 prescribed_std stage 2 epoch 25/30    326 s
seed 1005 n200 prescribed_std stage 2 epoch 26/30    342 s
seed 1005 n200 prescribed_std stage 2 epoch 27/30    355 s
seed 1005 n200 prescribed_std stage 2 epoch 28/30    368 s
seed 1005 n200 prescribed_std stage 2 epoch 29/30    381 s
seed 1005 n200 prescribed_std stage 2 epoch 30/30    397 s
seed 1005: written
