nohup: ignoring input
data collected 241s, 200 episodes

acceptance (enc_seed=1, head_seed=None)  2068s
  expected 0.0031448905217346915
  got      0.0031448905217346915
  bit-exact: True   rel diff: 0.000e+00
  n_batches 160  freeze_step 0
  ACCEPTED
validation states (5700, 5)
 init     best_vp  eff_rank    R2_ro       cond   smooth      rms     s
    1    0.003145    2.7144   0.2385      2.963   0.1096   0.9206   751
    2    0.003995    1.8208   0.3377     17.131   0.1166   0.9624   252
    3    0.003856    2.2765   0.4094      8.813   0.1701   0.7696   337
    4    0.004830    2.4281   0.4716      6.244   0.2437   0.5828   950
nohup: ignoring input
data collected 79s, 200 episodes

acceptance (enc_seed=1, head_seed=None)  113s
  expected 0.0031448905217346915
  got      0.0031448905217346915
  bit-exact: True   rel diff: 0.000e+00
  n_batches 160  freeze_step 0
  ACCEPTED
validation states (5700, 5)
 init     best_vp  eff_rank    R2_ro       cond   smooth      rms     s
    1 skip
    2 skip
    3 skip
    4 skip
    5    0.001892    2.3278   0.2494      4.654   0.1011   0.7060   108
    6    0.002730    2.3056   0.5156      6.389   0.0954   0.9589   116
    7    0.008927    1.5755   0.4115     20.547   0.1477   1.1250    79
    8    0.003538    2.1513   0.5137     16.105   0.1566   0.6937    99
    9    0.001221    1.5380   0.4972     26.383   0.0956   0.5649   118
   10    0.003518    2.2573   0.3886      6.539   0.1003   1.0175   115
   11    0.001781    2.3405   0.4179      7.995   0.0861   0.8715   128
   12    0.001935    1.6344   0.2300     61.985   0.1142   0.6528   124
   13    0.002046    2.3843   0.3717      8.978   0.1047   0.7452   116
   14    0.003433    2.0657   0.3745     21.078   0.1951   0.5436   119
   15    0.003554    2.2069   0.3968     11.458   0.2387   0.4589   116
   16    0.005126    1.7743   0.4478     30.354   0.3063   0.4504   107
   17    0.004978    2.0785   0.3228     28.023   0.2341   0.6230   108
   18    0.002235    2.5629   0.4017      4.995   0.2297   0.4061    97
   19    0.002469    2.3090   0.3908      6.884   0.2970   0.3506    78
   20    0.003712    2.3584   0.3691      9.072   0.1245   0.8986    81
   21    0.002021    1.8269   0.3426     40.867   0.1012   0.7759    80
   22    0.002032    1.3965   0.4590     84.614   0.1934   0.3754    76
   23    0.002906    1.7798   0.2409     15.510   0.2867   0.3445    77
   24    0.002222    2.4070   0.3396      5.676   0.0897   0.8658    78
   25    0.002798    1.7787   0.3591     27.163   0.1426   0.6245    76
   26    0.002993    2.6218   0.3940      3.827   0.2244   0.4384    76
   27    0.003633    2.0619   0.3586     10.714   0.1422   0.7917    78
   28    0.005583    1.4990   0.2273     38.860   0.3631   0.4277    76
   29    0.002338    2.1144   0.3813     11.219   0.1596   0.5059    76
   30    0.002320    1.8592   0.3596     16.647   0.0926   0.8676    77

cells 30  n_batches observed {160}  freeze_step observed {0}
written to /mnt/d/coordinate-stability/E42_candidate_sweep/results/sweep.json
nohup: ignoring input
data collected 83s, 200 episodes
validation states (5700, 5)
 init     best_vp  eff_rank    R2_ro       cond   smooth      rms     s
    1    0.003561    2.7394   0.2267      2.925   0.1108   0.9265   124
    2    0.004506    1.8984   0.3123     15.959   0.1202   0.9501   103
    3    0.004049    2.3367   0.3809      8.178   0.1711   0.7647    80
    4    0.004794    2.3870   0.4647      6.585   0.2418   0.5903    74
    5    0.001912    2.2633   0.2663      4.910   0.1010   0.7034    74
    6    0.002916    2.3435   0.4793      6.310   0.0931   0.9734    78
    7    0.008237    1.6574   0.3959     17.461   0.1414   1.1214    75
    8    0.003939    2.2028   0.4814     14.665   0.1581   0.6860    80
    9    0.001126    1.4847   0.4421     30.529   0.0933   0.5789    94
   10    0.003498    2.3734   0.3778      5.452   0.0990   1.0176    82

cells 40
written to /mnt/d/coordinate-stability/E42_candidate_sweep/results/sweep.json
