nohup: ignoring input
data collected 94s, 200 episodes

acceptance (enc_seed=1, head_seed=None)  123s
  expected 0.0031448905217346915
  got      0.0031448905217346915
  bit-exact: True   rel diff: 0.000e+00
  n_batches 160  freeze_step 0
  ACCEPTED

 enc  head     best_vp    final_vp     mean_l3  argmin     s
   1   101    0.002999    0.002999    0.003134      15   102
   1   102    0.003158    0.003205    0.003208      14   124
   1   103    0.002831    0.002831    0.002960      15   125
   1   104    0.003227    0.003227    0.003426      15   150
   1   105    0.003176    0.003176    0.003280      15   249
   2   101    0.003806    0.003967    0.004013      14   146
   2   102    0.003957    0.003957    0.004113      15   126
   2   103    0.003698    0.003831    0.003865      14   369
   2   104    0.003814    0.003882    0.003948      14   618
   2   105    0.004230    0.004262    0.004254      13   784
   3   101    0.003921    0.003921    0.004039      15   308
   3   102    0.004096    0.004096    0.004190      15   163
   3   103    0.003871    0.003871    0.003996      15   168
   3   104    0.004014    0.004014    0.004142      15   144
   3   105    0.004028    0.004028    0.004188      15   243
   4   101    0.004630    0.004630    0.004686      15   157
   4   102    0.004827    0.004827    0.004918      15   158
   4   103    0.004557    0.004647    0.004700      14   212
   4   104    0.004727    0.004727    0.005028      15   118
   4   105    0.004916    0.004950    0.004957      14   125
   5   101    0.002594    0.002594    0.003025      15   204
   5   102    0.002567    0.002567    0.002811      15    92
   5   103    0.002085    0.002085    0.002372      15   136
   5   104    0.002510    0.002510    0.002732      15   100
   5   105    0.002068    0.002238    0.002172      13   105
   6   101    0.002334    0.002438    0.002423      14   120
   6   102    0.002524    0.002524    0.002578      15   290
   6   103    0.002486    0.002583    0.002520      13   117
   6   104    0.002662    0.002662    0.002688      15   113
   6   105    0.002832    0.002916    0.002863      14   226
   7   101    0.008960    0.008960    0.009141      15   259
   7   102    0.009513    0.009513    0.009738      15   126
   7   103    0.009022    0.009108    0.009149      14   177
   7   104    0.008955    0.008955    0.009215      14   114
   7   105    0.009341    0.009341    0.009504      15   104
   8   101    0.003574    0.003574    0.003704      15   112
   8   102    0.003557    0.003557    0.003782      15   100
   8   103    0.003425    0.003425    0.003518      15   119
   8   104    0.003506    0.003506    0.003745      15   112
   8   105    0.003604    0.003604    0.003747      15   125

cells 40/40  n_batches observed {160}  freeze_step observed {0}
written to /mnt/d/coordinate-stability/E41_variance_decomp/results/grid.json
